config=baseline  seeds=[1]  cuda=0
  overrides:
  out: artifacts/hull_experiments/20260525_215538_baseline.csv

[1/1] seed=1 starting at 21:55:39
WARNING:MarketDataRF_platinum_calibrated:Price Factor 'DiscountRate.USD-SOFR' not found in market data
  FAILED at seed=1 after 13.0 min: OutOfMemoryError: CUDA out of memory. Tried to allocate 6.00 GiB. GPU 0 has a total capacity of 23.56 GiB of which 3.86 GiB is free. Including non-PyTorch memory, this process has 19.67 GiB memory in use. Of the allocated memory 12.39 GiB is allocated by PyTorch, and 6.83 GiB is reserved by PyTorch but unallocated. If reserved but unallocated memory is large try setting PYTORCH_CUDA_ALLOC_CONF=expandable_segments:True to avoid fragmentation.  See documentation for Memory Management  (https://pytorch.org/docs/stable/notes/cuda.html#environment-variables)
Traceback (most recent call last):
  File "/home/vretiel/PycharmProjects/riskflow/run_hull_experiments.py", line 216, in <module>
    main()
  File "/home/vretiel/PycharmProjects/riskflow/run_hull_experiments.py", line 168, in main
    _, result = cx.run_job()
  File "/home/vretiel/PycharmProjects/riskflow/riskflow/__init__.py", line 448, in run_job
    return self.Hedge_Monte_Carlo(overrides)
  File "/home/vretiel/PycharmProjects/riskflow/riskflow/__init__.py", line 492, in Hedge_Monte_Carlo
    return run_hedgemontecarlo(self.current_cfg, overrides=overrides)
  File "/home/vretiel/PycharmProjects/riskflow/riskflow/__init__.py", line 183, in run_hedgemontecarlo
    out = calc.execute(params_mc)
  File "/home/vretiel/PycharmProjects/riskflow/riskflow/calculation.py", line 2029, in execute
    optimization_result = run_torchrl_execution(torchrl_bundle, normalized_runtime)
  File "/home/vretiel/PycharmProjects/riskflow/riskflow/torchrl_hedge.py", line 1926, in run_torchrl_execution
    return solve_hedge(bundle, runtime)
  File "/home/vretiel/PycharmProjects/riskflow/riskflow/hedge_solver.py", line 1057, in solve_hedge
    primary_runs = [_SOLVERS[obj](bundle, runtime).solve() for _ in range(n_seed)]
  File "/home/vretiel/PycharmProjects/riskflow/riskflow/hedge_solver.py", line 1057, in <listcomp>
    primary_runs = [_SOLVERS[obj](bundle, runtime).solve() for _ in range(n_seed)]
  File "/home/vretiel/PycharmProjects/riskflow/riskflow/hedge_solver.py", line 682, in solve
    n_star_AB, v_sel_AB = search_action_grid(
  File "/home/vretiel/PycharmProjects/riskflow/riskflow/hedge_solver.py", line 68, in search_action_grid
    obj = objective_fn(chunk)                                      # (c, *rest)
  File "/home/vretiel/PycharmProjects/riskflow/riskflow/hedge_solver.py", line 683, in <lambda>
    action_grid, lambda a: objective_fn(a.unsqueeze(1), inner_A, head_A),
  File "/home/vretiel/PycharmProjects/riskflow/riskflow/hedge_solver.py", line 653, in objective_fn
    v = vhead(deep_next)
  File "/home/vretiel/miniconda3/lib/python3.10/site-packages/torch/nn/modules/module.py", line 1739, in _wrapped_call_impl
    return self._call_impl(*args, **kwargs)
  File "/home/vretiel/miniconda3/lib/python3.10/site-packages/torch/nn/modules/module.py", line 1750, in _call_impl
    return forward_call(*args, **kwargs)
  File "/home/vretiel/PycharmProjects/riskflow/riskflow/hedge_solver.py", line 391, in forward
    v = self._basis(zn) @ self.beta
  File "/home/vretiel/PycharmProjects/riskflow/riskflow/hedge_solver.py", line 306, in _basis
    return torch.cat([ones, z, pos * pos, pos_market], dim=-1)
torch.OutOfMemoryError: CUDA out of memory. Tried to allocate 6.00 GiB. GPU 0 has a total capacity of 23.56 GiB of which 3.86 GiB is free. Including non-PyTorch memory, this process has 19.67 GiB memory in use. Of the allocated memory 12.39 GiB is allocated by PyTorch, and 6.83 GiB is reserved by PyTorch but unallocated. If reserved but unallocated memory is large try setting PYTORCH_CUDA_ALLOC_CONF=expandable_segments:True to avoid fragmentation.  See documentation for Memory Management  (https://pytorch.org/docs/stable/notes/cuda.html#environment-variables)
