config=baseline  seeds=[1, 2, 3, 4, 5]  cuda=0
  overrides:
  out: artifacts/hull_experiments/20260525_221009_baseline.csv

[1/5] seed=1 starting at 22:10:10
WARNING:MarketDataRF_platinum_calibrated:Price Factor 'DiscountRate.USD-SOFR' not found in market data
  V_0 dp=1.0542 mpc=0.0238 hs=0.9840 tb=0.0311 ladder_ok=False  (19.4 min)

[2/5] seed=2 starting at 22:29:35
WARNING:MarketDataRF_platinum_calibrated:Price Factor 'DiscountRate.USD-SOFR' not found in market data
WARNING:PLAT_JUL29:LsmDpSolver: OLS R^2=0.675 at t=78 (<0.7) — linear backbone weak
  V_0 dp=2.1416 mpc=0.0238 hs=0.9828 tb=0.0256 ladder_ok=False  (20.9 min)

[3/5] seed=3 starting at 22:50:27
WARNING:MarketDataRF_platinum_calibrated:Price Factor 'DiscountRate.USD-SOFR' not found in market data
  V_0 dp=1.0675 mpc=0.0236 hs=0.9872 tb=0.0369 ladder_ok=False  (20.4 min)

[4/5] seed=4 starting at 23:10:51
WARNING:MarketDataRF_platinum_calibrated:Price Factor 'DiscountRate.USD-SOFR' not found in market data
  V_0 dp=1.0884 mpc=0.0237 hs=0.9838 tb=0.0225 ladder_ok=False  (20.4 min)

[5/5] seed=5 starting at 23:31:15
WARNING:MarketDataRF_platinum_calibrated:Price Factor 'DiscountRate.USD-SOFR' not found in market data
  V_0 dp=3.2889 mpc=0.0238 hs=0.9805 tb=0.0257 ladder_ok=False  (20.3 min)

==============================================================================
DP V_0  mean=+1.7281  std=0.8839  CV=51.15%  min=+1.0542  max=+3.2889  n=5
CSV: artifacts/hull_experiments/20260525_221009_baseline.csv
per-t: artifacts/hull_experiments/20260525_221009_baseline_per_t.csv
