config=tanh  seeds=[1, 2, 3, 4, 5]  cuda=1
  overrides:
    Tail_Saturating_Columns = [9, 10]
  out: artifacts/hull_experiments/20260525_221009_tanh.csv

[1/5] seed=1 starting at 22:10:10
WARNING:MarketDataRF_platinum_calibrated:Price Factor 'DiscountRate.USD-SOFR' not found in market data
WARNING:PLAT_JUL29:LsmDpSolver: OLS R^2=0.642 at t=73 (<0.7) — linear backbone weak
WARNING:PLAT_JUL29:LsmDpSolver: OLS R^2=0.597 at t=72 (<0.7) — linear backbone weak
  V_0 dp=3.5491 mpc=0.0238 hs=0.9840 tb=0.0311 ladder_ok=False  (19.7 min)

[2/5] seed=2 starting at 22:29:53
WARNING:MarketDataRF_platinum_calibrated:Price Factor 'DiscountRate.USD-SOFR' not found in market data
  V_0 dp=3.6051 mpc=0.0238 hs=0.9828 tb=0.0256 ladder_ok=False  (19.3 min)

[3/5] seed=3 starting at 22:49:13
WARNING:MarketDataRF_platinum_calibrated:Price Factor 'DiscountRate.USD-SOFR' not found in market data
WARNING:PLAT_JUL29:LsmDpSolver: OLS R^2=0.653 at t=72 (<0.7) — linear backbone weak
  V_0 dp=3.5729 mpc=0.0236 hs=0.9872 tb=0.0369 ladder_ok=False  (18.8 min)

[4/5] seed=4 starting at 23:08:03
WARNING:MarketDataRF_platinum_calibrated:Price Factor 'DiscountRate.USD-SOFR' not found in market data
WARNING:PLAT_JUL29:LsmDpSolver: OLS R^2=0.612 at t=72 (<0.7) — linear backbone weak
WARNING:PLAT_JUL29:LsmDpSolver: OLS R^2=0.662 at t=71 (<0.7) — linear backbone weak
  V_0 dp=3.4032 mpc=0.0237 hs=0.9838 tb=0.0225 ladder_ok=False  (18.9 min)

[5/5] seed=5 starting at 23:26:56
WARNING:MarketDataRF_platinum_calibrated:Price Factor 'DiscountRate.USD-SOFR' not found in market data
  V_0 dp=3.5900 mpc=0.0238 hs=0.9805 tb=0.0257 ladder_ok=False  (18.9 min)

==============================================================================
DP V_0  mean=+3.5441  std=0.0729  CV=2.06%  min=+3.4032  max=+3.6051  n=5
CSV: artifacts/hull_experiments/20260525_221009_tanh.csv
per-t: artifacts/hull_experiments/20260525_221009_tanh_per_t.csv
