config=mlp  seeds=[1, 2, 3, 4, 5]  cuda=1
  overrides:
    MLP_Train_Steps_Per_Solve = 200
    MLP_Final_Init_Scale = 0.001
  out: artifacts/hull_experiments/20260525_234611_mlp.csv

[1/5] seed=1 starting at 23:46:12
WARNING:MarketDataRF_platinum_calibrated:Price Factor 'DiscountRate.USD-SOFR' not found in market data
WARNING:PLAT_JUL29:LsmDpSolver: OLS R^2=0.692 at t=77 (<0.7) — linear backbone weak
WARNING:PLAT_JUL29:LsmDpSolver: OLS R^2=0.653 at t=76 (<0.7) — linear backbone weak
WARNING:PLAT_JUL29:LsmDpSolver: OLS R^2=0.654 at t=75 (<0.7) — linear backbone weak
WARNING:PLAT_JUL29:LsmDpSolver: OLS R^2=0.623 at t=74 (<0.7) — linear backbone weak
WARNING:PLAT_JUL29:LsmDpSolver: OLS R^2=0.653 at t=73 (<0.7) — linear backbone weak
WARNING:PLAT_JUL29:LsmDpSolver: OLS R^2=0.686 at t=72 (<0.7) — linear backbone weak
WARNING:PLAT_JUL29:LsmDpSolver: OLS R^2=0.693 at t=71 (<0.7) — linear backbone weak
WARNING:PLAT_JUL29:LsmDpSolver: OLS R^2=0.683 at t=70 (<0.7) — linear backbone weak
WARNING:PLAT_JUL29:LsmDpSolver: OLS R^2=0.686 at t=69 (<0.7) — linear backbone weak
WARNING:PLAT_JUL29:LsmDpSolver: OLS R^2=0.686 at t=67 (<0.7) — linear backbone weak
WARNING:PLAT_JUL29:LsmDpSolver: OLS R^2=0.693 at t=66 (<0.7) — linear backbone weak
WARNING:PLAT_JUL29:LsmDpSolver: OLS R^2=0.688 at t=65 (<0.7) — linear backbone weak
WARNING:PLAT_JUL29:LsmDpSolver: OLS R^2=0.694 at t=64 (<0.7) — linear backbone weak
  V_0 dp=0.1255 mpc=0.0238 hs=0.9840 tb=0.0311 ladder_ok=False  (35.9 min)

[2/5] seed=2 starting at 00:22:08
WARNING:MarketDataRF_platinum_calibrated:Price Factor 'DiscountRate.USD-SOFR' not found in market data
WARNING:PLAT_JUL29:LsmDpSolver: OLS R^2=0.683 at t=75 (<0.7) — linear backbone weak
WARNING:PLAT_JUL29:LsmDpSolver: OLS R^2=0.600 at t=74 (<0.7) — linear backbone weak
WARNING:PLAT_JUL29:LsmDpSolver: OLS R^2=0.504 at t=73 (<0.7) — linear backbone weak
WARNING:PLAT_JUL29:LsmDpSolver: OLS R^2=0.419 at t=72 (<0.7) — linear backbone weak
WARNING:PLAT_JUL29:LsmDpSolver: OLS R^2=0.283 at t=71 (<0.7) — linear backbone weak
WARNING:PLAT_JUL29:LsmDpSolver: OLS R^2=0.152 at t=70 (<0.7) — linear backbone weak
WARNING:PLAT_JUL29:LsmDpSolver: OLS R^2=0.086 at t=69 (<0.7) — linear backbone weak
WARNING:PLAT_JUL29:LsmDpSolver: OLS R^2=0.110 at t=68 (<0.7) — linear backbone weak
WARNING:PLAT_JUL29:LsmDpSolver: OLS R^2=0.366 at t=67 (<0.7) — linear backbone weak
  V_0 dp=1.3045 mpc=0.0238 hs=0.9828 tb=0.0256 ladder_ok=False  (37.0 min)

[3/5] seed=3 starting at 00:59:11
WARNING:MarketDataRF_platinum_calibrated:Price Factor 'DiscountRate.USD-SOFR' not found in market data
WARNING:PLAT_JUL29:LsmDpSolver: OLS R^2=0.669 at t=74 (<0.7) — linear backbone weak
WARNING:PLAT_JUL29:LsmDpSolver: OLS R^2=0.637 at t=73 (<0.7) — linear backbone weak
WARNING:PLAT_JUL29:LsmDpSolver: OLS R^2=0.642 at t=72 (<0.7) — linear backbone weak
WARNING:PLAT_JUL29:LsmDpSolver: OLS R^2=0.612 at t=71 (<0.7) — linear backbone weak
WARNING:PLAT_JUL29:LsmDpSolver: OLS R^2=0.571 at t=70 (<0.7) — linear backbone weak
WARNING:PLAT_JUL29:LsmDpSolver: OLS R^2=0.562 at t=69 (<0.7) — linear backbone weak
WARNING:PLAT_JUL29:LsmDpSolver: OLS R^2=0.567 at t=68 (<0.7) — linear backbone weak
WARNING:PLAT_JUL29:LsmDpSolver: OLS R^2=0.504 at t=67 (<0.7) — linear backbone weak
WARNING:PLAT_JUL29:LsmDpSolver: OLS R^2=0.422 at t=66 (<0.7) — linear backbone weak
WARNING:PLAT_JUL29:LsmDpSolver: OLS R^2=0.289 at t=65 (<0.7) — linear backbone weak
WARNING:PLAT_JUL29:LsmDpSolver: OLS R^2=0.211 at t=64 (<0.7) — linear backbone weak
WARNING:PLAT_JUL29:LsmDpSolver: OLS R^2=0.188 at t=63 (<0.7) — linear backbone weak
WARNING:PLAT_JUL29:LsmDpSolver: OLS R^2=0.207 at t=62 (<0.7) — linear backbone weak
WARNING:PLAT_JUL29:LsmDpSolver: OLS R^2=0.314 at t=61 (<0.7) — linear backbone weak
WARNING:PLAT_JUL29:LsmDpSolver: OLS R^2=0.506 at t=60 (<0.7) — linear backbone weak
WARNING:PLAT_JUL29:LsmDpSolver: OLS R^2=0.409 at t=59 (<0.7) — linear backbone weak
WARNING:PLAT_JUL29:LsmDpSolver: OLS R^2=0.566 at t=58 (<0.7) — linear backbone weak
WARNING:PLAT_JUL29:LsmDpSolver: OLS R^2=0.623 at t=57 (<0.7) — linear backbone weak
  V_0 dp=-1.7877 mpc=0.0236 hs=0.9872 tb=0.0369 ladder_ok=False  (37.6 min)

[4/5] seed=4 starting at 01:36:49
WARNING:MarketDataRF_platinum_calibrated:Price Factor 'DiscountRate.USD-SOFR' not found in market data
WARNING:PLAT_JUL29:LsmDpSolver: OLS R^2=0.689 at t=77 (<0.7) — linear backbone weak
WARNING:PLAT_JUL29:LsmDpSolver: OLS R^2=0.674 at t=76 (<0.7) — linear backbone weak
WARNING:PLAT_JUL29:LsmDpSolver: OLS R^2=0.628 at t=75 (<0.7) — linear backbone weak
WARNING:PLAT_JUL29:LsmDpSolver: OLS R^2=0.662 at t=74 (<0.7) — linear backbone weak
WARNING:PLAT_JUL29:LsmDpSolver: OLS R^2=0.564 at t=73 (<0.7) — linear backbone weak
WARNING:PLAT_JUL29:LsmDpSolver: OLS R^2=0.400 at t=72 (<0.7) — linear backbone weak
WARNING:PLAT_JUL29:LsmDpSolver: OLS R^2=0.267 at t=71 (<0.7) — linear backbone weak
WARNING:PLAT_JUL29:LsmDpSolver: OLS R^2=0.181 at t=70 (<0.7) — linear backbone weak
WARNING:PLAT_JUL29:LsmDpSolver: OLS R^2=0.147 at t=69 (<0.7) — linear backbone weak
WARNING:PLAT_JUL29:LsmDpSolver: OLS R^2=0.260 at t=68 (<0.7) — linear backbone weak
WARNING:PLAT_JUL29:LsmDpSolver: OLS R^2=0.367 at t=67 (<0.7) — linear backbone weak
WARNING:PLAT_JUL29:LsmDpSolver: OLS R^2=0.358 at t=66 (<0.7) — linear backbone weak
WARNING:PLAT_JUL29:LsmDpSolver: OLS R^2=0.387 at t=65 (<0.7) — linear backbone weak
WARNING:PLAT_JUL29:LsmDpSolver: OLS R^2=0.630 at t=64 (<0.7) — linear backbone weak
WARNING:PLAT_JUL29:LsmDpSolver: OLS R^2=0.679 at t=57 (<0.7) — linear backbone weak
WARNING:PLAT_JUL29:LsmDpSolver: OLS R^2=0.657 at t=56 (<0.7) — linear backbone weak
WARNING:PLAT_JUL29:LsmDpSolver: OLS R^2=0.650 at t=55 (<0.7) — linear backbone weak
WARNING:PLAT_JUL29:LsmDpSolver: OLS R^2=0.624 at t=54 (<0.7) — linear backbone weak
WARNING:PLAT_JUL29:LsmDpSolver: OLS R^2=0.601 at t=53 (<0.7) — linear backbone weak
WARNING:PLAT_JUL29:LsmDpSolver: OLS R^2=0.634 at t=52 (<0.7) — linear backbone weak
WARNING:PLAT_JUL29:LsmDpSolver: OLS R^2=0.648 at t=51 (<0.7) — linear backbone weak
WARNING:PLAT_JUL29:LsmDpSolver: OLS R^2=0.633 at t=50 (<0.7) — linear backbone weak
WARNING:PLAT_JUL29:LsmDpSolver: OLS R^2=0.659 at t=49 (<0.7) — linear backbone weak
WARNING:PLAT_JUL29:LsmDpSolver: OLS R^2=0.680 at t=48 (<0.7) — linear backbone weak
  V_0 dp=2.1314 mpc=0.0237 hs=0.9838 tb=0.0225 ladder_ok=False  (37.6 min)

[5/5] seed=5 starting at 02:14:23
WARNING:MarketDataRF_platinum_calibrated:Price Factor 'DiscountRate.USD-SOFR' not found in market data
WARNING:PLAT_JUL29:LsmDpSolver: OLS R^2=0.649 at t=76 (<0.7) — linear backbone weak
WARNING:PLAT_JUL29:LsmDpSolver: OLS R^2=0.541 at t=75 (<0.7) — linear backbone weak
WARNING:PLAT_JUL29:LsmDpSolver: OLS R^2=0.290 at t=74 (<0.7) — linear backbone weak
WARNING:PLAT_JUL29:LsmDpSolver: OLS R^2=0.215 at t=73 (<0.7) — linear backbone weak
WARNING:PLAT_JUL29:LsmDpSolver: OLS R^2=0.112 at t=72 (<0.7) — linear backbone weak
WARNING:PLAT_JUL29:LsmDpSolver: OLS R^2=0.165 at t=71 (<0.7) — linear backbone weak
WARNING:PLAT_JUL29:LsmDpSolver: OLS R^2=0.452 at t=70 (<0.7) — linear backbone weak
WARNING:PLAT_JUL29:LsmDpSolver: OLS R^2=0.667 at t=67 (<0.7) — linear backbone weak
WARNING:PLAT_JUL29:LsmDpSolver: OLS R^2=0.619 at t=66 (<0.7) — linear backbone weak
WARNING:PLAT_JUL29:LsmDpSolver: OLS R^2=0.601 at t=65 (<0.7) — linear backbone weak
WARNING:PLAT_JUL29:LsmDpSolver: OLS R^2=0.658 at t=64 (<0.7) — linear backbone weak
WARNING:PLAT_JUL29:LsmDpSolver: OLS R^2=0.694 at t=57 (<0.7) — linear backbone weak
WARNING:PLAT_JUL29:LsmDpSolver: OLS R^2=0.681 at t=56 (<0.7) — linear backbone weak
WARNING:PLAT_JUL29:LsmDpSolver: OLS R^2=0.685 at t=55 (<0.7) — linear backbone weak
WARNING:PLAT_JUL29:LsmDpSolver: OLS R^2=0.672 at t=54 (<0.7) — linear backbone weak
WARNING:PLAT_JUL29:LsmDpSolver: OLS R^2=0.686 at t=53 (<0.7) — linear backbone weak
  V_0 dp=-0.4346 mpc=0.0238 hs=0.9805 tb=0.0257 ladder_ok=False  (35.3 min)

==============================================================================
DP V_0  mean=+0.2678  std=1.3628  CV=508.87%  min=-1.7877  max=+2.1314  n=5
CSV: artifacts/hull_experiments/20260525_234611_mlp.csv
per-t: artifacts/hull_experiments/20260525_234611_mlp_per_t.csv
