INFO root BAND 0.15: 8 months, CUDA_VISIBLE_DEVICES=0 riskflow=/home/vretiel/PycharmProjects/riskflow/riskflow/__init__.py
INFO root === JOB 202105 band=0.15 md=md_202104_garch.json trade_date=2021-05-03 (EVAL-ONLY re-roll) ===
INFO root === TRAIN 202105 seed=7 SKIP (checkpoint exists) ===
INFO root === TRAIN 202105 seed=42 SKIP (checkpoint exists) ===
INFO root === TRAIN 202105 seed=314 SKIP (checkpoint exists) ===
INFO root === ROLL 202105 (stepper, realized path, 3-seed ensemble, inner=512) ===
WARNING md_202104_garch Price Factor 'DiscountRate.USD-SOFR' not found in market data
INFO md_202104_garch Creating default Discount Factor(type='DiscountRate', name=('USD-SOFR',))
INFO PLAT_JUL29 Observed_Scenario substituted 2 factor(s): ['CommodityPrice.PLATINUM_CME', 'CommodityBasis.LME_CME']
INFO PLAT_JUL29 liability scalars: total_leg_volume=2500.0 last_settlement_index=154
INFO PLAT_JUL29 utility_scale (symlog c) resolved to 452892.53
INFO PLAT_JUL29 DiffSolverV2 setup: n_hedge=3 active=[0, 1, 2] T_dec=125 (of 127 sim steps; last-live mtm=[-2]) B_outer=1 levels=9 fit_iters=60 lr=0.002 | contract_size=[50.0, 50.0, 50.0] | q∈[[-50.0, -50.0, -50.0], [0.0, 0.0, 0.0]] total_abs_limit=50
INFO PLAT_JUL29 DiffSolverV2 inner forks: one_step=True (window {t, t+1} generation+pricing)
/home/vretiel/PycharmProjects/riskflow/riskflow/hedge_solver.py:625: UserWarning: var(): degrees of freedom is <= 0. Correction should be strictly less than the reduction factor (input numel divided by output numel). (Triggered internally at /pytorch/aten/src/ATen/native/ReduceOps.cpp:1839.)
  var = dF.var()
INFO PLAT_JUL29 DiffSolverV2 bank IN Total_Position_Schedule (post-projection): residual frac(Σq outside corridor) min=0.000 mean=0.000 max=0.000 | worst t=0 corridor=[-50, -42.5] bank Σq∈[-42.5, -42.5] frac_oob=0.000 (≈0 ⇒ projection clean)
INFO PLAT_JUL29 DiffSolverV2 bank: market_dim=7 | swept W∈[-7.257e+04, 2.333e+05] mean=2.693e+04 std=5.693e+04 | q_rep(t=0)=[0.0, 0.0, 0.0]
INFO PLAT_JUL29 DiffV2_Load_Value_Fn: /home/vretiel/PycharmProjects/riskflow/artifacts/walk_forward/driftless_armA_b015/run_b015/value_fn_202105_garch_s7.pt trained corridor-free (widest wealth support); rolling under a Total_Position_Schedule only restricts to a learned subset — valid.
INFO PLAT_JUL29 DiffSolverV2 LOADED value fn from /home/vretiel/PycharmProjects/riskflow/artifacts/walk_forward/driftless_armA_b015/run_b015/value_fn_202105_garch_s7.pt (train V_0=-0.447218) | eval-world market drift vs train frame: max 0.594 σ | utility_scale 966257
INFO PLAT_JUL29 DiffV2_Load_Value_Fn: /home/vretiel/PycharmProjects/riskflow/artifacts/walk_forward/driftless_armA_b015/run_b015/value_fn_202105_garch_s42.pt trained corridor-free (widest wealth support); rolling under a Total_Position_Schedule only restricts to a learned subset — valid.
INFO PLAT_JUL29 DiffSolverV2 LOADED value fn from /home/vretiel/PycharmProjects/riskflow/artifacts/walk_forward/driftless_armA_b015/run_b015/value_fn_202105_garch_s42.pt (train V_0=-0.435653) | eval-world market drift vs train frame: max 0.651 σ | utility_scale 953516
INFO PLAT_JUL29 DiffV2_Load_Value_Fn: /home/vretiel/PycharmProjects/riskflow/artifacts/walk_forward/driftless_armA_b015/run_b015/value_fn_202105_garch_s314.pt trained corridor-free (widest wealth support); rolling under a Total_Position_Schedule only restricts to a learned subset — valid.
INFO PLAT_JUL29 DiffSolverV2 LOADED value fn from /home/vretiel/PycharmProjects/riskflow/artifacts/walk_forward/driftless_armA_b015/run_b015/value_fn_202105_garch_s314.pt (train V_0=-0.415769) | eval-world market drift vs train frame: max 0.696 σ | utility_scale 960740
WARNING PLAT_JUL29 DiffSolverV2 ensemble utility_scale spread 1.32% — members trained against different anchors; averaging is approximate
INFO PLAT_JUL29 DiffSolverV2 action grid: K=165 actions (levels=9 ^ active=3)
INFO PLAT_JUL29 DiffSolverV2 ENSEMBLE argmax over 3 value fns
INFO PLAT_JUL29 DiffSolverV2 STEPPER ROLLOUT (frozen policy, realized path, real accounting):
  greedy   wT=+3.1870e+03 p5=+3.1870e+03 cvar5=+3.1870e+03
  textbook wT=-4.0623e+04 p5=-4.0623e+04 cvar5=-4.0623e+04
  nohedge  wT=-4.9538e+05 p5=-4.9538e+05 cvar5=-4.9538e+05
INFO PLAT_JUL29 DiffSolverV2 VERDICT (OUT-OF-SAMPLE rollout t=0→T over 1 outer paths, start flat):
  policy    u(W_T)mean    W_T mean       W_T p5         W_T CVaR5
  greedy    +0.00217    +2.0880e+03   +2.0880e+03   +2.0880e+03
  textbook  -0.04164    -3.3124e+04   -3.3124e+04   -3.3124e+04
  nohedge   -2.11306    -4.9538e+05   -4.9538e+05   -4.9538e+05
  → on the OBJECTIVE E[u(W_T)]: beats no-hedge=True, beats textbook=True | tail(CVaR5) competitive w/ textbook=True
INFO PLAT_JUL29 DiffSolverV2 greedy positions: mean|q| per instrument=['0.00', '0.00', '38.60'] | q@t0=[0.0, 0.0, -43.75] | q@mid=[0.0, 0.0, -43.75] (textbook q@t0=[0.0, 0.0, 0.0])
INFO PLAT_JUL29 solve_hedge tracks: {'DiffSolverV2': -0.4472} | ladder holds=True
INFO PLAT_JUL29 JOB 202105 b0.15 DONE: greedy=1.27 nohedge=-198.15 bound=768.28 PASS=True churn=62.5 breaches=0(worst=0)
INFO PLAT_JUL29 === JOB 202202 band=0.15 md=md_202201_garch.json trade_date=2022-02-01 (EVAL-ONLY re-roll) ===
INFO PLAT_JUL29 === TRAIN 202202 seed=7 SKIP (checkpoint exists) ===
INFO PLAT_JUL29 === TRAIN 202202 seed=42 SKIP (checkpoint exists) ===
INFO PLAT_JUL29 === TRAIN 202202 seed=314 SKIP (checkpoint exists) ===
INFO PLAT_JUL29 === ROLL 202202 (stepper, realized path, 3-seed ensemble, inner=512) ===
WARNING md_202201_garch Price Factor 'DiscountRate.USD-SOFR' not found in market data
INFO md_202201_garch Creating default Discount Factor(type='DiscountRate', name=('USD-SOFR',))
INFO PLAT_JUL29 Observed_Scenario substituted 2 factor(s): ['CommodityPrice.PLATINUM_CME', 'CommodityBasis.LME_CME']
INFO PLAT_JUL29 liability scalars: total_leg_volume=2500.0 last_settlement_index=153
INFO PLAT_JUL29 utility_scale (symlog c) resolved to 503955.67
INFO PLAT_JUL29 DiffSolverV2 setup: n_hedge=3 active=[0, 1, 2] T_dec=124 (of 126 sim steps; last-live mtm=[-2]) B_outer=1 levels=9 fit_iters=60 lr=0.002 | contract_size=[50.0, 50.0, 50.0] | q∈[[-50.0, -50.0, -50.0], [0.0, 0.0, 0.0]] total_abs_limit=50
INFO PLAT_JUL29 DiffSolverV2 inner forks: one_step=True (window {t, t+1} generation+pricing)
INFO PLAT_JUL29 DiffSolverV2 bank IN Total_Position_Schedule (post-projection): residual frac(Σq outside corridor) min=0.000 mean=0.000 max=0.000 | worst t=0 corridor=[-50, -42.5] bank Σq∈[-42.5, -42.5] frac_oob=0.000 (≈0 ⇒ projection clean)
INFO PLAT_JUL29 DiffSolverV2 bank: market_dim=7 | swept W∈[-7.893e+04, 1.963e+05] mean=3.931e+04 std=4.794e+04 | q_rep(t=0)=[0.0, 0.0, 0.0]
INFO PLAT_JUL29 DiffV2_Load_Value_Fn: /home/vretiel/PycharmProjects/riskflow/artifacts/walk_forward/driftless_armA_b015/run_b015/value_fn_202202_garch_s7.pt trained corridor-free (widest wealth support); rolling under a Total_Position_Schedule only restricts to a learned subset — valid.
INFO PLAT_JUL29 DiffSolverV2 LOADED value fn from /home/vretiel/PycharmProjects/riskflow/artifacts/walk_forward/driftless_armA_b015/run_b015/value_fn_202202_garch_s7.pt (train V_0=-0.361109) | eval-world market drift vs train frame: max 0.863 σ | utility_scale 822983
INFO PLAT_JUL29 DiffV2_Load_Value_Fn: /home/vretiel/PycharmProjects/riskflow/artifacts/walk_forward/driftless_armA_b015/run_b015/value_fn_202202_garch_s42.pt trained corridor-free (widest wealth support); rolling under a Total_Position_Schedule only restricts to a learned subset — valid.
INFO PLAT_JUL29 DiffSolverV2 LOADED value fn from /home/vretiel/PycharmProjects/riskflow/artifacts/walk_forward/driftless_armA_b015/run_b015/value_fn_202202_garch_s42.pt (train V_0=-0.319658) | eval-world market drift vs train frame: max 0.872 σ | utility_scale 850138
INFO PLAT_JUL29 DiffV2_Load_Value_Fn: /home/vretiel/PycharmProjects/riskflow/artifacts/walk_forward/driftless_armA_b015/run_b015/value_fn_202202_garch_s314.pt trained corridor-free (widest wealth support); rolling under a Total_Position_Schedule only restricts to a learned subset — valid.
INFO PLAT_JUL29 DiffSolverV2 LOADED value fn from /home/vretiel/PycharmProjects/riskflow/artifacts/walk_forward/driftless_armA_b015/run_b015/value_fn_202202_garch_s314.pt (train V_0=-0.29637) | eval-world market drift vs train frame: max 0.922 σ | utility_scale 842957
WARNING PLAT_JUL29 DiffSolverV2 ensemble utility_scale spread 3.19% — members trained against different anchors; averaging is approximate
INFO PLAT_JUL29 DiffSolverV2 action grid: K=165 actions (levels=9 ^ active=3)
INFO PLAT_JUL29 DiffSolverV2 ENSEMBLE argmax over 3 value fns
INFO PLAT_JUL29 DiffSolverV2 STEPPER ROLLOUT (frozen policy, realized path, real accounting):
  greedy   wT=+1.2561e+04 p5=+1.2561e+04 cvar5=+1.2561e+04
  textbook wT=+2.2227e+04 p5=+2.2227e+04 cvar5=+2.2227e+04
  nohedge  wT=-1.3325e+05 p5=-1.3325e+05 cvar5=-1.3325e+05
INFO PLAT_JUL29 DiffSolverV2 VERDICT (OUT-OF-SAMPLE rollout t=0→T over 1 outer paths, start flat):
  policy    u(W_T)mean    W_T mean       W_T p5         W_T CVaR5
  greedy    +0.05154    +4.3224e+04   +4.3224e+04   +4.3224e+04
  textbook  +0.03156    +2.6473e+04   +2.6473e+04   +2.6473e+04
  nohedge   -0.31036    -1.3326e+05   -1.3326e+05   -1.3326e+05
  → on the OBJECTIVE E[u(W_T)]: beats no-hedge=True, beats textbook=True | tail(CVaR5) competitive w/ textbook=True
INFO PLAT_JUL29 DiffSolverV2 greedy positions: mean|q| per instrument=['31.00', '0.00', '7.41'] | q@t0=[-43.75, 0.0, 0.0] | q@mid=[-43.75, 0.0, 0.0] (textbook q@t0=[0.0, 0.0, 0.0])
INFO PLAT_JUL29 solve_hedge tracks: {'DiffSolverV2': -0.3611} | ladder holds=True
INFO PLAT_JUL29 JOB 202202 b0.15 DONE: greedy=5.02 nohedge=-53.3 bound=671.06 PASS=True churn=137.5 breaches=0(worst=0)
INFO PLAT_JUL29 === JOB 202106 band=0.15 md=md_202104_garch.json trade_date=2021-06-01 (EVAL-ONLY re-roll) ===
INFO PLAT_JUL29 === TRAIN 202106 seed=7 SKIP (checkpoint exists) ===
INFO PLAT_JUL29 === TRAIN 202106 seed=42 SKIP (checkpoint exists) ===
INFO PLAT_JUL29 === TRAIN 202106 seed=314 SKIP (checkpoint exists) ===
INFO PLAT_JUL29 === ROLL 202106 (stepper, realized path, 3-seed ensemble, inner=512) ===
WARNING md_202104_garch Price Factor 'DiscountRate.USD-SOFR' not found in market data
INFO md_202104_garch Creating default Discount Factor(type='DiscountRate', name=('USD-SOFR',))
INFO PLAT_JUL29 Observed_Scenario substituted 2 factor(s): ['CommodityPrice.PLATINUM_CME', 'CommodityBasis.LME_CME']
INFO PLAT_JUL29 liability scalars: total_leg_volume=2500.0 last_settlement_index=155
INFO PLAT_JUL29 utility_scale (symlog c) resolved to 471819.95
INFO PLAT_JUL29 DiffSolverV2 setup: n_hedge=3 active=[0, 1, 2] T_dec=126 (of 128 sim steps; last-live mtm=[-2]) B_outer=1 levels=9 fit_iters=60 lr=0.002 | contract_size=[50.0, 50.0, 50.0] | q∈[[-50.0, -50.0, -50.0], [0.0, 0.0, 0.0]] total_abs_limit=50
INFO PLAT_JUL29 DiffSolverV2 inner forks: one_step=True (window {t, t+1} generation+pricing)
INFO PLAT_JUL29 DiffSolverV2 bank IN Total_Position_Schedule (post-projection): residual frac(Σq outside corridor) min=0.000 mean=0.000 max=0.000 | worst t=0 corridor=[-50, -42.5] bank Σq∈[-42.5, -42.5] frac_oob=0.000 (≈0 ⇒ projection clean)
INFO PLAT_JUL29 DiffSolverV2 bank: market_dim=7 | swept W∈[-1.021e+05, 2.606e+05] mean=1.715e+04 std=6.756e+04 | q_rep(t=0)=[0.0, 0.0, 0.0]
INFO PLAT_JUL29 DiffV2_Load_Value_Fn: /home/vretiel/PycharmProjects/riskflow/artifacts/walk_forward/driftless_armA_b015/run_b015/value_fn_202106_garch_s7.pt trained corridor-free (widest wealth support); rolling under a Total_Position_Schedule only restricts to a learned subset — valid.
INFO PLAT_JUL29 DiffSolverV2 LOADED value fn from /home/vretiel/PycharmProjects/riskflow/artifacts/walk_forward/driftless_armA_b015/run_b015/value_fn_202106_garch_s7.pt (train V_0=-0.432844) | eval-world market drift vs train frame: max 0.876 σ | utility_scale 928272
INFO PLAT_JUL29 DiffV2_Load_Value_Fn: /home/vretiel/PycharmProjects/riskflow/artifacts/walk_forward/driftless_armA_b015/run_b015/value_fn_202106_garch_s42.pt trained corridor-free (widest wealth support); rolling under a Total_Position_Schedule only restricts to a learned subset — valid.
INFO PLAT_JUL29 DiffSolverV2 LOADED value fn from /home/vretiel/PycharmProjects/riskflow/artifacts/walk_forward/driftless_armA_b015/run_b015/value_fn_202106_garch_s42.pt (train V_0=-0.375835) | eval-world market drift vs train frame: max 0.877 σ | utility_scale 928750
INFO PLAT_JUL29 DiffV2_Load_Value_Fn: /home/vretiel/PycharmProjects/riskflow/artifacts/walk_forward/driftless_armA_b015/run_b015/value_fn_202106_garch_s314.pt trained corridor-free (widest wealth support); rolling under a Total_Position_Schedule only restricts to a learned subset — valid.
INFO PLAT_JUL29 DiffSolverV2 LOADED value fn from /home/vretiel/PycharmProjects/riskflow/artifacts/walk_forward/driftless_armA_b015/run_b015/value_fn_202106_garch_s314.pt (train V_0=-0.370588) | eval-world market drift vs train frame: max 0.97 σ | utility_scale 955195
WARNING PLAT_JUL29 DiffSolverV2 ensemble utility_scale spread 2.82% — members trained against different anchors; averaging is approximate
INFO PLAT_JUL29 DiffSolverV2 action grid: K=165 actions (levels=9 ^ active=3)
INFO PLAT_JUL29 DiffSolverV2 ENSEMBLE argmax over 3 value fns
INFO PLAT_JUL29 DiffSolverV2 STEPPER ROLLOUT (frozen policy, realized path, real accounting):
  greedy   wT=+5.4091e+04 p5=+5.4091e+04 cvar5=+5.4091e+04
  textbook wT=-5.3227e+04 p5=-5.3227e+04 cvar5=-5.3227e+04
  nohedge  wT=-4.9020e+05 p5=-4.9020e+05 cvar5=-4.9020e+05
INFO PLAT_JUL29 DiffSolverV2 VERDICT (OUT-OF-SAMPLE rollout t=0→T over 1 outer paths, start flat):
  policy    u(W_T)mean    W_T mean       W_T p5         W_T CVaR5
  greedy    +0.04498    +4.2164e+04   +4.2164e+04   +4.2164e+04
  textbook  -0.06966    -4.9571e+04   -4.9571e+04   -4.9571e+04
  nohedge   -2.16373    -4.9021e+05   -4.9021e+05   -4.9021e+05
  → on the OBJECTIVE E[u(W_T)]: beats no-hedge=True, beats textbook=True | tail(CVaR5) competitive w/ textbook=True
INFO PLAT_JUL29 DiffSolverV2 greedy positions: mean|q| per instrument=['0.00', '0.00', '39.43'] | q@t0=[0.0, 0.0, -43.75] | q@mid=[0.0, 0.0, -43.75] (textbook q@t0=[0.0, 0.0, 0.0])
INFO PLAT_JUL29 solve_hedge tracks: {'DiffSolverV2': -0.4328} | ladder holds=True
INFO PLAT_JUL29 JOB 202106 b0.15 DONE: greedy=21.64 nohedge=-196.08 bound=808.98 PASS=True churn=93.8 breaches=0(worst=0)
INFO PLAT_JUL29 === JOB 202001 band=0.15 md=md_202001_garch.json trade_date=2020-01-01 (EVAL-ONLY re-roll) ===
INFO PLAT_JUL29 === TRAIN 202001 seed=7 SKIP (checkpoint exists) ===
INFO PLAT_JUL29 === TRAIN 202001 seed=42 SKIP (checkpoint exists) ===
INFO PLAT_JUL29 === TRAIN 202001 seed=314 SKIP (checkpoint exists) ===
INFO PLAT_JUL29 === ROLL 202001 (stepper, realized path, 3-seed ensemble, inner=512) ===
WARNING md_202001_garch Price Factor 'DiscountRate.USD-SOFR' not found in market data
INFO md_202001_garch Creating default Discount Factor(type='DiscountRate', name=('USD-SOFR',))
INFO PLAT_JUL29 Observed_Scenario substituted 2 factor(s): ['CommodityPrice.PLATINUM_CME', 'CommodityBasis.LME_CME']
INFO PLAT_JUL29 liability scalars: total_leg_volume=2500.0 last_settlement_index=154
INFO PLAT_JUL29 utility_scale (symlog c) resolved to 305001.02
INFO PLAT_JUL29 DiffSolverV2 setup: n_hedge=3 active=[0, 1, 2] T_dec=125 (of 127 sim steps; last-live mtm=[-2]) B_outer=1 levels=9 fit_iters=60 lr=0.002 | contract_size=[50.0, 50.0, 50.0] | q∈[[-50.0, -50.0, -50.0], [0.0, 0.0, 0.0]] total_abs_limit=50
INFO PLAT_JUL29 DiffSolverV2 inner forks: one_step=True (window {t, t+1} generation+pricing)
INFO PLAT_JUL29 DiffSolverV2 bank IN Total_Position_Schedule (post-projection): residual frac(Σq outside corridor) min=0.000 mean=0.000 max=0.000 | worst t=0 corridor=[-50, -42.5] bank Σq∈[-42.5, -42.5] frac_oob=0.000 (≈0 ⇒ projection clean)
INFO PLAT_JUL29 DiffSolverV2 bank: market_dim=7 | swept W∈[-4.097e+05, 1.729e+05] mean=-2.92e+04 std=1.322e+05 | q_rep(t=0)=[0.0, 0.0, 0.0]
INFO PLAT_JUL29 DiffV2_Load_Value_Fn: /home/vretiel/PycharmProjects/riskflow/artifacts/walk_forward/driftless_armA_b015/run_b015/value_fn_202001_garch_s7.pt trained corridor-free (widest wealth support); rolling under a Total_Position_Schedule only restricts to a learned subset — valid.
INFO PLAT_JUL29 DiffSolverV2 LOADED value fn from /home/vretiel/PycharmProjects/riskflow/artifacts/walk_forward/driftless_armA_b015/run_b015/value_fn_202001_garch_s7.pt (train V_0=-0.361256) | eval-world market drift vs train frame: max 3.56 σ | utility_scale 584378
INFO PLAT_JUL29 DiffV2_Load_Value_Fn: /home/vretiel/PycharmProjects/riskflow/artifacts/walk_forward/driftless_armA_b015/run_b015/value_fn_202001_garch_s42.pt trained corridor-free (widest wealth support); rolling under a Total_Position_Schedule only restricts to a learned subset — valid.
INFO PLAT_JUL29 DiffSolverV2 LOADED value fn from /home/vretiel/PycharmProjects/riskflow/artifacts/walk_forward/driftless_armA_b015/run_b015/value_fn_202001_garch_s42.pt (train V_0=-0.341465) | eval-world market drift vs train frame: max 3.73 σ | utility_scale 592882
INFO PLAT_JUL29 DiffV2_Load_Value_Fn: /home/vretiel/PycharmProjects/riskflow/artifacts/walk_forward/driftless_armA_b015/run_b015/value_fn_202001_garch_s314.pt trained corridor-free (widest wealth support); rolling under a Total_Position_Schedule only restricts to a learned subset — valid.
INFO PLAT_JUL29 DiffSolverV2 LOADED value fn from /home/vretiel/PycharmProjects/riskflow/artifacts/walk_forward/driftless_armA_b015/run_b015/value_fn_202001_garch_s314.pt (train V_0=-0.33524) | eval-world market drift vs train frame: max 3.83 σ | utility_scale 581433
WARNING PLAT_JUL29 DiffSolverV2 ensemble utility_scale spread 1.93% — members trained against different anchors; averaging is approximate
INFO PLAT_JUL29 DiffSolverV2 action grid: K=165 actions (levels=9 ^ active=3)
INFO PLAT_JUL29 DiffSolverV2 ENSEMBLE argmax over 3 value fns
INFO PLAT_JUL29 DiffSolverV2 STEPPER ROLLOUT (frozen policy, realized path, real accounting):
  greedy   wT=+4.5745e+04 p5=+4.5745e+04 cvar5=+4.5745e+04
  textbook wT=-1.6484e+05 p5=-1.6484e+05 cvar5=-1.6484e+05
  nohedge  wT=-4.8586e+05 p5=-4.8586e+05 cvar5=-4.8586e+05
INFO PLAT_JUL29 DiffSolverV2 VERDICT (OUT-OF-SAMPLE rollout t=0→T over 1 outer paths, start flat):
  policy    u(W_T)mean    W_T mean       W_T p5         W_T CVaR5
  greedy    +0.10091    +5.9158e+04   +5.9158e+04   +5.9158e+04
  textbook  -0.71294    -1.5905e+05   -1.5905e+05   -1.5905e+05
  nohedge   -4.95217    -4.8597e+05   -4.8597e+05   -4.8597e+05
  → on the OBJECTIVE E[u(W_T)]: beats no-hedge=True, beats textbook=True | tail(CVaR5) competitive w/ textbook=True
INFO PLAT_JUL29 DiffSolverV2 greedy positions: mean|q| per instrument=['0.00', '0.00', '39.25'] | q@t0=[0.0, 0.0, -43.75] | q@mid=[0.0, 0.0, -50.0] (textbook q@t0=[0.0, 0.0, 0.0])
INFO PLAT_JUL29 solve_hedge tracks: {'DiffSolverV2': -0.3613} | ladder holds=True
INFO PLAT_JUL29 JOB 202001 b0.15 DONE: greedy=18.3 nohedge=-194.35 bound=810.1 PASS=True churn=81.2 breaches=0(worst=0)
INFO PLAT_JUL29 === JOB 202204 band=0.15 md=md_202204_garch.json trade_date=2022-04-01 (EVAL-ONLY re-roll) ===
INFO PLAT_JUL29 === TRAIN 202204 seed=7 SKIP (checkpoint exists) ===
INFO PLAT_JUL29 === TRAIN 202204 seed=42 SKIP (checkpoint exists) ===
INFO PLAT_JUL29 === TRAIN 202204 seed=314 SKIP (checkpoint exists) ===
INFO PLAT_JUL29 === ROLL 202204 (stepper, realized path, 3-seed ensemble, inner=512) ===
WARNING md_202204_garch Price Factor 'DiscountRate.USD-SOFR' not found in market data
INFO md_202204_garch Creating default Discount Factor(type='DiscountRate', name=('USD-SOFR',))
INFO PLAT_JUL29 Observed_Scenario substituted 2 factor(s): ['CommodityPrice.PLATINUM_CME', 'CommodityBasis.LME_CME']
INFO PLAT_JUL29 liability scalars: total_leg_volume=2500.0 last_settlement_index=155
INFO PLAT_JUL29 utility_scale (symlog c) resolved to 566358.44
INFO PLAT_JUL29 DiffSolverV2 setup: n_hedge=3 active=[0, 1, 2] T_dec=126 (of 128 sim steps; last-live mtm=[-2]) B_outer=1 levels=9 fit_iters=60 lr=0.002 | contract_size=[50.0, 50.0, 50.0] | q∈[[-50.0, -50.0, -50.0], [0.0, 0.0, 0.0]] total_abs_limit=50
INFO PLAT_JUL29 DiffSolverV2 inner forks: one_step=True (window {t, t+1} generation+pricing)
INFO PLAT_JUL29 DiffSolverV2 bank IN Total_Position_Schedule (post-projection): residual frac(Σq outside corridor) min=0.000 mean=0.000 max=0.000 | worst t=0 corridor=[-50, -42.5] bank Σq∈[-42.5, -42.5] frac_oob=0.000 (≈0 ⇒ projection clean)
INFO PLAT_JUL29 DiffSolverV2 bank: market_dim=7 | swept W∈[-1.515e+05, 1.163e+05] mean=-2.745e+04 std=6.852e+04 | q_rep(t=0)=[0.0, 0.0, 0.0]
INFO PLAT_JUL29 DiffV2_Load_Value_Fn: /home/vretiel/PycharmProjects/riskflow/artifacts/walk_forward/driftless_armA_b015/run_b015/value_fn_202204_garch_s7.pt trained corridor-free (widest wealth support); rolling under a Total_Position_Schedule only restricts to a learned subset — valid.
INFO PLAT_JUL29 DiffSolverV2 LOADED value fn from /home/vretiel/PycharmProjects/riskflow/artifacts/walk_forward/driftless_armA_b015/run_b015/value_fn_202204_garch_s7.pt (train V_0=-0.488711) | eval-world market drift vs train frame: max 0.889 σ | utility_scale 903908
INFO PLAT_JUL29 DiffV2_Load_Value_Fn: /home/vretiel/PycharmProjects/riskflow/artifacts/walk_forward/driftless_armA_b015/run_b015/value_fn_202204_garch_s42.pt trained corridor-free (widest wealth support); rolling under a Total_Position_Schedule only restricts to a learned subset — valid.
INFO PLAT_JUL29 DiffSolverV2 LOADED value fn from /home/vretiel/PycharmProjects/riskflow/artifacts/walk_forward/driftless_armA_b015/run_b015/value_fn_202204_garch_s42.pt (train V_0=-0.450033) | eval-world market drift vs train frame: max 0.962 σ | utility_scale 900146
INFO PLAT_JUL29 DiffV2_Load_Value_Fn: /home/vretiel/PycharmProjects/riskflow/artifacts/walk_forward/driftless_armA_b015/run_b015/value_fn_202204_garch_s314.pt trained corridor-free (widest wealth support); rolling under a Total_Position_Schedule only restricts to a learned subset — valid.
INFO PLAT_JUL29 DiffSolverV2 LOADED value fn from /home/vretiel/PycharmProjects/riskflow/artifacts/walk_forward/driftless_armA_b015/run_b015/value_fn_202204_garch_s314.pt (train V_0=-0.447362) | eval-world market drift vs train frame: max 0.915 σ | utility_scale 914635
WARNING PLAT_JUL29 DiffSolverV2 ensemble utility_scale spread 1.58% — members trained against different anchors; averaging is approximate
INFO PLAT_JUL29 DiffSolverV2 action grid: K=165 actions (levels=9 ^ active=3)
INFO PLAT_JUL29 DiffSolverV2 ENSEMBLE argmax over 3 value fns
INFO PLAT_JUL29 DiffSolverV2 STEPPER ROLLOUT (frozen policy, realized path, real accounting):
  greedy   wT=-3.8472e+04 p5=-3.8472e+04 cvar5=-3.8472e+04
  textbook wT=-9.0254e+04 p5=-9.0254e+04 cvar5=-9.0254e+04
  nohedge  wT=-2.8920e+05 p5=-2.8920e+05 cvar5=-2.8920e+05
INFO PLAT_JUL29 DiffSolverV2 VERDICT (OUT-OF-SAMPLE rollout t=0→T over 1 outer paths, start flat):
  policy    u(W_T)mean    W_T mean       W_T p5         W_T CVaR5
  greedy    -0.03605    -2.7619e+04   -2.7619e+04   -2.7619e+04
  textbook  -0.15241    -8.7466e+04   -8.7466e+04   -8.7466e+04
  nohedge   -0.93031    -2.8923e+05   -2.8923e+05   -2.8923e+05
  → on the OBJECTIVE E[u(W_T)]: beats no-hedge=True, beats textbook=True | tail(CVaR5) competitive w/ textbook=True
INFO PLAT_JUL29 DiffSolverV2 greedy positions: mean|q| per instrument=['0.25', '27.18', '9.97'] | q@t0=[0.0, -43.75, 0.0] | q@mid=[0.0, -43.75, 0.0] (textbook q@t0=[0.0, 0.0, 0.0])
INFO PLAT_JUL29 solve_hedge tracks: {'DiffSolverV2': -0.4887} | ladder holds=True
INFO PLAT_JUL29 JOB 202204 b0.15 DONE: greedy=-15.39 nohedge=-115.68 bound=647.84 PASS=True churn=543.8 breaches=0(worst=0)
INFO PLAT_JUL29 === JOB 202011 band=0.15 md=md_202010_garch.json trade_date=2020-11-02 (EVAL-ONLY re-roll) ===
INFO PLAT_JUL29 === TRAIN 202011 seed=7 SKIP (checkpoint exists) ===
INFO PLAT_JUL29 === TRAIN 202011 seed=42 SKIP (checkpoint exists) ===
INFO PLAT_JUL29 === TRAIN 202011 seed=314 SKIP (checkpoint exists) ===
INFO PLAT_JUL29 === ROLL 202011 (stepper, realized path, 3-seed ensemble, inner=512) ===
WARNING md_202010_garch Price Factor 'DiscountRate.USD-SOFR' not found in market data
INFO md_202010_garch Creating default Discount Factor(type='DiscountRate', name=('USD-SOFR',))
INFO PLAT_JUL29 Observed_Scenario substituted 2 factor(s): ['CommodityPrice.PLATINUM_CME', 'CommodityBasis.LME_CME']
INFO PLAT_JUL29 liability scalars: total_leg_volume=2500.0 last_settlement_index=152
INFO PLAT_JUL29 utility_scale (symlog c) resolved to 363055.21
INFO PLAT_JUL29 DiffSolverV2 setup: n_hedge=3 active=[0, 1, 2] T_dec=123 (of 125 sim steps; last-live mtm=[-2]) B_outer=1 levels=9 fit_iters=60 lr=0.002 | contract_size=[50.0, 50.0, 50.0] | q∈[[-50.0, -50.0, -50.0], [0.0, 0.0, 0.0]] total_abs_limit=50
INFO PLAT_JUL29 DiffSolverV2 inner forks: one_step=True (window {t, t+1} generation+pricing)
INFO PLAT_JUL29 DiffSolverV2 bank IN Total_Position_Schedule (post-projection): residual frac(Σq outside corridor) min=0.000 mean=0.000 max=0.000 | worst t=0 corridor=[-50, -42.5] bank Σq∈[-42.5, -42.5] frac_oob=0.000 (≈0 ⇒ projection clean)
INFO PLAT_JUL29 DiffSolverV2 bank: market_dim=7 | swept W∈[-3.942e+04, 2.689e+05] mean=1.019e+05 std=7.998e+04 | q_rep(t=0)=[0.0, 0.0, 0.0]
INFO PLAT_JUL29 DiffV2_Load_Value_Fn: /home/vretiel/PycharmProjects/riskflow/artifacts/walk_forward/driftless_armA_b015/run_b015/value_fn_202011_garch_s7.pt trained corridor-free (widest wealth support); rolling under a Total_Position_Schedule only restricts to a learned subset — valid.
INFO PLAT_JUL29 DiffSolverV2 LOADED value fn from /home/vretiel/PycharmProjects/riskflow/artifacts/walk_forward/driftless_armA_b015/run_b015/value_fn_202011_garch_s7.pt (train V_0=-0.495161) | eval-world market drift vs train frame: max 1.15 σ | utility_scale 745402
INFO PLAT_JUL29 DiffV2_Load_Value_Fn: /home/vretiel/PycharmProjects/riskflow/artifacts/walk_forward/driftless_armA_b015/run_b015/value_fn_202011_garch_s42.pt trained corridor-free (widest wealth support); rolling under a Total_Position_Schedule only restricts to a learned subset — valid.
INFO PLAT_JUL29 DiffSolverV2 LOADED value fn from /home/vretiel/PycharmProjects/riskflow/artifacts/walk_forward/driftless_armA_b015/run_b015/value_fn_202011_garch_s42.pt (train V_0=-0.494953) | eval-world market drift vs train frame: max 1.05 σ | utility_scale 743008
INFO PLAT_JUL29 DiffV2_Load_Value_Fn: /home/vretiel/PycharmProjects/riskflow/artifacts/walk_forward/driftless_armA_b015/run_b015/value_fn_202011_garch_s314.pt trained corridor-free (widest wealth support); rolling under a Total_Position_Schedule only restricts to a learned subset — valid.
INFO PLAT_JUL29 DiffSolverV2 LOADED value fn from /home/vretiel/PycharmProjects/riskflow/artifacts/walk_forward/driftless_armA_b015/run_b015/value_fn_202011_garch_s314.pt (train V_0=-0.480632) | eval-world market drift vs train frame: max 1.21 σ | utility_scale 752050
WARNING PLAT_JUL29 DiffSolverV2 ensemble utility_scale spread 1.2% — members trained against different anchors; averaging is approximate
INFO PLAT_JUL29 DiffSolverV2 action grid: K=165 actions (levels=9 ^ active=3)
INFO PLAT_JUL29 DiffSolverV2 ENSEMBLE argmax over 3 value fns
INFO PLAT_JUL29 DiffSolverV2 STEPPER ROLLOUT (frozen policy, realized path, real accounting):
  greedy   wT=+1.7962e+05 p5=+1.7962e+05 cvar5=+1.7962e+05
  textbook wT=+2.1867e+05 p5=+2.1867e+05 cvar5=+2.1867e+05
  nohedge  wT=+8.8036e+05 p5=+8.8036e+05 cvar5=+8.8036e+05
INFO PLAT_JUL29 DiffSolverV2 VERDICT (OUT-OF-SAMPLE rollout t=0→T over 1 outer paths, start flat):
  policy    u(W_T)mean    W_T mean       W_T p5         W_T CVaR5
  greedy    +0.12980    +9.6934e+04   +9.6934e+04   +9.6934e+04
  textbook  +0.30392    +2.2697e+05   +2.2697e+05   +2.2697e+05
  nohedge   +1.17880    +8.8035e+05   +8.8035e+05   +8.8035e+05
  → on the OBJECTIVE E[u(W_T)]: beats no-hedge=False, beats textbook=False | tail(CVaR5) competitive w/ textbook=False
INFO PLAT_JUL29 DiffSolverV2 greedy positions: mean|q| per instrument=['31.66', '0.00', '7.06'] | q@t0=[-43.75, 0.0, 0.0] | q@mid=[-43.75, 0.0, 0.0] (textbook q@t0=[0.0, 0.0, 0.0])
INFO PLAT_JUL29 solve_hedge tracks: {'DiffSolverV2': -0.4952} | ladder holds=True
INFO PLAT_JUL29 JOB 202011 b0.15 DONE: greedy=71.85 nohedge=352.15 bound=685.55 PASS=True churn=137.5 breaches=0(worst=0)
INFO PLAT_JUL29 === JOB 202102 band=0.15 md=md_202101_garch.json trade_date=2021-02-01 (EVAL-ONLY re-roll) ===
INFO PLAT_JUL29 === TRAIN 202102 seed=7 SKIP (checkpoint exists) ===
INFO PLAT_JUL29 === TRAIN 202102 seed=42 SKIP (checkpoint exists) ===
INFO PLAT_JUL29 === TRAIN 202102 seed=314 SKIP (checkpoint exists) ===
INFO PLAT_JUL29 === ROLL 202102 (stepper, realized path, 3-seed ensemble, inner=512) ===
WARNING md_202101_garch Price Factor 'DiscountRate.USD-SOFR' not found in market data
INFO md_202101_garch Creating default Discount Factor(type='DiscountRate', name=('USD-SOFR',))
INFO PLAT_JUL29 Observed_Scenario substituted 2 factor(s): ['CommodityPrice.PLATINUM_CME', 'CommodityBasis.LME_CME']
INFO PLAT_JUL29 liability scalars: total_leg_volume=2500.0 last_settlement_index=153
INFO PLAT_JUL29 utility_scale (symlog c) resolved to 803328.59
INFO PLAT_JUL29 DiffSolverV2 setup: n_hedge=3 active=[0, 1, 2] T_dec=124 (of 126 sim steps; last-live mtm=[-2]) B_outer=1 levels=9 fit_iters=60 lr=0.002 | contract_size=[50.0, 50.0, 50.0] | q∈[[-50.0, -50.0, -50.0], [0.0, 0.0, 0.0]] total_abs_limit=50
INFO PLAT_JUL29 DiffSolverV2 inner forks: one_step=True (window {t, t+1} generation+pricing)
INFO PLAT_JUL29 DiffSolverV2 bank IN Total_Position_Schedule (post-projection): residual frac(Σq outside corridor) min=0.000 mean=0.000 max=0.000 | worst t=0 corridor=[-50, -42.5] bank Σq∈[-42.5, -42.5] frac_oob=0.000 (≈0 ⇒ projection clean)
INFO PLAT_JUL29 DiffSolverV2 bank: market_dim=7 | swept W∈[-1.449e+04, 3.039e+05] mean=1.372e+05 std=6.02e+04 | q_rep(t=0)=[0.0, 0.0, 0.0]
INFO PLAT_JUL29 DiffV2_Load_Value_Fn: /home/vretiel/PycharmProjects/riskflow/artifacts/walk_forward/driftless_armA_b015/run_b015/value_fn_202102_garch_s7.pt trained corridor-free (widest wealth support); rolling under a Total_Position_Schedule only restricts to a learned subset — valid.
INFO PLAT_JUL29 DiffSolverV2 LOADED value fn from /home/vretiel/PycharmProjects/riskflow/artifacts/walk_forward/driftless_armA_b015/run_b015/value_fn_202102_garch_s7.pt (train V_0=-0.0147141) | eval-world market drift vs train frame: max 1.1 σ | utility_scale 1.10407e+06
INFO PLAT_JUL29 DiffV2_Load_Value_Fn: /home/vretiel/PycharmProjects/riskflow/artifacts/walk_forward/driftless_armA_b015/run_b015/value_fn_202102_garch_s42.pt trained corridor-free (widest wealth support); rolling under a Total_Position_Schedule only restricts to a learned subset — valid.
INFO PLAT_JUL29 DiffSolverV2 LOADED value fn from /home/vretiel/PycharmProjects/riskflow/artifacts/walk_forward/driftless_armA_b015/run_b015/value_fn_202102_garch_s42.pt (train V_0=-0.00091162) | eval-world market drift vs train frame: max 1.11 σ | utility_scale 1.11128e+06
INFO PLAT_JUL29 DiffV2_Load_Value_Fn: /home/vretiel/PycharmProjects/riskflow/artifacts/walk_forward/driftless_armA_b015/run_b015/value_fn_202102_garch_s314.pt trained corridor-free (widest wealth support); rolling under a Total_Position_Schedule only restricts to a learned subset — valid.
INFO PLAT_JUL29 DiffSolverV2 LOADED value fn from /home/vretiel/PycharmProjects/riskflow/artifacts/walk_forward/driftless_armA_b015/run_b015/value_fn_202102_garch_s314.pt (train V_0=+0.0133963) | eval-world market drift vs train frame: max 1.16 σ | utility_scale 1.09922e+06
WARNING PLAT_JUL29 DiffSolverV2 ensemble utility_scale spread 1.09% — members trained against different anchors; averaging is approximate
INFO PLAT_JUL29 DiffSolverV2 action grid: K=165 actions (levels=9 ^ active=3)
INFO PLAT_JUL29 DiffSolverV2 ENSEMBLE argmax over 3 value fns
INFO PLAT_JUL29 DiffSolverV2 STEPPER ROLLOUT (frozen policy, realized path, real accounting):
  greedy   wT=+1.7739e+05 p5=+1.7739e+05 cvar5=+1.7739e+05
  textbook wT=+1.4909e+05 p5=+1.4909e+05 cvar5=+1.4909e+05
  nohedge  wT=+3.0967e+05 p5=+3.0967e+05 cvar5=+3.0967e+05
INFO PLAT_JUL29 DiffSolverV2 VERDICT (OUT-OF-SAMPLE rollout t=0→T over 1 outer paths, start flat):
  policy    u(W_T)mean    W_T mean       W_T p5         W_T CVaR5
  greedy    +0.17737    +1.9597e+05   +1.9597e+05   +1.9597e+05
  textbook  +0.14264    +1.5760e+05   +1.5760e+05   +1.5760e+05
  nohedge   +0.28027    +3.0966e+05   +3.0966e+05   +3.0966e+05
  → on the OBJECTIVE E[u(W_T)]: beats no-hedge=False, beats textbook=True | tail(CVaR5) competitive w/ textbook=True
INFO PLAT_JUL29 DiffSolverV2 greedy positions: mean|q| per instrument=['31.05', '0.00', '8.67'] | q@t0=[-43.75, 0.0, 0.0] | q@mid=[-43.75, 0.0, 0.0] (textbook q@t0=[0.0, 0.0, 0.0])
INFO PLAT_JUL29 solve_hedge tracks: {'DiffSolverV2': -0.0147} | ladder holds=True
INFO PLAT_JUL29 JOB 202102 b0.15 DONE: greedy=70.96 nohedge=123.87 bound=765.09 PASS=True churn=162.5 breaches=0(worst=0)
INFO PLAT_JUL29 === JOB 202112 band=0.15 md=md_202110_garch.json trade_date=2021-12-01 (EVAL-ONLY re-roll) ===
INFO PLAT_JUL29 === TRAIN 202112 seed=7 SKIP (checkpoint exists) ===
INFO PLAT_JUL29 === TRAIN 202112 seed=42 SKIP (checkpoint exists) ===
INFO PLAT_JUL29 === TRAIN 202112 seed=314 SKIP (checkpoint exists) ===
INFO PLAT_JUL29 === ROLL 202112 (stepper, realized path, 3-seed ensemble, inner=512) ===
WARNING md_202110_garch Price Factor 'DiscountRate.USD-SOFR' not found in market data
INFO md_202110_garch Creating default Discount Factor(type='DiscountRate', name=('USD-SOFR',))
INFO PLAT_JUL29 Observed_Scenario substituted 2 factor(s): ['CommodityPrice.PLATINUM_CME', 'CommodityBasis.LME_CME']
INFO PLAT_JUL29 liability scalars: total_leg_volume=2500.0 last_settlement_index=154
INFO PLAT_JUL29 utility_scale (symlog c) resolved to 459816.82
INFO PLAT_JUL29 DiffSolverV2 setup: n_hedge=3 active=[0, 1, 2] T_dec=125 (of 127 sim steps; last-live mtm=[-2]) B_outer=1 levels=9 fit_iters=60 lr=0.002 | contract_size=[50.0, 50.0, 50.0] | q∈[[-50.0, -50.0, -50.0], [0.0, 0.0, 0.0]] total_abs_limit=50
INFO PLAT_JUL29 DiffSolverV2 inner forks: one_step=True (window {t, t+1} generation+pricing)
INFO PLAT_JUL29 DiffSolverV2 bank IN Total_Position_Schedule (post-projection): residual frac(Σq outside corridor) min=0.000 mean=0.000 max=0.000 | worst t=0 corridor=[-50, -42.5] bank Σq∈[-42.5, -42.5] frac_oob=0.000 (≈0 ⇒ projection clean)
INFO PLAT_JUL29 DiffSolverV2 bank: market_dim=7 | swept W∈[-1.06e+05, 1.993e+05] mean=3.144e+04 std=5.358e+04 | q_rep(t=0)=[0.0, 0.0, 0.0]
INFO PLAT_JUL29 DiffV2_Load_Value_Fn: /home/vretiel/PycharmProjects/riskflow/artifacts/walk_forward/driftless_armA_b015/run_b015/value_fn_202112_garch_s7.pt trained corridor-free (widest wealth support); rolling under a Total_Position_Schedule only restricts to a learned subset — valid.
INFO PLAT_JUL29 DiffSolverV2 LOADED value fn from /home/vretiel/PycharmProjects/riskflow/artifacts/walk_forward/driftless_armA_b015/run_b015/value_fn_202112_garch_s7.pt (train V_0=-0.602422) | eval-world market drift vs train frame: max 0.585 σ | utility_scale 837847
INFO PLAT_JUL29 DiffV2_Load_Value_Fn: /home/vretiel/PycharmProjects/riskflow/artifacts/walk_forward/driftless_armA_b015/run_b015/value_fn_202112_garch_s42.pt trained corridor-free (widest wealth support); rolling under a Total_Position_Schedule only restricts to a learned subset — valid.
INFO PLAT_JUL29 DiffSolverV2 LOADED value fn from /home/vretiel/PycharmProjects/riskflow/artifacts/walk_forward/driftless_armA_b015/run_b015/value_fn_202112_garch_s42.pt (train V_0=-0.608296) | eval-world market drift vs train frame: max 0.636 σ | utility_scale 815869
INFO PLAT_JUL29 DiffV2_Load_Value_Fn: /home/vretiel/PycharmProjects/riskflow/artifacts/walk_forward/driftless_armA_b015/run_b015/value_fn_202112_garch_s314.pt trained corridor-free (widest wealth support); rolling under a Total_Position_Schedule only restricts to a learned subset — valid.
INFO PLAT_JUL29 DiffSolverV2 LOADED value fn from /home/vretiel/PycharmProjects/riskflow/artifacts/walk_forward/driftless_armA_b015/run_b015/value_fn_202112_garch_s314.pt (train V_0=-0.539294) | eval-world market drift vs train frame: max 0.682 σ | utility_scale 852679
WARNING PLAT_JUL29 DiffSolverV2 ensemble utility_scale spread 4.32% — members trained against different anchors; averaging is approximate
INFO PLAT_JUL29 DiffSolverV2 action grid: K=165 actions (levels=9 ^ active=3)
INFO PLAT_JUL29 DiffSolverV2 ENSEMBLE argmax over 3 value fns
INFO PLAT_JUL29 DiffSolverV2 STEPPER ROLLOUT (frozen policy, realized path, real accounting):
  greedy   wT=+4.1664e+04 p5=+4.1664e+04 cvar5=+4.1664e+04
  textbook wT=+3.3572e+04 p5=+3.3572e+04 cvar5=+3.3572e+04
  nohedge  wT=+2.7033e+05 p5=+2.7033e+05 cvar5=+2.7033e+05
INFO PLAT_JUL29 DiffSolverV2 VERDICT (OUT-OF-SAMPLE rollout t=0→T over 1 outer paths, start flat):
  policy    u(W_T)mean    W_T mean       W_T p5         W_T CVaR5
  greedy    +0.04859    +4.0595e+04   +4.0595e+04   +4.0595e+04
  textbook  +0.03372    +2.8173e+04   +2.8173e+04   +2.8173e+04
  nohedge   +0.32356    +2.7032e+05   +2.7032e+05   +2.7032e+05
  → on the OBJECTIVE E[u(W_T)]: beats no-hedge=False, beats textbook=True | tail(CVaR5) competitive w/ textbook=True
INFO PLAT_JUL29 DiffSolverV2 greedy positions: mean|q| per instrument=['21.70', '1.90', '15.80'] | q@t0=[-43.75, 0.0, 0.0] | q@mid=[0.0, -6.25, -37.5] (textbook q@t0=[0.0, 0.0, 0.0])
INFO PLAT_JUL29 solve_hedge tracks: {'DiffSolverV2': -0.6024} | ladder holds=True
INFO PLAT_JUL29 JOB 202112 b0.15 DONE: greedy=16.67 nohedge=108.13 bound=649.35 PASS=True churn=450.0 breaches=0(worst=0)
INFO PLAT_JUL29 BAND 0.15 COMPLETE
