Grid: 27 configs    epochs each: 10    batch: 512
  knobs: ['Entropy_Coef', 'Reward_Scale', 'Learning_Rate']


[ 1/27] entropy_coef=3e-04  reward_scale=1e-07  learning_rate=1e-04
WARNING:MarketDataRF_platinum_calibrated:Price Factor 'DiscountRate.USD-SOFR' not found in market data
/home/vretiel/miniconda3/lib/python3.10/site-packages/torch/nn/modules/transformer.py:385: UserWarning: enable_nested_tensor is True, but self.use_nested_tensor is False because encoder_layer.norm_first was True
  warnings.warn(
epoch= 0 interval=1d net_pnl=     -287106 reward=-3650336.25 |trade|=32.10 pol_l=-0.0018 val_l=2.34e-01 ent=9.619 t=31.56s
epoch= 1 interval=1d net_pnl=     -257183 reward=-3352939.25 |trade|=32.10 pol_l=-0.0022 val_l=2.00e-01 ent=9.617 t=32.08s
epoch= 2 interval=1d net_pnl=     -270827 reward=-3511911.50 |trade|=32.13 pol_l=-0.0027 val_l=2.28e-01 ent=9.612 t=32.30s
epoch= 3 interval=1d net_pnl=     -236701 reward=-3313028.00 |trade|=32.10 pol_l=-0.0032 val_l=2.19e-01 ent=9.610 t=32.26s
epoch= 4 interval=1d net_pnl=     -222065 reward=-3208341.00 |trade|=32.10 pol_l=-0.0035 val_l=2.10e-01 ent=9.602 t=31.83s
epoch= 5 interval=1d net_pnl=     -247244 reward=-3292451.50 |trade|=32.11 pol_l=-0.0035 val_l=2.22e-01 ent=9.596 t=30.46s
epoch= 6 interval=1d net_pnl=     -254429 reward=-3450186.75 |trade|=32.10 pol_l=-0.0034 val_l=2.40e-01 ent=9.586 t=34.07s
epoch= 7 interval=1d net_pnl=     -217215 reward=-3057193.00 |trade|=32.11 pol_l=-0.0033 val_l=2.06e-01 ent=9.574 t=32.18s
epoch= 8 interval=1d net_pnl=     -196016 reward=-3007581.50 |trade|=32.13 pol_l=-0.0025 val_l=2.09e-01 ent=9.563 t=30.79s
epoch= 9 interval=1d net_pnl=     -170525 reward=-2745963.00 |trade|=32.11 pol_l=-0.0020 val_l=1.86e-01 ent=9.555 t=30.34s
  → final_net_pnl=$    -170,525    improvement=$  +116,580    entropy=9.56    |trade|=32.1    (330s)

[ 2/27] entropy_coef=3e-04  reward_scale=1e-07  learning_rate=3e-04
WARNING:MarketDataRF_platinum_calibrated:Price Factor 'DiscountRate.USD-SOFR' not found in market data
epoch= 0 interval=1d net_pnl=     -287106 reward=-3650336.25 |trade|=32.10 pol_l=-0.0017 val_l=2.34e-01 ent=9.619 t=34.20s
epoch= 1 interval=1d net_pnl=     -249430 reward=-3339268.75 |trade|=32.10 pol_l=-0.0022 val_l=1.99e-01 ent=9.617 t=30.24s
epoch= 2 interval=1d net_pnl=     -290921 reward=-3637283.00 |trade|=32.09 pol_l=-0.0030 val_l=2.37e-01 ent=9.612 t=30.24s
epoch= 3 interval=1d net_pnl=     -239140 reward=-3223663.75 |trade|=32.06 pol_l=-0.0039 val_l=2.14e-01 ent=9.607 t=29.83s
epoch= 4 interval=1d net_pnl=     -226319 reward=-3320671.00 |trade|=32.09 pol_l=-0.0053 val_l=2.13e-01 ent=9.603 t=29.82s
epoch= 5 interval=1d net_pnl=     -235109 reward=-3163897.50 |trade|=32.10 pol_l=-0.0060 val_l=2.04e-01 ent=9.598 t=29.69s
epoch= 6 interval=1d net_pnl=     -225617 reward=-3181894.00 |trade|=32.10 pol_l=-0.0062 val_l=2.15e-01 ent=9.587 t=30.62s
epoch= 7 interval=1d net_pnl=     -188243 reward=-2782649.75 |trade|=32.09 pol_l=-0.0055 val_l=1.72e-01 ent=9.576 t=30.06s
epoch= 8 interval=1d net_pnl=     -150374 reward=-2612429.25 |trade|=32.11 pol_l=-0.0050 val_l=1.75e-01 ent=9.567 t=30.27s
epoch= 9 interval=1d net_pnl=     -151871 reward=-2636013.00 |trade|=32.10 pol_l=-0.0029 val_l=1.67e-01 ent=9.558 t=30.35s
  → final_net_pnl=$    -151,871    improvement=$  +135,235    entropy=9.56    |trade|=32.1    (317s)

[ 3/27] entropy_coef=3e-04  reward_scale=1e-07  learning_rate=1e-03
WARNING:MarketDataRF_platinum_calibrated:Price Factor 'DiscountRate.USD-SOFR' not found in market data
epoch= 0 interval=1d net_pnl=     -287106 reward=-3650336.25 |trade|=32.10 pol_l=-0.0006 val_l=2.35e-01 ent=9.619 t=30.22s
epoch= 1 interval=1d net_pnl=     -260999 reward=-3449191.50 |trade|=32.12 pol_l=-0.0010 val_l=2.06e-01 ent=9.617 t=31.41s
epoch= 2 interval=1d net_pnl=     -282432 reward=-3596472.00 |trade|=32.20 pol_l=-0.0006 val_l=2.34e-01 ent=9.615 t=29.74s
epoch= 3 interval=1d net_pnl=     -238489 reward=-3297861.50 |trade|=32.16 pol_l=-0.0010 val_l=2.14e-01 ent=9.611 t=31.22s
epoch= 4 interval=1d net_pnl=     -243162 reward=-3369710.50 |trade|=32.18 pol_l=-0.0010 val_l=2.28e-01 ent=9.609 t=30.45s
epoch= 5 interval=1d net_pnl=     -272468 reward=-3474933.00 |trade|=32.21 pol_l=-0.0010 val_l=2.25e-01 ent=9.601 t=29.86s
epoch= 6 interval=1d net_pnl=     -262335 reward=-3466080.00 |trade|=32.22 pol_l=-0.0013 val_l=2.40e-01 ent=9.601 t=29.28s
epoch= 7 interval=1d net_pnl=     -262953 reward=-3422905.50 |trade|=32.23 pol_l=-0.0021 val_l=2.06e-01 ent=9.597 t=30.19s
epoch= 8 interval=1d net_pnl=     -217847 reward=-3173987.00 |trade|=32.24 pol_l=-0.0019 val_l=2.08e-01 ent=9.595 t=30.24s
epoch= 9 interval=1d net_pnl=     -261240 reward=-3442556.00 |trade|=32.24 pol_l=-0.0012 val_l=2.21e-01 ent=9.591 t=29.93s
  → final_net_pnl=$    -261,240    improvement=$   +25,866    entropy=9.59    |trade|=32.2    (314s)

[ 4/27] entropy_coef=3e-04  reward_scale=3e-07  learning_rate=1e-04
WARNING:MarketDataRF_platinum_calibrated:Price Factor 'DiscountRate.USD-SOFR' not found in market data
epoch= 0 interval=1d net_pnl=     -287106 reward=-3650336.25 |trade|=32.10 pol_l=-0.0018 val_l=2.57e+00 ent=9.619 t=31.51s
epoch= 1 interval=1d net_pnl=     -255788 reward=-3330296.00 |trade|=32.11 pol_l=-0.0022 val_l=2.14e+00 ent=9.618 t=29.72s
epoch= 2 interval=1d net_pnl=     -276061 reward=-3525501.75 |trade|=32.14 pol_l=-0.0022 val_l=2.23e+00 ent=9.608 t=31.29s
epoch= 3 interval=1d net_pnl=     -247896 reward=-3365790.25 |trade|=32.09 pol_l=-0.0029 val_l=2.35e+00 ent=9.606 t=30.40s
epoch= 4 interval=1d net_pnl=     -254796 reward=-3477830.00 |trade|=32.08 pol_l=-0.0030 val_l=2.13e+00 ent=9.605 t=31.02s
epoch= 5 interval=1d net_pnl=     -267966 reward=-3393749.75 |trade|=32.12 pol_l=-0.0030 val_l=1.89e+00 ent=9.603 t=29.78s
epoch= 6 interval=1d net_pnl=     -270696 reward=-3504063.25 |trade|=32.11 pol_l=-0.0027 val_l=2.13e+00 ent=9.597 t=31.88s
epoch= 7 interval=1d net_pnl=     -230426 reward=-3206837.00 |trade|=32.13 pol_l=-0.0023 val_l=1.85e+00 ent=9.589 t=33.73s
epoch= 8 interval=1d net_pnl=     -200513 reward=-2952364.00 |trade|=32.13 pol_l=-0.0023 val_l=1.76e+00 ent=9.583 t=31.20s
epoch= 9 interval=1d net_pnl=     -210221 reward=-3031897.75 |trade|=32.12 pol_l=-0.0020 val_l=1.78e+00 ent=9.575 t=32.04s
  → final_net_pnl=$    -210,221    improvement=$   +76,885    entropy=9.57    |trade|=32.1    (324s)

[ 5/27] entropy_coef=3e-04  reward_scale=3e-07  learning_rate=3e-04
WARNING:MarketDataRF_platinum_calibrated:Price Factor 'DiscountRate.USD-SOFR' not found in market data
epoch= 0 interval=1d net_pnl=     -287106 reward=-3650336.25 |trade|=32.10 pol_l=-0.0018 val_l=2.58e+00 ent=9.619 t=31.87s
epoch= 1 interval=1d net_pnl=     -253760 reward=-3392595.00 |trade|=32.10 pol_l=-0.0027 val_l=2.25e+00 ent=9.618 t=37.07s
epoch= 2 interval=1d net_pnl=     -296632 reward=-3726950.00 |trade|=32.11 pol_l=-0.0034 val_l=2.41e+00 ent=9.613 t=31.88s
epoch= 3 interval=1d net_pnl=     -221839 reward=-3132852.00 |trade|=32.11 pol_l=-0.0040 val_l=1.94e+00 ent=9.610 t=30.18s
epoch= 4 interval=1d net_pnl=     -260236 reward=-3471729.00 |trade|=32.11 pol_l=-0.0051 val_l=2.09e+00 ent=9.602 t=35.22s
epoch= 5 interval=1d net_pnl=     -255120 reward=-3295687.00 |trade|=32.12 pol_l=-0.0050 val_l=1.93e+00 ent=9.595 t=33.15s
epoch= 6 interval=1d net_pnl=     -266656 reward=-3482187.50 |trade|=32.12 pol_l=-0.0062 val_l=2.10e+00 ent=9.587 t=31.35s
epoch= 7 interval=1d net_pnl=     -214386 reward=-3097635.25 |trade|=32.14 pol_l=-0.0052 val_l=1.70e+00 ent=9.578 t=30.93s
epoch= 8 interval=1d net_pnl=     -191544 reward=-2879113.00 |trade|=32.13 pol_l=-0.0043 val_l=1.69e+00 ent=9.569 t=30.70s
epoch= 9 interval=1d net_pnl=     -186951 reward=-2941721.00 |trade|=32.12 pol_l=-0.0028 val_l=1.77e+00 ent=9.561 t=29.73s
  → final_net_pnl=$    -186,951    improvement=$  +100,155    entropy=9.56    |trade|=32.1    (334s)

[ 6/27] entropy_coef=3e-04  reward_scale=3e-07  learning_rate=1e-03
WARNING:MarketDataRF_platinum_calibrated:Price Factor 'DiscountRate.USD-SOFR' not found in market data
epoch= 0 interval=1d net_pnl=     -287106 reward=-3650336.25 |trade|=32.10 pol_l=-0.0007 val_l=2.58e+00 ent=9.619 t=34.69s
epoch= 1 interval=1d net_pnl=     -273005 reward=-3518386.00 |trade|=32.13 pol_l=-0.0009 val_l=2.23e+00 ent=9.617 t=29.75s
epoch= 2 interval=1d net_pnl=     -291891 reward=-3719615.50 |trade|=32.18 pol_l=-0.0007 val_l=2.27e+00 ent=9.613 t=30.00s
epoch= 3 interval=1d net_pnl=     -245003 reward=-3336257.00 |trade|=32.12 pol_l=-0.0009 val_l=2.09e+00 ent=9.614 t=29.68s
epoch= 4 interval=1d net_pnl=     -255818 reward=-3485631.50 |trade|=32.12 pol_l=-0.0013 val_l=2.08e+00 ent=9.611 t=30.20s
epoch= 5 interval=1d net_pnl=     -286467 reward=-3572642.00 |trade|=32.16 pol_l=-0.0012 val_l=2.21e+00 ent=9.606 t=32.05s
epoch= 6 interval=1d net_pnl=     -265882 reward=-3506931.25 |trade|=32.16 pol_l=-0.0018 val_l=2.13e+00 ent=9.601 t=48.66s
epoch= 7 interval=1d net_pnl=     -249827 reward=-3292834.50 |trade|=32.16 pol_l=-0.0020 val_l=1.76e+00 ent=9.598 t=32.23s
epoch= 8 interval=1d net_pnl=     -228136 reward=-3214672.00 |trade|=32.17 pol_l=-0.0026 val_l=1.88e+00 ent=9.592 t=33.59s
epoch= 9 interval=1d net_pnl=     -228499 reward=-3106591.00 |trade|=32.15 pol_l=-0.0011 val_l=1.70e+00 ent=9.590 t=29.40s
  → final_net_pnl=$    -228,499    improvement=$   +58,607    entropy=9.59    |trade|=32.1    (341s)

[ 7/27] entropy_coef=3e-04  reward_scale=1e-06  learning_rate=1e-04
WARNING:MarketDataRF_platinum_calibrated:Price Factor 'DiscountRate.USD-SOFR' not found in market data
epoch= 0 interval=1d net_pnl=     -287106 reward=-3650336.25 |trade|=32.10 pol_l=-0.0017 val_l=3.34e+01 ent=9.619 t=29.30s
epoch= 1 interval=1d net_pnl=     -267021 reward=-3450492.50 |trade|=32.12 pol_l=-0.0018 val_l=2.92e+01 ent=9.618 t=34.12s
epoch= 2 interval=1d net_pnl=     -285318 reward=-3587719.00 |trade|=32.15 pol_l=-0.0018 val_l=3.16e+01 ent=9.610 t=31.50s
epoch= 3 interval=1d net_pnl=     -237615 reward=-3273207.00 |trade|=32.14 pol_l=-0.0020 val_l=2.82e+01 ent=9.604 t=31.29s
epoch= 4 interval=1d net_pnl=     -234885 reward=-3335735.50 |trade|=32.14 pol_l=-0.0023 val_l=2.85e+01 ent=9.602 t=30.70s
epoch= 5 interval=1d net_pnl=     -254480 reward=-3353439.75 |trade|=32.18 pol_l=-0.0024 val_l=2.77e+01 ent=9.599 t=30.38s
epoch= 6 interval=1d net_pnl=     -258186 reward=-3415136.25 |trade|=32.16 pol_l=-0.0022 val_l=2.96e+01 ent=9.593 t=30.50s
epoch= 7 interval=1d net_pnl=     -245043 reward=-3298360.50 |trade|=32.16 pol_l=-0.0020 val_l=2.57e+01 ent=9.586 t=29.60s
epoch= 8 interval=1d net_pnl=     -217770 reward=-3079281.00 |trade|=32.17 pol_l=-0.0016 val_l=2.45e+01 ent=9.583 t=30.04s
epoch= 9 interval=1d net_pnl=     -243310 reward=-3325260.75 |trade|=32.13 pol_l=-0.0013 val_l=2.49e+01 ent=9.573 t=30.25s
  → final_net_pnl=$    -243,310    improvement=$   +43,795    entropy=9.57    |trade|=32.1    (319s)

[ 8/27] entropy_coef=3e-04  reward_scale=1e-06  learning_rate=3e-04
WARNING:MarketDataRF_platinum_calibrated:Price Factor 'DiscountRate.USD-SOFR' not found in market data
epoch= 0 interval=1d net_pnl=     -287106 reward=-3650336.25 |trade|=32.10 pol_l=-0.0018 val_l=3.34e+01 ent=9.619 t=29.53s
epoch= 1 interval=1d net_pnl=     -241489 reward=-3252147.50 |trade|=32.09 pol_l=-0.0018 val_l=2.84e+01 ent=9.618 t=31.96s
epoch= 2 interval=1d net_pnl=     -280662 reward=-3562255.00 |trade|=32.13 pol_l=-0.0025 val_l=3.23e+01 ent=9.613 t=30.99s
epoch= 3 interval=1d net_pnl=     -229210 reward=-3249776.25 |trade|=32.10 pol_l=-0.0034 val_l=2.74e+01 ent=9.610 t=30.91s
epoch= 4 interval=1d net_pnl=     -235874 reward=-3266565.00 |trade|=32.11 pol_l=-0.0046 val_l=2.80e+01 ent=9.604 t=30.47s
epoch= 5 interval=1d net_pnl=     -261627 reward=-3352275.00 |trade|=32.14 pol_l=-0.0042 val_l=2.87e+01 ent=9.600 t=30.10s
epoch= 6 interval=1d net_pnl=     -240464 reward=-3321139.25 |trade|=32.13 pol_l=-0.0043 val_l=2.84e+01 ent=9.589 t=30.07s
epoch= 7 interval=1d net_pnl=     -229371 reward=-3121392.50 |trade|=32.13 pol_l=-0.0040 val_l=2.38e+01 ent=9.582 t=29.88s
epoch= 8 interval=1d net_pnl=     -182810 reward=-2857540.50 |trade|=32.14 pol_l=-0.0036 val_l=2.15e+01 ent=9.571 t=29.73s
epoch= 9 interval=1d net_pnl=     -186018 reward=-2960366.50 |trade|=32.13 pol_l=-0.0020 val_l=2.28e+01 ent=9.564 t=30.27s
  → final_net_pnl=$    -186,018    improvement=$  +101,088    entropy=9.56    |trade|=32.1    (315s)

[ 9/27] entropy_coef=3e-04  reward_scale=1e-06  learning_rate=1e-03
WARNING:MarketDataRF_platinum_calibrated:Price Factor 'DiscountRate.USD-SOFR' not found in market data
epoch= 0 interval=1d net_pnl=     -287106 reward=-3650336.25 |trade|=32.10 pol_l=-0.0007 val_l=3.34e+01 ent=9.619 t=29.27s
epoch= 1 interval=1d net_pnl=     -271466 reward=-3457690.50 |trade|=32.11 pol_l=-0.0011 val_l=2.84e+01 ent=9.617 t=32.11s
epoch= 2 interval=1d net_pnl=     -298191 reward=-3736156.25 |trade|=32.19 pol_l=-0.0008 val_l=3.34e+01 ent=9.614 t=31.70s
epoch= 3 interval=1d net_pnl=     -242631 reward=-3332492.00 |trade|=32.14 pol_l=-0.0008 val_l=2.95e+01 ent=9.615 t=30.74s
epoch= 4 interval=1d net_pnl=     -254488 reward=-3494491.00 |trade|=32.17 pol_l=-0.0007 val_l=2.96e+01 ent=9.611 t=30.67s
epoch= 5 interval=1d net_pnl=     -285689 reward=-3631422.25 |trade|=32.17 pol_l=-0.0007 val_l=3.10e+01 ent=9.607 t=29.48s
epoch= 6 interval=1d net_pnl=     -291488 reward=-3690639.50 |trade|=32.17 pol_l=-0.0008 val_l=3.31e+01 ent=9.605 t=30.27s
epoch= 7 interval=1d net_pnl=     -230534 reward=-3155408.50 |trade|=32.19 pol_l=-0.0011 val_l=2.24e+01 ent=9.602 t=30.09s
epoch= 8 interval=1d net_pnl=     -217114 reward=-3100559.50 |trade|=32.20 pol_l=-0.0008 val_l=2.37e+01 ent=9.599 t=30.11s
epoch= 9 interval=1d net_pnl=     -247586 reward=-3282673.50 |trade|=32.18 pol_l=-0.0009 val_l=2.31e+01 ent=9.590 t=30.04s
  → final_net_pnl=$    -247,586    improvement=$   +39,520    entropy=9.59    |trade|=32.2    (315s)

[10/27] entropy_coef=1e-03  reward_scale=1e-07  learning_rate=1e-04
WARNING:MarketDataRF_platinum_calibrated:Price Factor 'DiscountRate.USD-SOFR' not found in market data
epoch= 0 interval=1d net_pnl=     -287106 reward=-3650336.25 |trade|=32.10 pol_l=-0.0018 val_l=2.34e-01 ent=9.619 t=44.83s
epoch= 1 interval=1d net_pnl=     -259035 reward=-3371339.25 |trade|=32.10 pol_l=-0.0022 val_l=2.02e-01 ent=9.617 t=29.44s
epoch= 2 interval=1d net_pnl=     -276079 reward=-3536890.50 |trade|=32.13 pol_l=-0.0027 val_l=2.20e-01 ent=9.611 t=32.18s
epoch= 3 interval=1d net_pnl=     -243679 reward=-3373099.00 |trade|=32.10 pol_l=-0.0035 val_l=2.33e-01 ent=9.607 t=31.47s
epoch= 4 interval=1d net_pnl=     -230662 reward=-3284159.50 |trade|=32.11 pol_l=-0.0033 val_l=2.17e-01 ent=9.603 t=29.17s
epoch= 5 interval=1d net_pnl=     -249038 reward=-3298441.25 |trade|=32.13 pol_l=-0.0036 val_l=2.20e-01 ent=9.596 t=31.03s
epoch= 6 interval=1d net_pnl=     -245141 reward=-3312004.50 |trade|=32.12 pol_l=-0.0036 val_l=2.26e-01 ent=9.587 t=57.26s
epoch= 7 interval=1d net_pnl=     -209226 reward=-2972594.50 |trade|=32.12 pol_l=-0.0034 val_l=1.90e-01 ent=9.578 t=31.83s
epoch= 8 interval=1d net_pnl=     -209683 reward=-2975103.50 |trade|=32.12 pol_l=-0.0026 val_l=1.93e-01 ent=9.572 t=30.75s
epoch= 9 interval=1d net_pnl=     -188601 reward=-2900067.50 |trade|=32.11 pol_l=-0.0022 val_l=1.97e-01 ent=9.562 t=30.39s
  → final_net_pnl=$    -188,601    improvement=$   +98,505    entropy=9.56    |trade|=32.1    (359s)

[11/27] entropy_coef=1e-03  reward_scale=1e-07  learning_rate=3e-04
WARNING:MarketDataRF_platinum_calibrated:Price Factor 'DiscountRate.USD-SOFR' not found in market data
epoch= 0 interval=1d net_pnl=     -287106 reward=-3650336.25 |trade|=32.10 pol_l=-0.0017 val_l=2.34e-01 ent=9.619 t=31.04s
epoch= 1 interval=1d net_pnl=     -263125 reward=-3376102.00 |trade|=32.10 pol_l=-0.0020 val_l=2.13e-01 ent=9.615 t=29.48s
epoch= 2 interval=1d net_pnl=     -287369 reward=-3616324.50 |trade|=32.11 pol_l=-0.0037 val_l=2.52e-01 ent=9.611 t=32.47s
epoch= 3 interval=1d net_pnl=     -250988 reward=-3379979.50 |trade|=32.09 pol_l=-0.0042 val_l=2.20e-01 ent=9.609 t=30.93s
epoch= 4 interval=1d net_pnl=     -239884 reward=-3291470.75 |trade|=32.10 pol_l=-0.0053 val_l=2.17e-01 ent=9.603 t=30.39s
epoch= 5 interval=1d net_pnl=     -254759 reward=-3289898.75 |trade|=32.11 pol_l=-0.0057 val_l=2.29e-01 ent=9.598 t=48.85s
epoch= 6 interval=1d net_pnl=     -236746 reward=-3274261.25 |trade|=32.10 pol_l=-0.0056 val_l=2.36e-01 ent=9.592 t=33.22s
epoch= 7 interval=1d net_pnl=     -206078 reward=-3002129.25 |trade|=32.11 pol_l=-0.0054 val_l=2.11e-01 ent=9.581 t=30.60s
epoch= 8 interval=1d net_pnl=     -160096 reward=-2673292.25 |trade|=32.12 pol_l=-0.0042 val_l=2.02e-01 ent=9.572 t=31.14s
epoch= 9 interval=1d net_pnl=     -164636 reward=-2681850.00 |trade|=32.11 pol_l=-0.0027 val_l=1.84e-01 ent=9.563 t=33.22s
  → final_net_pnl=$    -164,636    improvement=$  +122,470    entropy=9.56    |trade|=32.1    (342s)

[12/27] entropy_coef=1e-03  reward_scale=1e-07  learning_rate=1e-03
WARNING:MarketDataRF_platinum_calibrated:Price Factor 'DiscountRate.USD-SOFR' not found in market data
epoch= 0 interval=1d net_pnl=     -287106 reward=-3650336.25 |trade|=32.10 pol_l=-0.0006 val_l=2.35e-01 ent=9.619 t=29.23s
epoch= 1 interval=1d net_pnl=     -263166 reward=-3448220.00 |trade|=32.11 pol_l=-0.0010 val_l=2.15e-01 ent=9.619 t=34.07s
epoch= 2 interval=1d net_pnl=     -295435 reward=-3681243.75 |trade|=32.18 pol_l=-0.0007 val_l=2.41e-01 ent=9.614 t=29.83s
epoch= 3 interval=1d net_pnl=     -247777 reward=-3409594.00 |trade|=32.14 pol_l=-0.0009 val_l=2.18e-01 ent=9.612 t=36.53s
epoch= 4 interval=1d net_pnl=     -249994 reward=-3406190.25 |trade|=32.14 pol_l=-0.0012 val_l=2.19e-01 ent=9.609 t=48.46s
epoch= 5 interval=1d net_pnl=     -268266 reward=-3415600.75 |trade|=32.18 pol_l=-0.0013 val_l=2.25e-01 ent=9.605 t=29.55s
epoch= 6 interval=1d net_pnl=     -272526 reward=-3549986.00 |trade|=32.18 pol_l=-0.0016 val_l=2.32e-01 ent=9.602 t=30.84s
epoch= 7 interval=1d net_pnl=     -257322 reward=-3394218.00 |trade|=32.19 pol_l=-0.0019 val_l=2.07e-01 ent=9.597 t=34.64s
epoch= 8 interval=1d net_pnl=     -232539 reward=-3177004.50 |trade|=32.20 pol_l=-0.0023 val_l=1.95e-01 ent=9.594 t=29.37s
epoch= 9 interval=1d net_pnl=     -235645 reward=-3153854.50 |trade|=32.16 pol_l=-0.0016 val_l=2.00e-01 ent=9.589 t=32.18s
  → final_net_pnl=$    -235,645    improvement=$   +51,461    entropy=9.59    |trade|=32.2    (346s)

[13/27] entropy_coef=1e-03  reward_scale=3e-07  learning_rate=1e-04
WARNING:MarketDataRF_platinum_calibrated:Price Factor 'DiscountRate.USD-SOFR' not found in market data
epoch= 0 interval=1d net_pnl=     -287106 reward=-3650336.25 |trade|=32.10 pol_l=-0.0018 val_l=2.57e+00 ent=9.619 t=36.89s
epoch= 1 interval=1d net_pnl=     -258367 reward=-3332638.75 |trade|=32.11 pol_l=-0.0022 val_l=2.15e+00 ent=9.618 t=42.42s
epoch= 2 interval=1d net_pnl=     -275423 reward=-3526116.25 |trade|=32.14 pol_l=-0.0023 val_l=2.27e+00 ent=9.609 t=31.72s
epoch= 3 interval=1d net_pnl=     -252908 reward=-3374466.00 |trade|=32.09 pol_l=-0.0023 val_l=2.25e+00 ent=9.608 t=30.42s
epoch= 4 interval=1d net_pnl=     -241560 reward=-3412467.00 |trade|=32.10 pol_l=-0.0033 val_l=2.16e+00 ent=9.601 t=30.31s
epoch= 5 interval=1d net_pnl=     -273130 reward=-3461525.25 |trade|=32.12 pol_l=-0.0032 val_l=2.14e+00 ent=9.601 t=30.35s
epoch= 6 interval=1d net_pnl=     -259409 reward=-3429124.50 |trade|=32.13 pol_l=-0.0031 val_l=2.06e+00 ent=9.594 t=29.06s
epoch= 7 interval=1d net_pnl=     -241227 reward=-3237206.50 |trade|=32.14 pol_l=-0.0026 val_l=1.70e+00 ent=9.584 t=30.10s
epoch= 8 interval=1d net_pnl=     -208040 reward=-2963954.00 |trade|=32.16 pol_l=-0.0024 val_l=1.71e+00 ent=9.578 t=30.32s
epoch= 9 interval=1d net_pnl=     -216592 reward=-3034442.00 |trade|=32.16 pol_l=-0.0016 val_l=1.71e+00 ent=9.573 t=29.06s
  → final_net_pnl=$    -216,592    improvement=$   +70,514    entropy=9.57    |trade|=32.2    (332s)

[14/27] entropy_coef=1e-03  reward_scale=3e-07  learning_rate=3e-04
WARNING:MarketDataRF_platinum_calibrated:Price Factor 'DiscountRate.USD-SOFR' not found in market data
epoch= 0 interval=1d net_pnl=     -287106 reward=-3650336.25 |trade|=32.10 pol_l=-0.0018 val_l=2.58e+00 ent=9.619 t=29.02s
epoch= 1 interval=1d net_pnl=     -253166 reward=-3330590.75 |trade|=32.10 pol_l=-0.0024 val_l=2.16e+00 ent=9.618 t=30.30s
epoch= 2 interval=1d net_pnl=     -287816 reward=-3672254.25 |trade|=32.12 pol_l=-0.0027 val_l=2.35e+00 ent=9.613 t=33.29s
epoch= 3 interval=1d net_pnl=     -250041 reward=-3336650.00 |trade|=32.10 pol_l=-0.0036 val_l=2.11e+00 ent=9.610 t=31.75s
epoch= 4 interval=1d net_pnl=     -239111 reward=-3305078.75 |trade|=32.11 pol_l=-0.0047 val_l=2.02e+00 ent=9.603 t=42.43s
epoch= 5 interval=1d net_pnl=     -261410 reward=-3359312.50 |trade|=32.11 pol_l=-0.0055 val_l=2.13e+00 ent=9.595 t=31.89s
epoch= 6 interval=1d net_pnl=     -251818 reward=-3371765.00 |trade|=32.12 pol_l=-0.0056 val_l=2.01e+00 ent=9.587 t=31.12s
epoch= 7 interval=1d net_pnl=     -210368 reward=-2973427.50 |trade|=32.12 pol_l=-0.0044 val_l=1.75e+00 ent=9.579 t=30.50s
epoch= 8 interval=1d net_pnl=     -210766 reward=-3041437.50 |trade|=32.12 pol_l=-0.0043 val_l=1.77e+00 ent=9.570 t=30.50s
epoch= 9 interval=1d net_pnl=     -201715 reward=-2979027.25 |trade|=32.11 pol_l=-0.0026 val_l=1.69e+00 ent=9.562 t=30.17s
  → final_net_pnl=$    -201,715    improvement=$   +85,391    entropy=9.56    |trade|=32.1    (332s)

[15/27] entropy_coef=1e-03  reward_scale=3e-07  learning_rate=1e-03
WARNING:MarketDataRF_platinum_calibrated:Price Factor 'DiscountRate.USD-SOFR' not found in market data
epoch= 0 interval=1d net_pnl=     -287106 reward=-3650336.25 |trade|=32.10 pol_l=-0.0007 val_l=2.58e+00 ent=9.619 t=29.27s
epoch= 1 interval=1d net_pnl=     -265964 reward=-3464673.50 |trade|=32.11 pol_l=-0.0003 val_l=2.19e+00 ent=9.615 t=32.24s
epoch= 2 interval=1d net_pnl=     -293951 reward=-3723420.25 |trade|=32.15 pol_l=-0.0014 val_l=2.39e+00 ent=9.612 t=30.61s
epoch= 3 interval=1d net_pnl=     -256031 reward=-3400923.00 |trade|=32.11 pol_l=-0.0008 val_l=2.04e+00 ent=9.608 t=31.00s
epoch= 4 interval=1d net_pnl=     -245967 reward=-3377732.00 |trade|=32.11 pol_l=-0.0011 val_l=1.96e+00 ent=9.603 t=30.63s
epoch= 5 interval=1d net_pnl=     -300223 reward=-3634353.50 |trade|=32.14 pol_l=-0.0015 val_l=2.13e+00 ent=9.603 t=29.90s
epoch= 6 interval=1d net_pnl=     -292879 reward=-3623942.50 |trade|=32.12 pol_l=-0.0020 val_l=2.05e+00 ent=9.599 t=31.54s
epoch= 7 interval=1d net_pnl=     -263674 reward=-3412465.25 |trade|=32.11 pol_l=-0.0029 val_l=1.77e+00 ent=9.596 t=29.44s
epoch= 8 interval=1d net_pnl=     -228410 reward=-3151106.75 |trade|=32.11 pol_l=-0.0025 val_l=1.77e+00 ent=9.591 t=29.81s
epoch= 9 interval=1d net_pnl=     -246198 reward=-3284307.50 |trade|=32.09 pol_l=-0.0016 val_l=1.73e+00 ent=9.589 t=29.84s
  → final_net_pnl=$    -246,198    improvement=$   +40,908    entropy=9.59    |trade|=32.1    (315s)

[16/27] entropy_coef=1e-03  reward_scale=1e-06  learning_rate=1e-04
WARNING:MarketDataRF_platinum_calibrated:Price Factor 'DiscountRate.USD-SOFR' not found in market data
epoch= 0 interval=1d net_pnl=     -287106 reward=-3650336.25 |trade|=32.10 pol_l=-0.0016 val_l=3.34e+01 ent=9.619 t=29.05s
epoch= 1 interval=1d net_pnl=     -254934 reward=-3362792.50 |trade|=32.11 pol_l=-0.0014 val_l=2.90e+01 ent=9.618 t=32.33s
epoch= 2 interval=1d net_pnl=     -292035 reward=-3629765.25 |trade|=32.16 pol_l=-0.0021 val_l=3.19e+01 ent=9.613 t=31.14s
epoch= 3 interval=1d net_pnl=     -250044 reward=-3352590.00 |trade|=32.11 pol_l=-0.0024 val_l=2.97e+01 ent=9.611 t=30.44s
epoch= 4 interval=1d net_pnl=     -247561 reward=-3476794.75 |trade|=32.12 pol_l=-0.0025 val_l=3.04e+01 ent=9.604 t=30.25s
epoch= 5 interval=1d net_pnl=     -265278 reward=-3442050.50 |trade|=32.14 pol_l=-0.0030 val_l=2.80e+01 ent=9.603 t=29.33s
epoch= 6 interval=1d net_pnl=     -247652 reward=-3387044.00 |trade|=32.15 pol_l=-0.0028 val_l=2.75e+01 ent=9.596 t=30.91s
epoch= 7 interval=1d net_pnl=     -237314 reward=-3238398.50 |trade|=32.16 pol_l=-0.0021 val_l=2.53e+01 ent=9.589 t=30.44s
epoch= 8 interval=1d net_pnl=     -221677 reward=-3154759.50 |trade|=32.16 pol_l=-0.0021 val_l=2.39e+01 ent=9.583 t=29.78s
epoch= 9 interval=1d net_pnl=     -236110 reward=-3256088.50 |trade|=32.17 pol_l=-0.0014 val_l=2.48e+01 ent=9.574 t=30.19s
  → final_net_pnl=$    -236,110    improvement=$   +50,996    entropy=9.57    |trade|=32.2    (315s)

[17/27] entropy_coef=1e-03  reward_scale=1e-06  learning_rate=3e-04
WARNING:MarketDataRF_platinum_calibrated:Price Factor 'DiscountRate.USD-SOFR' not found in market data
epoch= 0 interval=1d net_pnl=     -287106 reward=-3650336.25 |trade|=32.10 pol_l=-0.0018 val_l=3.34e+01 ent=9.619 t=40.32s
epoch= 1 interval=1d net_pnl=     -263962 reward=-3414170.00 |trade|=32.08 pol_l=-0.0021 val_l=2.98e+01 ent=9.616 t=31.52s
epoch= 2 interval=1d net_pnl=     -285896 reward=-3649218.00 |trade|=32.11 pol_l=-0.0026 val_l=3.26e+01 ent=9.612 t=33.77s
epoch= 3 interval=1d net_pnl=     -247814 reward=-3347624.25 |trade|=32.09 pol_l=-0.0034 val_l=2.90e+01 ent=9.608 t=31.82s
epoch= 4 interval=1d net_pnl=     -232474 reward=-3299936.50 |trade|=32.11 pol_l=-0.0042 val_l=2.90e+01 ent=9.603 t=30.84s
epoch= 5 interval=1d net_pnl=     -254686 reward=-3354934.50 |trade|=32.13 pol_l=-0.0037 val_l=2.89e+01 ent=9.599 t=30.18s
epoch= 6 interval=1d net_pnl=     -256140 reward=-3421096.50 |trade|=32.12 pol_l=-0.0048 val_l=2.87e+01 ent=9.593 t=30.40s
epoch= 7 interval=1d net_pnl=     -231682 reward=-3174099.00 |trade|=32.13 pol_l=-0.0040 val_l=2.44e+01 ent=9.588 t=30.26s
epoch= 8 interval=1d net_pnl=     -187130 reward=-2908302.50 |trade|=32.12 pol_l=-0.0030 val_l=2.27e+01 ent=9.582 t=29.78s
epoch= 9 interval=1d net_pnl=     -191117 reward=-2908912.25 |trade|=32.09 pol_l=-0.0023 val_l=2.14e+01 ent=9.575 t=29.99s
  → final_net_pnl=$    -191,117    improvement=$   +95,989    entropy=9.58    |trade|=32.1    (330s)

[18/27] entropy_coef=1e-03  reward_scale=1e-06  learning_rate=1e-03
WARNING:MarketDataRF_platinum_calibrated:Price Factor 'DiscountRate.USD-SOFR' not found in market data
epoch= 0 interval=1d net_pnl=     -287106 reward=-3650336.25 |trade|=32.10 pol_l=-0.0006 val_l=3.34e+01 ent=9.619 t=29.14s
epoch= 1 interval=1d net_pnl=     -261538 reward=-3379209.50 |trade|=32.12 pol_l=-0.0006 val_l=2.92e+01 ent=9.618 t=32.65s
epoch= 2 interval=1d net_pnl=     -289732 reward=-3634468.00 |trade|=32.16 pol_l=-0.0008 val_l=3.05e+01 ent=9.613 t=31.26s
epoch= 3 interval=1d net_pnl=     -265933 reward=-3461671.00 |trade|=32.11 pol_l=-0.0011 val_l=3.02e+01 ent=9.611 t=33.94s
epoch= 4 interval=1d net_pnl=     -253087 reward=-3446819.50 |trade|=32.13 pol_l=-0.0009 val_l=3.01e+01 ent=9.608 t=46.76s
epoch= 5 interval=1d net_pnl=     -269726 reward=-3397992.00 |trade|=32.14 pol_l=-0.0007 val_l=2.83e+01 ent=9.605 t=29.65s
epoch= 6 interval=1d net_pnl=     -275335 reward=-3564933.25 |trade|=32.16 pol_l=-0.0011 val_l=3.13e+01 ent=9.605 t=36.14s
epoch= 7 interval=1d net_pnl=     -270991 reward=-3485761.50 |trade|=32.16 pol_l=-0.0011 val_l=2.56e+01 ent=9.606 t=29.47s
epoch= 8 interval=1d net_pnl=     -245994 reward=-3346953.50 |trade|=32.16 pol_l=-0.0010 val_l=2.63e+01 ent=9.603 t=32.85s
epoch= 9 interval=1d net_pnl=     -252322 reward=-3273214.00 |trade|=32.14 pol_l=-0.0005 val_l=2.42e+01 ent=9.599 t=28.93s
  → final_net_pnl=$    -252,322    improvement=$   +34,784    entropy=9.60    |trade|=32.1    (342s)

[19/27] entropy_coef=3e-03  reward_scale=1e-07  learning_rate=1e-04
WARNING:MarketDataRF_platinum_calibrated:Price Factor 'DiscountRate.USD-SOFR' not found in market data
epoch= 0 interval=1d net_pnl=     -287106 reward=-3650336.25 |trade|=32.10 pol_l=-0.0018 val_l=2.34e-01 ent=9.619 t=29.28s
epoch= 1 interval=1d net_pnl=     -260144 reward=-3379824.75 |trade|=32.10 pol_l=-0.0022 val_l=2.03e-01 ent=9.618 t=32.40s
epoch= 2 interval=1d net_pnl=     -270530 reward=-3547789.50 |trade|=32.13 pol_l=-0.0025 val_l=2.26e-01 ent=9.610 t=37.36s
epoch= 3 interval=1d net_pnl=     -247270 reward=-3377258.50 |trade|=32.10 pol_l=-0.0034 val_l=2.26e-01 ent=9.608 t=29.17s
epoch= 4 interval=1d net_pnl=     -219108 reward=-3250005.00 |trade|=32.11 pol_l=-0.0040 val_l=2.16e-01 ent=9.601 t=29.97s
epoch= 5 interval=1d net_pnl=     -255801 reward=-3298413.75 |trade|=32.14 pol_l=-0.0041 val_l=2.29e-01 ent=9.595 t=29.96s
epoch= 6 interval=1d net_pnl=     -235086 reward=-3249293.75 |trade|=32.14 pol_l=-0.0036 val_l=2.30e-01 ent=9.588 t=29.81s
epoch= 7 interval=1d net_pnl=     -208072 reward=-3018240.00 |trade|=32.14 pol_l=-0.0032 val_l=1.98e-01 ent=9.580 t=40.53s
epoch= 8 interval=1d net_pnl=     -163129 reward=-2733327.25 |trade|=32.15 pol_l=-0.0029 val_l=1.92e-01 ent=9.578 t=29.39s
epoch= 9 interval=1d net_pnl=     -183259 reward=-2878134.50 |trade|=32.14 pol_l=-0.0021 val_l=1.94e-01 ent=9.567 t=33.05s
  → final_net_pnl=$    -183,259    improvement=$  +103,847    entropy=9.57    |trade|=32.1    (332s)

[20/27] entropy_coef=3e-03  reward_scale=1e-07  learning_rate=3e-04
WARNING:MarketDataRF_platinum_calibrated:Price Factor 'DiscountRate.USD-SOFR' not found in market data
epoch= 0 interval=1d net_pnl=     -287106 reward=-3650336.25 |trade|=32.10 pol_l=-0.0018 val_l=2.34e-01 ent=9.619 t=53.53s
epoch= 1 interval=1d net_pnl=     -248942 reward=-3357999.75 |trade|=32.10 pol_l=-0.0021 val_l=2.05e-01 ent=9.616 t=39.57s
epoch= 2 interval=1d net_pnl=     -283573 reward=-3641921.25 |trade|=32.13 pol_l=-0.0036 val_l=2.41e-01 ent=9.613 t=31.47s
epoch= 3 interval=1d net_pnl=     -239701 reward=-3304203.50 |trade|=32.10 pol_l=-0.0040 val_l=2.15e-01 ent=9.610 t=30.83s
epoch= 4 interval=1d net_pnl=     -241476 reward=-3345636.50 |trade|=32.12 pol_l=-0.0045 val_l=2.14e-01 ent=9.605 t=30.47s
epoch= 5 interval=1d net_pnl=     -261697 reward=-3362862.50 |trade|=32.13 pol_l=-0.0058 val_l=2.16e-01 ent=9.601 t=30.14s
epoch= 6 interval=1d net_pnl=     -230935 reward=-3245205.50 |trade|=32.13 pol_l=-0.0055 val_l=2.16e-01 ent=9.592 t=29.97s
epoch= 7 interval=1d net_pnl=     -217245 reward=-3083963.00 |trade|=32.12 pol_l=-0.0050 val_l=2.04e-01 ent=9.589 t=29.26s
epoch= 8 interval=1d net_pnl=     -191563 reward=-2884705.00 |trade|=32.12 pol_l=-0.0042 val_l=1.87e-01 ent=9.577 t=29.36s
epoch= 9 interval=1d net_pnl=     -182117 reward=-2852316.50 |trade|=32.11 pol_l=-0.0031 val_l=1.82e-01 ent=9.568 t=30.83s
  → final_net_pnl=$    -182,117    improvement=$  +104,989    entropy=9.57    |trade|=32.1    (346s)

[21/27] entropy_coef=3e-03  reward_scale=1e-07  learning_rate=1e-03
WARNING:MarketDataRF_platinum_calibrated:Price Factor 'DiscountRate.USD-SOFR' not found in market data
epoch= 0 interval=1d net_pnl=     -287106 reward=-3650336.25 |trade|=32.10 pol_l=-0.0007 val_l=2.35e-01 ent=9.619 t=29.27s
epoch= 1 interval=1d net_pnl=     -266027 reward=-3501749.50 |trade|=32.12 pol_l=-0.0010 val_l=2.10e-01 ent=9.617 t=29.27s
epoch= 2 interval=1d net_pnl=     -293225 reward=-3672651.00 |trade|=32.19 pol_l=-0.0007 val_l=2.39e-01 ent=9.616 t=29.32s
epoch= 3 interval=1d net_pnl=     -254251 reward=-3382117.25 |trade|=32.14 pol_l=-0.0009 val_l=2.23e-01 ent=9.614 t=33.28s
epoch= 4 interval=1d net_pnl=     -230272 reward=-3231913.50 |trade|=32.14 pol_l=-0.0012 val_l=2.17e-01 ent=9.613 t=32.04s
epoch= 5 interval=1d net_pnl=     -284995 reward=-3576395.50 |trade|=32.18 pol_l=-0.0018 val_l=2.35e-01 ent=9.608 t=30.83s
epoch= 6 interval=1d net_pnl=     -266872 reward=-3461533.00 |trade|=32.19 pol_l=-0.0026 val_l=2.33e-01 ent=9.603 t=33.45s
epoch= 7 interval=1d net_pnl=     -242271 reward=-3218541.00 |trade|=32.21 pol_l=-0.0025 val_l=2.00e-01 ent=9.603 t=31.68s
epoch= 8 interval=1d net_pnl=     -200964 reward=-3021262.50 |trade|=32.21 pol_l=-0.0029 val_l=1.99e-01 ent=9.598 t=30.42s
epoch= 9 interval=1d net_pnl=     -213689 reward=-3067976.50 |trade|=32.20 pol_l=-0.0014 val_l=1.89e-01 ent=9.590 t=30.41s
  → final_net_pnl=$    -213,689    improvement=$   +73,417    entropy=9.59    |trade|=32.2    (321s)

[22/27] entropy_coef=3e-03  reward_scale=3e-07  learning_rate=1e-04
WARNING:MarketDataRF_platinum_calibrated:Price Factor 'DiscountRate.USD-SOFR' not found in market data
epoch= 0 interval=1d net_pnl=     -287106 reward=-3650336.25 |trade|=32.10 pol_l=-0.0018 val_l=2.57e+00 ent=9.619 t=32.74s
epoch= 1 interval=1d net_pnl=     -256891 reward=-3324146.25 |trade|=32.11 pol_l=-0.0023 val_l=2.12e+00 ent=9.618 t=29.40s
epoch= 2 interval=1d net_pnl=     -267506 reward=-3438902.50 |trade|=32.14 pol_l=-0.0024 val_l=2.13e+00 ent=9.612 t=36.09s
epoch= 3 interval=1d net_pnl=     -244272 reward=-3345452.25 |trade|=32.10 pol_l=-0.0028 val_l=2.08e+00 ent=9.612 t=29.81s
epoch= 4 interval=1d net_pnl=     -245693 reward=-3375600.00 |trade|=32.09 pol_l=-0.0032 val_l=2.08e+00 ent=9.609 t=33.08s
epoch= 5 interval=1d net_pnl=     -280846 reward=-3460625.50 |trade|=32.11 pol_l=-0.0030 val_l=2.19e+00 ent=9.602 t=31.44s
epoch= 6 interval=1d net_pnl=     -261257 reward=-3406384.00 |trade|=32.12 pol_l=-0.0032 val_l=2.16e+00 ent=9.598 t=30.67s
epoch= 7 interval=1d net_pnl=     -233586 reward=-3138400.00 |trade|=32.13 pol_l=-0.0029 val_l=1.79e+00 ent=9.589 t=29.48s
epoch= 8 interval=1d net_pnl=     -220081 reward=-3121104.50 |trade|=32.13 pol_l=-0.0028 val_l=1.90e+00 ent=9.581 t=30.82s
epoch= 9 interval=1d net_pnl=     -198044 reward=-2949948.50 |trade|=32.11 pol_l=-0.0017 val_l=1.72e+00 ent=9.578 t=57.83s
  → final_net_pnl=$    -198,044    improvement=$   +89,062    entropy=9.58    |trade|=32.1    (352s)

[23/27] entropy_coef=3e-03  reward_scale=3e-07  learning_rate=3e-04
WARNING:MarketDataRF_platinum_calibrated:Price Factor 'DiscountRate.USD-SOFR' not found in market data
epoch= 0 interval=1d net_pnl=     -287106 reward=-3650336.25 |trade|=32.10 pol_l=-0.0018 val_l=2.58e+00 ent=9.619 t=36.67s
epoch= 1 interval=1d net_pnl=     -257692 reward=-3371702.50 |trade|=32.10 pol_l=-0.0027 val_l=2.20e+00 ent=9.619 t=30.40s
epoch= 2 interval=1d net_pnl=     -293754 reward=-3702555.00 |trade|=32.14 pol_l=-0.0027 val_l=2.42e+00 ent=9.612 t=29.86s
epoch= 3 interval=1d net_pnl=     -259036 reward=-3457616.00 |trade|=32.13 pol_l=-0.0045 val_l=2.04e+00 ent=9.607 t=29.87s
epoch= 4 interval=1d net_pnl=     -242719 reward=-3357138.00 |trade|=32.14 pol_l=-0.0057 val_l=2.05e+00 ent=9.602 t=30.05s
epoch= 5 interval=1d net_pnl=     -264910 reward=-3375497.00 |trade|=32.15 pol_l=-0.0059 val_l=2.14e+00 ent=9.594 t=29.97s
epoch= 6 interval=1d net_pnl=     -243929 reward=-3320504.00 |trade|=32.12 pol_l=-0.0062 val_l=2.04e+00 ent=9.590 t=29.17s
epoch= 7 interval=1d net_pnl=     -219888 reward=-3071543.50 |trade|=32.12 pol_l=-0.0054 val_l=1.75e+00 ent=9.580 t=30.45s
epoch= 8 interval=1d net_pnl=     -193037 reward=-2910440.00 |trade|=32.11 pol_l=-0.0046 val_l=1.71e+00 ent=9.576 t=30.21s
epoch= 9 interval=1d net_pnl=     -192433 reward=-2972255.00 |trade|=32.11 pol_l=-0.0028 val_l=1.77e+00 ent=9.567 t=29.78s
  → final_net_pnl=$    -192,433    improvement=$   +94,673    entropy=9.57    |trade|=32.1    (317s)

[24/27] entropy_coef=3e-03  reward_scale=3e-07  learning_rate=1e-03
WARNING:MarketDataRF_platinum_calibrated:Price Factor 'DiscountRate.USD-SOFR' not found in market data
epoch= 0 interval=1d net_pnl=     -287106 reward=-3650336.25 |trade|=32.10 pol_l=-0.0008 val_l=2.58e+00 ent=9.619 t=33.94s
epoch= 1 interval=1d net_pnl=     -262695 reward=-3423544.50 |trade|=32.14 pol_l=-0.0007 val_l=2.23e+00 ent=9.616 t=33.09s
epoch= 2 interval=1d net_pnl=     -285573 reward=-3623381.00 |trade|=32.17 pol_l=-0.0007 val_l=2.31e+00 ent=9.608 t=31.76s
epoch= 3 interval=1d net_pnl=     -247694 reward=-3338838.50 |trade|=32.13 pol_l=-0.0009 val_l=2.13e+00 ent=9.610 t=29.37s
epoch= 4 interval=1d net_pnl=     -257011 reward=-3427232.00 |trade|=32.14 pol_l=-0.0011 val_l=2.18e+00 ent=9.608 t=40.23s
epoch= 5 interval=1d net_pnl=     -278799 reward=-3503609.25 |trade|=32.15 pol_l=-0.0015 val_l=2.08e+00 ent=9.604 t=29.17s
epoch= 6 interval=1d net_pnl=     -274013 reward=-3533699.00 |trade|=32.18 pol_l=-0.0023 val_l=2.13e+00 ent=9.599 t=29.85s
epoch= 7 interval=1d net_pnl=     -260925 reward=-3399389.00 |trade|=32.19 pol_l=-0.0021 val_l=1.84e+00 ent=9.596 t=30.98s
epoch= 8 interval=1d net_pnl=     -215274 reward=-3043706.00 |trade|=32.20 pol_l=-0.0025 val_l=1.77e+00 ent=9.592 t=30.75s
epoch= 9 interval=1d net_pnl=     -238635 reward=-3168363.25 |trade|=32.19 pol_l=-0.0011 val_l=1.67e+00 ent=9.590 t=30.30s
  → final_net_pnl=$    -238,635    improvement=$   +48,471    entropy=9.59    |trade|=32.2    (330s)

[25/27] entropy_coef=3e-03  reward_scale=1e-06  learning_rate=1e-04
WARNING:MarketDataRF_platinum_calibrated:Price Factor 'DiscountRate.USD-SOFR' not found in market data
epoch= 0 interval=1d net_pnl=     -287106 reward=-3650336.25 |trade|=32.10 pol_l=-0.0018 val_l=3.34e+01 ent=9.619 t=29.25s
epoch= 1 interval=1d net_pnl=     -262000 reward=-3398248.25 |trade|=32.11 pol_l=-0.0017 val_l=2.94e+01 ent=9.618 t=32.53s
epoch= 2 interval=1d net_pnl=     -277211 reward=-3549552.00 |trade|=32.14 pol_l=-0.0018 val_l=3.09e+01 ent=9.611 t=38.91s
epoch= 3 interval=1d net_pnl=     -232395 reward=-3186287.25 |trade|=32.09 pol_l=-0.0022 val_l=2.74e+01 ent=9.610 t=29.81s
epoch= 4 interval=1d net_pnl=     -231843 reward=-3262513.00 |trade|=32.10 pol_l=-0.0026 val_l=2.69e+01 ent=9.602 t=29.74s
epoch= 5 interval=1d net_pnl=     -268688 reward=-3448404.00 |trade|=32.12 pol_l=-0.0023 val_l=2.81e+01 ent=9.600 t=38.87s
epoch= 6 interval=1d net_pnl=     -272020 reward=-3518672.00 |trade|=32.13 pol_l=-0.0024 val_l=3.09e+01 ent=9.593 t=40.45s
epoch= 7 interval=1d net_pnl=     -236208 reward=-3148171.00 |trade|=32.13 pol_l=-0.0021 val_l=2.22e+01 ent=9.588 t=32.55s
epoch= 8 interval=1d net_pnl=     -220091 reward=-3119305.25 |trade|=32.14 pol_l=-0.0019 val_l=2.39e+01 ent=9.584 t=30.84s
epoch= 9 interval=1d net_pnl=     -202333 reward=-2926865.25 |trade|=32.11 pol_l=-0.0016 val_l=2.20e+01 ent=9.570 t=30.77s
  → final_net_pnl=$    -202,333    improvement=$   +84,773    entropy=9.57    |trade|=32.1    (344s)

[26/27] entropy_coef=3e-03  reward_scale=1e-06  learning_rate=3e-04
WARNING:MarketDataRF_platinum_calibrated:Price Factor 'DiscountRate.USD-SOFR' not found in market data
epoch= 0 interval=1d net_pnl=     -287106 reward=-3650336.25 |trade|=32.10 pol_l=-0.0017 val_l=3.34e+01 ent=9.619 t=36.61s
epoch= 1 interval=1d net_pnl=     -262765 reward=-3410865.00 |trade|=32.09 pol_l=-0.0016 val_l=3.02e+01 ent=9.618 t=29.12s
epoch= 2 interval=1d net_pnl=     -286664 reward=-3644066.50 |trade|=32.12 pol_l=-0.0028 val_l=3.27e+01 ent=9.613 t=29.41s
epoch= 3 interval=1d net_pnl=     -239121 reward=-3279891.50 |trade|=32.09 pol_l=-0.0033 val_l=2.84e+01 ent=9.610 t=29.66s
epoch= 4 interval=1d net_pnl=     -224806 reward=-3212284.50 |trade|=32.11 pol_l=-0.0043 val_l=2.62e+01 ent=9.607 t=29.07s
epoch= 5 interval=1d net_pnl=     -281884 reward=-3551384.00 |trade|=32.13 pol_l=-0.0048 val_l=3.00e+01 ent=9.602 t=30.16s
epoch= 6 interval=1d net_pnl=     -233168 reward=-3227556.50 |trade|=32.12 pol_l=-0.0051 val_l=2.70e+01 ent=9.593 t=29.91s
epoch= 7 interval=1d net_pnl=     -220908 reward=-3087618.50 |trade|=32.11 pol_l=-0.0042 val_l=2.38e+01 ent=9.586 t=29.27s
epoch= 8 interval=1d net_pnl=     -194750 reward=-2961523.00 |trade|=32.11 pol_l=-0.0037 val_l=2.39e+01 ent=9.582 t=40.67s
epoch= 9 interval=1d net_pnl=     -198568 reward=-2918441.50 |trade|=32.10 pol_l=-0.0024 val_l=2.13e+01 ent=9.578 t=29.18s
  → final_net_pnl=$    -198,568    improvement=$   +88,538    entropy=9.58    |trade|=32.1    (324s)

[27/27] entropy_coef=3e-03  reward_scale=1e-06  learning_rate=1e-03
WARNING:MarketDataRF_platinum_calibrated:Price Factor 'DiscountRate.USD-SOFR' not found in market data
epoch= 0 interval=1d net_pnl=     -287106 reward=-3650336.25 |trade|=32.10 pol_l=-0.0007 val_l=3.34e+01 ent=9.619 t=37.19s
epoch= 1 interval=1d net_pnl=     -265788 reward=-3518387.75 |trade|=32.12 pol_l=-0.0010 val_l=3.04e+01 ent=9.616 t=36.26s
epoch= 2 interval=1d net_pnl=     -297340 reward=-3758075.25 |trade|=32.17 pol_l=-0.0008 val_l=3.37e+01 ent=9.615 t=36.18s
epoch= 3 interval=1d net_pnl=     -260909 reward=-3437818.50 |trade|=32.13 pol_l=-0.0008 val_l=2.89e+01 ent=9.611 t=29.84s
epoch= 4 interval=1d net_pnl=     -252572 reward=-3478654.00 |trade|=32.14 pol_l=-0.0010 val_l=2.93e+01 ent=9.606 t=36.31s
epoch= 5 interval=1d net_pnl=     -284950 reward=-3572023.00 |trade|=32.19 pol_l=-0.0007 val_l=3.02e+01 ent=9.602 t=29.69s
epoch= 6 interval=1d net_pnl=     -271169 reward=-3548790.00 |trade|=32.21 pol_l=-0.0008 val_l=3.06e+01 ent=9.595 t=29.94s
epoch= 7 interval=1d net_pnl=     -247521 reward=-3236779.50 |trade|=32.23 pol_l=-0.0011 val_l=2.40e+01 ent=9.588 t=29.89s
epoch= 8 interval=1d net_pnl=     -240977 reward=-3380767.75 |trade|=32.24 pol_l=-0.0008 val_l=2.65e+01 ent=9.588 t=30.27s
epoch= 9 interval=1d net_pnl=     -262816 reward=-3407608.00 |trade|=32.21 pol_l=-0.0003 val_l=2.53e+01 ent=9.591 t=47.48s
  → final_net_pnl=$    -262,816    improvement=$   +24,289    entropy=9.59    |trade|=32.2    (354s)


Total elapsed: 149.0 min

=== Top 5 configs by final net_pnl ===
 entropy_coef  reward_scale  learning_rate  final_net_pnl  pnl_improvement  final_entropy  final_action_abs
   3.0000e-04    1.0000e-07     3.0000e-04    -1.5187e+05       1.3523e+05     9.5578e+00        3.2095e+01
   1.0000e-03    1.0000e-07     3.0000e-04    -1.6464e+05       1.2247e+05     9.5627e+00        3.2109e+01
   3.0000e-04    1.0000e-07     1.0000e-04    -1.7053e+05       1.1658e+05     9.5553e+00        3.2114e+01
   3.0000e-03    1.0000e-07     3.0000e-04    -1.8212e+05       1.0499e+05     9.5676e+00        3.2114e+01
   3.0000e-03    1.0000e-07     1.0000e-04    -1.8326e+05       1.0385e+05     9.5668e+00        3.2138e+01

=== Per-knob marginal effect (range of final_net_pnl when knob varies, others fixed) ===
Traceback (most recent call last):
  File "/home/vretiel/PycharmProjects/riskflow/sweep_hp_screen.py", line 135, in <module>
    main()
  File "/home/vretiel/PycharmProjects/riskflow/sweep_hp_screen.py", line 128, in main
    marg = df.groupby(k)['final_net_pnl'].agg(['mean', 'std', 'min', 'max'])
  File "/home/vretiel/miniconda3/lib/python3.10/site-packages/pandas/core/frame.py", line 9183, in groupby
    return DataFrameGroupBy(
  File "/home/vretiel/miniconda3/lib/python3.10/site-packages/pandas/core/groupby/groupby.py", line 1329, in __init__
    grouper, exclusions, obj = get_grouper(
  File "/home/vretiel/miniconda3/lib/python3.10/site-packages/pandas/core/groupby/grouper.py", line 1043, in get_grouper
    raise KeyError(gpr)
KeyError: 'Entropy_Coef'
