Re-sweep: 9 configs × 30 epochs    batch=512
  locked: lr=3e-04    entropy=3e-04    naked=5.0    expiry_threshold=4.0d
  knobs:  ['Reward_Scale', 'Expiry_Penalty']


[ 1/9] reward_scale=3e-08  expiry_penalty=0.3
WARNING:MarketDataRF_platinum_calibrated:Price Factor 'DiscountRate.USD-SOFR' not found in market data
/home/vretiel/miniconda3/lib/python3.10/site-packages/torch/nn/modules/transformer.py:385: UserWarning: enable_nested_tensor is True, but self.use_nested_tensor is False because encoder_layer.norm_first was True
  warnings.warn(
epoch= 0 interval=1d net_pnl=     -287106 reward=-3650336.25 |trade|=32.10 pol_l=-0.0017 val_l=1.63e+04 ent=9.619 t=29.67s
epoch= 1 interval=1d net_pnl=     -271833 reward=-3520202.50 |trade|=32.10 pol_l=-0.0023 val_l=1.54e+04 ent=9.608 t=37.37s
epoch= 2 interval=1d net_pnl=     -289526 reward=-3567119.50 |trade|=32.08 pol_l=-0.0036 val_l=1.38e+04 ent=9.598 t=29.68s
epoch= 3 interval=1d net_pnl=     -249946 reward=-3283774.50 |trade|=32.05 pol_l=-0.0037 val_l=1.26e+04 ent=9.583 t=31.63s
epoch= 4 interval=1d net_pnl=     -256303 reward=-3455596.75 |trade|=32.07 pol_l=-0.0050 val_l=1.17e+04 ent=9.566 t=52.01s
epoch= 5 interval=1d net_pnl=     -303062 reward=-3616866.00 |trade|=32.05 pol_l=-0.0053 val_l=1.01e+04 ent=9.543 t=29.33s
epoch= 6 interval=1d net_pnl=     -286946 reward=-3643825.00 |trade|=32.06 pol_l=-0.0064 val_l=7.72e+03 ent=9.523 t=32.16s
epoch= 7 interval=1d net_pnl=     -272505 reward=-3393785.75 |trade|=32.07 pol_l=-0.0064 val_l=5.97e+03 ent=9.489 t=30.02s
epoch= 8 interval=1d net_pnl=     -244754 reward=-3301403.00 |trade|=32.08 pol_l=-0.0075 val_l=4.48e+03 ent=9.462 t=34.39s
epoch= 9 interval=1d net_pnl=     -280419 reward=-3572161.00 |trade|=32.06 pol_l=-0.0061 val_l=3.36e+03 ent=9.432 t=33.55s
epoch=10 interval=1d net_pnl=     -260277 reward=-3281746.50 |trade|=32.09 pol_l=-0.0061 val_l=2.41e+03 ent=9.393 t=29.97s
epoch=11 interval=1d net_pnl=     -232613 reward=-3314774.25 |trade|=32.10 pol_l=-0.0064 val_l=1.82e+03 ent=9.358 t=29.36s
epoch=12 interval=1d net_pnl=     -256834 reward=-3332671.50 |trade|=32.09 pol_l=-0.0065 val_l=1.30e+03 ent=9.307 t=36.74s
epoch=13 interval=1d net_pnl=     -277335 reward=-3516558.75 |trade|=32.07 pol_l=-0.0065 val_l=8.24e+02 ent=9.238 t=36.93s
epoch=14 interval=1d net_pnl=     -261911 reward=-3480516.25 |trade|=32.08 pol_l=-0.0063 val_l=5.75e+02 ent=9.192 t=29.68s
epoch=15 interval=1d net_pnl=     -231601 reward=-3176537.50 |trade|=32.08 pol_l=-0.0065 val_l=3.79e+02 ent=9.123 t=31.36s
epoch=16 interval=1d net_pnl=     -231781 reward=-3175431.00 |trade|=32.05 pol_l=-0.0062 val_l=2.67e+02 ent=9.068 t=29.52s
epoch=17 interval=1d net_pnl=     -236027 reward=-3172095.50 |trade|=32.06 pol_l=-0.0071 val_l=2.28e+02 ent=8.998 t=31.07s
epoch=18 interval=1d net_pnl=     -240130 reward=-3225024.50 |trade|=32.05 pol_l=-0.0063 val_l=2.31e+02 ent=8.923 t=30.53s
epoch=19 interval=1d net_pnl=     -235354 reward=-3123245.50 |trade|=32.05 pol_l=-0.0062 val_l=2.54e+02 ent=8.853 t=30.33s
epoch=20 interval=1d net_pnl=     -254375 reward=-3296528.50 |trade|=32.04 pol_l=-0.0056 val_l=2.81e+02 ent=8.798 t=30.04s
epoch=21 interval=1d net_pnl=     -221605 reward=-3000075.50 |trade|=32.05 pol_l=-0.0053 val_l=3.37e+02 ent=8.724 t=34.39s
epoch=22 interval=1d net_pnl=     -214269 reward=-3021549.00 |trade|=32.04 pol_l=-0.0048 val_l=3.79e+02 ent=8.650 t=35.57s
epoch=23 interval=1d net_pnl=     -198014 reward=-2956724.00 |trade|=32.05 pol_l=-0.0046 val_l=4.00e+02 ent=8.591 t=29.52s
epoch=24 interval=1d net_pnl=     -193979 reward=-2877301.50 |trade|=32.05 pol_l=-0.0044 val_l=4.44e+02 ent=8.526 t=33.93s
epoch=25 interval=1d net_pnl=     -166843 reward=-2700986.50 |trade|=32.04 pol_l=-0.0039 val_l=4.73e+02 ent=8.475 t=30.94s
epoch=26 interval=1d net_pnl=     -192536 reward=-2863012.75 |trade|=32.05 pol_l=-0.0037 val_l=5.04e+02 ent=8.406 t=47.58s
epoch=27 interval=1d net_pnl=     -162333 reward=-2626833.00 |trade|=32.05 pol_l=-0.0039 val_l=5.34e+02 ent=8.323 t=30.98s
epoch=28 interval=1d net_pnl=     -173215 reward=-2683912.00 |trade|=32.04 pol_l=-0.0033 val_l=5.80e+02 ent=8.260 t=33.33s
epoch=29 interval=1d net_pnl=     -191828 reward=-2842943.25 |trade|=32.04 pol_l=-0.0034 val_l=6.10e+02 ent=8.196 t=53.76s
  → final=$    -191,828    best=$    -162,333 (ep 27)    imp=$   +95,278    ent=8.20    |trade|=32.0    (1027s)

[ 2/9] reward_scale=3e-08  expiry_penalty=1.0
WARNING:MarketDataRF_platinum_calibrated:Price Factor 'DiscountRate.USD-SOFR' not found in market data
epoch= 0 interval=1d net_pnl=     -287106 reward=-3650336.25 |trade|=32.10 pol_l=-0.0017 val_l=1.82e+05 ent=9.619 t=47.59s
epoch= 1 interval=1d net_pnl=     -260153 reward=-3394640.00 |trade|=32.10 pol_l=-0.0025 val_l=1.75e+05 ent=9.611 t=50.48s
epoch= 2 interval=1d net_pnl=     -272400 reward=-3452251.50 |trade|=32.09 pol_l=-0.0034 val_l=1.63e+05 ent=9.604 t=34.02s
epoch= 3 interval=1d net_pnl=     -246632 reward=-3273404.00 |trade|=32.06 pol_l=-0.0043 val_l=1.53e+05 ent=9.586 t=34.07s
epoch= 4 interval=1d net_pnl=     -259485 reward=-3482453.25 |trade|=32.05 pol_l=-0.0049 val_l=1.42e+05 ent=9.564 t=29.61s
epoch= 5 interval=1d net_pnl=     -273871 reward=-3426862.50 |trade|=32.06 pol_l=-0.0053 val_l=1.29e+05 ent=9.546 t=36.10s
epoch= 6 interval=1d net_pnl=     -289519 reward=-3649605.00 |trade|=32.07 pol_l=-0.0055 val_l=1.18e+05 ent=9.532 t=37.27s
epoch= 7 interval=1d net_pnl=     -271764 reward=-3424365.50 |trade|=32.06 pol_l=-0.0060 val_l=9.97e+04 ent=9.506 t=29.40s
epoch= 8 interval=1d net_pnl=     -279640 reward=-3473120.00 |trade|=32.07 pol_l=-0.0069 val_l=8.47e+04 ent=9.475 t=53.82s
epoch= 9 interval=1d net_pnl=     -276478 reward=-3477523.00 |trade|=32.06 pol_l=-0.0063 val_l=6.48e+04 ent=9.442 t=32.75s
epoch=10 interval=1d net_pnl=     -281192 reward=-3477503.50 |trade|=32.05 pol_l=-0.0064 val_l=4.48e+04 ent=9.407 t=34.52s
epoch=11 interval=1d net_pnl=     -246878 reward=-3219762.50 |trade|=32.06 pol_l=-0.0050 val_l=3.79e+04 ent=9.382 t=32.44s
epoch=12 interval=1d net_pnl=     -256699 reward=-3334140.00 |trade|=32.06 pol_l=-0.0052 val_l=3.19e+04 ent=9.356 t=31.22s
epoch=13 interval=1d net_pnl=     -272763 reward=-3425718.50 |trade|=32.06 pol_l=-0.0031 val_l=2.43e+04 ent=9.306 t=30.10s
epoch=14 interval=1d net_pnl=     -287921 reward=-3556314.00 |trade|=32.03 pol_l=-0.0032 val_l=1.90e+04 ent=9.264 t=30.31s
epoch=15 interval=1d net_pnl=     -263165 reward=-3264938.25 |trade|=32.04 pol_l=-0.0037 val_l=1.38e+04 ent=9.208 t=51.56s
epoch=16 interval=1d net_pnl=     -281055 reward=-3438830.50 |trade|=32.03 pol_l=-0.0043 val_l=9.71e+03 ent=9.147 t=29.50s
epoch=17 interval=1d net_pnl=     -281595 reward=-3389820.50 |trade|=32.02 pol_l=-0.0048 val_l=7.25e+03 ent=9.091 t=31.20s
epoch=18 interval=1d net_pnl=     -278402 reward=-3377330.00 |trade|=32.02 pol_l=-0.0053 val_l=5.00e+03 ent=9.017 t=46.89s
epoch=19 interval=1d net_pnl=     -272199 reward=-3402596.50 |trade|=32.00 pol_l=-0.0049 val_l=4.08e+03 ent=8.976 t=31.58s
epoch=20 interval=1d net_pnl=     -241946 reward=-3153088.50 |trade|=32.00 pol_l=-0.0050 val_l=2.94e+03 ent=8.912 t=29.65s
epoch=21 interval=1d net_pnl=     -276067 reward=-3361799.00 |trade|=31.99 pol_l=-0.0043 val_l=2.33e+03 ent=8.838 t=32.43s
epoch=22 interval=1d net_pnl=     -246909 reward=-3202846.25 |trade|=31.99 pol_l=-0.0039 val_l=2.15e+03 ent=8.769 t=31.48s
epoch=23 interval=1d net_pnl=     -247158 reward=-3324787.25 |trade|=31.98 pol_l=-0.0042 val_l=2.10e+03 ent=8.724 t=35.73s
epoch=24 interval=1d net_pnl=     -268598 reward=-3349771.75 |trade|=31.97 pol_l=-0.0034 val_l=2.25e+03 ent=8.647 t=31.92s
epoch=25 interval=1d net_pnl=     -250274 reward=-3143566.00 |trade|=31.96 pol_l=-0.0038 val_l=2.36e+03 ent=8.587 t=56.00s
epoch=26 interval=1d net_pnl=     -275014 reward=-3398991.50 |trade|=31.97 pol_l=-0.0033 val_l=2.62e+03 ent=8.532 t=36.13s
epoch=27 interval=1d net_pnl=     -236920 reward=-3055066.75 |trade|=31.98 pol_l=-0.0024 val_l=2.91e+03 ent=8.470 t=33.07s
epoch=28 interval=1d net_pnl=     -258329 reward=-3267279.00 |trade|=31.97 pol_l=-0.0023 val_l=3.32e+03 ent=8.405 t=31.59s
epoch=29 interval=1d net_pnl=     -249735 reward=-3245565.25 |trade|=31.97 pol_l=-0.0021 val_l=3.61e+03 ent=8.345 t=31.08s
  → final=$    -249,735    best=$    -236,920 (ep 27)    imp=$   +37,371    ent=8.34    |trade|=32.0    (1095s)

[ 3/9] reward_scale=3e-08  expiry_penalty=3.0
WARNING:MarketDataRF_platinum_calibrated:Price Factor 'DiscountRate.USD-SOFR' not found in market data
epoch= 0 interval=1d net_pnl=     -287106 reward=-3650336.25 |trade|=32.10 pol_l=-0.0018 val_l=1.64e+06 ent=9.619 t=39.87s
epoch= 1 interval=1d net_pnl=     -262629 reward=-3453135.50 |trade|=32.11 pol_l=-0.0022 val_l=1.58e+06 ent=9.612 t=31.59s
epoch= 2 interval=1d net_pnl=     -280641 reward=-3492107.25 |trade|=32.09 pol_l=-0.0031 val_l=1.45e+06 ent=9.600 t=39.46s
epoch= 3 interval=1d net_pnl=     -257950 reward=-3361589.00 |trade|=32.08 pol_l=-0.0038 val_l=1.36e+06 ent=9.586 t=47.48s
epoch= 4 interval=1d net_pnl=     -244369 reward=-3402098.25 |trade|=32.11 pol_l=-0.0050 val_l=1.30e+06 ent=9.573 t=35.07s
epoch= 5 interval=1d net_pnl=     -279018 reward=-3499099.00 |trade|=32.10 pol_l=-0.0050 val_l=1.19e+06 ent=9.551 t=32.44s
epoch= 6 interval=1d net_pnl=     -281373 reward=-3572872.00 |trade|=32.12 pol_l=-0.0059 val_l=1.08e+06 ent=9.527 t=31.49s
epoch= 7 interval=1d net_pnl=     -262481 reward=-3316688.25 |trade|=32.12 pol_l=-0.0059 val_l=9.98e+05 ent=9.512 t=30.87s
epoch= 8 interval=1d net_pnl=     -262212 reward=-3394453.00 |trade|=32.11 pol_l=-0.0064 val_l=9.32e+05 ent=9.497 t=47.47s
epoch= 9 interval=1d net_pnl=     -276617 reward=-3534627.25 |trade|=32.11 pol_l=-0.0060 val_l=8.22e+05 ent=9.473 t=30.58s
epoch=10 interval=1d net_pnl=     -297641 reward=-3650906.75 |trade|=32.11 pol_l=-0.0065 val_l=7.27e+05 ent=9.455 t=40.25s
epoch=11 interval=1d net_pnl=     -251661 reward=-3315358.25 |trade|=32.11 pol_l=-0.0071 val_l=5.98e+05 ent=9.411 t=31.29s
epoch=12 interval=1d net_pnl=     -265477 reward=-3339951.50 |trade|=32.10 pol_l=-0.0073 val_l=4.75e+05 ent=9.355 t=30.52s
epoch=13 interval=1d net_pnl=     -308462 reward=-3657727.00 |trade|=32.08 pol_l=-0.0075 val_l=3.69e+05 ent=9.306 t=30.37s
epoch=14 interval=1d net_pnl=     -293265 reward=-3665999.50 |trade|=32.07 pol_l=-0.0080 val_l=2.85e+05 ent=9.255 t=30.08s
epoch=15 interval=1d net_pnl=     -259279 reward=-3294951.00 |trade|=32.07 pol_l=-0.0089 val_l=2.14e+05 ent=9.202 t=42.12s
epoch=16 interval=1d net_pnl=     -264529 reward=-3377595.00 |trade|=32.06 pol_l=-0.0067 val_l=1.66e+05 ent=9.150 t=29.62s
epoch=17 interval=1d net_pnl=     -286192 reward=-3538451.50 |trade|=32.07 pol_l=-0.0045 val_l=1.25e+05 ent=9.094 t=35.85s
epoch=18 interval=1d net_pnl=     -276311 reward=-3389615.75 |trade|=32.07 pol_l=-0.0034 val_l=9.38e+04 ent=9.035 t=46.41s
epoch=19 interval=1d net_pnl=     -297311 reward=-3616658.25 |trade|=32.06 pol_l=-0.0027 val_l=6.96e+04 ent=8.962 t=35.73s
epoch=20 interval=1d net_pnl=     -269008 reward=-3414478.25 |trade|=32.05 pol_l=-0.0030 val_l=4.54e+04 ent=8.872 t=32.81s
epoch=21 interval=1d net_pnl=     -244357 reward=-3170584.25 |trade|=32.05 pol_l=-0.0035 val_l=3.40e+04 ent=8.792 t=29.28s
epoch=22 interval=1d net_pnl=     -258244 reward=-3308483.75 |trade|=32.03 pol_l=-0.0035 val_l=2.44e+04 ent=8.716 t=31.47s
epoch=23 interval=1d net_pnl=     -248966 reward=-3381275.50 |trade|=32.03 pol_l=-0.0039 val_l=2.04e+04 ent=8.648 t=29.26s
epoch=24 interval=1d net_pnl=     -256586 reward=-3191940.25 |trade|=32.03 pol_l=-0.0032 val_l=1.59e+04 ent=8.579 t=29.64s
epoch=25 interval=1d net_pnl=     -259839 reward=-3322349.25 |trade|=32.01 pol_l=-0.0035 val_l=1.40e+04 ent=8.509 t=29.64s
epoch=26 interval=1d net_pnl=     -272330 reward=-3393937.25 |trade|=32.00 pol_l=-0.0030 val_l=1.30e+04 ent=8.437 t=36.45s
epoch=27 interval=1d net_pnl=     -236691 reward=-3193893.25 |trade|=31.99 pol_l=-0.0020 val_l=1.27e+04 ent=8.375 t=33.02s
epoch=28 interval=1d net_pnl=     -234389 reward=-3143090.50 |trade|=31.98 pol_l=-0.0023 val_l=1.37e+04 ent=8.280 t=34.41s
epoch=29 interval=1d net_pnl=     -255758 reward=-3227942.50 |trade|=31.97 pol_l=-0.0016 val_l=1.40e+04 ent=8.213 t=53.25s
  → final=$    -255,758    best=$    -234,389 (ep 28)    imp=$   +31,348    ent=8.21    |trade|=32.0    (1069s)

[ 4/9] reward_scale=1e-07  expiry_penalty=0.3
WARNING:MarketDataRF_platinum_calibrated:Price Factor 'DiscountRate.USD-SOFR' not found in market data
epoch= 0 interval=1d net_pnl=     -287106 reward=-3650336.25 |trade|=32.10 pol_l=-0.0018 val_l=1.82e+05 ent=9.619 t=30.30s
epoch= 1 interval=1d net_pnl=     -260336 reward=-3467719.00 |trade|=32.10 pol_l=-0.0025 val_l=1.76e+05 ent=9.611 t=30.27s
epoch= 2 interval=1d net_pnl=     -288728 reward=-3609320.50 |trade|=32.10 pol_l=-0.0037 val_l=1.63e+05 ent=9.602 t=29.69s
epoch= 3 interval=1d net_pnl=     -247439 reward=-3245690.00 |trade|=32.09 pol_l=-0.0041 val_l=1.54e+05 ent=9.588 t=35.96s
epoch= 4 interval=1d net_pnl=     -250360 reward=-3432776.00 |trade|=32.12 pol_l=-0.0056 val_l=1.43e+05 ent=9.560 t=34.87s
epoch= 5 interval=1d net_pnl=     -291627 reward=-3490244.25 |trade|=32.13 pol_l=-0.0053 val_l=1.31e+05 ent=9.542 t=32.10s
epoch= 6 interval=1d net_pnl=     -284531 reward=-3611002.00 |trade|=32.14 pol_l=-0.0058 val_l=1.17e+05 ent=9.514 t=30.99s
epoch= 7 interval=1d net_pnl=     -255303 reward=-3227634.50 |trade|=32.14 pol_l=-0.0062 val_l=1.06e+05 ent=9.498 t=30.86s
epoch= 8 interval=1d net_pnl=     -253024 reward=-3233602.50 |trade|=32.15 pol_l=-0.0071 val_l=9.30e+04 ent=9.460 t=30.12s
epoch= 9 interval=1d net_pnl=     -284019 reward=-3569763.75 |trade|=32.14 pol_l=-0.0063 val_l=7.93e+04 ent=9.443 t=30.18s
epoch=10 interval=1d net_pnl=     -301944 reward=-3654600.50 |trade|=32.14 pol_l=-0.0071 val_l=6.52e+04 ent=9.417 t=30.06s
epoch=11 interval=1d net_pnl=     -268925 reward=-3555914.50 |trade|=32.16 pol_l=-0.0076 val_l=4.86e+04 ent=9.384 t=34.33s
epoch=12 interval=1d net_pnl=     -263717 reward=-3358852.75 |trade|=32.16 pol_l=-0.0074 val_l=3.36e+04 ent=9.338 t=35.59s
epoch=13 interval=1d net_pnl=     -305353 reward=-3618951.00 |trade|=32.15 pol_l=-0.0071 val_l=2.50e+04 ent=9.289 t=32.00s
epoch=14 interval=1d net_pnl=     -281082 reward=-3594335.00 |trade|=32.14 pol_l=-0.0056 val_l=1.92e+04 ent=9.230 t=33.20s
epoch=15 interval=1d net_pnl=     -259047 reward=-3344137.00 |trade|=32.12 pol_l=-0.0044 val_l=1.40e+04 ent=9.178 t=29.99s
epoch=16 interval=1d net_pnl=     -286292 reward=-3537698.50 |trade|=32.10 pol_l=-0.0045 val_l=1.13e+04 ent=9.139 t=30.06s
epoch=17 interval=1d net_pnl=     -270634 reward=-3425560.75 |trade|=32.09 pol_l=-0.0049 val_l=8.18e+03 ent=9.076 t=29.92s
epoch=18 interval=1d net_pnl=     -263696 reward=-3370741.00 |trade|=32.09 pol_l=-0.0054 val_l=5.89e+03 ent=9.020 t=35.36s
epoch=19 interval=1d net_pnl=     -236225 reward=-3159729.00 |trade|=32.09 pol_l=-0.0062 val_l=4.18e+03 ent=8.950 t=34.66s
epoch=20 interval=1d net_pnl=     -254434 reward=-3244266.50 |trade|=32.08 pol_l=-0.0053 val_l=2.71e+03 ent=8.889 t=29.50s
epoch=21 interval=1d net_pnl=     -221974 reward=-3015111.50 |trade|=32.07 pol_l=-0.0055 val_l=2.09e+03 ent=8.826 t=46.21s
epoch=22 interval=1d net_pnl=     -223373 reward=-3025785.25 |trade|=32.06 pol_l=-0.0050 val_l=1.69e+03 ent=8.752 t=31.37s
epoch=23 interval=1d net_pnl=     -228540 reward=-3176736.50 |trade|=32.05 pol_l=-0.0046 val_l=1.60e+03 ent=8.680 t=29.21s
epoch=24 interval=1d net_pnl=     -226871 reward=-3053450.50 |trade|=32.04 pol_l=-0.0042 val_l=1.71e+03 ent=8.622 t=41.69s
epoch=25 interval=1d net_pnl=     -213361 reward=-2971737.50 |trade|=32.03 pol_l=-0.0041 val_l=1.85e+03 ent=8.557 t=29.42s
epoch=26 interval=1d net_pnl=     -231149 reward=-3145542.50 |trade|=32.04 pol_l=-0.0032 val_l=2.16e+03 ent=8.477 t=38.09s
epoch=27 interval=1d net_pnl=     -197956 reward=-2892402.00 |trade|=32.04 pol_l=-0.0029 val_l=2.40e+03 ent=8.394 t=29.37s
epoch=28 interval=1d net_pnl=     -201881 reward=-2818229.00 |trade|=32.03 pol_l=-0.0021 val_l=2.76e+03 ent=8.331 t=29.98s
epoch=29 interval=1d net_pnl=     -211078 reward=-2932766.75 |trade|=32.02 pol_l=-0.0020 val_l=3.01e+03 ent=8.254 t=30.27s
  → final=$    -211,078    best=$    -197,956 (ep 27)    imp=$   +76,028    ent=8.25    |trade|=32.0    (986s)

[ 5/9] reward_scale=1e-07  expiry_penalty=1.0
WARNING:MarketDataRF_platinum_calibrated:Price Factor 'DiscountRate.USD-SOFR' not found in market data
epoch= 0 interval=1d net_pnl=     -287106 reward=-3650336.25 |trade|=32.10 pol_l=-0.0017 val_l=2.02e+06 ent=9.619 t=29.40s
epoch= 1 interval=1d net_pnl=     -250998 reward=-3392704.50 |trade|=32.11 pol_l=-0.0021 val_l=1.93e+06 ent=9.613 t=31.72s
epoch= 2 interval=1d net_pnl=     -292422 reward=-3643678.00 |trade|=32.11 pol_l=-0.0036 val_l=1.83e+06 ent=9.602 t=31.61s
epoch= 3 interval=1d net_pnl=     -255251 reward=-3366765.50 |trade|=32.08 pol_l=-0.0034 val_l=1.70e+06 ent=9.587 t=41.91s
epoch= 4 interval=1d net_pnl=     -233584 reward=-3217770.00 |trade|=32.12 pol_l=-0.0050 val_l=1.62e+06 ent=9.569 t=30.00s
epoch= 5 interval=1d net_pnl=     -304678 reward=-3650610.50 |trade|=32.11 pol_l=-0.0055 val_l=1.51e+06 ent=9.552 t=29.57s
epoch= 6 interval=1d net_pnl=     -249390 reward=-3350856.00 |trade|=32.10 pol_l=-0.0055 val_l=1.40e+06 ent=9.531 t=30.62s
epoch= 7 interval=1d net_pnl=     -267218 reward=-3411536.00 |trade|=32.11 pol_l=-0.0057 val_l=1.26e+06 ent=9.508 t=32.48s
epoch= 8 interval=1d net_pnl=     -260831 reward=-3273015.00 |trade|=32.13 pol_l=-0.0064 val_l=1.18e+06 ent=9.485 t=30.88s
epoch= 9 interval=1d net_pnl=     -261306 reward=-3416378.50 |trade|=32.12 pol_l=-0.0068 val_l=9.97e+05 ent=9.449 t=34.58s
epoch=10 interval=1d net_pnl=     -275437 reward=-3445303.50 |trade|=32.12 pol_l=-0.0066 val_l=8.80e+05 ent=9.415 t=34.49s
epoch=11 interval=1d net_pnl=     -246517 reward=-3235793.00 |trade|=32.13 pol_l=-0.0071 val_l=7.49e+05 ent=9.383 t=29.82s
epoch=12 interval=1d net_pnl=     -239933 reward=-3216328.00 |trade|=32.13 pol_l=-0.0071 val_l=5.83e+05 ent=9.337 t=54.78s
epoch=13 interval=1d net_pnl=     -285223 reward=-3586974.75 |trade|=32.11 pol_l=-0.0075 val_l=4.54e+05 ent=9.285 t=30.15s
epoch=14 interval=1d net_pnl=     -248173 reward=-3359243.50 |trade|=32.11 pol_l=-0.0073 val_l=3.62e+05 ent=9.262 t=29.61s
epoch=15 interval=1d net_pnl=     -223849 reward=-3083696.00 |trade|=32.10 pol_l=-0.0073 val_l=2.65e+05 ent=9.191 t=40.90s
epoch=16 interval=1d net_pnl=     -255588 reward=-3327777.50 |trade|=32.10 pol_l=-0.0058 val_l=2.18e+05 ent=9.138 t=36.14s
epoch=17 interval=1d net_pnl=     -273781 reward=-3512879.00 |trade|=32.08 pol_l=-0.0041 val_l=1.76e+05 ent=9.091 t=32.38s
epoch=18 interval=1d net_pnl=     -238756 reward=-3123604.50 |trade|=32.06 pol_l=-0.0021 val_l=1.45e+05 ent=9.050 t=41.99s
epoch=19 interval=1d net_pnl=     -255990 reward=-3287914.00 |trade|=32.05 pol_l=-0.0016 val_l=1.19e+05 ent=8.992 t=32.69s
epoch=20 interval=1d net_pnl=     -221114 reward=-3018094.25 |trade|=32.06 pol_l=-0.0023 val_l=9.74e+04 ent=8.951 t=34.04s
epoch=21 interval=1d net_pnl=     -226052 reward=-3072500.75 |trade|=32.05 pol_l=-0.0037 val_l=6.93e+04 ent=8.866 t=32.25s
epoch=22 interval=1d net_pnl=     -269387 reward=-3415537.00 |trade|=32.02 pol_l=-0.0035 val_l=4.97e+04 ent=8.786 t=30.36s
epoch=23 interval=1d net_pnl=     -229484 reward=-3183769.50 |trade|=32.01 pol_l=-0.0024 val_l=3.90e+04 ent=8.729 t=36.38s
epoch=24 interval=1d net_pnl=     -233341 reward=-3099316.00 |trade|=32.00 pol_l=-0.0031 val_l=2.92e+04 ent=8.637 t=32.17s
epoch=25 interval=1d net_pnl=     -251729 reward=-3368263.00 |trade|=31.99 pol_l=-0.0027 val_l=2.43e+04 ent=8.585 t=33.87s
epoch=26 interval=1d net_pnl=     -218473 reward=-2984065.00 |trade|=31.99 pol_l=-0.0027 val_l=2.10e+04 ent=8.521 t=32.12s
epoch=27 interval=1d net_pnl=     -212665 reward=-2941303.00 |trade|=31.98 pol_l=-0.0022 val_l=1.84e+04 ent=8.455 t=39.42s
epoch=28 interval=1d net_pnl=     -222137 reward=-2983030.25 |trade|=31.97 pol_l=-0.0021 val_l=1.80e+04 ent=8.365 t=30.41s
epoch=29 interval=1d net_pnl=     -207818 reward=-2867945.50 |trade|=31.96 pol_l=-0.0016 val_l=1.73e+04 ent=8.301 t=33.56s
  → final=$    -207,818    best=$    -207,818 (ep 29)    imp=$   +79,288    ent=8.30    |trade|=32.0    (1031s)

[ 6/9] reward_scale=1e-07  expiry_penalty=3.0
WARNING:MarketDataRF_platinum_calibrated:Price Factor 'DiscountRate.USD-SOFR' not found in market data
epoch= 0 interval=1d net_pnl=     -287106 reward=-3650336.25 |trade|=32.10 pol_l=-0.0018 val_l=1.82e+07 ent=9.619 t=29.46s
epoch= 1 interval=1d net_pnl=     -260321 reward=-3460329.50 |trade|=32.12 pol_l=-0.0028 val_l=1.75e+07 ent=9.612 t=33.68s
epoch= 2 interval=1d net_pnl=     -277020 reward=-3510147.00 |trade|=32.11 pol_l=-0.0039 val_l=1.66e+07 ent=9.603 t=52.01s
epoch= 3 interval=1d net_pnl=     -274473 reward=-3502348.25 |trade|=32.08 pol_l=-0.0043 val_l=1.55e+07 ent=9.587 t=33.90s
epoch= 4 interval=1d net_pnl=     -242327 reward=-3370465.75 |trade|=32.08 pol_l=-0.0046 val_l=1.49e+07 ent=9.570 t=45.53s
epoch= 5 interval=1d net_pnl=     -275643 reward=-3391932.50 |trade|=32.08 pol_l=-0.0051 val_l=1.43e+07 ent=9.553 t=33.68s
epoch= 6 interval=1d net_pnl=     -287959 reward=-3616786.75 |trade|=32.07 pol_l=-0.0054 val_l=1.32e+07 ent=9.529 t=32.29s
epoch= 7 interval=1d net_pnl=     -261962 reward=-3289964.75 |trade|=32.07 pol_l=-0.0051 val_l=1.23e+07 ent=9.506 t=31.13s
epoch= 8 interval=1d net_pnl=     -251501 reward=-3305237.50 |trade|=32.06 pol_l=-0.0071 val_l=1.17e+07 ent=9.486 t=30.46s
epoch= 9 interval=1d net_pnl=     -237519 reward=-3233079.00 |trade|=32.02 pol_l=-0.0072 val_l=1.11e+07 ent=9.465 t=30.22s
epoch=10 interval=1d net_pnl=     -281639 reward=-3450582.00 |trade|=32.03 pol_l=-0.0073 val_l=1.05e+07 ent=9.451 t=29.32s
epoch=11 interval=1d net_pnl=     -268192 reward=-3447901.50 |trade|=32.03 pol_l=-0.0068 val_l=9.45e+06 ent=9.416 t=30.66s
epoch=12 interval=1d net_pnl=     -242978 reward=-3180288.00 |trade|=32.06 pol_l=-0.0078 val_l=8.40e+06 ent=9.380 t=30.18s
epoch=13 interval=1d net_pnl=     -275014 reward=-3444484.50 |trade|=32.03 pol_l=-0.0079 val_l=7.26e+06 ent=9.325 t=30.19s
epoch=14 interval=1d net_pnl=     -283672 reward=-3576154.00 |trade|=32.04 pol_l=-0.0080 val_l=6.34e+06 ent=9.280 t=35.66s
epoch=15 interval=1d net_pnl=     -279876 reward=-3452225.00 |trade|=32.05 pol_l=-0.0086 val_l=5.36e+06 ent=9.232 t=29.29s
epoch=16 interval=1d net_pnl=     -261919 reward=-3371181.75 |trade|=32.04 pol_l=-0.0088 val_l=4.55e+06 ent=9.186 t=32.85s
epoch=17 interval=1d net_pnl=     -267785 reward=-3404367.00 |trade|=32.05 pol_l=-0.0088 val_l=3.52e+06 ent=9.118 t=35.09s
epoch=18 interval=1d net_pnl=     -263779 reward=-3376797.00 |trade|=32.04 pol_l=-0.0087 val_l=2.96e+06 ent=9.068 t=50.05s
epoch=19 interval=1d net_pnl=     -263668 reward=-3373409.50 |trade|=32.04 pol_l=-0.0091 val_l=2.54e+06 ent=9.021 t=29.34s
epoch=20 interval=1d net_pnl=     -243760 reward=-3272731.50 |trade|=32.03 pol_l=-0.0089 val_l=2.06e+06 ent=8.956 t=29.23s
epoch=21 interval=1d net_pnl=     -237212 reward=-3142555.00 |trade|=32.05 pol_l=-0.0089 val_l=1.50e+06 ent=8.871 t=34.88s
epoch=22 interval=1d net_pnl=     -236293 reward=-3112135.50 |trade|=32.02 pol_l=-0.0075 val_l=1.14e+06 ent=8.803 t=31.32s
epoch=23 interval=1d net_pnl=     -239300 reward=-3288552.00 |trade|=32.02 pol_l=-0.0061 val_l=9.59e+05 ent=8.751 t=33.49s
epoch=24 interval=1d net_pnl=     -248545 reward=-3165484.75 |trade|=32.02 pol_l=-0.0046 val_l=7.56e+05 ent=8.700 t=36.08s
epoch=25 interval=1d net_pnl=     -227149 reward=-3022034.75 |trade|=32.01 pol_l=-0.0039 val_l=6.39e+05 ent=8.661 t=32.87s
epoch=26 interval=1d net_pnl=     -227699 reward=-3131454.50 |trade|=32.00 pol_l=-0.0018 val_l=4.86e+05 ent=8.597 t=35.34s
epoch=27 interval=1d net_pnl=     -245855 reward=-3341277.00 |trade|=32.00 pol_l=-0.0014 val_l=3.93e+05 ent=8.557 t=38.96s
epoch=28 interval=1d net_pnl=     -222683 reward=-3056177.50 |trade|=31.99 pol_l=-0.0007 val_l=3.56e+05 ent=8.542 t=29.51s
epoch=29 interval=1d net_pnl=     -232629 reward=-3121434.50 |trade|=31.98 pol_l=-0.0004 val_l=3.31e+05 ent=8.526 t=36.10s
  → final=$    -232,629    best=$    -222,683 (ep 28)    imp=$   +54,477    ent=8.53    |trade|=32.0    (1034s)

[ 7/9] reward_scale=3e-07  expiry_penalty=0.3
WARNING:MarketDataRF_platinum_calibrated:Price Factor 'DiscountRate.USD-SOFR' not found in market data
epoch= 0 interval=1d net_pnl=     -287106 reward=-3650336.25 |trade|=32.10 pol_l=-0.0017 val_l=1.64e+06 ent=9.619 t=55.52s
epoch= 1 interval=1d net_pnl=     -252709 reward=-3347299.50 |trade|=32.11 pol_l=-0.0023 val_l=1.56e+06 ent=9.612 t=29.09s
epoch= 2 interval=1d net_pnl=     -282972 reward=-3534729.50 |trade|=32.10 pol_l=-0.0037 val_l=1.46e+06 ent=9.599 t=29.28s
epoch= 3 interval=1d net_pnl=     -228332 reward=-3130540.00 |trade|=32.08 pol_l=-0.0048 val_l=1.37e+06 ent=9.578 t=29.73s
epoch= 4 interval=1d net_pnl=     -236264 reward=-3267273.50 |trade|=32.10 pol_l=-0.0048 val_l=1.28e+06 ent=9.563 t=30.06s
epoch= 5 interval=1d net_pnl=     -266591 reward=-3404870.75 |trade|=32.11 pol_l=-0.0054 val_l=1.18e+06 ent=9.534 t=30.20s
epoch= 6 interval=1d net_pnl=     -286965 reward=-3549050.50 |trade|=32.10 pol_l=-0.0055 val_l=1.08e+06 ent=9.511 t=30.17s
epoch= 7 interval=1d net_pnl=     -257017 reward=-3339256.00 |trade|=32.09 pol_l=-0.0058 val_l=9.87e+05 ent=9.479 t=56.34s
epoch= 8 interval=1d net_pnl=     -256537 reward=-3318035.75 |trade|=32.11 pol_l=-0.0064 val_l=8.91e+05 ent=9.450 t=29.51s
epoch= 9 interval=1d net_pnl=     -230746 reward=-3121056.00 |trade|=32.09 pol_l=-0.0059 val_l=7.70e+05 ent=9.413 t=31.80s
epoch=10 interval=1d net_pnl=     -270270 reward=-3367666.00 |trade|=32.10 pol_l=-0.0070 val_l=6.80e+05 ent=9.371 t=29.22s
epoch=11 interval=1d net_pnl=     -261565 reward=-3318845.50 |trade|=32.09 pol_l=-0.0069 val_l=5.77e+05 ent=9.336 t=32.03s
epoch=12 interval=1d net_pnl=     -216123 reward=-2963901.00 |trade|=32.12 pol_l=-0.0075 val_l=4.74e+05 ent=9.289 t=29.30s
epoch=13 interval=1d net_pnl=     -258580 reward=-3312417.00 |trade|=32.10 pol_l=-0.0082 val_l=3.98e+05 ent=9.248 t=30.62s
epoch=14 interval=1d net_pnl=     -254531 reward=-3367835.00 |trade|=32.09 pol_l=-0.0077 val_l=3.32e+05 ent=9.193 t=29.22s
epoch=15 interval=1d net_pnl=     -253927 reward=-3331776.25 |trade|=32.09 pol_l=-0.0087 val_l=2.54e+05 ent=9.137 t=29.59s
epoch=16 interval=1d net_pnl=     -230396 reward=-3170821.25 |trade|=32.11 pol_l=-0.0079 val_l=2.08e+05 ent=9.085 t=32.41s
epoch=17 interval=1d net_pnl=     -244742 reward=-3169958.50 |trade|=32.11 pol_l=-0.0089 val_l=1.50e+05 ent=9.025 t=30.02s
epoch=18 interval=1d net_pnl=     -234450 reward=-3166115.00 |trade|=32.10 pol_l=-0.0084 val_l=1.17e+05 ent=8.966 t=29.92s
epoch=19 interval=1d net_pnl=     -230697 reward=-3139944.50 |trade|=32.08 pol_l=-0.0082 val_l=9.16e+04 ent=8.905 t=30.09s
epoch=20 interval=1d net_pnl=     -205174 reward=-2993744.00 |trade|=32.08 pol_l=-0.0062 val_l=6.05e+04 ent=8.825 t=29.42s
epoch=21 interval=1d net_pnl=     -202476 reward=-2885277.75 |trade|=32.09 pol_l=-0.0054 val_l=4.20e+04 ent=8.746 t=30.28s
epoch=22 interval=1d net_pnl=     -212331 reward=-2964223.75 |trade|=32.07 pol_l=-0.0049 val_l=2.98e+04 ent=8.672 t=30.04s
epoch=23 interval=1d net_pnl=     -200680 reward=-2945250.00 |trade|=32.06 pol_l=-0.0044 val_l=2.16e+04 ent=8.600 t=30.19s
epoch=24 interval=1d net_pnl=     -210272 reward=-2936273.00 |trade|=32.06 pol_l=-0.0041 val_l=1.32e+04 ent=8.494 t=30.08s
epoch=25 interval=1d net_pnl=     -193713 reward=-2816101.50 |trade|=32.03 pol_l=-0.0047 val_l=8.95e+03 ent=8.390 t=29.85s
epoch=26 interval=1d net_pnl=     -191885 reward=-2841185.00 |trade|=32.03 pol_l=-0.0049 val_l=6.15e+03 ent=8.282 t=29.88s
epoch=27 interval=1d net_pnl=     -204018 reward=-2836195.00 |trade|=32.03 pol_l=-0.0043 val_l=4.70e+03 ent=8.184 t=42.89s
epoch=28 interval=1d net_pnl=     -181528 reward=-2661977.50 |trade|=32.02 pol_l=-0.0034 val_l=4.32e+03 ent=8.090 t=31.07s
epoch=29 interval=1d net_pnl=     -197725 reward=-2820244.00 |trade|=32.00 pol_l=-0.0023 val_l=4.40e+03 ent=8.001 t=30.65s
  → final=$    -197,725    best=$    -181,528 (ep 28)    imp=$   +89,381    ent=8.00    |trade|=32.0    (980s)

[ 8/9] reward_scale=3e-07  expiry_penalty=1.0
WARNING:MarketDataRF_platinum_calibrated:Price Factor 'DiscountRate.USD-SOFR' not found in market data
epoch= 0 interval=1d net_pnl=     -287106 reward=-3650336.25 |trade|=32.10 pol_l=-0.0017 val_l=1.82e+07 ent=9.619 t=41.00s
epoch= 1 interval=1d net_pnl=     -259291 reward=-3450349.50 |trade|=32.12 pol_l=-0.0027 val_l=1.74e+07 ent=9.612 t=31.58s
epoch= 2 interval=1d net_pnl=     -283289 reward=-3543112.50 |trade|=32.12 pol_l=-0.0037 val_l=1.64e+07 ent=9.605 t=29.48s
epoch= 3 interval=1d net_pnl=     -253445 reward=-3350665.50 |trade|=32.09 pol_l=-0.0043 val_l=1.54e+07 ent=9.587 t=29.39s
epoch= 4 interval=1d net_pnl=     -248349 reward=-3406165.50 |trade|=32.10 pol_l=-0.0049 val_l=1.47e+07 ent=9.571 t=38.41s
epoch= 5 interval=1d net_pnl=     -303769 reward=-3631703.50 |trade|=32.10 pol_l=-0.0054 val_l=1.38e+07 ent=9.552 t=30.00s
epoch= 6 interval=1d net_pnl=     -273160 reward=-3539566.50 |trade|=32.09 pol_l=-0.0056 val_l=1.24e+07 ent=9.523 t=31.35s
epoch= 7 interval=1d net_pnl=     -265684 reward=-3278172.25 |trade|=32.11 pol_l=-0.0057 val_l=1.15e+07 ent=9.504 t=29.21s
epoch= 8 interval=1d net_pnl=     -254722 reward=-3286260.00 |trade|=32.11 pol_l=-0.0068 val_l=1.11e+07 ent=9.483 t=35.01s
epoch= 9 interval=1d net_pnl=     -258961 reward=-3354332.25 |trade|=32.09 pol_l=-0.0063 val_l=1.01e+07 ent=9.460 t=32.11s
epoch=10 interval=1d net_pnl=     -267752 reward=-3315162.75 |trade|=32.10 pol_l=-0.0071 val_l=9.28e+06 ent=9.426 t=31.43s
epoch=11 interval=1d net_pnl=     -237128 reward=-3240808.75 |trade|=32.11 pol_l=-0.0070 val_l=8.38e+06 ent=9.390 t=32.81s
epoch=12 interval=1d net_pnl=     -232683 reward=-3103485.75 |trade|=32.11 pol_l=-0.0074 val_l=7.14e+06 ent=9.340 t=29.29s
epoch=13 interval=1d net_pnl=     -256944 reward=-3320578.50 |trade|=32.08 pol_l=-0.0072 val_l=6.00e+06 ent=9.276 t=38.45s
epoch=14 interval=1d net_pnl=     -261698 reward=-3421049.00 |trade|=32.08 pol_l=-0.0075 val_l=5.48e+06 ent=9.225 t=35.07s
epoch=15 interval=1d net_pnl=     -238477 reward=-3122372.00 |trade|=32.08 pol_l=-0.0078 val_l=4.67e+06 ent=9.159 t=32.84s
epoch=16 interval=1d net_pnl=     -245868 reward=-3248635.50 |trade|=32.08 pol_l=-0.0078 val_l=4.22e+06 ent=9.118 t=31.21s
epoch=17 interval=1d net_pnl=     -284524 reward=-3460446.00 |trade|=32.09 pol_l=-0.0083 val_l=3.60e+06 ent=9.056 t=29.42s
epoch=18 interval=1d net_pnl=     -272753 reward=-3274475.25 |trade|=32.10 pol_l=-0.0074 val_l=3.23e+06 ent=9.007 t=31.02s
epoch=19 interval=1d net_pnl=     -232257 reward=-3076373.50 |trade|=32.10 pol_l=-0.0079 val_l=2.94e+06 ent=8.960 t=31.15s
epoch=20 interval=1d net_pnl=     -219718 reward=-2986818.25 |trade|=32.09 pol_l=-0.0082 val_l=2.63e+06 ent=8.911 t=29.78s
epoch=21 interval=1d net_pnl=     -221636 reward=-2995780.50 |trade|=32.10 pol_l=-0.0082 val_l=2.21e+06 ent=8.834 t=29.83s
epoch=22 interval=1d net_pnl=     -211796 reward=-2934577.75 |trade|=32.09 pol_l=-0.0082 val_l=1.88e+06 ent=8.778 t=29.79s
epoch=23 interval=1d net_pnl=     -239803 reward=-3181264.50 |trade|=32.08 pol_l=-0.0075 val_l=1.62e+06 ent=8.726 t=34.32s
epoch=24 interval=1d net_pnl=     -250107 reward=-3182501.50 |trade|=32.08 pol_l=-0.0073 val_l=1.41e+06 ent=8.658 t=42.76s
epoch=25 interval=1d net_pnl=     -224125 reward=-3051186.25 |trade|=32.06 pol_l=-0.0067 val_l=1.18e+06 ent=8.582 t=29.40s
epoch=26 interval=1d net_pnl=     -243877 reward=-3168479.25 |trade|=32.07 pol_l=-0.0060 val_l=9.74e+05 ent=8.507 t=29.59s
epoch=27 interval=1d net_pnl=     -211681 reward=-2931258.75 |trade|=32.06 pol_l=-0.0057 val_l=8.14e+05 ent=8.423 t=29.64s
epoch=28 interval=1d net_pnl=     -248230 reward=-3138014.00 |trade|=32.06 pol_l=-0.0052 val_l=6.74e+05 ent=8.338 t=30.03s
epoch=29 interval=1d net_pnl=     -223524 reward=-3073799.25 |trade|=32.06 pol_l=-0.0045 val_l=5.41e+05 ent=8.252 t=29.39s
  → final=$    -223,524    best=$    -211,681 (ep 27)    imp=$   +63,582    ent=8.25    |trade|=32.1    (976s)

[ 9/9] reward_scale=3e-07  expiry_penalty=3.0
WARNING:MarketDataRF_platinum_calibrated:Price Factor 'DiscountRate.USD-SOFR' not found in market data
epoch= 0 interval=1d net_pnl=     -287106 reward=-3650336.25 |trade|=32.10 pol_l=-0.0017 val_l=1.64e+08 ent=9.619 t=37.42s
epoch= 1 interval=1d net_pnl=     -259552 reward=-3375010.25 |trade|=32.11 pol_l=-0.0023 val_l=1.57e+08 ent=9.612 t=29.37s
epoch= 2 interval=1d net_pnl=     -294966 reward=-3683168.00 |trade|=32.10 pol_l=-0.0040 val_l=1.48e+08 ent=9.601 t=36.18s
epoch= 3 interval=1d net_pnl=     -269007 reward=-3427012.00 |trade|=32.09 pol_l=-0.0034 val_l=1.40e+08 ent=9.585 t=45.84s
epoch= 4 interval=1d net_pnl=     -267310 reward=-3457966.75 |trade|=32.13 pol_l=-0.0048 val_l=1.34e+08 ent=9.570 t=32.35s
epoch= 5 interval=1d net_pnl=     -289036 reward=-3527349.00 |trade|=32.12 pol_l=-0.0051 val_l=1.25e+08 ent=9.558 t=31.03s
epoch= 6 interval=1d net_pnl=     -309326 reward=-3875131.50 |trade|=32.13 pol_l=-0.0056 val_l=1.17e+08 ent=9.534 t=31.31s
epoch= 7 interval=1d net_pnl=     -288481 reward=-3575154.25 |trade|=32.13 pol_l=-0.0060 val_l=1.09e+08 ent=9.513 t=31.22s
epoch= 8 interval=1d net_pnl=     -253470 reward=-3276720.50 |trade|=32.13 pol_l=-0.0068 val_l=9.61e+07 ent=9.473 t=29.47s
epoch= 9 interval=1d net_pnl=     -258524 reward=-3354864.50 |trade|=32.12 pol_l=-0.0061 val_l=8.95e+07 ent=9.444 t=29.62s
epoch=10 interval=1d net_pnl=     -281429 reward=-3458455.50 |trade|=32.12 pol_l=-0.0071 val_l=7.91e+07 ent=9.410 t=50.65s
epoch=11 interval=1d net_pnl=     -262918 reward=-3410292.00 |trade|=32.13 pol_l=-0.0069 val_l=7.32e+07 ent=9.375 t=31.97s
epoch=12 interval=1d net_pnl=     -238424 reward=-3166863.50 |trade|=32.13 pol_l=-0.0073 val_l=6.42e+07 ent=9.327 t=33.68s
epoch=13 interval=1d net_pnl=     -289024 reward=-3582717.00 |trade|=32.12 pol_l=-0.0065 val_l=5.83e+07 ent=9.291 t=51.95s
epoch=14 interval=1d net_pnl=     -252174 reward=-3378836.25 |trade|=32.12 pol_l=-0.0080 val_l=5.41e+07 ent=9.248 t=37.00s
epoch=15 interval=1d net_pnl=     -284246 reward=-3555534.25 |trade|=32.10 pol_l=-0.0076 val_l=4.39e+07 ent=9.179 t=35.08s
epoch=16 interval=1d net_pnl=     -259926 reward=-3305430.50 |trade|=32.08 pol_l=-0.0076 val_l=3.81e+07 ent=9.128 t=50.83s
epoch=17 interval=1d net_pnl=     -254534 reward=-3393362.50 |trade|=32.11 pol_l=-0.0086 val_l=3.35e+07 ent=9.076 t=29.30s
epoch=18 interval=1d net_pnl=     -233598 reward=-3162209.75 |trade|=32.09 pol_l=-0.0081 val_l=2.92e+07 ent=9.022 t=57.68s
epoch=19 interval=1d net_pnl=     -247242 reward=-3343388.50 |trade|=32.11 pol_l=-0.0086 val_l=2.55e+07 ent=8.978 t=29.21s
epoch=20 interval=1d net_pnl=     -249066 reward=-3387488.00 |trade|=32.10 pol_l=-0.0080 val_l=2.16e+07 ent=8.914 t=51.69s
epoch=21 interval=1d net_pnl=     -242553 reward=-3220206.50 |trade|=32.12 pol_l=-0.0084 val_l=1.83e+07 ent=8.840 t=30.86s
epoch=22 interval=1d net_pnl=     -234801 reward=-3086736.75 |trade|=32.09 pol_l=-0.0089 val_l=1.52e+07 ent=8.765 t=32.47s
epoch=23 interval=1d net_pnl=     -240683 reward=-3212889.00 |trade|=32.09 pol_l=-0.0082 val_l=1.28e+07 ent=8.690 t=33.09s
epoch=24 interval=1d net_pnl=     -272489 reward=-3425169.25 |trade|=32.08 pol_l=-0.0074 val_l=1.04e+07 ent=8.623 t=29.45s
epoch=25 interval=1d net_pnl=     -249788 reward=-3280893.50 |trade|=32.05 pol_l=-0.0064 val_l=9.01e+06 ent=8.566 t=30.11s
epoch=26 interval=1d net_pnl=     -220814 reward=-3121509.00 |trade|=32.05 pol_l=-0.0063 val_l=7.43e+06 ent=8.476 t=42.73s
epoch=27 interval=1d net_pnl=     -259347 reward=-3391708.00 |trade|=32.05 pol_l=-0.0058 val_l=6.06e+06 ent=8.390 t=31.16s
epoch=28 interval=1d net_pnl=     -271141 reward=-3403954.75 |trade|=32.04 pol_l=-0.0061 val_l=4.67e+06 ent=8.281 t=29.33s
epoch=29 interval=1d net_pnl=     -298111 reward=-3535916.25 |trade|=32.03 pol_l=-0.0051 val_l=3.78e+06 ent=8.184 t=39.34s
  → final=$    -298,111    best=$    -220,814 (ep 26)    imp=$   -11,005    ent=8.18    |trade|=32.0    (1102s)


Total: 155.0 min

=== Ranked by final net_pnl ===
 reward_scale  expiry_penalty  final_net_pnl  best_net_pnl  best_epoch  pnl_improvement  final_entropy  final_action_abs
   3.0000e-08      3.0000e-01    -1.9183e+05   -1.6233e+05          27       9.5278e+04     8.1960e+00        3.2037e+01
   3.0000e-07      3.0000e-01    -1.9772e+05   -1.8153e+05          28       8.9381e+04     8.0006e+00        3.2000e+01
   1.0000e-07      1.0000e+00    -2.0782e+05   -2.0782e+05          29       7.9288e+04     8.3007e+00        3.1957e+01
   1.0000e-07      3.0000e-01    -2.1108e+05   -1.9796e+05          27       7.6028e+04     8.2538e+00        3.2018e+01
   3.0000e-07      1.0000e+00    -2.2352e+05   -2.1168e+05          27       6.3582e+04     8.2519e+00        3.2059e+01
   1.0000e-07      3.0000e+00    -2.3263e+05   -2.2268e+05          28       5.4477e+04     8.5264e+00        3.1977e+01
   3.0000e-08      1.0000e+00    -2.4974e+05   -2.3692e+05          27       3.7371e+04     8.3446e+00        3.1968e+01
   3.0000e-08      3.0000e+00    -2.5576e+05   -2.3439e+05          28       3.1348e+04     8.2125e+00        3.1968e+01
   3.0000e-07      3.0000e+00    -2.9811e+05   -2.2081e+05          26      -1.1005e+04     8.1843e+00        3.2031e+01

=== Per-knob marginal effect ===
Traceback (most recent call last):
  File "/home/vretiel/PycharmProjects/riskflow/sweep_hp_resweep.py", line 154, in <module>
    main()
  File "/home/vretiel/PycharmProjects/riskflow/sweep_hp_resweep.py", line 147, in main
    marg = df.groupby(k)['final_net_pnl'].agg(['mean', 'std', 'min', 'max'])
  File "/home/vretiel/miniconda3/lib/python3.10/site-packages/pandas/core/frame.py", line 9183, in groupby
    return DataFrameGroupBy(
  File "/home/vretiel/miniconda3/lib/python3.10/site-packages/pandas/core/groupby/groupby.py", line 1329, in __init__
    grouper, exclusions, obj = get_grouper(
  File "/home/vretiel/miniconda3/lib/python3.10/site-packages/pandas/core/groupby/grouper.py", line 1043, in get_grouper
    raise KeyError(gpr)
KeyError: 'Reward_Scale'
