Output: artifacts/daily_runs/20260508_082039_sense_expiry_v3

  lr                   0.0003
  reward_scale         1e-07
  naked_penalty        5.0
  expiry_penalty       1.0
  expiry_threshold_days 4.0
  entropy_coef         0.0003
  value_coef           0.1
  epochs               30
  ppo_epochs           4
  minibatch_size       128
  batch_size           512
  seed                 42
  tag                  sense_expiry_v3
  timestamp            20260508_082039

WARNING:MarketDataRF_platinum_calibrated:Price Factor 'DiscountRate.USD-SOFR' not found in market data
/home/vretiel/miniconda3/lib/python3.10/site-packages/torch/nn/modules/transformer.py:385: UserWarning: enable_nested_tensor is True, but self.use_nested_tensor is False because encoder_layer.norm_first was True
  warnings.warn(
epoch= 0 interval=1d net_pnl=     -287106 reward=-3650336.25 |trade|=32.10 pol_l=-0.0017 val_l=2.02e+06 ent=9.619 t=29.54s
epoch= 1 interval=1d net_pnl=     -251577 reward=-3381380.75 |trade|=32.11 pol_l=-0.0019 val_l=1.93e+06 ent=9.612 t=29.46s
epoch= 2 interval=1d net_pnl=     -293805 reward=-3648569.50 |trade|=32.11 pol_l=-0.0036 val_l=1.83e+06 ent=9.603 t=29.49s
epoch= 3 interval=1d net_pnl=     -252984 reward=-3314835.00 |trade|=32.09 pol_l=-0.0042 val_l=1.74e+06 ent=9.587 t=29.89s
epoch= 4 interval=1d net_pnl=     -247563 reward=-3334709.00 |trade|=32.11 pol_l=-0.0047 val_l=1.65e+06 ent=9.569 t=29.35s
epoch= 5 interval=1d net_pnl=     -292269 reward=-3560170.50 |trade|=32.12 pol_l=-0.0054 val_l=1.56e+06 ent=9.555 t=35.90s
epoch= 6 interval=1d net_pnl=     -285355 reward=-3604693.25 |trade|=32.11 pol_l=-0.0055 val_l=1.46e+06 ent=9.540 t=34.63s
epoch= 7 interval=1d net_pnl=     -268654 reward=-3369145.50 |trade|=32.12 pol_l=-0.0056 val_l=1.31e+06 ent=9.513 t=30.82s
epoch= 8 interval=1d net_pnl=     -243886 reward=-3232991.50 |trade|=32.13 pol_l=-0.0062 val_l=1.24e+06 ent=9.492 t=45.62s
epoch= 9 interval=1d net_pnl=     -247716 reward=-3196261.50 |trade|=32.11 pol_l=-0.0060 val_l=1.10e+06 ent=9.457 t=31.74s
epoch=10 interval=1d net_pnl=     -261409 reward=-3262560.50 |trade|=32.12 pol_l=-0.0070 val_l=9.55e+05 ent=9.429 t=30.48s
epoch=11 interval=1d net_pnl=     -258404 reward=-3340048.50 |trade|=32.12 pol_l=-0.0075 val_l=8.39e+05 ent=9.393 t=29.25s
epoch=12 interval=1d net_pnl=     -230886 reward=-3154907.75 |trade|=32.11 pol_l=-0.0079 val_l=7.10e+05 ent=9.355 t=36.58s
epoch=13 interval=1d net_pnl=     -286176 reward=-3565536.00 |trade|=32.09 pol_l=-0.0071 val_l=5.98e+05 ent=9.305 t=29.73s
epoch=14 interval=1d net_pnl=     -268232 reward=-3430018.50 |trade|=32.09 pol_l=-0.0079 val_l=4.79e+05 ent=9.250 t=29.36s
epoch=15 interval=1d net_pnl=     -251122 reward=-3257946.00 |trade|=32.09 pol_l=-0.0083 val_l=3.76e+05 ent=9.194 t=35.63s
epoch=16 interval=1d net_pnl=     -271905 reward=-3443971.00 |trade|=32.09 pol_l=-0.0085 val_l=3.07e+05 ent=9.147 t=41.48s
epoch=17 interval=1d net_pnl=     -291227 reward=-3567220.25 |trade|=32.09 pol_l=-0.0086 val_l=2.41e+05 ent=9.096 t=31.53s
epoch=18 interval=1d net_pnl=     -266269 reward=-3357989.50 |trade|=32.07 pol_l=-0.0081 val_l=1.87e+05 ent=9.025 t=54.98s
epoch=19 interval=1d net_pnl=     -256575 reward=-3305310.25 |trade|=32.07 pol_l=-0.0065 val_l=1.53e+05 ent=8.959 t=33.39s
epoch=20 interval=1d net_pnl=     -233603 reward=-3097891.00 |trade|=32.06 pol_l=-0.0053 val_l=1.14e+05 ent=8.902 t=34.60s
epoch=21 interval=1d net_pnl=     -257895 reward=-3362841.25 |trade|=32.06 pol_l=-0.0033 val_l=9.35e+04 ent=8.859 t=29.26s
epoch=22 interval=1d net_pnl=     -254468 reward=-3273782.25 |trade|=32.04 pol_l=-0.0027 val_l=6.69e+04 ent=8.780 t=32.32s
epoch=23 interval=1d net_pnl=     -231760 reward=-3121745.00 |trade|=32.03 pol_l=-0.0025 val_l=5.18e+04 ent=8.722 t=31.37s
epoch=24 interval=1d net_pnl=     -269556 reward=-3361393.50 |trade|=32.02 pol_l=-0.0031 val_l=3.86e+04 ent=8.637 t=30.59s
epoch=25 interval=1d net_pnl=     -229219 reward=-3076555.75 |trade|=31.99 pol_l=-0.0032 val_l=2.98e+04 ent=8.555 t=42.30s
epoch=26 interval=1d net_pnl=     -246298 reward=-3204896.00 |trade|=32.00 pol_l=-0.0029 val_l=2.26e+04 ent=8.483 t=30.19s
epoch=27 interval=1d net_pnl=     -246106 reward=-3214368.25 |trade|=31.99 pol_l=-0.0036 val_l=1.84e+04 ent=8.396 t=31.86s
epoch=28 interval=1d net_pnl=     -247852 reward=-3172774.75 |trade|=31.98 pol_l=-0.0024 val_l=1.53e+04 ent=8.302 t=30.88s
epoch=29 interval=1d net_pnl=     -232710 reward=-3055917.00 |trade|=31.96 pol_l=-0.0018 val_l=1.34e+04 ent=8.229 t=30.24s

Training done in 16.9 min
Saved policy: artifacts/daily_runs/20260508_082039_sense_expiry_v3/trained_policy.json

Running ML rollout (deterministic)...
Running textbook rollout...

Wrote artifacts/daily_runs/20260508_082039_sense_expiry_v3/ml_paths.csv
Wrote artifacts/daily_runs/20260508_082039_sense_expiry_v3/textbook_paths.csv
Wrote artifacts/daily_runs/20260508_082039_sense_expiry_v3/summary.csv

============================================================
  ML policy net_pnl mean:      $     +24,555
  Textbook    net_pnl mean:    $     -31,054
  ML beats textbook by:        $     +55,609
============================================================
