Output: artifacts/daily_runs/20260508_080017_sense_expiry

  lr                   0.0003
  reward_scale         1e-07
  naked_penalty        5.0
  expiry_penalty       1.0
  expiry_threshold_days 4.0
  entropy_coef         0.0003
  value_coef           0.1
  epochs               30
  ppo_epochs           4
  minibatch_size       128
  batch_size           512
  seed                 42
  tag                  sense_expiry
  timestamp            20260508_080017

WARNING:MarketDataRF_platinum_calibrated:Price Factor 'DiscountRate.USD-SOFR' not found in market data
/home/vretiel/miniconda3/lib/python3.10/site-packages/torch/nn/modules/transformer.py:385: UserWarning: enable_nested_tensor is True, but self.use_nested_tensor is False because encoder_layer.norm_first was True
  warnings.warn(
epoch= 0 interval=1d net_pnl=     -287106 reward=      +nan |trade|=32.10 pol_l=+nan val_l=nan ent=nan t=31.33s
Traceback (most recent call last):
  File "/home/vretiel/PycharmProjects/riskflow/train_daily.py", line 488, in <module>
    main()
  File "/home/vretiel/PycharmProjects/riskflow/train_daily.py", line 419, in main
    cx.run_job()
  File "/home/vretiel/PycharmProjects/riskflow/riskflow/__init__.py", line 448, in run_job
    return self.Hedge_Monte_Carlo(overrides)
  File "/home/vretiel/PycharmProjects/riskflow/riskflow/__init__.py", line 492, in Hedge_Monte_Carlo
    return run_hedgemontecarlo(self.current_cfg, overrides=overrides)
  File "/home/vretiel/PycharmProjects/riskflow/riskflow/__init__.py", line 183, in run_hedgemontecarlo
    out = calc.execute(params_mc)
  File "/home/vretiel/PycharmProjects/riskflow/riskflow/calculation.py", line 2239, in execute
    optimization_result = run_torchrl_execution(torchrl_bundle, normalized_runtime)
  File "/home/vretiel/PycharmProjects/riskflow/train_daily.py", line 407, in capture
    result = torchrl_hedge.train_torchrl_policy(bundle, runtime)
  File "/home/vretiel/PycharmProjects/riskflow/riskflow/torchrl_hedge.py", line 1657, in train_torchrl_policy
    rollout = _collect_ppo_rollout(policy, train_bundle, runtime, decision_indices, deterministic=False, reward_scale=settings["reward_scale"], anchor_targets=settings.get("anchor_beta", 0.0) > 0.0)
  File "/home/vretiel/PycharmProjects/riskflow/riskflow/torchrl_hedge.py", line 1187, in _collect_ppo_rollout
    output = policy.sample(
  File "/home/vretiel/PycharmProjects/riskflow/riskflow/structured_policy.py", line 495, in sample
    action_bins = torch.distributions.Categorical(logits=logits).sample()
  File "/home/vretiel/miniconda3/lib/python3.10/site-packages/torch/distributions/categorical.py", line 72, in __init__
    super().__init__(batch_shape, validate_args=validate_args)
  File "/home/vretiel/miniconda3/lib/python3.10/site-packages/torch/distributions/distribution.py", line 71, in __init__
    raise ValueError(
ValueError: Expected parameter logits (Tensor of shape (512, 3, 37)) of distribution Categorical(logits: torch.Size([512, 3, 37])) to satisfy the constraint IndependentConstraint(Real(), 1), but found invalid values:
tensor([[[nan, nan, nan,  ..., nan, nan, nan],
         [nan, nan, nan,  ..., nan, nan, nan],
         [nan, nan, nan,  ..., nan, nan, nan]],

        [[nan, nan, nan,  ..., nan, nan, nan],
         [nan, nan, nan,  ..., nan, nan, nan],
         [nan, nan, nan,  ..., nan, nan, nan]],

        [[nan, nan, nan,  ..., nan, nan, nan],
         [nan, nan, nan,  ..., nan, nan, nan],
         [nan, nan, nan,  ..., nan, nan, nan]],

        ...,

        [[nan, nan, nan,  ..., nan, nan, nan],
         [nan, nan, nan,  ..., nan, nan, nan],
         [nan, nan, nan,  ..., nan, nan, nan]],

        [[nan, nan, nan,  ..., nan, nan, nan],
         [nan, nan, nan,  ..., nan, nan, nan],
         [nan, nan, nan,  ..., nan, nan, nan]],

        [[nan, nan, nan,  ..., nan, nan, nan],
         [nan, nan, nan,  ..., nan, nan, nan],
         [nan, nan, nan,  ..., nan, nan, nan]]], device='cuda:0',
       grad_fn=<SubBackward0>)
