WARNING:MarketDataRF_platinum_calibrated:Price Factor 'DiscountRate.USD-SOFR' not found in market data
/home/vretiel/miniconda3/lib/python3.10/site-packages/torch/nn/modules/transformer.py:385: UserWarning: enable_nested_tensor is True, but self.use_nested_tensor is False because encoder_layer.norm_first was True
  warnings.warn(
Sweep dir: artifacts/sweeps/20260512_133142_clip_0.1
Tag: clip_0.1, seeds=(7,), epochs=60
Overrides: ['Clip_Eps=0.1']

[1/1] seed=7 overrides={'Clip_Eps': 0.1}
epoch= 0 interval=1d net_pnl=     -362436 std=   4055659 worst=   -31589624 reward=     -4.00 |trade|=17.02 pol_l=-0.0037 val_l=1.06e+13 ent=10.831 t=16.36s
  [val] mean=     -683286 std=   1044083 worst=    -4331134 p5=    -2386446 sortino=    -3069732
epoch= 1 interval=1d net_pnl=     -304502 std=   3370469 worst=   -22252722 reward=     -3.57 |trade|=17.01 pol_l=-0.0039 val_l=6.61e+12 ent=10.823 t=16.23s
epoch= 2 interval=1d net_pnl=     -307724 std=   2788527 worst=   -18658636 reward=     -3.25 |trade|=16.99 pol_l=-0.0041 val_l=3.99e+12 ent=10.812 t=16.42s
epoch= 3 interval=1d net_pnl=     -335467 std=   2370669 worst=   -17587808 reward=     -3.06 |trade|=16.93 pol_l=-0.0042 val_l=2.48e+12 ent=10.797 t=16.48s
epoch= 4 interval=1d net_pnl=     -285296 std=   1953261 worst=   -13115616 reward=     -2.73 |trade|=16.81 pol_l=-0.0040 val_l=1.45e+12 ent=10.775 t=16.59s
epoch= 5 interval=1d net_pnl=     -294888 std=   1645717 worst=   -15106480 reward=     -2.55 |trade|=16.79 pol_l=-0.0037 val_l=9.20e+11 ent=10.751 t=16.56s
epoch= 6 interval=1d net_pnl=     -302928 std=   1408901 worst=    -8806077 reward=     -2.38 |trade|=16.66 pol_l=-0.0036 val_l=6.14e+11 ent=10.722 t=16.72s
epoch= 7 interval=1d net_pnl=     -291803 std=   1288441 worst=   -10142865 reward=     -2.28 |trade|=16.58 pol_l=-0.0032 val_l=4.17e+11 ent=10.689 t=16.54s
epoch= 8 interval=1d net_pnl=     -317022 std=   1161338 worst=    -6828750 reward=     -2.22 |trade|=16.45 pol_l=-0.0029 val_l=3.08e+11 ent=10.652 t=16.51s
epoch= 9 interval=1d net_pnl=     -284196 std=   1054305 worst=    -6722817 reward=     -2.08 |trade|=16.30 pol_l=-0.0027 val_l=2.34e+11 ent=10.614 t=16.55s
epoch=10 interval=1d net_pnl=     -264791 std=    974654 worst=    -5068354 reward=     -1.96 |trade|=16.19 pol_l=-0.0019 val_l=1.91e+11 ent=10.585 t=16.50s
  [val] mean=     -248120 std=    394377 worst=    -1568170 p5=     -858665 sortino=    -1106785
epoch=11 interval=1d net_pnl=     -293900 std=    959349 worst=    -5753461 reward=     -2.00 |trade|=16.09 pol_l=-0.0010 val_l=1.73e+11 ent=10.572 t=16.46s
epoch=12 interval=1d net_pnl=     -291466 std=    894959 worst=    -4913209 reward=     -1.95 |trade|=16.16 pol_l=-0.0015 val_l=1.46e+11 ent=10.535 t=16.48s
epoch=13 interval=1d net_pnl=     -290493 std=    883678 worst=    -3934028 reward=     -1.96 |trade|=16.32 pol_l=-0.0009 val_l=1.30e+11 ent=10.494 t=16.47s
epoch=14 interval=1d net_pnl=     -294438 std=    838742 worst=    -3911328 reward=     -1.93 |trade|=16.20 pol_l=-0.0014 val_l=1.15e+11 ent=10.472 t=16.43s
epoch=15 interval=1d net_pnl=     -294839 std=    811115 worst=    -4892790 reward=     -1.91 |trade|=16.26 pol_l=-0.0014 val_l=1.04e+11 ent=10.439 t=16.62s
epoch=16 interval=1d net_pnl=     -276049 std=    777263 worst=    -3444508 reward=     -1.82 |trade|=16.15 pol_l=-0.0014 val_l=9.24e+10 ent=10.412 t=16.43s
epoch=17 interval=1d net_pnl=     -299041 std=    756416 worst=    -3478216 reward=     -1.85 |trade|=16.02 pol_l=-0.0013 val_l=8.36e+10 ent=10.387 t=16.44s
epoch=18 interval=1d net_pnl=     -282431 std=    748565 worst=    -3771196 reward=     -1.81 |trade|=16.00 pol_l=-0.0014 val_l=7.63e+10 ent=10.360 t=16.41s
epoch=19 interval=1d net_pnl=     -282158 std=    742755 worst=    -3182232 reward=     -1.79 |trade|=15.78 pol_l=-0.0012 val_l=6.87e+10 ent=10.334 t=16.41s
epoch=20 interval=1d net_pnl=     -299269 std=    712679 worst=    -3185386 reward=     -1.81 |trade|=15.72 pol_l=-0.0014 val_l=6.40e+10 ent=10.306 t=16.38s
  [val] mean=     -385623 std=    692216 worst=    -4321703 p5=    -1605364 sortino=    -1990986
epoch=21 interval=1d net_pnl=     -250755 std=    704239 worst=    -3456625 reward=     -1.67 |trade|=15.55 pol_l=-0.0012 val_l=5.78e+10 ent=10.283 t=16.37s
epoch=22 interval=1d net_pnl=     -297000 std=    702471 worst=    -3588949 reward=     -1.79 |trade|=15.46 pol_l=-0.0013 val_l=5.36e+10 ent=10.257 t=16.37s
epoch=23 interval=1d net_pnl=     -285286 std=    705182 worst=    -3871633 reward=     -1.76 |trade|=15.14 pol_l=-0.0013 val_l=4.71e+10 ent=10.231 t=16.36s
epoch=24 interval=1d net_pnl=     -299342 std=    675973 worst=    -3259384 reward=     -1.78 |trade|=15.00 pol_l=-0.0012 val_l=4.29e+10 ent=10.204 t=16.37s
epoch=25 interval=1d net_pnl=     -283919 std=    676691 worst=    -3211477 reward=     -1.74 |trade|=14.76 pol_l=-0.0011 val_l=3.91e+10 ent=10.179 t=16.52s
epoch=26 interval=1d net_pnl=     -282403 std=    683589 worst=    -2980044 reward=     -1.74 |trade|=14.41 pol_l=-0.0012 val_l=3.47e+10 ent=10.165 t=16.36s
epoch=27 interval=1d net_pnl=     -282295 std=    664875 worst=    -2936566 reward=     -1.72 |trade|=14.25 pol_l=-0.0013 val_l=3.18e+10 ent=10.142 t=16.38s
epoch=28 interval=1d net_pnl=     -280086 std=    652729 worst=    -3118420 reward=     -1.70 |trade|=13.99 pol_l=-0.0012 val_l=2.87e+10 ent=10.116 t=16.35s
epoch=29 interval=1d net_pnl=     -284477 std=    648738 worst=    -3813860 reward=     -1.71 |trade|=13.77 pol_l=-0.0013 val_l=2.59e+10 ent=10.087 t=16.44s
epoch=30 interval=1d net_pnl=     -267457 std=    642844 worst=    -3051372 reward=     -1.66 |trade|=13.61 pol_l=-0.0014 val_l=2.35e+10 ent=10.064 t=16.33s
  [val] mean=      -88752 std=    405200 worst=    -1478466 p5=     -672691 sortino=     -761443
epoch=31 interval=1d net_pnl=     -275788 std=    627667 worst=    -3571840 reward=     -1.66 |trade|=13.50 pol_l=-0.0012 val_l=2.13e+10 ent=10.036 t=16.40s
epoch=32 interval=1d net_pnl=     -271045 std=    621891 worst=    -2802736 reward=     -1.65 |trade|=13.38 pol_l=-0.0014 val_l=1.98e+10 ent=10.013 t=16.33s
epoch=33 interval=1d net_pnl=     -265078 std=    614922 worst=    -2736898 reward=     -1.62 |trade|=13.27 pol_l=-0.0012 val_l=1.79e+10 ent=9.982 t=16.36s
epoch=34 interval=1d net_pnl=     -267166 std=    626540 worst=    -3036914 reward=     -1.64 |trade|=13.17 pol_l=-0.0011 val_l=1.59e+10 ent=9.949 t=16.34s
epoch=35 interval=1d net_pnl=     -273608 std=    607323 worst=    -2820608 reward=     -1.65 |trade|=12.93 pol_l=-0.0011 val_l=1.42e+10 ent=9.917 t=16.52s
epoch=36 interval=1d net_pnl=     -261817 std=    595328 worst=    -3421148 reward=     -1.59 |trade|=12.79 pol_l=-0.0011 val_l=1.30e+10 ent=9.894 t=16.35s
epoch=37 interval=1d net_pnl=     -252381 std=    587851 worst=    -2566590 reward=     -1.56 |trade|=12.68 pol_l=-0.0012 val_l=1.20e+10 ent=9.865 t=16.35s
epoch=38 interval=1d net_pnl=     -243943 std=    585814 worst=    -2307066 reward=     -1.54 |trade|=12.54 pol_l=-0.0010 val_l=1.11e+10 ent=9.846 t=16.34s
epoch=39 interval=1d net_pnl=     -245800 std=    580635 worst=    -2576372 reward=     -1.54 |trade|=12.40 pol_l=-0.0011 val_l=1.02e+10 ent=9.817 t=16.35s
epoch=40 interval=1d net_pnl=     -255263 std=    569700 worst=    -2813744 reward=     -1.55 |trade|=12.26 pol_l=-0.0010 val_l=9.42e+09 ent=9.789 t=16.35s
  [val] mean=      -23708 std=    424209 worst=    -1373782 p5=     -680031 sortino=     -703738
epoch=41 interval=1d net_pnl=     -253020 std=    562326 worst=    -2411431 reward=     -1.54 |trade|=12.10 pol_l=-0.0012 val_l=8.61e+09 ent=9.757 t=16.36s
epoch=42 interval=1d net_pnl=     -235785 std=    553671 worst=    -2302273 reward=     -1.48 |trade|=11.98 pol_l=-0.0012 val_l=7.77e+09 ent=9.720 t=16.36s
epoch=43 interval=1d net_pnl=     -236452 std=    553627 worst=    -2193718 reward=     -1.47 |trade|=11.84 pol_l=-0.0011 val_l=7.25e+09 ent=9.693 t=16.34s
epoch=44 interval=1d net_pnl=     -232029 std=    554878 worst=    -2414690 reward=     -1.47 |trade|=11.73 pol_l=-0.0011 val_l=6.63e+09 ent=9.659 t=16.35s
epoch=45 interval=1d net_pnl=     -225206 std=    553509 worst=    -2301633 reward=     -1.44 |trade|=11.59 pol_l=-0.0011 val_l=6.26e+09 ent=9.635 t=16.48s
epoch=46 interval=1d net_pnl=     -226683 std=    543211 worst=    -2392094 reward=     -1.44 |trade|=11.41 pol_l=-0.0011 val_l=5.87e+09 ent=9.610 t=16.37s
epoch=47 interval=1d net_pnl=     -218726 std=    538072 worst=    -2140549 reward=     -1.42 |trade|=11.25 pol_l=-0.0011 val_l=5.48e+09 ent=9.587 t=16.36s
epoch=48 interval=1d net_pnl=     -218326 std=    535431 worst=    -2145771 reward=     -1.42 |trade|=11.04 pol_l=-0.0011 val_l=5.02e+09 ent=9.556 t=16.36s
epoch=49 interval=1d net_pnl=     -212084 std=    520718 worst=    -2659186 reward=     -1.37 |trade|=10.88 pol_l=-0.0012 val_l=4.68e+09 ent=9.528 t=16.38s
epoch=50 interval=1d net_pnl=     -200515 std=    525381 worst=    -2378312 reward=     -1.35 |trade|=10.76 pol_l=-0.0012 val_l=4.38e+09 ent=9.500 t=16.46s
  [val] mean=       -3537 std=    512229 worst=    -1462444 p5=     -734906 sortino=     -738443
epoch=51 interval=1d net_pnl=     -202322 std=    514280 worst=    -2315969 reward=     -1.34 |trade|=10.57 pol_l=-0.0012 val_l=4.12e+09 ent=9.471 t=16.33s
epoch=52 interval=1d net_pnl=     -199597 std=    499839 worst=    -2156505 reward=     -1.32 |trade|=10.40 pol_l=-0.0011 val_l=3.84e+09 ent=9.445 t=16.36s
epoch=53 interval=1d net_pnl=     -187041 std=    505470 worst=    -2355669 reward=     -1.29 |trade|=10.20 pol_l=-0.0010 val_l=3.54e+09 ent=9.411 t=16.36s
epoch=54 interval=1d net_pnl=     -193438 std=    506408 worst=    -2008842 reward=     -1.30 |trade|=10.06 pol_l=-0.0012 val_l=3.34e+09 ent=9.388 t=16.36s
epoch=55 interval=1d net_pnl=     -179226 std=    502107 worst=    -2220034 reward=     -1.26 |trade|=9.88 pol_l=-0.0010 val_l=3.09e+09 ent=9.352 t=16.48s
epoch=56 interval=1d net_pnl=     -178586 std=    501643 worst=    -2258003 reward=     -1.26 |trade|=9.72 pol_l=-0.0010 val_l=2.88e+09 ent=9.318 t=16.36s
epoch=57 interval=1d net_pnl=     -164594 std=    490097 worst=    -2223983 reward=     -1.20 |trade|=9.55 pol_l=-0.0012 val_l=2.66e+09 ent=9.279 t=16.36s
epoch=58 interval=1d net_pnl=     -181463 std=    485908 worst=    -2046408 reward=     -1.25 |trade|=9.37 pol_l=-0.0010 val_l=2.46e+09 ent=9.250 t=16.36s
epoch=59 interval=1d net_pnl=     -161579 std=    477993 worst=    -2143394 reward=     -1.19 |trade|=9.23 pol_l=-0.0009 val_l=2.30e+09 ent=9.216 t=16.37s
  [val] mean=      +47132 std=    536845 worst=    -1537670 p5=     -725384 sortino=     -678252
  → mean=$+47,132  p5=$-725,384  sortino=$-678,252  max_total=20  min_per_inst=-18  (17.2 min)

==============================================================================
Sweep complete. CSV: artifacts/sweeps/20260512_133142_clip_0.1/sweep.csv
