WARNING:MarketDataRF_platinum_calibrated:Price Factor 'DiscountRate.USD-SOFR' not found in market data
/home/vretiel/miniconda3/lib/python3.10/site-packages/torch/nn/modules/transformer.py:385: UserWarning: enable_nested_tensor is True, but self.use_nested_tensor is False because encoder_layer.norm_first was True
  warnings.warn(
Sweep dir: artifacts/sweeps/20260513_083343_cvar_a05_l1
Tag: cvar_a05_l1, seeds=(42,), epochs=60, overrides=['Batch_Size=2048', 'Simulation_Batches=4', 'Position_Bounds_Penalty=0.05', 'CVaR_Alpha=0.05', 'CVaR_Lambda=1.0']

[1/1] seed=42 overrides={'Batch_Size': 2048, 'Simulation_Batches': 4, 'Position_Bounds_Penalty': 0.05, 'CVaR_Alpha': 0.05, 'CVaR_Lambda': 1.0}
epoch= 0 interval=1d net_pnl=     -163512 std=   3480141 worst=   -22679726 reward=     -3.41 |trade|=13.44 pol_l=+2535779.7500 val_l=3.40e+12 ent=10.061 t=16.37s
  [val] mean=    -1300593 std=   1102729 worst=    -7038807 p5=    -3190436 sortino=    -4491029
epoch= 1 interval=1d net_pnl=     -279229 std=   2106905 worst=   -17030728 reward=     -2.78 |trade|=15.44 pol_l=+1274346.8750 val_l=8.64e+11 ent=9.859 t=16.19s
epoch= 2 interval=1d net_pnl=     -351283 std=   1458381 worst=   -11754655 reward=     -2.52 |trade|=17.39 pol_l=+826968.3125 val_l=3.51e+11 ent=9.657 t=16.40s
epoch= 3 interval=1d net_pnl=     -351379 std=   1173504 worst=    -6347717 reward=     -2.33 |trade|=18.43 pol_l=+636164.8125 val_l=2.03e+11 ent=9.534 t=16.45s
epoch= 4 interval=1d net_pnl=     -419478 std=   1034444 worst=    -5065784 reward=     -2.41 |trade|=19.48 pol_l=+524573.1250 val_l=1.37e+11 ent=9.352 t=16.51s
epoch= 5 interval=1d net_pnl=     -414297 std=    958584 worst=    -5481033 reward=     -2.34 |trade|=20.41 pol_l=+471531.9688 val_l=1.10e+11 ent=9.256 t=16.52s
epoch= 6 interval=1d net_pnl=     -439272 std=    899573 worst=    -5701597 reward=     -2.36 |trade|=20.37 pol_l=+438060.9375 val_l=9.54e+10 ent=9.239 t=16.53s
epoch= 7 interval=1d net_pnl=     -443367 std=    874060 worst=    -4953898 reward=     -2.34 |trade|=20.55 pol_l=+413347.0625 val_l=8.50e+10 ent=9.175 t=16.52s
epoch= 8 interval=1d net_pnl=     -453060 std=    829564 worst=    -4023335 reward=     -2.34 |trade|=21.00 pol_l=+393237.5000 val_l=7.70e+10 ent=9.106 t=16.59s
epoch= 9 interval=1d net_pnl=     -450727 std=    807932 worst=    -4464456 reward=     -2.33 |trade|=21.05 pol_l=+371066.0312 val_l=6.86e+10 ent=9.088 t=16.49s
epoch=10 interval=1d net_pnl=     -426752 std=    779082 worst=    -3914235 reward=     -2.25 |trade|=20.90 pol_l=+361914.1875 val_l=6.53e+10 ent=9.092 t=16.48s
  [val] mean=    -1300593 std=   1102729 worst=    -7038807 p5=    -3190436 sortino=    -4491029
epoch=11 interval=1d net_pnl=     -441402 std=    760142 worst=    -3440784 reward=     -2.26 |trade|=20.54 pol_l=+347738.3438 val_l=6.04e+10 ent=9.095 t=16.49s
epoch=12 interval=1d net_pnl=     -411331 std=    757483 worst=    -3303262 reward=     -2.18 |trade|=20.26 pol_l=+331809.4375 val_l=5.50e+10 ent=9.102 t=16.48s
epoch=13 interval=1d net_pnl=     -410741 std=    746862 worst=    -3451674 reward=     -2.16 |trade|=20.02 pol_l=+322484.0312 val_l=5.21e+10 ent=9.107 t=16.47s
epoch=14 interval=1d net_pnl=     -394000 std=    718210 worst=    -3122661 reward=     -2.09 |trade|=19.41 pol_l=+309993.0625 val_l=4.81e+10 ent=9.133 t=16.44s
epoch=15 interval=1d net_pnl=     -377028 std=    701457 worst=    -3351218 reward=     -2.02 |trade|=18.59 pol_l=+297725.0000 val_l=4.45e+10 ent=9.190 t=16.46s
epoch=16 interval=1d net_pnl=     -370115 std=    675018 worst=    -3125412 reward=     -1.99 |trade|=18.27 pol_l=+282110.2188 val_l=4.00e+10 ent=9.182 t=16.45s
epoch=17 interval=1d net_pnl=     -346973 std=    673087 worst=    -3270109 reward=     -1.92 |trade|=17.52 pol_l=+270366.8125 val_l=3.68e+10 ent=9.205 t=16.47s
epoch=18 interval=1d net_pnl=     -328793 std=    657207 worst=    -3252122 reward=     -1.85 |trade|=17.23 pol_l=+258786.9062 val_l=3.37e+10 ent=9.197 t=16.49s
epoch=19 interval=1d net_pnl=     -331237 std=    651066 worst=    -3338924 reward=     -1.85 |trade|=16.74 pol_l=+247669.1562 val_l=3.09e+10 ent=9.193 t=16.38s
epoch=20 interval=1d net_pnl=     -331625 std=    646325 worst=    -3546012 reward=     -1.85 |trade|=16.90 pol_l=+239641.3438 val_l=2.90e+10 ent=9.162 t=16.42s
  [val] mean=     -270550 std=    556425 worst=    -2342378 p5=    -1138866 sortino=    -1409416
epoch=21 interval=1d net_pnl=     -314217 std=    638307 worst=    -2779871 reward=     -1.79 |trade|=16.42 pol_l=+227337.3750 val_l=2.61e+10 ent=9.156 t=16.41s
