WARNING:MarketDataRF_platinum_calibrated:Price Factor 'DiscountRate.USD-SOFR' not found in market data
/home/vretiel/miniconda3/lib/python3.10/site-packages/torch/nn/modules/transformer.py:385: UserWarning: enable_nested_tensor is True, but self.use_nested_tensor is False because encoder_layer.norm_first was True
  warnings.warn(
Sweep dir: artifacts/sweeps/20260513_081656_dtrs_2
Tag: dtrs_2, seeds=(42,), epochs=60, overrides=['Batch_Size=2048', 'Simulation_Batches=4', 'Position_Bounds_Penalty=0.05', 'Dense_Tracking_Reward_Scale=2.0']

[1/1] seed=42 overrides={'Batch_Size': 2048, 'Simulation_Batches': 4, 'Position_Bounds_Penalty': 0.05, 'Dense_Tracking_Reward_Scale': 2.0}
epoch= 0 interval=1d net_pnl=     -163512 std=   3480141 worst=   -22679726 reward=     -3.41 |trade|=13.44 pol_l=-0.0074 val_l=3.40e+12 ent=10.096 t=16.11s
  [val] mean=     -944122 std=    958782 worst=    -4867536 p5=    -2462543 sortino=    -3406665
epoch= 1 interval=1d net_pnl=     -196856 std=   2512306 worst=   -23149166 reward=     -2.89 |trade|=13.32 pol_l=-0.0093 val_l=1.50e+12 ent=10.073 t=15.86s
epoch= 2 interval=1d net_pnl=     -222721 std=   1783930 worst=   -12346402 reward=     -2.46 |trade|=13.27 pol_l=-0.0109 val_l=6.19e+11 ent=10.035 t=15.94s
epoch= 3 interval=1d net_pnl=     -220942 std=   1300047 worst=    -7357314 reward=     -2.13 |trade|=13.09 pol_l=-0.0105 val_l=2.69e+11 ent=9.989 t=15.93s
epoch= 4 interval=1d net_pnl=     -236000 std=   1044982 worst=    -4916380 reward=     -1.95 |trade|=12.91 pol_l=-0.0091 val_l=1.39e+11 ent=9.933 t=16.01s
epoch= 5 interval=1d net_pnl=     -226032 std=    881976 worst=    -3758936 reward=     -1.76 |trade|=12.46 pol_l=-0.0078 val_l=8.77e+10 ent=9.877 t=16.00s
epoch= 6 interval=1d net_pnl=     -216309 std=    773980 worst=    -7097931 reward=     -1.64 |trade|=11.97 pol_l=-0.0065 val_l=6.03e+10 ent=9.819 t=16.06s
epoch= 7 interval=1d net_pnl=     -205531 std=    691453 worst=    -4736263 reward=     -1.53 |trade|=11.50 pol_l=-0.0055 val_l=4.39e+10 ent=9.755 t=16.12s
epoch= 8 interval=1d net_pnl=     -190835 std=    637007 worst=    -3463879 reward=     -1.43 |trade|=10.68 pol_l=-0.0049 val_l=3.49e+10 ent=9.700 t=16.11s
epoch= 9 interval=1d net_pnl=     -186574 std=    577691 worst=    -2633817 reward=     -1.36 |trade|=10.34 pol_l=-0.0042 val_l=2.70e+10 ent=9.629 t=16.14s
epoch=10 interval=1d net_pnl=     -151962 std=    536917 worst=    -2675937 reward=     -1.21 |trade|=9.69 pol_l=-0.0038 val_l=2.11e+10 ent=9.554 t=16.12s
  [val] mean=      +31619 std=    400711 worst=    -1164804 p5=     -554200 sortino=     -522581
epoch=11 interval=1d net_pnl=     -141562 std=    502972 worst=    -2541370 reward=     -1.14 |trade|=9.06 pol_l=-0.0037 val_l=1.71e+10 ent=9.486 t=16.26s
epoch=12 interval=1d net_pnl=     -125861 std=    479552 worst=    -1998226 reward=     -1.08 |trade|=8.70 pol_l=-0.0033 val_l=1.35e+10 ent=9.405 t=16.21s
epoch=13 interval=1d net_pnl=     -121422 std=    467108 worst=    -1950761 reward=     -1.05 |trade|=8.20 pol_l=-0.0031 val_l=1.13e+10 ent=9.342 t=16.23s
epoch=14 interval=1d net_pnl=     -109386 std=    449704 worst=    -2732552 reward=     -0.99 |trade|=7.81 pol_l=-0.0031 val_l=9.32e+09 ent=9.274 t=16.23s
epoch=15 interval=1d net_pnl=     -101033 std=    436927 worst=    -2076321 reward=     -0.95 |trade|=7.39 pol_l=-0.0027 val_l=7.56e+09 ent=9.197 t=16.24s
epoch=16 interval=1d net_pnl=      -88815 std=    419803 worst=    -1855722 reward=     -0.90 |trade|=7.08 pol_l=-0.0025 val_l=6.25e+09 ent=9.128 t=16.27s
epoch=17 interval=1d net_pnl=      -92859 std=    418313 worst=    -1838963 reward=     -0.91 |trade|=7.06 pol_l=-0.0024 val_l=5.43e+09 ent=9.074 t=16.24s
epoch=18 interval=1d net_pnl=      -82185 std=    422615 worst=    -2260980 reward=     -0.89 |trade|=6.77 pol_l=-0.0023 val_l=4.65e+09 ent=9.016 t=16.27s
epoch=19 interval=1d net_pnl=      -76817 std=    413429 worst=    -1780691 reward=     -0.87 |trade|=6.65 pol_l=-0.0019 val_l=3.97e+09 ent=8.963 t=16.26s
epoch=20 interval=1d net_pnl=      -76483 std=    413057 worst=    -1731946 reward=     -0.86 |trade|=6.53 pol_l=-0.0017 val_l=3.56e+09 ent=8.913 t=16.28s
  [val] mean=      +56158 std=    439386 worst=    -1151681 p5=     -595584 sortino=     -539426
epoch=21 interval=1d net_pnl=      -66021 std=    413683 worst=    -1489943 reward=     -0.83 |trade|=6.34 pol_l=-0.0017 val_l=3.13e+09 ent=8.852 t=16.30s
epoch=22 interval=1d net_pnl=      -60254 std=    410986 worst=    -1618648 reward=     -0.81 |trade|=6.09 pol_l=-0.0014 val_l=2.78e+09 ent=8.800 t=16.37s
epoch=23 interval=1d net_pnl=      -62788 std=    409521 worst=    -1366082 reward=     -0.82 |trade|=5.96 pol_l=-0.0014 val_l=2.52e+09 ent=8.738 t=16.25s
epoch=24 interval=1d net_pnl=      -49118 std=    419674 worst=    -1549914 reward=     -0.80 |trade|=5.79 pol_l=-0.0015 val_l=2.25e+09 ent=8.671 t=16.30s
epoch=25 interval=1d net_pnl=      -47372 std=    418929 worst=    -1569348 reward=     -0.79 |trade|=5.69 pol_l=-0.0016 val_l=2.03e+09 ent=8.612 t=16.28s
epoch=26 interval=1d net_pnl=      -44073 std=    417584 worst=    -1554239 reward=     -0.78 |trade|=5.64 pol_l=-0.0017 val_l=1.87e+09 ent=8.554 t=16.29s
epoch=27 interval=1d net_pnl=      -42700 std=    414121 worst=    -1456122 reward=     -0.78 |trade|=5.45 pol_l=-0.0015 val_l=1.69e+09 ent=8.495 t=16.30s
epoch=28 interval=1d net_pnl=      -38845 std=    421466 worst=    -1697238 reward=     -0.78 |trade|=5.35 pol_l=-0.0016 val_l=1.52e+09 ent=8.442 t=16.29s
epoch=29 interval=1d net_pnl=      -30151 std=    413876 worst=    -1373072 reward=     -0.74 |trade|=5.19 pol_l=-0.0017 val_l=1.34e+09 ent=8.377 t=16.35s
epoch=30 interval=1d net_pnl=      -29074 std=    418635 worst=    -1543278 reward=     -0.75 |trade|=5.04 pol_l=-0.0017 val_l=1.22e+09 ent=8.310 t=16.26s
  [val] mean=      +71050 std=    508788 worst=    -1202474 p5=     -641984 sortino=     -570934
