WARNING:MarketDataRF_platinum_calibrated:Price Factor 'DiscountRate.USD-SOFR' not found in market data
/home/vretiel/miniconda3/lib/python3.10/site-packages/torch/nn/modules/transformer.py:385: UserWarning: enable_nested_tensor is True, but self.use_nested_tensor is False because encoder_layer.norm_first was True
  warnings.warn(
Sweep dir: artifacts/sweeps/20260512_104815_ec_1e-4
Tag: ec_1e-4, seeds=(7,), epochs=60
Overrides: ['Entropy_Coef=1e-4']

[1/1] seed=7 overrides={'Entropy_Coef': 0.0001}
epoch= 0 interval=1d net_pnl=     -362436 std=   4055659 worst=   -31589624 reward=     -4.00 |trade|=17.02 pol_l=-0.0073 val_l=1.06e+13 ent=10.824 t=16.37s
  [val] mean=     -797118 std=   1012680 worst=    -4662916 p5=    -2496749 sortino=    -3293868
epoch= 1 interval=1d net_pnl=     -327582 std=   2766791 worst=   -18418962 reward=     -3.24 |trade|=16.99 pol_l=-0.0081 val_l=4.00e+12 ent=10.794 t=16.22s
epoch= 2 interval=1d net_pnl=     -309962 std=   1881121 worst=   -14991463 reward=     -2.73 |trade|=17.05 pol_l=-0.0078 val_l=1.44e+12 ent=10.748 t=16.55s
epoch= 3 interval=1d net_pnl=     -331417 std=   1475439 worst=   -11178419 reward=     -2.48 |trade|=16.79 pol_l=-0.0072 val_l=6.71e+11 ent=10.698 t=16.48s
epoch= 4 interval=1d net_pnl=     -269897 std=   1168445 worst=    -6092884 reward=     -2.14 |trade|=16.51 pol_l=-0.0059 val_l=3.66e+11 ent=10.638 t=16.52s
epoch= 5 interval=1d net_pnl=     -283706 std=    981625 worst=    -8224053 reward=     -2.01 |trade|=16.51 pol_l=-0.0047 val_l=2.19e+11 ent=10.561 t=16.55s
epoch= 6 interval=1d net_pnl=     -271833 std=    859874 worst=    -3811826 reward=     -1.86 |trade|=16.36 pol_l=-0.0032 val_l=1.53e+11 ent=10.498 t=16.55s
epoch= 7 interval=1d net_pnl=     -286673 std=    829644 worst=    -4378204 reward=     -1.87 |trade|=16.29 pol_l=-0.0031 val_l=1.20e+11 ent=10.428 t=16.53s
epoch= 8 interval=1d net_pnl=     -293054 std=    764105 worst=    -4195920 reward=     -1.83 |trade|=16.40 pol_l=-0.0027 val_l=9.80e+10 ent=10.371 t=16.52s
epoch= 9 interval=1d net_pnl=     -269327 std=    723536 worst=    -3439045 reward=     -1.75 |trade|=15.85 pol_l=-0.0025 val_l=8.10e+10 ent=10.321 t=16.51s
epoch=10 interval=1d net_pnl=     -248250 std=    679979 worst=    -3696586 reward=     -1.65 |trade|=15.45 pol_l=-0.0022 val_l=6.72e+10 ent=10.260 t=16.49s
  [val] mean=     -101866 std=    439832 worst=    -1452671 p5=     -740491 sortino=     -842357
epoch=11 interval=1d net_pnl=     -257169 std=    661438 worst=    -3391487 reward=     -1.65 |trade|=15.34 pol_l=-0.0019 val_l=5.77e+10 ent=10.199 t=16.64s
epoch=12 interval=1d net_pnl=     -229373 std=    645055 worst=    -2571194 reward=     -1.56 |trade|=14.60 pol_l=-0.0019 val_l=4.75e+10 ent=10.161 t=16.44s
epoch=13 interval=1d net_pnl=     -241078 std=    647537 worst=    -2367517 reward=     -1.59 |trade|=14.81 pol_l=-0.0016 val_l=4.11e+10 ent=10.094 t=16.45s
epoch=14 interval=1d net_pnl=     -241226 std=    619430 worst=    -2648553 reward=     -1.57 |trade|=14.41 pol_l=-0.0018 val_l=3.46e+10 ent=10.045 t=16.43s
epoch=15 interval=1d net_pnl=     -244130 std=    599399 worst=    -2631475 reward=     -1.55 |trade|=14.13 pol_l=-0.0021 val_l=2.85e+10 ent=9.983 t=16.41s
epoch=16 interval=1d net_pnl=     -211999 std=    594235 worst=    -2635613 reward=     -1.46 |trade|=13.60 pol_l=-0.0022 val_l=2.38e+10 ent=9.936 t=16.41s
epoch=17 interval=1d net_pnl=     -229651 std=    580343 worst=    -2674853 reward=     -1.49 |trade|=13.06 pol_l=-0.0025 val_l=1.98e+10 ent=9.886 t=16.42s
epoch=18 interval=1d net_pnl=     -219637 std=    578496 worst=    -3416776 reward=     -1.46 |trade|=12.66 pol_l=-0.0024 val_l=1.63e+10 ent=9.848 t=16.39s
epoch=19 interval=1d net_pnl=     -199484 std=    558995 worst=    -2176766 reward=     -1.39 |trade|=12.20 pol_l=-0.0023 val_l=1.39e+10 ent=9.810 t=16.39s
epoch=20 interval=1d net_pnl=     -223245 std=    539514 worst=    -2341864 reward=     -1.43 |trade|=12.08 pol_l=-0.0022 val_l=1.24e+10 ent=9.750 t=16.39s
  [val] mean=      -75811 std=    462995 worst=    -1356427 p5=     -757720 sortino=     -833531
epoch=21 interval=1d net_pnl=     -198510 std=    522032 worst=    -2411870 reward=     -1.34 |trade|=11.74 pol_l=-0.0017 val_l=1.02e+10 ent=9.684 t=16.53s
epoch=22 interval=1d net_pnl=     -216911 std=    523303 worst=    -2284780 reward=     -1.39 |trade|=11.59 pol_l=-0.0019 val_l=8.91e+09 ent=9.617 t=16.34s
epoch=23 interval=1d net_pnl=     -187413 std=    529286 worst=    -2362760 reward=     -1.32 |trade|=11.39 pol_l=-0.0015 val_l=7.86e+09 ent=9.561 t=16.36s
epoch=24 interval=1d net_pnl=     -185674 std=    510389 worst=    -2142810 reward=     -1.29 |trade|=11.30 pol_l=-0.0014 val_l=6.84e+09 ent=9.507 t=16.35s
epoch=25 interval=1d net_pnl=     -176729 std=    494760 worst=    -1928599 reward=     -1.25 |trade|=11.17 pol_l=-0.0016 val_l=6.17e+09 ent=9.459 t=16.37s
epoch=26 interval=1d net_pnl=     -203171 std=    516123 worst=    -2014859 reward=     -1.35 |trade|=11.53 pol_l=-0.0017 val_l=5.81e+09 ent=9.410 t=16.35s
epoch=27 interval=1d net_pnl=     -177682 std=    521071 worst=    -2665478 reward=     -1.29 |trade|=11.28 pol_l=-0.0013 val_l=5.23e+09 ent=9.359 t=16.37s
epoch=28 interval=1d net_pnl=     -178920 std=    509607 worst=    -2240292 reward=     -1.28 |trade|=10.91 pol_l=-0.0015 val_l=4.62e+09 ent=9.305 t=16.31s
epoch=29 interval=1d net_pnl=     -168112 std=    500032 worst=    -2072311 reward=     -1.23 |trade|=10.45 pol_l=-0.0012 val_l=4.12e+09 ent=9.248 t=16.41s
epoch=30 interval=1d net_pnl=     -154906 std=    496389 worst=    -2062752 reward=     -1.19 |trade|=10.10 pol_l=-0.0014 val_l=3.65e+09 ent=9.196 t=16.35s
  [val] mean=      -18303 std=    538221 worst=    -1565178 p5=     -785508 sortino=     -803811
epoch=31 interval=1d net_pnl=     -150707 std=    492763 worst=    -2236734 reward=     -1.18 |trade|=9.95 pol_l=-0.0015 val_l=3.32e+09 ent=9.133 t=16.46s
epoch=32 interval=1d net_pnl=     -148901 std=    486066 worst=    -2217596 reward=     -1.17 |trade|=9.66 pol_l=-0.0016 val_l=3.00e+09 ent=9.095 t=16.30s
epoch=33 interval=1d net_pnl=     -141442 std=    489384 worst=    -1876161 reward=     -1.15 |trade|=9.39 pol_l=-0.0014 val_l=2.68e+09 ent=9.038 t=16.34s
epoch=34 interval=1d net_pnl=     -143026 std=    492224 worst=    -1940418 reward=     -1.15 |trade|=9.10 pol_l=-0.0013 val_l=2.41e+09 ent=8.972 t=16.31s
epoch=35 interval=1d net_pnl=     -141891 std=    489412 worst=    -1783256 reward=     -1.15 |trade|=8.98 pol_l=-0.0011 val_l=2.20e+09 ent=8.939 t=16.34s
epoch=36 interval=1d net_pnl=     -134672 std=    488055 worst=    -2002775 reward=     -1.13 |trade|=9.01 pol_l=-0.0014 val_l=2.04e+09 ent=8.896 t=16.33s
epoch=37 interval=1d net_pnl=     -129240 std=    488095 worst=    -2207693 reward=     -1.11 |trade|=8.77 pol_l=-0.0011 val_l=1.84e+09 ent=8.860 t=16.35s
epoch=38 interval=1d net_pnl=     -123927 std=    480036 worst=    -1813780 reward=     -1.08 |trade|=8.37 pol_l=-0.0013 val_l=1.65e+09 ent=8.797 t=16.34s
epoch=39 interval=1d net_pnl=     -118784 std=    473350 worst=    -1924328 reward=     -1.06 |trade|=8.22 pol_l=-0.0013 val_l=1.50e+09 ent=8.742 t=16.34s
epoch=40 interval=1d net_pnl=     -121976 std=    468390 worst=    -2201416 reward=     -1.07 |trade|=7.99 pol_l=-0.0014 val_l=1.35e+09 ent=8.689 t=16.35s
  [val] mean=       +9744 std=    572351 worst=    -1673859 p5=     -806317 sortino=     -796573
epoch=41 interval=1d net_pnl=      -99647 std=    479698 worst=    -2224088 reward=     -1.02 |trade|=7.66 pol_l=-0.0009 val_l=1.18e+09 ent=8.625 t=16.49s
epoch=42 interval=1d net_pnl=     -102087 std=    465826 worst=    -1741587 reward=     -1.01 |trade|=7.59 pol_l=-0.0014 val_l=1.08e+09 ent=8.593 t=16.31s
epoch=43 interval=1d net_pnl=     -105508 std=    473219 worst=    -1655443 reward=     -1.03 |trade|=7.40 pol_l=-0.0013 val_l=9.55e+08 ent=8.520 t=16.31s
epoch=44 interval=1d net_pnl=      -87864 std=    479171 worst=    -1668761 reward=     -0.99 |trade|=7.20 pol_l=-0.0015 val_l=8.55e+08 ent=8.445 t=16.33s
epoch=45 interval=1d net_pnl=      -88312 std=    467751 worst=    -2053236 reward=     -0.98 |trade|=7.04 pol_l=-0.0014 val_l=7.73e+08 ent=8.395 t=16.35s
epoch=46 interval=1d net_pnl=      -75312 std=    478881 worst=    -1559964 reward=     -0.96 |trade|=6.85 pol_l=-0.0014 val_l=6.81e+08 ent=8.328 t=16.35s
epoch=47 interval=1d net_pnl=      -76561 std=    478795 worst=    -1894956 reward=     -0.96 |trade|=6.69 pol_l=-0.0015 val_l=6.12e+08 ent=8.270 t=16.36s
epoch=48 interval=1d net_pnl=      -65794 std=    481425 worst=    -1624546 reward=     -0.93 |trade|=6.44 pol_l=-0.0014 val_l=5.46e+08 ent=8.211 t=16.39s
epoch=49 interval=1d net_pnl=      -69075 std=    484507 worst=    -1820696 reward=     -0.95 |trade|=6.29 pol_l=-0.0014 val_l=4.79e+08 ent=8.136 t=16.34s
epoch=50 interval=1d net_pnl=      -57565 std=    482119 worst=    -1653353 reward=     -0.91 |trade|=6.13 pol_l=-0.0017 val_l=4.14e+08 ent=8.058 t=16.34s
  [val] mean=      +64657 std=    600492 worst=    -1619048 p5=     -799212 sortino=     -734555
epoch=51 interval=1d net_pnl=      -59253 std=    477516 worst=    -1710940 reward=     -0.92 |trade|=5.91 pol_l=-0.0017 val_l=3.61e+08 ent=7.983 t=16.34s
epoch=52 interval=1d net_pnl=      -52912 std=    483460 worst=    -1828943 reward=     -0.91 |trade|=5.71 pol_l=-0.0018 val_l=3.13e+08 ent=7.911 t=16.50s
epoch=53 interval=1d net_pnl=      -43216 std=    489166 worst=    -2072041 reward=     -0.88 |trade|=5.59 pol_l=-0.0014 val_l=2.69e+08 ent=7.850 t=16.33s
epoch=54 interval=1d net_pnl=      -48050 std=    472119 worst=    -1691037 reward=     -0.87 |trade|=5.46 pol_l=-0.0015 val_l=2.39e+08 ent=7.780 t=16.32s
epoch=55 interval=1d net_pnl=      -39351 std=    484959 worst=    -1620686 reward=     -0.87 |trade|=5.31 pol_l=-0.0015 val_l=2.06e+08 ent=7.711 t=16.33s
epoch=56 interval=1d net_pnl=      -35757 std=    485691 worst=    -1690672 reward=     -0.86 |trade|=5.15 pol_l=-0.0015 val_l=1.81e+08 ent=7.648 t=16.34s
epoch=57 interval=1d net_pnl=      -34124 std=    484419 worst=    -1695572 reward=     -0.85 |trade|=5.06 pol_l=-0.0013 val_l=1.58e+08 ent=7.583 t=16.31s
epoch=58 interval=1d net_pnl=      -36015 std=    484576 worst=    -1828509 reward=     -0.87 |trade|=4.96 pol_l=-0.0014 val_l=1.37e+08 ent=7.516 t=16.36s
epoch=59 interval=1d net_pnl=      -25790 std=    485435 worst=    -1781021 reward=     -0.84 |trade|=4.86 pol_l=-0.0014 val_l=1.16e+08 ent=7.450 t=16.35s
  [val] mean=      +89716 std=    593103 worst=    -1770888 p5=     -767165 sortino=     -677449
  → mean=$+89,716  p5=$-767,165  sortino=$-677,449  max_total=12  min_per_inst=-6  (17.2 min)

==============================================================================
Sweep complete. CSV: artifacts/sweeps/20260512_104815_ec_1e-4/sweep.csv
