WARNING:MarketDataRF_platinum_calibrated:Price Factor 'DiscountRate.USD-SOFR' not found in market data
/home/vretiel/miniconda3/lib/python3.10/site-packages/torch/nn/modules/transformer.py:385: UserWarning: enable_nested_tensor is True, but self.use_nested_tensor is False because encoder_layer.norm_first was True
  warnings.warn(
Sweep dir: artifacts/sweeps/20260513_092406_gamma_0.995
Tag: gamma_0.995, seeds=(42,), epochs=60, overrides=['Batch_Size=2048', 'Simulation_Batches=4', 'Position_Bounds_Penalty=0.05', 'Gamma=0.995']

[1/1] seed=42 overrides={'Batch_Size': 2048, 'Simulation_Batches': 4, 'Position_Bounds_Penalty': 0.05, 'Gamma': 0.995}
epoch= 0 interval=1d net_pnl=     -163512 std=   3480141 worst=   -22679726 reward=     -3.41 |trade|=13.44 pol_l=-0.0067 val_l=5.11e+12 ent=10.096 t=16.44s
  [val] mean=    -1100741 std=   1041307 worst=    -5434999 p5=    -2767695 sortino=    -3868437
epoch= 1 interval=1d net_pnl=     -204069 std=   2502524 worst=   -23153478 reward=     -2.89 |trade|=13.36 pol_l=-0.0085 val_l=2.24e+12 ent=10.072 t=16.48s
epoch= 2 interval=1d net_pnl=     -228289 std=   1784827 worst=   -13088683 reward=     -2.46 |trade|=13.38 pol_l=-0.0091 val_l=9.33e+11 ent=10.033 t=16.72s
epoch= 3 interval=1d net_pnl=     -227829 std=   1302889 worst=    -8516612 reward=     -2.15 |trade|=13.29 pol_l=-0.0085 val_l=4.13e+11 ent=9.986 t=16.65s
epoch= 4 interval=1d net_pnl=     -239428 std=   1054372 worst=    -5444286 reward=     -1.96 |trade|=13.16 pol_l=-0.0074 val_l=2.11e+11 ent=9.927 t=16.66s
epoch= 5 interval=1d net_pnl=     -238408 std=    906182 worst=    -4884080 reward=     -1.81 |trade|=12.67 pol_l=-0.0066 val_l=1.37e+11 ent=9.880 t=16.65s
epoch= 6 interval=1d net_pnl=     -217914 std=    813831 worst=    -6773929 reward=     -1.67 |trade|=12.33 pol_l=-0.0056 val_l=9.30e+10 ent=9.821 t=16.65s
epoch= 7 interval=1d net_pnl=     -205399 std=    726960 worst=    -3615574 reward=     -1.55 |trade|=11.95 pol_l=-0.0049 val_l=6.76e+10 ent=9.766 t=16.63s
epoch= 8 interval=1d net_pnl=     -208074 std=    666191 worst=    -3769004 reward=     -1.49 |trade|=11.52 pol_l=-0.0042 val_l=5.10e+10 ent=9.710 t=16.64s
epoch= 9 interval=1d net_pnl=     -198971 std=    647519 worst=    -3914234 reward=     -1.44 |trade|=10.61 pol_l=-0.0043 val_l=4.25e+10 ent=9.672 t=16.64s
epoch=10 interval=1d net_pnl=     -165378 std=    629133 worst=    -4180752 reward=     -1.33 |trade|=10.06 pol_l=-0.0040 val_l=3.47e+10 ent=9.624 t=16.59s
  [val] mean=      +63294 std=    388416 worst=    -1154124 p5=     -530310 sortino=     -467016
epoch=11 interval=1d net_pnl=     -154807 std=    567443 worst=    -3137672 reward=     -1.24 |trade|=9.70 pol_l=-0.0037 val_l=2.63e+10 ent=9.555 t=16.64s
epoch=12 interval=1d net_pnl=     -133289 std=    529100 worst=    -2231930 reward=     -1.14 |trade|=9.17 pol_l=-0.0036 val_l=2.07e+10 ent=9.487 t=16.55s
epoch=13 interval=1d net_pnl=     -142209 std=    504486 worst=    -2282742 reward=     -1.14 |trade|=8.91 pol_l=-0.0033 val_l=1.64e+10 ent=9.412 t=16.53s
epoch=14 interval=1d net_pnl=     -140698 std=    491196 worst=    -2540241 reward=     -1.13 |trade|=8.67 pol_l=-0.0030 val_l=1.34e+10 ent=9.347 t=16.52s
epoch=15 interval=1d net_pnl=     -126373 std=    462307 worst=    -2026698 reward=     -1.06 |trade|=8.05 pol_l=-0.0027 val_l=1.07e+10 ent=9.272 t=16.48s
epoch=16 interval=1d net_pnl=     -104277 std=    446715 worst=    -2264994 reward=     -0.97 |trade|=7.64 pol_l=-0.0028 val_l=8.80e+09 ent=9.208 t=16.50s
epoch=17 interval=1d net_pnl=     -102274 std=    438964 worst=    -2031664 reward=     -0.96 |trade|=7.57 pol_l=-0.0024 val_l=7.46e+09 ent=9.142 t=16.48s
epoch=18 interval=1d net_pnl=      -93486 std=    439445 worst=    -1879864 reward=     -0.94 |trade|=7.15 pol_l=-0.0022 val_l=6.31e+09 ent=9.081 t=16.46s
epoch=19 interval=1d net_pnl=      -88839 std=    416403 worst=    -1706045 reward=     -0.90 |trade|=6.95 pol_l=-0.0021 val_l=5.47e+09 ent=9.017 t=16.49s
epoch=20 interval=1d net_pnl=      -73797 std=    419150 worst=    -1595999 reward=     -0.86 |trade|=6.91 pol_l=-0.0017 val_l=4.89e+09 ent=8.974 t=16.45s
  [val] mean=      +37087 std=    449780 worst=    -1213693 p5=     -625824 sortino=     -588737
epoch=21 interval=1d net_pnl=      -63739 std=    408661 worst=    -1524039 reward=     -0.82 |trade|=6.64 pol_l=-0.0014 val_l=4.32e+09 ent=8.907 t=16.43s
epoch=22 interval=1d net_pnl=      -59300 std=    405018 worst=    -1871596 reward=     -0.80 |trade|=6.43 pol_l=-0.0017 val_l=3.88e+09 ent=8.863 t=16.42s
epoch=23 interval=1d net_pnl=      -60622 std=    403140 worst=    -1591143 reward=     -0.80 |trade|=6.39 pol_l=-0.0012 val_l=3.51e+09 ent=8.805 t=16.44s
epoch=24 interval=1d net_pnl=      -59228 std=    411284 worst=    -1558259 reward=     -0.82 |trade|=6.32 pol_l=-0.0011 val_l=3.20e+09 ent=8.755 t=16.43s
epoch=25 interval=1d net_pnl=      -54655 std=    410631 worst=    -1638229 reward=     -0.80 |trade|=6.18 pol_l=-0.0012 val_l=2.90e+09 ent=8.702 t=16.41s
epoch=26 interval=1d net_pnl=      -48387 std=    398064 worst=    -1597943 reward=     -0.76 |trade|=6.08 pol_l=-0.0017 val_l=2.65e+09 ent=8.657 t=16.42s
epoch=27 interval=1d net_pnl=      -45533 std=    399055 worst=    -1853339 reward=     -0.76 |trade|=5.88 pol_l=-0.0015 val_l=2.37e+09 ent=8.600 t=16.44s
epoch=28 interval=1d net_pnl=      -37872 std=    399465 worst=    -1448485 reward=     -0.74 |trade|=5.64 pol_l=-0.0016 val_l=2.13e+09 ent=8.543 t=16.42s
epoch=29 interval=1d net_pnl=      -38501 std=    398415 worst=    -1352930 reward=     -0.74 |trade|=5.60 pol_l=-0.0016 val_l=1.93e+09 ent=8.478 t=16.49s
epoch=30 interval=1d net_pnl=      -39125 std=    403883 worst=    -1542856 reward=     -0.75 |trade|=5.47 pol_l=-0.0017 val_l=1.73e+09 ent=8.404 t=16.49s
  [val] mean=      +57075 std=    443374 worst=    -1180772 p5=     -598828 sortino=     -541754
epoch=31 interval=1d net_pnl=      -31342 std=    407270 worst=    -1660008 reward=     -0.73 |trade|=5.39 pol_l=-0.0017 val_l=1.56e+09 ent=8.341 t=16.44s
