WARNING:MarketDataRF_platinum_calibrated:Price Factor 'DiscountRate.USD-SOFR' not found in market data
/home/vretiel/miniconda3/lib/python3.10/site-packages/torch/nn/modules/transformer.py:385: UserWarning: enable_nested_tensor is True, but self.use_nested_tensor is False because encoder_layer.norm_first was True
  warnings.warn(
Sweep dir: artifacts/sweeps/20260513_013848_h10_sr_0
Tag: h10_sr_0, seeds=(42,), epochs=60, overrides=['Batch_Size=2048', 'Simulation_Batches=4', 'Position_Bounds_Penalty=0.05', 'Surplus_Reward=0']

[1/1] seed=42 overrides={'Batch_Size': 2048, 'Simulation_Batches': 4, 'Position_Bounds_Penalty': 0.05, 'Surplus_Reward': 0}
epoch= 0 interval=1d net_pnl=     -163512 std=   3480141 worst=   -22679726 reward=     -3.73 |trade|=13.44 pol_l=-0.0074 val_l=3.40e+12 ent=10.096 t=16.45s
  [val] mean=    -1160579 std=   1003224 worst=    -5220678 p5=    -2802991 sortino=    -3963569
epoch= 1 interval=1d net_pnl=     -200216 std=   2503860 worst=   -23149166 reward=     -3.14 |trade|=13.33 pol_l=-0.0095 val_l=1.49e+12 ent=10.073 t=16.48s
epoch= 2 interval=1d net_pnl=     -215005 std=   1775700 worst=   -12346785 reward=     -2.62 |trade|=13.23 pol_l=-0.0109 val_l=6.13e+11 ent=10.035 t=16.57s
epoch= 3 interval=1d net_pnl=     -227943 std=   1302755 worst=    -8180113 reward=     -2.29 |trade|=13.09 pol_l=-0.0105 val_l=2.71e+11 ent=9.990 t=16.70s
epoch= 4 interval=1d net_pnl=     -236723 std=   1049475 worst=    -5455267 reward=     -2.08 |trade|=12.86 pol_l=-0.0092 val_l=1.39e+11 ent=9.933 t=16.60s
epoch= 5 interval=1d net_pnl=     -231913 std=    881370 worst=    -3713284 reward=     -1.87 |trade|=12.53 pol_l=-0.0077 val_l=8.66e+10 ent=9.875 t=16.60s
epoch= 6 interval=1d net_pnl=     -214988 std=    781788 worst=    -6640930 reward=     -1.72 |trade|=11.96 pol_l=-0.0064 val_l=6.13e+10 ent=9.823 t=16.56s
epoch= 7 interval=1d net_pnl=     -201668 std=    709229 worst=    -5427284 reward=     -1.59 |trade|=11.48 pol_l=-0.0057 val_l=4.48e+10 ent=9.758 t=16.58s
epoch= 8 interval=1d net_pnl=     -179024 std=    628166 worst=    -3156878 reward=     -1.45 |trade|=10.81 pol_l=-0.0046 val_l=3.38e+10 ent=9.694 t=16.57s
epoch= 9 interval=1d net_pnl=     -186048 std=    586266 worst=    -2758340 reward=     -1.42 |trade|=10.23 pol_l=-0.0040 val_l=2.69e+10 ent=9.631 t=16.57s
epoch=10 interval=1d net_pnl=     -151350 std=    553354 worst=    -2855664 reward=     -1.29 |trade|=9.64 pol_l=-0.0038 val_l=2.20e+10 ent=9.567 t=16.57s
  [val] mean=      +57601 std=    432310 worst=    -1216036 p5=     -589797 sortino=     -532196
epoch=11 interval=1d net_pnl=     -145316 std=    507307 worst=    -2815208 reward=     -1.22 |trade|=9.13 pol_l=-0.0036 val_l=1.77e+10 ent=9.494 t=16.59s
epoch=12 interval=1d net_pnl=     -127326 std=    477056 worst=    -2156585 reward=     -1.13 |trade|=8.76 pol_l=-0.0034 val_l=1.42e+10 ent=9.420 t=16.50s
epoch=13 interval=1d net_pnl=     -126612 std=    464471 worst=    -2362464 reward=     -1.13 |trade|=8.42 pol_l=-0.0031 val_l=1.14e+10 ent=9.340 t=16.52s
epoch=14 interval=1d net_pnl=     -110007 std=    452229 worst=    -1922213 reward=     -1.06 |trade|=8.10 pol_l=-0.0031 val_l=9.24e+09 ent=9.263 t=16.49s
epoch=15 interval=1d net_pnl=     -109296 std=    436256 worst=    -1634462 reward=     -1.04 |trade|=7.66 pol_l=-0.0027 val_l=7.53e+09 ent=9.189 t=16.48s
epoch=16 interval=1d net_pnl=      -93927 std=    422189 worst=    -1633998 reward=     -0.98 |trade|=7.49 pol_l=-0.0024 val_l=6.26e+09 ent=9.119 t=16.46s
epoch=17 interval=1d net_pnl=      -92697 std=    424496 worst=    -1591545 reward=     -0.97 |trade|=7.18 pol_l=-0.0022 val_l=5.24e+09 ent=9.050 t=16.46s
epoch=18 interval=1d net_pnl=      -89306 std=    424423 worst=    -2336269 reward=     -0.96 |trade|=6.93 pol_l=-0.0023 val_l=4.56e+09 ent=8.999 t=16.43s
epoch=19 interval=1d net_pnl=      -73467 std=    413717 worst=    -1402977 reward=     -0.91 |trade|=6.63 pol_l=-0.0018 val_l=3.79e+09 ent=8.915 t=16.42s
epoch=20 interval=1d net_pnl=      -65576 std=    411644 worst=    -1591763 reward=     -0.88 |trade|=6.48 pol_l=-0.0019 val_l=3.41e+09 ent=8.861 t=16.45s
  [val] mean=      +33047 std=    375430 worst=    -1036298 p5=     -512476 sortino=     -479430
epoch=21 interval=1d net_pnl=      -68200 std=    407771 worst=    -1420339 reward=     -0.89 |trade|=6.33 pol_l=-0.0016 val_l=3.03e+09 ent=8.806 t=16.51s
epoch=22 interval=1d net_pnl=      -60585 std=    405298 worst=    -1471944 reward=     -0.87 |trade|=6.17 pol_l=-0.0015 val_l=2.68e+09 ent=8.751 t=16.43s
epoch=23 interval=1d net_pnl=      -69281 std=    395854 worst=    -1727849 reward=     -0.87 |trade|=6.11 pol_l=-0.0012 val_l=2.46e+09 ent=8.712 t=16.38s
epoch=24 interval=1d net_pnl=      -60768 std=    399777 worst=    -1510312 reward=     -0.86 |trade|=5.90 pol_l=-0.0013 val_l=2.23e+09 ent=8.660 t=16.42s
epoch=25 interval=1d net_pnl=      -61646 std=    397545 worst=    -1568754 reward=     -0.86 |trade|=5.83 pol_l=-0.0014 val_l=2.03e+09 ent=8.600 t=16.43s
epoch=26 interval=1d net_pnl=      -51471 std=    395120 worst=    -1431184 reward=     -0.83 |trade|=5.69 pol_l=-0.0016 val_l=1.85e+09 ent=8.541 t=16.42s
epoch=27 interval=1d net_pnl=      -50204 std=    400499 worst=    -1428458 reward=     -0.83 |trade|=5.49 pol_l=-0.0015 val_l=1.69e+09 ent=8.494 t=16.41s
epoch=28 interval=1d net_pnl=      -42863 std=    396181 worst=    -1420196 reward=     -0.81 |trade|=5.37 pol_l=-0.0015 val_l=1.54e+09 ent=8.449 t=16.39s
epoch=29 interval=1d net_pnl=      -45040 std=    392065 worst=    -1591210 reward=     -0.81 |trade|=5.40 pol_l=-0.0017 val_l=1.43e+09 ent=8.419 t=16.44s
epoch=30 interval=1d net_pnl=      -44979 std=    389789 worst=    -1326748 reward=     -0.80 |trade|=5.23 pol_l=-0.0016 val_l=1.30e+09 ent=8.359 t=16.37s
  [val] mean=      +66941 std=    426617 worst=     -999588 p5=     -510418 sortino=     -443477
epoch=31 interval=1d net_pnl=      -37117 std=    392631 worst=    -1390590 reward=     -0.79 |trade|=5.11 pol_l=-0.0017 val_l=1.18e+09 ent=8.318 t=16.48s
epoch=32 interval=1d net_pnl=      -33120 std=    393106 worst=    -1282136 reward=     -0.78 |trade|=4.96 pol_l=-0.0018 val_l=1.06e+09 ent=8.234 t=16.38s
epoch=33 interval=1d net_pnl=      -30889 std=    393265 worst=    -1306823 reward=     -0.77 |trade|=4.93 pol_l=-0.0017 val_l=9.53e+08 ent=8.184 t=16.38s
epoch=34 interval=1d net_pnl=      -28702 std=    392458 worst=    -1354756 reward=     -0.76 |trade|=4.72 pol_l=-0.0018 val_l=8.49e+08 ent=8.114 t=16.40s
epoch=35 interval=1d net_pnl=      -21456 std=    392916 worst=    -1305902 reward=     -0.75 |trade|=4.65 pol_l=-0.0018 val_l=7.63e+08 ent=8.045 t=16.42s
epoch=36 interval=1d net_pnl=      -24600 std=    382926 worst=    -1479538 reward=     -0.74 |trade|=4.47 pol_l=-0.0018 val_l=6.80e+08 ent=7.983 t=16.39s
epoch=37 interval=1d net_pnl=      -23728 std=    371885 worst=    -1052601 reward=     -0.72 |trade|=4.32 pol_l=-0.0018 val_l=6.08e+08 ent=7.930 t=16.38s
epoch=38 interval=1d net_pnl=      -11675 std=    366902 worst=    -1166932 reward=     -0.68 |trade|=4.13 pol_l=-0.0018 val_l=5.26e+08 ent=7.842 t=16.39s
epoch=39 interval=1d net_pnl=      -13101 std=    363376 worst=    -1141215 reward=     -0.68 |trade|=4.02 pol_l=-0.0019 val_l=4.64e+08 ent=7.751 t=16.38s
epoch=40 interval=1d net_pnl=       -6454 std=    367743 worst=    -1210152 reward=     -0.67 |trade|=3.91 pol_l=-0.0018 val_l=4.07e+08 ent=7.672 t=16.38s
  [val] mean=      +65849 std=    360731 worst=     -874707 p5=     -421336 sortino=     -355487
epoch=41 interval=1d net_pnl=       -9927 std=    359445 worst=    -1267353 reward=     -0.66 |trade|=3.85 pol_l=-0.0020 val_l=3.67e+08 ent=7.628 t=16.45s
epoch=42 interval=1d net_pnl=      -10183 std=    355908 worst=    -1465585 reward=     -0.66 |trade|=3.84 pol_l=-0.0020 val_l=3.24e+08 ent=7.558 t=16.37s
epoch=43 interval=1d net_pnl=       -5695 std=    359683 worst=    -1269475 reward=     -0.66 |trade|=3.70 pol_l=-0.0019 val_l=2.86e+08 ent=7.471 t=16.41s
epoch=44 interval=1d net_pnl=       -6480 std=    360520 worst=    -1200615 reward=     -0.66 |trade|=3.67 pol_l=-0.0022 val_l=2.55e+08 ent=7.408 t=16.39s
epoch=45 interval=1d net_pnl=       -5877 std=    353583 worst=    -1205273 reward=     -0.65 |trade|=3.61 pol_l=-0.0019 val_l=2.26e+08 ent=7.349 t=16.36s
epoch=46 interval=1d net_pnl=       -5385 std=    350521 worst=    -1121304 reward=     -0.64 |trade|=3.55 pol_l=-0.0020 val_l=1.96e+08 ent=7.269 t=16.39s
epoch=47 interval=1d net_pnl=       -6252 std=    346973 worst=    -1120656 reward=     -0.64 |trade|=3.50 pol_l=-0.0020 val_l=1.71e+08 ent=7.189 t=16.39s
epoch=48 interval=1d net_pnl=       +1219 std=    360744 worst=    -1158952 reward=     -0.64 |trade|=3.38 pol_l=-0.0020 val_l=1.47e+08 ent=7.101 t=16.38s
epoch=49 interval=1d net_pnl=       +4195 std=    356749 worst=    -1101812 reward=     -0.63 |trade|=3.27 pol_l=-0.0020 val_l=1.26e+08 ent=7.019 t=16.38s
epoch=50 interval=1d net_pnl=      +11486 std=    361110 worst=    -1422053 reward=     -0.62 |trade|=3.20 pol_l=-0.0021 val_l=1.09e+08 ent=6.929 t=16.41s
  [val] mean=      +70660 std=    375664 worst=    -1135071 p5=     -444805 sortino=     -374146
epoch=51 interval=1d net_pnl=       +5819 std=    352312 worst=    -1053644 reward=     -0.62 |trade|=3.09 pol_l=-0.0023 val_l=9.47e+07 ent=6.840 t=16.37s
epoch=52 interval=1d net_pnl=      +11175 std=    360595 worst=    -1106417 reward=     -0.61 |trade|=3.03 pol_l=-0.0023 val_l=8.02e+07 ent=6.762 t=16.40s
epoch=53 interval=1d net_pnl=      +16569 std=    364700 worst=    -1256518 reward=     -0.62 |trade|=2.99 pol_l=-0.0026 val_l=6.83e+07 ent=6.696 t=16.39s
epoch=54 interval=1d net_pnl=      +12157 std=    357727 worst=    -1153073 reward=     -0.61 |trade|=2.97 pol_l=-0.0027 val_l=5.79e+07 ent=6.626 t=16.37s
epoch=55 interval=1d net_pnl=      +13987 std=    362986 worst=     -947663 reward=     -0.62 |trade|=2.91 pol_l=-0.0029 val_l=4.81e+07 ent=6.552 t=16.36s
epoch=56 interval=1d net_pnl=      +12441 std=    363035 worst=    -1270507 reward=     -0.62 |trade|=2.89 pol_l=-0.0030 val_l=3.94e+07 ent=6.487 t=16.41s
epoch=57 interval=1d net_pnl=      +20266 std=    373125 worst=    -1114353 reward=     -0.62 |trade|=2.85 pol_l=-0.0033 val_l=3.16e+07 ent=6.399 t=16.38s
epoch=58 interval=1d net_pnl=      +14331 std=    360432 worst=    -1134653 reward=     -0.61 |trade|=2.81 pol_l=-0.0036 val_l=2.43e+07 ent=6.313 t=16.38s
epoch=59 interval=1d net_pnl=      +17993 std=    353460 worst=    -1071255 reward=     -0.59 |trade|=2.76 pol_l=-0.0039 val_l=1.79e+07 ent=6.212 t=16.37s
  [val] mean=      +74534 std=    399225 worst=    -1000803 p5=     -466601 sortino=     -392067
  → mean=$+74,534  p5=$-466,601  sortino=$-392,067  max_total=47  min_per_inst=-20  (17.2 min)

==============================================================================
Sweep complete. CSV: artifacts/sweeps/20260513_013848_h10_sr_0/sweep.csv
