WARNING:MarketDataRF_platinum_calibrated:Price Factor 'DiscountRate.USD-SOFR' not found in market data
/home/vretiel/miniconda3/lib/python3.10/site-packages/torch/nn/modules/transformer.py:385: UserWarning: enable_nested_tensor is True, but self.use_nested_tensor is False because encoder_layer.norm_first was True
  warnings.warn(
Sweep dir: artifacts/sweeps/20260512_234911_h10_pbp_0.05
Tag: h10_pbp_0.05, seeds=(42,), epochs=60, overrides=['Batch_Size=2048', 'Simulation_Batches=4', 'Position_Bounds_Penalty=0.05']

[1/1] seed=42 overrides={'Batch_Size': 2048, 'Simulation_Batches': 4, 'Position_Bounds_Penalty': 0.05}
epoch= 0 interval=1d net_pnl=     -163512 std=   3480141 worst=   -22679726 reward=     -3.41 |trade|=13.44 pol_l=-0.0074 val_l=3.40e+12 ent=10.096 t=16.33s
  [val] mean=     -938339 std=    960321 worst=    -4867536 p5=    -2474081 sortino=    -3412420
epoch= 1 interval=1d net_pnl=     -197513 std=   2512845 worst=   -23149166 reward=     -2.89 |trade|=13.32 pol_l=-0.0093 val_l=1.50e+12 ent=10.073 t=16.16s
epoch= 2 interval=1d net_pnl=     -220167 std=   1784468 worst=   -12346402 reward=     -2.45 |trade|=13.28 pol_l=-0.0108 val_l=6.18e+11 ent=10.035 t=16.26s
epoch= 3 interval=1d net_pnl=     -231793 std=   1298800 worst=    -8289823 reward=     -2.15 |trade|=13.14 pol_l=-0.0104 val_l=2.68e+11 ent=9.988 t=16.44s
epoch= 4 interval=1d net_pnl=     -242952 std=   1050907 worst=    -5065146 reward=     -1.97 |trade|=12.93 pol_l=-0.0091 val_l=1.38e+11 ent=9.932 t=16.54s
epoch= 5 interval=1d net_pnl=     -231183 std=    875200 worst=    -3750436 reward=     -1.76 |trade|=12.53 pol_l=-0.0077 val_l=8.60e+10 ent=9.873 t=16.56s
epoch= 6 interval=1d net_pnl=     -214681 std=    779517 worst=    -6358427 reward=     -1.63 |trade|=11.97 pol_l=-0.0063 val_l=6.07e+10 ent=9.820 t=16.64s
epoch= 7 interval=1d net_pnl=     -205108 std=    700346 worst=    -4648007 reward=     -1.52 |trade|=11.51 pol_l=-0.0055 val_l=4.44e+10 ent=9.758 t=16.63s
epoch= 8 interval=1d net_pnl=     -199231 std=    649347 worst=    -3453641 reward=     -1.46 |trade|=10.86 pol_l=-0.0049 val_l=3.57e+10 ent=9.703 t=16.60s
epoch= 9 interval=1d net_pnl=     -176667 std=    581291 worst=    -3494442 reward=     -1.33 |trade|=10.27 pol_l=-0.0045 val_l=2.74e+10 ent=9.630 t=16.58s
epoch=10 interval=1d net_pnl=     -144396 std=    548443 worst=    -2993290 reward=     -1.19 |trade|=9.51 pol_l=-0.0040 val_l=2.19e+10 ent=9.568 t=16.59s
  [val] mean=      +12293 std=    392731 worst=    -1078508 p5=     -564033 sortino=     -551740
epoch=11 interval=1d net_pnl=     -136449 std=    504583 worst=    -2300424 reward=     -1.12 |trade|=9.17 pol_l=-0.0037 val_l=1.74e+10 ent=9.490 t=16.55s
epoch=12 interval=1d net_pnl=     -117226 std=    473098 worst=    -2560500 reward=     -1.04 |trade|=8.74 pol_l=-0.0033 val_l=1.38e+10 ent=9.407 t=16.57s
epoch=13 interval=1d net_pnl=     -118215 std=    462360 worst=    -2200126 reward=     -1.03 |trade|=8.39 pol_l=-0.0028 val_l=1.11e+10 ent=9.335 t=16.57s
epoch=14 interval=1d net_pnl=     -102064 std=    446382 worst=    -2933712 reward=     -0.96 |trade|=8.02 pol_l=-0.0027 val_l=9.27e+09 ent=9.270 t=16.56s
epoch=15 interval=1d net_pnl=     -102454 std=    434668 worst=    -1760699 reward=     -0.96 |trade|=7.71 pol_l=-0.0024 val_l=7.73e+09 ent=9.202 t=16.58s
epoch=16 interval=1d net_pnl=      -92424 std=    424056 worst=    -1921730 reward=     -0.91 |trade|=7.33 pol_l=-0.0028 val_l=6.54e+09 ent=9.140 t=16.53s
epoch=17 interval=1d net_pnl=      -87605 std=    419958 worst=    -2230412 reward=     -0.89 |trade|=7.06 pol_l=-0.0024 val_l=5.52e+09 ent=9.080 t=16.50s
epoch=18 interval=1d net_pnl=      -86872 std=    411680 worst=    -2509537 reward=     -0.88 |trade|=6.79 pol_l=-0.0024 val_l=4.75e+09 ent=9.023 t=16.50s
epoch=19 interval=1d net_pnl=      -81344 std=    407945 worst=    -1523716 reward=     -0.87 |trade|=6.70 pol_l=-0.0020 val_l=4.00e+09 ent=8.950 t=16.51s
epoch=20 interval=1d net_pnl=      -71557 std=    408292 worst=    -1540351 reward=     -0.84 |trade|=6.49 pol_l=-0.0020 val_l=3.51e+09 ent=8.885 t=16.48s
  [val] mean=       -6191 std=    358683 worst=    -1014732 p5=     -522016 sortino=     -528208
epoch=21 interval=1d net_pnl=      -68474 std=    406428 worst=    -1377400 reward=     -0.83 |trade|=6.33 pol_l=-0.0018 val_l=3.12e+09 ent=8.829 t=16.47s
epoch=22 interval=1d net_pnl=      -61522 std=    398277 worst=    -1793386 reward=     -0.80 |trade|=6.16 pol_l=-0.0016 val_l=2.77e+09 ent=8.778 t=16.48s
epoch=23 interval=1d net_pnl=      -68806 std=    390883 worst=    -1480250 reward=     -0.81 |trade|=6.05 pol_l=-0.0011 val_l=2.53e+09 ent=8.733 t=16.45s
epoch=24 interval=1d net_pnl=      -57318 std=    389226 worst=    -1817778 reward=     -0.78 |trade|=5.82 pol_l=-0.0012 val_l=2.30e+09 ent=8.689 t=16.51s
epoch=25 interval=1d net_pnl=      -60602 std=    382485 worst=    -1397837 reward=     -0.78 |trade|=5.69 pol_l=-0.0016 val_l=2.11e+09 ent=8.641 t=16.46s
epoch=26 interval=1d net_pnl=      -58676 std=    387480 worst=    -1538316 reward=     -0.78 |trade|=5.66 pol_l=-0.0015 val_l=1.92e+09 ent=8.579 t=16.45s
epoch=27 interval=1d net_pnl=      -53453 std=    385301 worst=    -1472280 reward=     -0.76 |trade|=5.45 pol_l=-0.0015 val_l=1.73e+09 ent=8.510 t=16.45s
epoch=28 interval=1d net_pnl=      -50309 std=    386049 worst=    -1885766 reward=     -0.75 |trade|=5.32 pol_l=-0.0014 val_l=1.57e+09 ent=8.461 t=16.44s
epoch=29 interval=1d net_pnl=      -43756 std=    375990 worst=    -1229354 reward=     -0.72 |trade|=5.27 pol_l=-0.0015 val_l=1.44e+09 ent=8.414 t=16.49s
epoch=30 interval=1d net_pnl=      -41679 std=    378596 worst=    -1478240 reward=     -0.72 |trade|=5.10 pol_l=-0.0015 val_l=1.30e+09 ent=8.343 t=16.44s
  [val] mean=      +30891 std=    379286 worst=    -1022047 p5=     -513595 sortino=     -482704
epoch=31 interval=1d net_pnl=      -35802 std=    383154 worst=    -1384477 reward=     -0.71 |trade|=4.96 pol_l=-0.0016 val_l=1.19e+09 ent=8.294 t=16.41s
epoch=32 interval=1d net_pnl=      -34686 std=    372846 worst=    -1295566 reward=     -0.69 |trade|=4.88 pol_l=-0.0017 val_l=1.07e+09 ent=8.216 t=16.44s
epoch=33 interval=1d net_pnl=      -34702 std=    377496 worst=    -1406334 reward=     -0.70 |trade|=4.77 pol_l=-0.0016 val_l=9.67e+08 ent=8.165 t=16.40s
epoch=34 interval=1d net_pnl=      -30480 std=    374599 worst=    -1219866 reward=     -0.68 |trade|=4.57 pol_l=-0.0017 val_l=8.49e+08 ent=8.089 t=16.52s
epoch=35 interval=1d net_pnl=      -25366 std=    366779 worst=    -1334809 reward=     -0.65 |trade|=4.44 pol_l=-0.0018 val_l=7.61e+08 ent=8.013 t=16.44s
epoch=36 interval=1d net_pnl=      -18934 std=    373135 worst=    -1520936 reward=     -0.66 |trade|=4.29 pol_l=-0.0016 val_l=6.76e+08 ent=7.931 t=16.43s
epoch=37 interval=1d net_pnl=      -20766 std=    361809 worst=    -1226610 reward=     -0.64 |trade|=4.18 pol_l=-0.0018 val_l=6.11e+08 ent=7.885 t=16.43s
epoch=38 interval=1d net_pnl=      -16742 std=    353103 worst=    -1286571 reward=     -0.62 |trade|=4.15 pol_l=-0.0018 val_l=5.51e+08 ent=7.832 t=16.42s
epoch=39 interval=1d net_pnl=      -16442 std=    348644 worst=    -1511931 reward=     -0.61 |trade|=4.03 pol_l=-0.0018 val_l=4.84e+08 ent=7.743 t=16.39s
epoch=40 interval=1d net_pnl=       -8693 std=    349537 worst=    -1198964 reward=     -0.59 |trade|=3.96 pol_l=-0.0017 val_l=4.39e+08 ent=7.691 t=16.43s
  [val] mean=      +29896 std=    358980 worst=    -1064412 p5=     -487236 sortino=     -457340
epoch=41 interval=1d net_pnl=      -12599 std=    346012 worst=    -1340738 reward=     -0.59 |trade|=3.85 pol_l=-0.0019 val_l=3.87e+08 ent=7.632 t=16.41s
epoch=42 interval=1d net_pnl=      -11531 std=    342386 worst=    -1394475 reward=     -0.58 |trade|=3.78 pol_l=-0.0018 val_l=3.44e+08 ent=7.559 t=16.42s
epoch=43 interval=1d net_pnl=       -3042 std=    346430 worst=    -1220881 reward=     -0.57 |trade|=3.70 pol_l=-0.0019 val_l=3.07e+08 ent=7.493 t=16.41s
epoch=44 interval=1d net_pnl=       -2381 std=    345764 worst=    -1205510 reward=     -0.57 |trade|=3.68 pol_l=-0.0020 val_l=2.74e+08 ent=7.432 t=16.49s
epoch=45 interval=1d net_pnl=       -4791 std=    341196 worst=    -1083051 reward=     -0.57 |trade|=3.63 pol_l=-0.0019 val_l=2.42e+08 ent=7.361 t=16.39s
epoch=46 interval=1d net_pnl=       -2070 std=    337158 worst=    -1219009 reward=     -0.56 |trade|=3.58 pol_l=-0.0020 val_l=2.12e+08 ent=7.292 t=16.41s
epoch=47 interval=1d net_pnl=       -4769 std=    338465 worst=    -1085192 reward=     -0.56 |trade|=3.51 pol_l=-0.0019 val_l=1.84e+08 ent=7.212 t=16.38s
epoch=48 interval=1d net_pnl=       -1793 std=    343419 worst=    -1160209 reward=     -0.56 |trade|=3.45 pol_l=-0.0020 val_l=1.61e+08 ent=7.137 t=16.41s
epoch=49 interval=1d net_pnl=       +2087 std=    341509 worst=    -1135608 reward=     -0.55 |trade|=3.37 pol_l=-0.0020 val_l=1.37e+08 ent=7.078 t=16.41s
epoch=50 interval=1d net_pnl=       +5046 std=    345388 worst=    -1255349 reward=     -0.55 |trade|=3.33 pol_l=-0.0022 val_l=1.20e+08 ent=6.994 t=16.42s
  [val] mean=      +62830 std=    381058 worst=    -1096679 p5=     -486557 sortino=     -423727
epoch=51 interval=1d net_pnl=       +5127 std=    346680 worst=    -1112756 reward=     -0.55 |trade|=3.21 pol_l=-0.0022 val_l=1.02e+08 ent=6.911 t=16.41s
epoch=52 interval=1d net_pnl=      +10691 std=    347916 worst=    -1185630 reward=     -0.54 |trade|=3.11 pol_l=-0.0024 val_l=8.64e+07 ent=6.831 t=16.42s
epoch=53 interval=1d net_pnl=      +13905 std=    345106 worst=    -1183156 reward=     -0.52 |trade|=3.04 pol_l=-0.0025 val_l=7.26e+07 ent=6.751 t=16.39s
epoch=54 interval=1d net_pnl=       +9394 std=    339570 worst=    -1159762 reward=     -0.53 |trade|=3.05 pol_l=-0.0028 val_l=6.14e+07 ent=6.696 t=16.47s
epoch=55 interval=1d net_pnl=      +10768 std=    339190 worst=     -997580 reward=     -0.52 |trade|=2.96 pol_l=-0.0029 val_l=4.99e+07 ent=6.602 t=16.38s
epoch=56 interval=1d net_pnl=      +11900 std=    348189 worst=    -1134916 reward=     -0.53 |trade|=2.91 pol_l=-0.0032 val_l=4.07e+07 ent=6.512 t=16.41s
epoch=57 interval=1d net_pnl=      +19452 std=    356354 worst=    -1004707 reward=     -0.53 |trade|=2.85 pol_l=-0.0032 val_l=3.21e+07 ent=6.425 t=16.40s
epoch=58 interval=1d net_pnl=      +16025 std=    350567 worst=    -1150421 reward=     -0.53 |trade|=2.83 pol_l=-0.0036 val_l=2.38e+07 ent=6.320 t=16.37s
epoch=59 interval=1d net_pnl=      +17884 std=    347758 worst=    -1209712 reward=     -0.52 |trade|=2.78 pol_l=-0.0038 val_l=1.74e+07 ent=6.210 t=16.39s
  [val] mean=      +71396 std=    401464 worst=    -1037415 p5=     -516245 sortino=     -444849
  → mean=$+71,396  p5=$-516,245  sortino=$-444,849  max_total=34  min_per_inst=-15  (17.2 min)

==============================================================================
Sweep complete. CSV: artifacts/sweeps/20260512_234911_h10_pbp_0.05/sweep.csv
