WARNING:MarketDataRF_platinum_calibrated:Price Factor 'DiscountRate.USD-SOFR' not found in market data
/home/vretiel/miniconda3/lib/python3.10/site-packages/torch/nn/modules/transformer.py:385: UserWarning: enable_nested_tensor is True, but self.use_nested_tensor is False because encoder_layer.norm_first was True
  warnings.warn(
Sweep dir: artifacts/sweeps/20260513_000702_h10_pbp_0.05_4seed
Tag: h10_pbp_0.05_4seed, seeds=(7, 42, 123, 456), epochs=60, overrides=['Batch_Size=2048', 'Simulation_Batches=4', 'Position_Bounds_Penalty=0.05']

[1/4] seed=7 overrides={'Batch_Size': 2048, 'Simulation_Batches': 4, 'Position_Bounds_Penalty': 0.05}
epoch= 0 interval=1d net_pnl=     -233115 std=   3566324 worst=   -29022728 reward=     -3.54 |trade|=13.45 pol_l=-0.0076 val_l=3.45e+12 ent=10.096 t=16.34s
  [val] mean=     -804400 std=   1090192 worst=    -4087590 p5=    -2488119 sortino=    -3292519
epoch= 1 interval=1d net_pnl=     -194304 std=   2608235 worst=   -18844476 reward=     -2.92 |trade|=13.33 pol_l=-0.0094 val_l=1.56e+12 ent=10.074 t=16.30s
epoch= 2 interval=1d net_pnl=     -229814 std=   1751155 worst=   -11237251 reward=     -2.47 |trade|=13.26 pol_l=-0.0106 val_l=6.30e+11 ent=10.038 t=16.55s
epoch= 3 interval=1d net_pnl=     -252836 std=   1330852 worst=    -8729430 reward=     -2.21 |trade|=13.10 pol_l=-0.0107 val_l=2.87e+11 ent=9.993 t=16.61s
epoch= 4 interval=1d net_pnl=     -221863 std=   1085739 worst=    -6430632 reward=     -1.96 |trade|=12.71 pol_l=-0.0097 val_l=1.51e+11 ent=9.944 t=16.62s
epoch= 5 interval=1d net_pnl=     -224777 std=    895353 worst=    -5120815 reward=     -1.77 |trade|=12.29 pol_l=-0.0084 val_l=9.25e+10 ent=9.884 t=16.63s
epoch= 6 interval=1d net_pnl=     -216125 std=    771021 worst=    -4027862 reward=     -1.65 |trade|=12.09 pol_l=-0.0070 val_l=6.14e+10 ent=9.820 t=16.62s
epoch= 7 interval=1d net_pnl=     -208031 std=    691388 worst=    -4056284 reward=     -1.54 |trade|=11.42 pol_l=-0.0058 val_l=4.48e+10 ent=9.758 t=16.63s
epoch= 8 interval=1d net_pnl=     -204641 std=    620805 worst=    -4556560 reward=     -1.44 |trade|=10.87 pol_l=-0.0048 val_l=3.41e+10 ent=9.695 t=16.61s
epoch= 9 interval=1d net_pnl=     -179140 std=    574423 worst=    -2536161 reward=     -1.33 |trade|=10.15 pol_l=-0.0044 val_l=2.60e+10 ent=9.622 t=16.64s
epoch=10 interval=1d net_pnl=     -166019 std=    526873 worst=    -2352059 reward=     -1.24 |trade|=9.80 pol_l=-0.0042 val_l=2.05e+10 ent=9.549 t=16.63s
  [val] mean=       +3526 std=    268852 worst=     -959391 p5=     -420043 sortino=     -416517
epoch=11 interval=1d net_pnl=     -147070 std=    510286 worst=    -2784969 reward=     -1.16 |trade|=9.32 pol_l=-0.0039 val_l=1.67e+10 ent=9.492 t=16.66s
epoch=12 interval=1d net_pnl=     -156603 std=    495322 worst=    -2787463 reward=     -1.17 |trade|=9.10 pol_l=-0.0032 val_l=1.36e+10 ent=9.430 t=16.58s
epoch=13 interval=1d net_pnl=     -132533 std=    484492 worst=    -2383808 reward=     -1.10 |trade|=8.62 pol_l=-0.0034 val_l=1.12e+10 ent=9.371 t=16.55s
epoch=14 interval=1d net_pnl=     -119439 std=    452153 worst=    -2476562 reward=     -1.02 |trade|=8.29 pol_l=-0.0031 val_l=8.97e+09 ent=9.302 t=16.56s
epoch=15 interval=1d net_pnl=     -105903 std=    452529 worst=    -2801326 reward=     -0.98 |trade|=7.82 pol_l=-0.0028 val_l=7.40e+09 ent=9.243 t=16.52s
epoch=16 interval=1d net_pnl=      -95510 std=    429342 worst=    -2298412 reward=     -0.93 |trade|=7.57 pol_l=-0.0026 val_l=6.05e+09 ent=9.170 t=16.53s
epoch=17 interval=1d net_pnl=      -81932 std=    420021 worst=    -1956268 reward=     -0.87 |trade|=7.19 pol_l=-0.0025 val_l=5.03e+09 ent=9.106 t=16.51s
epoch=18 interval=1d net_pnl=      -87045 std=    408660 worst=    -1916746 reward=     -0.87 |trade|=6.94 pol_l=-0.0024 val_l=4.28e+09 ent=9.033 t=16.49s
epoch=19 interval=1d net_pnl=      -73820 std=    396524 worst=    -1664883 reward=     -0.82 |trade|=6.74 pol_l=-0.0019 val_l=3.58e+09 ent=8.965 t=16.46s
epoch=20 interval=1d net_pnl=      -72258 std=    385468 worst=    -1509901 reward=     -0.81 |trade|=6.50 pol_l=-0.0017 val_l=3.11e+09 ent=8.895 t=16.50s
  [val] mean=      +23557 std=    299611 worst=     -984684 p5=     -407837 sortino=     -384280
epoch=21 interval=1d net_pnl=      -71206 std=    398526 worst=    -1693452 reward=     -0.82 |trade|=6.37 pol_l=-0.0016 val_l=2.73e+09 ent=8.831 t=16.45s
epoch=22 interval=1d net_pnl=      -66540 std=    396298 worst=    -1600603 reward=     -0.81 |trade|=6.31 pol_l=-0.0015 val_l=2.47e+09 ent=8.783 t=16.49s
epoch=23 interval=1d net_pnl=      -64011 std=    385941 worst=    -1607974 reward=     -0.79 |trade|=6.13 pol_l=-0.0017 val_l=2.18e+09 ent=8.746 t=16.46s
epoch=24 interval=1d net_pnl=      -46115 std=    380580 worst=    -1424042 reward=     -0.73 |trade|=5.93 pol_l=-0.0011 val_l=1.95e+09 ent=8.680 t=16.44s
epoch=25 interval=1d net_pnl=      -43762 std=    391417 worst=    -1674438 reward=     -0.74 |trade|=5.80 pol_l=-0.0016 val_l=1.76e+09 ent=8.618 t=16.46s
epoch=26 interval=1d net_pnl=      -53645 std=    383943 worst=    -1661678 reward=     -0.76 |trade|=5.66 pol_l=-0.0018 val_l=1.58e+09 ent=8.566 t=16.43s
epoch=27 interval=1d net_pnl=      -44858 std=    381155 worst=    -1624671 reward=     -0.73 |trade|=5.48 pol_l=-0.0019 val_l=1.42e+09 ent=8.508 t=16.44s
epoch=28 interval=1d net_pnl=      -39461 std=    376831 worst=    -1704121 reward=     -0.71 |trade|=5.30 pol_l=-0.0017 val_l=1.26e+09 ent=8.447 t=16.43s
epoch=29 interval=1d net_pnl=      -32587 std=    377128 worst=    -1386091 reward=     -0.69 |trade|=5.12 pol_l=-0.0017 val_l=1.11e+09 ent=8.386 t=16.50s
epoch=30 interval=1d net_pnl=      -31658 std=    368659 worst=    -1595803 reward=     -0.68 |trade|=5.04 pol_l=-0.0019 val_l=1.01e+09 ent=8.333 t=16.49s
  [val] mean=      +60946 std=    313806 worst=     -792057 p5=     -360348 sortino=     -299402
epoch=31 interval=1d net_pnl=      -26095 std=    372211 worst=    -1561667 reward=     -0.67 |trade|=4.85 pol_l=-0.0019 val_l=8.90e+08 ent=8.256 t=16.43s
epoch=32 interval=1d net_pnl=      -26468 std=    374106 worst=    -1752024 reward=     -0.67 |trade|=4.75 pol_l=-0.0019 val_l=7.95e+08 ent=8.198 t=16.41s
epoch=33 interval=1d net_pnl=      -20074 std=    367976 worst=    -1525053 reward=     -0.65 |trade|=4.64 pol_l=-0.0017 val_l=6.93e+08 ent=8.120 t=16.38s
epoch=34 interval=1d net_pnl=      -22112 std=    372194 worst=    -1342168 reward=     -0.66 |trade|=4.57 pol_l=-0.0018 val_l=6.27e+08 ent=8.072 t=16.43s
epoch=35 interval=1d net_pnl=      -18587 std=    367737 worst=    -1166646 reward=     -0.64 |trade|=4.46 pol_l=-0.0019 val_l=5.45e+08 ent=7.991 t=16.44s
epoch=36 interval=1d net_pnl=      -17831 std=    373510 worst=    -1343650 reward=     -0.65 |trade|=4.39 pol_l=-0.0020 val_l=4.98e+08 ent=7.929 t=16.42s
epoch=37 interval=1d net_pnl=      -11420 std=    371981 worst=    -1320881 reward=     -0.63 |trade|=4.29 pol_l=-0.0019 val_l=4.36e+08 ent=7.862 t=16.40s
epoch=38 interval=1d net_pnl=      -11916 std=    361040 worst=    -1259768 reward=     -0.61 |trade|=4.21 pol_l=-0.0020 val_l=3.91e+08 ent=7.811 t=16.41s
epoch=39 interval=1d net_pnl=       -8648 std=    357659 worst=    -1295975 reward=     -0.60 |trade|=4.11 pol_l=-0.0020 val_l=3.43e+08 ent=7.707 t=16.39s
epoch=40 interval=1d net_pnl=       -9990 std=    348320 worst=    -1452932 reward=     -0.59 |trade|=3.99 pol_l=-0.0020 val_l=2.99e+08 ent=7.636 t=16.49s
  [val] mean=      +65558 std=    323499 worst=     -734471 p5=     -381164 sortino=     -315606
epoch=41 interval=1d net_pnl=       -5294 std=    357630 worst=    -1213252 reward=     -0.60 |trade|=3.92 pol_l=-0.0019 val_l=2.59e+08 ent=7.536 t=16.40s
epoch=42 interval=1d net_pnl=       +2270 std=    366688 worst=    -1217048 reward=     -0.59 |trade|=3.79 pol_l=-0.0021 val_l=2.29e+08 ent=7.446 t=16.42s
epoch=43 interval=1d net_pnl=       -2552 std=    367756 worst=    -1352892 reward=     -0.60 |trade|=3.71 pol_l=-0.0021 val_l=2.04e+08 ent=7.366 t=16.42s
epoch=44 interval=1d net_pnl=       +1037 std=    362662 worst=    -1145732 reward=     -0.59 |trade|=3.61 pol_l=-0.0022 val_l=1.75e+08 ent=7.292 t=16.44s
epoch=45 interval=1d net_pnl=       +5699 std=    360536 worst=    -1142617 reward=     -0.57 |trade|=3.48 pol_l=-0.0020 val_l=1.51e+08 ent=7.214 t=16.42s
epoch=46 interval=1d net_pnl=       +7631 std=    364064 worst=    -1273382 reward=     -0.57 |trade|=3.42 pol_l=-0.0022 val_l=1.30e+08 ent=7.110 t=16.40s
epoch=47 interval=1d net_pnl=       +6793 std=    368985 worst=    -1141994 reward=     -0.58 |trade|=3.33 pol_l=-0.0025 val_l=1.09e+08 ent=7.035 t=16.40s
epoch=48 interval=1d net_pnl=       +6978 std=    370264 worst=    -1284535 reward=     -0.58 |trade|=3.27 pol_l=-0.0026 val_l=9.06e+07 ent=6.947 t=16.40s
epoch=49 interval=1d net_pnl=      +12626 std=    366203 worst=    -1146261 reward=     -0.56 |trade|=3.20 pol_l=-0.0028 val_l=7.62e+07 ent=6.874 t=16.38s
epoch=50 interval=1d net_pnl=      +12746 std=    365707 worst=    -1224623 reward=     -0.56 |trade|=3.16 pol_l=-0.0031 val_l=6.25e+07 ent=6.794 t=16.49s
  [val] mean=      +75693 std=    337140 worst=     -807906 p5=     -379980 sortino=     -304287
epoch=51 interval=1d net_pnl=      +12733 std=    362869 worst=    -1235444 reward=     -0.56 |trade|=3.09 pol_l=-0.0032 val_l=4.97e+07 ent=6.693 t=16.40s
epoch=52 interval=1d net_pnl=      +11812 std=    365655 worst=    -1314469 reward=     -0.56 |trade|=3.03 pol_l=-0.0036 val_l=3.84e+07 ent=6.597 t=16.40s
epoch=53 interval=1d net_pnl=      +13651 std=    366454 worst=    -1512629 reward=     -0.56 |trade|=2.98 pol_l=-0.0037 val_l=2.83e+07 ent=6.496 t=16.43s
epoch=54 interval=1d net_pnl=      +16927 std=    357492 worst=    -1126242 reward=     -0.54 |trade|=2.93 pol_l=-0.0036 val_l=2.01e+07 ent=6.377 t=16.42s
epoch=55 interval=1d net_pnl=      +17435 std=    358900 worst=    -1198941 reward=     -0.54 |trade|=2.87 pol_l=-0.0036 val_l=1.42e+07 ent=6.256 t=16.38s
epoch=56 interval=1d net_pnl=      +20806 std=    356225 worst=    -1146854 reward=     -0.53 |trade|=2.82 pol_l=-0.0030 val_l=9.43e+06 ent=6.131 t=16.42s
epoch=57 interval=1d net_pnl=      +17412 std=    360299 worst=    -1113152 reward=     -0.54 |trade|=2.76 pol_l=-0.0028 val_l=6.70e+06 ent=6.017 t=16.41s
epoch=58 interval=1d net_pnl=      +22801 std=    359312 worst=    -1265065 reward=     -0.53 |trade|=2.69 pol_l=-0.0026 val_l=4.62e+06 ent=5.907 t=16.41s
epoch=59 interval=1d net_pnl=      +23142 std=    361376 worst=    -1175088 reward=     -0.53 |trade|=2.64 pol_l=-0.0024 val_l=3.35e+06 ent=5.815 t=16.45s
  [val] mean=      +84078 std=    364209 worst=     -832544 p5=     -430429 sortino=     -346351
WARNING:MarketDataRF_platinum_calibrated:Price Factor 'DiscountRate.USD-SOFR' not found in market data
  → mean=$+84,078  p5=$-430,429  sortino=$-346,351  max_total=42  min_per_inst=-21  (17.3 min)

[2/4] seed=42 overrides={'Batch_Size': 2048, 'Simulation_Batches': 4, 'Position_Bounds_Penalty': 0.05}
epoch= 0 interval=1d net_pnl=     -163512 std=   3480141 worst=   -22679726 reward=     -3.41 |trade|=13.44 pol_l=-0.0074 val_l=3.40e+12 ent=10.096 t=16.18s
  [val] mean=     -938339 std=    960321 worst=    -4867536 p5=    -2474081 sortino=    -3412420
epoch= 1 interval=1d net_pnl=     -197513 std=   2512845 worst=   -23149166 reward=     -2.89 |trade|=13.32 pol_l=-0.0093 val_l=1.50e+12 ent=10.073 t=16.56s
epoch= 2 interval=1d net_pnl=     -220960 std=   1784797 worst=   -12346402 reward=     -2.45 |trade|=13.28 pol_l=-0.0108 val_l=6.19e+11 ent=10.036 t=16.63s
epoch= 3 interval=1d net_pnl=     -217206 std=   1305648 worst=    -7671934 reward=     -2.13 |trade|=13.09 pol_l=-0.0105 val_l=2.72e+11 ent=9.990 t=16.64s
epoch= 4 interval=1d net_pnl=     -235507 std=   1051238 worst=    -4826580 reward=     -1.95 |trade|=12.94 pol_l=-0.0093 val_l=1.39e+11 ent=9.932 t=16.64s
epoch= 5 interval=1d net_pnl=     -225585 std=    880155 worst=    -4733144 reward=     -1.76 |trade|=12.54 pol_l=-0.0078 val_l=8.76e+10 ent=9.875 t=16.64s
epoch= 6 interval=1d net_pnl=     -218998 std=    777570 worst=    -7210975 reward=     -1.64 |trade|=12.07 pol_l=-0.0066 val_l=6.07e+10 ent=9.818 t=16.64s
epoch= 7 interval=1d net_pnl=     -204763 std=    699063 worst=    -4199076 reward=     -1.52 |trade|=11.56 pol_l=-0.0055 val_l=4.46e+10 ent=9.756 t=16.62s
epoch= 8 interval=1d net_pnl=     -185555 std=    637854 worst=    -4119145 reward=     -1.41 |trade|=10.88 pol_l=-0.0046 val_l=3.47e+10 ent=9.698 t=16.63s
epoch= 9 interval=1d net_pnl=     -175573 std=    574586 worst=    -2858618 reward=     -1.31 |trade|=10.21 pol_l=-0.0041 val_l=2.70e+10 ent=9.630 t=16.63s
epoch=10 interval=1d net_pnl=     -148668 std=    541382 worst=    -3430410 reward=     -1.19 |trade|=9.65 pol_l=-0.0036 val_l=2.12e+10 ent=9.557 t=16.68s
  [val] mean=      +34174 std=    310966 worst=     -963819 p5=     -437055 sortino=     -402880
epoch=11 interval=1d net_pnl=     -142515 std=    509274 worst=    -2722432 reward=     -1.15 |trade|=9.17 pol_l=-0.0038 val_l=1.73e+10 ent=9.488 t=16.57s
epoch=12 interval=1d net_pnl=     -119835 std=    468723 worst=    -2416952 reward=     -1.04 |trade|=8.58 pol_l=-0.0034 val_l=1.33e+10 ent=9.396 t=16.54s
epoch=13 interval=1d net_pnl=     -125793 std=    450345 worst=    -2003590 reward=     -1.04 |trade|=8.17 pol_l=-0.0031 val_l=1.07e+10 ent=9.321 t=16.54s
epoch=14 interval=1d net_pnl=     -105323 std=    439744 worst=    -2654350 reward=     -0.97 |trade|=7.74 pol_l=-0.0027 val_l=8.75e+09 ent=9.253 t=16.54s
epoch=15 interval=1d net_pnl=     -101686 std=    433244 worst=    -2111138 reward=     -0.95 |trade|=7.31 pol_l=-0.0026 val_l=7.29e+09 ent=9.185 t=16.50s
epoch=16 interval=1d net_pnl=      -83653 std=    412769 worst=    -1655263 reward=     -0.88 |trade|=6.94 pol_l=-0.0025 val_l=6.09e+09 ent=9.116 t=16.52s
epoch=17 interval=1d net_pnl=      -76968 std=    413174 worst=    -2323180 reward=     -0.86 |trade|=6.68 pol_l=-0.0022 val_l=5.08e+09 ent=9.051 t=16.49s
epoch=18 interval=1d net_pnl=      -77319 std=    416077 worst=    -1527361 reward=     -0.87 |trade|=6.43 pol_l=-0.0022 val_l=4.32e+09 ent=8.978 t=16.47s
epoch=19 interval=1d net_pnl=      -61795 std=    406878 worst=    -1528351 reward=     -0.81 |trade|=6.21 pol_l=-0.0017 val_l=3.69e+09 ent=8.916 t=16.56s
epoch=20 interval=1d net_pnl=      -58532 std=    397338 worst=    -1501080 reward=     -0.79 |trade|=6.05 pol_l=-0.0018 val_l=3.22e+09 ent=8.866 t=16.46s
  [val] mean=      +23578 std=    296587 worst=     -694511 p5=     -393248 sortino=     -369669
epoch=21 interval=1d net_pnl=      -58839 std=    392915 worst=    -1418411 reward=     -0.78 |trade|=5.97 pol_l=-0.0019 val_l=2.92e+09 ent=8.823 t=16.47s
epoch=22 interval=1d net_pnl=      -50383 std=    384993 worst=    -1425295 reward=     -0.75 |trade|=5.82 pol_l=-0.0017 val_l=2.61e+09 ent=8.768 t=16.46s
epoch=23 interval=1d net_pnl=      -55045 std=    386822 worst=    -1619740 reward=     -0.76 |trade|=5.73 pol_l=-0.0012 val_l=2.36e+09 ent=8.712 t=16.48s
epoch=24 interval=1d net_pnl=      -43956 std=    394532 worst=    -1711826 reward=     -0.75 |trade|=5.58 pol_l=-0.0014 val_l=2.14e+09 ent=8.650 t=16.46s
epoch=25 interval=1d net_pnl=      -41607 std=    393511 worst=    -1558522 reward=     -0.74 |trade|=5.38 pol_l=-0.0012 val_l=1.91e+09 ent=8.587 t=16.46s
epoch=26 interval=1d net_pnl=      -37843 std=    390218 worst=    -1275918 reward=     -0.73 |trade|=5.23 pol_l=-0.0013 val_l=1.73e+09 ent=8.528 t=16.44s
epoch=27 interval=1d net_pnl=      -35646 std=    394050 worst=    -1402391 reward=     -0.73 |trade|=5.18 pol_l=-0.0014 val_l=1.60e+09 ent=8.482 t=16.43s
epoch=28 interval=1d net_pnl=      -36760 std=    388985 worst=    -1490296 reward=     -0.72 |trade|=5.06 pol_l=-0.0016 val_l=1.44e+09 ent=8.426 t=16.44s
epoch=29 interval=1d net_pnl=      -29145 std=    389267 worst=    -1235832 reward=     -0.70 |trade|=5.02 pol_l=-0.0015 val_l=1.31e+09 ent=8.368 t=16.55s
epoch=30 interval=1d net_pnl=      -32384 std=    390204 worst=    -1455443 reward=     -0.71 |trade|=4.88 pol_l=-0.0016 val_l=1.19e+09 ent=8.303 t=16.50s
  [val] mean=      +70075 std=    444226 worst=    -1083861 p5=     -574212 sortino=     -504137
epoch=31 interval=1d net_pnl=      -24055 std=    387871 worst=    -1385255 reward=     -0.68 |trade|=4.72 pol_l=-0.0016 val_l=1.07e+09 ent=8.237 t=16.41s
epoch=32 interval=1d net_pnl=      -26134 std=    388422 worst=    -1275912 reward=     -0.69 |trade|=4.68 pol_l=-0.0018 val_l=9.79e+08 ent=8.168 t=16.42s
epoch=33 interval=1d net_pnl=      -17568 std=    392478 worst=    -1187010 reward=     -0.67 |trade|=4.48 pol_l=-0.0017 val_l=8.69e+08 ent=8.097 t=16.40s
epoch=34 interval=1d net_pnl=      -16817 std=    384645 worst=    -1251516 reward=     -0.66 |trade|=4.29 pol_l=-0.0017 val_l=7.65e+08 ent=8.020 t=16.42s
epoch=35 interval=1d net_pnl=      -11221 std=    381558 worst=    -1317812 reward=     -0.64 |trade|=4.22 pol_l=-0.0019 val_l=6.85e+08 ent=7.949 t=16.40s
epoch=36 interval=1d net_pnl=      -10181 std=    375279 worst=    -1261448 reward=     -0.63 |trade|=4.07 pol_l=-0.0017 val_l=6.07e+08 ent=7.858 t=16.42s
epoch=37 interval=1d net_pnl=      -10343 std=    370501 worst=    -1177208 reward=     -0.62 |trade|=3.98 pol_l=-0.0018 val_l=5.50e+08 ent=7.798 t=16.38s
epoch=38 interval=1d net_pnl=       -5288 std=    361467 worst=    -1375584 reward=     -0.60 |trade|=3.89 pol_l=-0.0018 val_l=4.77e+08 ent=7.735 t=16.40s
epoch=39 interval=1d net_pnl=       -6930 std=    363451 worst=    -1119357 reward=     -0.61 |trade|=3.86 pol_l=-0.0018 val_l=4.26e+08 ent=7.649 t=16.48s
epoch=40 interval=1d net_pnl=        +446 std=    357513 worst=    -1367786 reward=     -0.58 |trade|=3.68 pol_l=-0.0018 val_l=3.69e+08 ent=7.550 t=16.40s
  [val] mean=      +62638 std=    392436 worst=    -1006361 p5=     -505502 sortino=     -442864
epoch=41 interval=1d net_pnl=       -3219 std=    362435 worst=    -1223185 reward=     -0.59 |trade|=3.63 pol_l=-0.0020 val_l=3.27e+08 ent=7.504 t=16.40s
epoch=42 interval=1d net_pnl=       -5856 std=    357936 worst=    -1207155 reward=     -0.59 |trade|=3.55 pol_l=-0.0019 val_l=2.85e+08 ent=7.416 t=16.41s
epoch=43 interval=1d net_pnl=        -641 std=    362418 worst=    -1209766 reward=     -0.59 |trade|=3.50 pol_l=-0.0020 val_l=2.51e+08 ent=7.346 t=16.42s
epoch=44 interval=1d net_pnl=       -1884 std=    360493 worst=    -1259374 reward=     -0.59 |trade|=3.50 pol_l=-0.0021 val_l=2.20e+08 ent=7.296 t=16.41s
epoch=45 interval=1d net_pnl=       -2590 std=    355177 worst=    -1107788 reward=     -0.58 |trade|=3.43 pol_l=-0.0019 val_l=1.92e+08 ent=7.230 t=16.39s
epoch=46 interval=1d net_pnl=       +2333 std=    354072 worst=    -1164164 reward=     -0.57 |trade|=3.38 pol_l=-0.0020 val_l=1.65e+08 ent=7.152 t=16.39s
epoch=47 interval=1d net_pnl=       -2331 std=    350582 worst=    -1158368 reward=     -0.57 |trade|=3.35 pol_l=-0.0021 val_l=1.45e+08 ent=7.093 t=16.43s
epoch=48 interval=1d net_pnl=       +1796 std=    362421 worst=    -1160065 reward=     -0.58 |trade|=3.31 pol_l=-0.0021 val_l=1.27e+08 ent=7.017 t=16.49s
epoch=49 interval=1d net_pnl=       +5113 std=    362446 worst=    -1065979 reward=     -0.57 |trade|=3.23 pol_l=-0.0022 val_l=1.06e+08 ent=6.940 t=16.41s
epoch=50 interval=1d net_pnl=       +7510 std=    363422 worst=    -1171264 reward=     -0.56 |trade|=3.17 pol_l=-0.0025 val_l=8.80e+07 ent=6.848 t=16.41s
  [val] mean=      +69442 std=    410697 worst=    -1075717 p5=     -511099 sortino=     -441658
epoch=51 interval=1d net_pnl=       +9502 std=    360328 worst=    -1207391 reward=     -0.56 |trade|=3.06 pol_l=-0.0027 val_l=7.31e+07 ent=6.744 t=16.38s
epoch=52 interval=1d net_pnl=      +12599 std=    364005 worst=    -1142332 reward=     -0.55 |trade|=2.97 pol_l=-0.0030 val_l=5.97e+07 ent=6.651 t=16.41s
epoch=53 interval=1d net_pnl=      +15386 std=    365440 worst=    -1152449 reward=     -0.55 |trade|=2.92 pol_l=-0.0031 val_l=4.85e+07 ent=6.580 t=16.42s
epoch=54 interval=1d net_pnl=      +10231 std=    362005 worst=    -1125275 reward=     -0.56 |trade|=2.91 pol_l=-0.0032 val_l=3.81e+07 ent=6.485 t=16.39s
epoch=55 interval=1d net_pnl=      +14165 std=    360249 worst=    -1095188 reward=     -0.55 |trade|=2.85 pol_l=-0.0033 val_l=2.86e+07 ent=6.376 t=16.42s
epoch=56 interval=1d net_pnl=      +12433 std=    364184 worst=    -1301726 reward=     -0.55 |trade|=2.79 pol_l=-0.0034 val_l=2.12e+07 ent=6.266 t=16.42s
epoch=57 interval=1d net_pnl=      +19661 std=    369062 worst=    -1115430 reward=     -0.54 |trade|=2.75 pol_l=-0.0033 val_l=1.55e+07 ent=6.170 t=16.40s
epoch=58 interval=1d net_pnl=      +15322 std=    362959 worst=    -1161728 reward=     -0.55 |trade|=2.71 pol_l=-0.0034 val_l=1.09e+07 ent=6.052 t=16.49s
epoch=59 interval=1d net_pnl=      +19939 std=    362924 worst=    -1061576 reward=     -0.54 |trade|=2.65 pol_l=-0.0031 val_l=7.80e+06 ent=5.944 t=16.43s
  [val] mean=      +88113 std=    440119 worst=    -1073725 p5=     -546537 sortino=     -458424
WARNING:MarketDataRF_platinum_calibrated:Price Factor 'DiscountRate.USD-SOFR' not found in market data
  → mean=$+88,113  p5=$-546,537  sortino=$-458,424  max_total=28  min_per_inst=-13  (17.2 min)

[3/4] seed=123 overrides={'Batch_Size': 2048, 'Simulation_Batches': 4, 'Position_Bounds_Penalty': 0.05}
epoch= 0 interval=1d net_pnl=     -240627 std=   3571784 worst=   -26123296 reward=     -3.58 |trade|=13.44 pol_l=-0.0074 val_l=3.40e+12 ent=10.096 t=16.19s
  [val] mean=     -850727 std=    974511 worst=    -4035150 p5=    -2414683 sortino=    -3265410
epoch= 1 interval=1d net_pnl=     -166958 std=   2654820 worst=   -34070640 reward=     -2.88 |trade|=13.29 pol_l=-0.0090 val_l=1.54e+12 ent=10.075 t=16.47s
epoch= 2 interval=1d net_pnl=     -255049 std=   1801668 worst=    -9533632 reward=     -2.53 |trade|=13.25 pol_l=-0.0105 val_l=6.36e+11 ent=10.039 t=16.63s
epoch= 3 interval=1d net_pnl=     -230831 std=   1297279 worst=    -8748875 reward=     -2.12 |trade|=13.13 pol_l=-0.0105 val_l=2.82e+11 ent=9.992 t=16.66s
epoch= 4 interval=1d net_pnl=     -256305 std=   1080535 worst=    -7127890 reward=     -1.99 |trade|=13.01 pol_l=-0.0092 val_l=1.48e+11 ent=9.941 t=16.66s
epoch= 5 interval=1d net_pnl=     -232748 std=    916445 worst=    -6919611 reward=     -1.80 |trade|=12.78 pol_l=-0.0083 val_l=9.30e+10 ent=9.883 t=16.67s
epoch= 6 interval=1d net_pnl=     -207610 std=    793243 worst=    -4175616 reward=     -1.62 |trade|=12.30 pol_l=-0.0064 val_l=6.37e+10 ent=9.823 t=16.67s
epoch= 7 interval=1d net_pnl=     -220684 std=    698463 worst=    -4994458 reward=     -1.55 |trade|=11.78 pol_l=-0.0055 val_l=4.55e+10 ent=9.757 t=16.67s
epoch= 8 interval=1d net_pnl=     -183238 std=    621766 worst=    -2853425 reward=     -1.39 |trade|=11.26 pol_l=-0.0045 val_l=3.48e+10 ent=9.692 t=16.73s
epoch= 9 interval=1d net_pnl=     -173843 std=    577656 worst=    -2613071 reward=     -1.32 |trade|=11.00 pol_l=-0.0040 val_l=2.73e+10 ent=9.614 t=16.63s
epoch=10 interval=1d net_pnl=     -156605 std=    547053 worst=    -2501616 reward=     -1.24 |trade|=10.73 pol_l=-0.0038 val_l=2.22e+10 ent=9.549 t=16.63s
  [val] mean=      +35190 std=    427521 worst=    -1162971 p5=     -593932 sortino=     -558742
epoch=11 interval=1d net_pnl=     -162530 std=    529987 worst=    -3151036 reward=     -1.23 |trade|=10.49 pol_l=-0.0038 val_l=1.81e+10 ent=9.474 t=16.59s
epoch=12 interval=1d net_pnl=     -152599 std=    507844 worst=    -2061483 reward=     -1.19 |trade|=9.97 pol_l=-0.0034 val_l=1.48e+10 ent=9.411 t=16.53s
epoch=13 interval=1d net_pnl=     -137808 std=    472151 worst=    -1791880 reward=     -1.11 |trade|=9.37 pol_l=-0.0036 val_l=1.18e+10 ent=9.340 t=16.52s
epoch=14 interval=1d net_pnl=     -122321 std=    458492 worst=    -1915903 reward=     -1.05 |trade|=8.97 pol_l=-0.0030 val_l=9.40e+09 ent=9.262 t=16.57s
epoch=15 interval=1d net_pnl=     -115019 std=    449221 worst=    -1967822 reward=     -1.01 |trade|=8.52 pol_l=-0.0031 val_l=7.79e+09 ent=9.207 t=16.51s
epoch=16 interval=1d net_pnl=     -113684 std=    430951 worst=    -1883759 reward=     -0.98 |trade|=8.12 pol_l=-0.0025 val_l=6.33e+09 ent=9.140 t=16.48s
epoch=17 interval=1d net_pnl=     -107398 std=    425425 worst=    -1719537 reward=     -0.97 |trade|=7.90 pol_l=-0.0026 val_l=5.46e+09 ent=9.085 t=16.61s
epoch=18 interval=1d net_pnl=      -97731 std=    427681 worst=    -1814470 reward=     -0.94 |trade|=7.75 pol_l=-0.0024 val_l=4.69e+09 ent=9.013 t=16.49s
epoch=19 interval=1d net_pnl=      -84494 std=    429857 worst=    -1599596 reward=     -0.90 |trade|=7.53 pol_l=-0.0020 val_l=4.06e+09 ent=8.948 t=16.47s
epoch=20 interval=1d net_pnl=      -80676 std=    420376 worst=    -1560920 reward=     -0.88 |trade|=7.45 pol_l=-0.0021 val_l=3.60e+09 ent=8.883 t=16.48s
  [val] mean=      +76468 std=    452631 worst=    -1157998 p5=     -583965 sortino=     -507497
epoch=21 interval=1d net_pnl=      -71847 std=    418125 worst=    -1603188 reward=     -0.85 |trade|=7.14 pol_l=-0.0021 val_l=3.09e+09 ent=8.819 t=16.47s
epoch=22 interval=1d net_pnl=      -70993 std=    411091 worst=    -2064051 reward=     -0.84 |trade|=6.96 pol_l=-0.0020 val_l=2.76e+09 ent=8.764 t=16.44s
epoch=23 interval=1d net_pnl=      -79637 std=    394913 worst=    -1458202 reward=     -0.85 |trade|=6.63 pol_l=-0.0019 val_l=2.43e+09 ent=8.717 t=16.47s
epoch=24 interval=1d net_pnl=      -55906 std=    401489 worst=    -1502273 reward=     -0.79 |trade|=6.44 pol_l=-0.0017 val_l=2.19e+09 ent=8.673 t=16.45s
epoch=25 interval=1d net_pnl=      -57523 std=    403881 worst=    -1382576 reward=     -0.80 |trade|=6.34 pol_l=-0.0017 val_l=2.01e+09 ent=8.621 t=16.46s
epoch=26 interval=1d net_pnl=      -47705 std=    401417 worst=    -1469488 reward=     -0.77 |trade|=6.14 pol_l=-0.0015 val_l=1.80e+09 ent=8.553 t=16.50s
epoch=27 interval=1d net_pnl=      -33503 std=    403842 worst=    -1609294 reward=     -0.73 |trade|=5.86 pol_l=-0.0018 val_l=1.59e+09 ent=8.482 t=16.44s
epoch=28 interval=1d net_pnl=      -33787 std=    388065 worst=    -1345496 reward=     -0.71 |trade|=5.74 pol_l=-0.0020 val_l=1.44e+09 ent=8.433 t=16.44s
epoch=29 interval=1d net_pnl=      -38680 std=    385841 worst=    -1307696 reward=     -0.72 |trade|=5.62 pol_l=-0.0018 val_l=1.29e+09 ent=8.374 t=16.49s
epoch=30 interval=1d net_pnl=      -40899 std=    370485 worst=    -1240865 reward=     -0.71 |trade|=5.47 pol_l=-0.0018 val_l=1.16e+09 ent=8.320 t=16.42s
  [val] mean=      +80994 std=    398693 worst=     -901722 p5=     -478987 sortino=     -397994
epoch=31 interval=1d net_pnl=      -31690 std=    375325 worst=    -1530838 reward=     -0.69 |trade|=5.38 pol_l=-0.0018 val_l=1.05e+09 ent=8.265 t=16.42s
epoch=32 interval=1d net_pnl=      -31266 std=    372107 worst=    -1276940 reward=     -0.68 |trade|=5.18 pol_l=-0.0019 val_l=9.25e+08 ent=8.177 t=16.39s
epoch=33 interval=1d net_pnl=      -20920 std=    379535 worst=    -1221818 reward=     -0.67 |trade|=4.97 pol_l=-0.0017 val_l=8.25e+08 ent=8.101 t=16.40s
epoch=34 interval=1d net_pnl=      -20819 std=    373462 worst=    -1489040 reward=     -0.66 |trade|=4.77 pol_l=-0.0020 val_l=7.31e+08 ent=8.022 t=16.41s
epoch=35 interval=1d net_pnl=      -21725 std=    371311 worst=    -1192603 reward=     -0.66 |trade|=4.63 pol_l=-0.0015 val_l=6.49e+08 ent=7.959 t=16.40s
epoch=36 interval=1d net_pnl=      -15459 std=    366236 worst=    -1333167 reward=     -0.63 |trade|=4.53 pol_l=-0.0017 val_l=5.77e+08 ent=7.891 t=16.47s
epoch=37 interval=1d net_pnl=      -14289 std=    366641 worst=    -1213257 reward=     -0.63 |trade|=4.36 pol_l=-0.0017 val_l=5.02e+08 ent=7.809 t=16.40s
epoch=38 interval=1d net_pnl=      -14106 std=    373461 worst=    -1281116 reward=     -0.64 |trade|=4.23 pol_l=-0.0019 val_l=4.46e+08 ent=7.726 t=16.42s
epoch=39 interval=1d net_pnl=       -8484 std=    363459 worst=    -1198526 reward=     -0.61 |trade|=4.10 pol_l=-0.0018 val_l=3.92e+08 ent=7.649 t=16.43s
epoch=40 interval=1d net_pnl=       -9962 std=    359897 worst=    -1088585 reward=     -0.61 |trade|=4.05 pol_l=-0.0017 val_l=3.56e+08 ent=7.587 t=16.42s
  [val] mean=      +73529 std=    387334 worst=     -823512 p5=     -473869 sortino=     -400340
epoch=41 interval=1d net_pnl=      -10109 std=    366767 worst=    -1187826 reward=     -0.62 |trade|=4.02 pol_l=-0.0018 val_l=3.17e+08 ent=7.530 t=16.43s
epoch=42 interval=1d net_pnl=       -3712 std=    364125 worst=    -1435738 reward=     -0.59 |trade|=3.97 pol_l=-0.0020 val_l=2.82e+08 ent=7.466 t=16.39s
epoch=43 interval=1d net_pnl=       -2554 std=    360173 worst=    -1109625 reward=     -0.59 |trade|=3.87 pol_l=-0.0018 val_l=2.49e+08 ent=7.381 t=16.43s
epoch=44 interval=1d net_pnl=        -730 std=    367970 worst=    -1097605 reward=     -0.60 |trade|=3.74 pol_l=-0.0019 val_l=2.17e+08 ent=7.292 t=16.44s
epoch=45 interval=1d net_pnl=        +460 std=    364695 worst=    -1297319 reward=     -0.58 |trade|=3.68 pol_l=-0.0017 val_l=1.92e+08 ent=7.213 t=16.42s
epoch=46 interval=1d net_pnl=       +3580 std=    366223 worst=    -1166999 reward=     -0.58 |trade|=3.65 pol_l=-0.0019 val_l=1.72e+08 ent=7.159 t=16.51s
epoch=47 interval=1d net_pnl=       +1345 std=    362979 worst=    -1268184 reward=     -0.58 |trade|=3.59 pol_l=-0.0020 val_l=1.51e+08 ent=7.096 t=16.46s
epoch=48 interval=1d net_pnl=       +5477 std=    357671 worst=    -1288188 reward=     -0.56 |trade|=3.47 pol_l=-0.0021 val_l=1.30e+08 ent=6.990 t=16.40s
epoch=49 interval=1d net_pnl=       +6521 std=    351192 worst=    -1066104 reward=     -0.55 |trade|=3.37 pol_l=-0.0023 val_l=1.12e+08 ent=6.900 t=16.45s
epoch=50 interval=1d net_pnl=      +11791 std=    353539 worst=    -1059293 reward=     -0.54 |trade|=3.29 pol_l=-0.0022 val_l=9.67e+07 ent=6.819 t=16.43s
  [val] mean=      +83615 std=    384162 worst=     -916412 p5=     -453778 sortino=     -370163
epoch=51 interval=1d net_pnl=      +13444 std=    348591 worst=    -1012717 reward=     -0.53 |trade|=3.20 pol_l=-0.0024 val_l=8.47e+07 ent=6.742 t=16.44s
epoch=52 interval=1d net_pnl=      +13770 std=    343061 worst=    -1177272 reward=     -0.52 |trade|=3.14 pol_l=-0.0024 val_l=7.16e+07 ent=6.665 t=16.41s
epoch=53 interval=1d net_pnl=      +14223 std=    342537 worst=    -1087565 reward=     -0.52 |trade|=3.03 pol_l=-0.0026 val_l=6.02e+07 ent=6.580 t=16.42s
epoch=54 interval=1d net_pnl=      +16004 std=    339093 worst=    -1117574 reward=     -0.51 |trade|=2.96 pol_l=-0.0028 val_l=4.94e+07 ent=6.483 t=16.42s
epoch=55 interval=1d net_pnl=      +18482 std=    341871 worst=    -1071547 reward=     -0.51 |trade|=2.90 pol_l=-0.0029 val_l=4.06e+07 ent=6.387 t=16.44s
epoch=56 interval=1d net_pnl=      +19608 std=    344806 worst=    -1149190 reward=     -0.51 |trade|=2.81 pol_l=-0.0033 val_l=3.23e+07 ent=6.273 t=16.51s
epoch=57 interval=1d net_pnl=      +23691 std=    345862 worst=    -1136945 reward=     -0.50 |trade|=2.74 pol_l=-0.0034 val_l=2.47e+07 ent=6.163 t=16.42s
epoch=58 interval=1d net_pnl=      +25492 std=    342353 worst=     -997984 reward=     -0.49 |trade|=2.67 pol_l=-0.0038 val_l=1.83e+07 ent=6.036 t=16.42s
epoch=59 interval=1d net_pnl=      +29428 std=    347001 worst=    -1045824 reward=     -0.48 |trade|=2.61 pol_l=-0.0034 val_l=1.32e+07 ent=5.922 t=16.43s
  [val] mean=      +95672 std=    397938 worst=     -906550 p5=     -465154 sortino=     -369482
WARNING:MarketDataRF_platinum_calibrated:Price Factor 'DiscountRate.USD-SOFR' not found in market data
  → mean=$+95,672  p5=$-465,154  sortino=$-369,482  max_total=45  min_per_inst=-21  (17.3 min)

[4/4] seed=456 overrides={'Batch_Size': 2048, 'Simulation_Batches': 4, 'Position_Bounds_Penalty': 0.05}
epoch= 0 interval=1d net_pnl=     -179853 std=   3535108 worst=   -24596530 reward=     -3.51 |trade|=13.44 pol_l=-0.0074 val_l=3.51e+12 ent=10.096 t=16.16s
  [val] mean=     -983811 std=    948742 worst=    -4663314 p5=    -2547968 sortino=    -3531779
epoch= 1 interval=1d net_pnl=     -232890 std=   2523938 worst=   -18774986 reward=     -2.95 |trade|=13.33 pol_l=-0.0090 val_l=1.56e+12 ent=10.075 t=16.44s
epoch= 2 interval=1d net_pnl=     -250912 std=   1755360 worst=   -10931185 reward=     -2.49 |trade|=13.32 pol_l=-0.0104 val_l=6.25e+11 ent=10.038 t=16.63s
epoch= 3 interval=1d net_pnl=     -246559 std=   1307551 worst=    -6258180 reward=     -2.18 |trade|=13.17 pol_l=-0.0106 val_l=2.74e+11 ent=9.992 t=16.65s
epoch= 4 interval=1d net_pnl=     -206315 std=   1061642 worst=    -8504645 reward=     -1.88 |trade|=12.88 pol_l=-0.0094 val_l=1.44e+11 ent=9.940 t=16.66s
epoch= 5 interval=1d net_pnl=     -206987 std=    889610 worst=    -5995786 reward=     -1.75 |trade|=12.54 pol_l=-0.0078 val_l=9.01e+10 ent=9.886 t=16.64s
epoch= 6 interval=1d net_pnl=     -223086 std=    771224 worst=    -4137450 reward=     -1.65 |trade|=12.21 pol_l=-0.0067 val_l=6.10e+10 ent=9.827 t=16.62s
epoch= 7 interval=1d net_pnl=     -207188 std=    687732 worst=    -3954026 reward=     -1.53 |trade|=11.73 pol_l=-0.0055 val_l=4.49e+10 ent=9.764 t=16.73s
epoch= 8 interval=1d net_pnl=     -188507 std=    644018 worst=    -3314969 reward=     -1.43 |trade|=10.92 pol_l=-0.0048 val_l=3.47e+10 ent=9.705 t=16.63s
epoch= 9 interval=1d net_pnl=     -188970 std=    588194 worst=    -2828248 reward=     -1.36 |trade|=10.50 pol_l=-0.0043 val_l=2.71e+10 ent=9.631 t=16.63s
epoch=10 interval=1d net_pnl=     -158936 std=    554404 worst=    -2622444 reward=     -1.25 |trade|=9.75 pol_l=-0.0039 val_l=2.13e+10 ent=9.561 t=16.58s
  [val] mean=      -23850 std=    395688 worst=    -1053686 p5=     -573698 sortino=     -597548
epoch=11 interval=1d net_pnl=     -129826 std=    521919 worst=    -2139460 reward=     -1.14 |trade|=9.32 pol_l=-0.0037 val_l=1.73e+10 ent=9.499 t=16.54s
epoch=12 interval=1d net_pnl=     -133990 std=    495594 worst=    -2563037 reward=     -1.11 |trade|=8.77 pol_l=-0.0032 val_l=1.41e+10 ent=9.435 t=16.54s
epoch=13 interval=1d net_pnl=     -110589 std=    478428 worst=    -2543129 reward=     -1.03 |trade|=8.41 pol_l=-0.0033 val_l=1.14e+10 ent=9.363 t=16.54s
epoch=14 interval=1d net_pnl=     -102608 std=    454962 worst=    -2365258 reward=     -0.98 |trade|=7.79 pol_l=-0.0029 val_l=9.12e+09 ent=9.287 t=16.54s
epoch=15 interval=1d net_pnl=      -97446 std=    442392 worst=    -2158881 reward=     -0.95 |trade|=7.49 pol_l=-0.0028 val_l=7.28e+09 ent=9.200 t=16.51s
epoch=16 interval=1d net_pnl=      -86652 std=    426748 worst=    -3032651 reward=     -0.90 |trade|=7.13 pol_l=-0.0028 val_l=6.10e+09 ent=9.132 t=16.56s
epoch=17 interval=1d net_pnl=      -81745 std=    411534 worst=    -1488137 reward=     -0.87 |trade|=6.86 pol_l=-0.0023 val_l=5.02e+09 ent=9.064 t=16.47s
epoch=18 interval=1d net_pnl=      -80970 std=    414822 worst=    -2496104 reward=     -0.87 |trade|=6.55 pol_l=-0.0021 val_l=4.19e+09 ent=8.994 t=16.48s
epoch=19 interval=1d net_pnl=      -67775 std=    395442 worst=    -4714288 reward=     -0.80 |trade|=6.12 pol_l=-0.0022 val_l=3.65e+09 ent=8.932 t=16.46s
epoch=20 interval=1d net_pnl=      -63204 std=    404953 worst=    -2166400 reward=     -0.81 |trade|=6.01 pol_l=-0.0018 val_l=3.22e+09 ent=8.872 t=16.48s
  [val] mean=      -10943 std=    437462 worst=    -1078760 p5=     -610856 sortino=     -621799
epoch=21 interval=1d net_pnl=      -60197 std=    401227 worst=    -1719268 reward=     -0.80 |trade|=5.86 pol_l=-0.0017 val_l=2.83e+09 ent=8.809 t=16.44s
epoch=22 interval=1d net_pnl=      -61920 std=    401421 worst=    -1564722 reward=     -0.81 |trade|=5.86 pol_l=-0.0016 val_l=2.57e+09 ent=8.768 t=16.45s
epoch=23 interval=1d net_pnl=      -60916 std=    395074 worst=    -3078316 reward=     -0.79 |trade|=5.77 pol_l=-0.0014 val_l=2.32e+09 ent=8.715 t=16.47s
epoch=24 interval=1d net_pnl=      -55810 std=    397493 worst=    -1873177 reward=     -0.78 |trade|=5.56 pol_l=-0.0014 val_l=2.05e+09 ent=8.655 t=16.45s
epoch=25 interval=1d net_pnl=      -60733 std=    398522 worst=    -3174595 reward=     -0.80 |trade|=5.52 pol_l=-0.0013 val_l=1.87e+09 ent=8.590 t=16.50s
epoch=26 interval=1d net_pnl=      -45973 std=    398005 worst=    -1329244 reward=     -0.76 |trade|=5.47 pol_l=-0.0015 val_l=1.73e+09 ent=8.552 t=16.50s
epoch=27 interval=1d net_pnl=      -52903 std=    401546 worst=    -1513303 reward=     -0.79 |trade|=5.48 pol_l=-0.0008 val_l=1.62e+09 ent=8.517 t=16.45s
epoch=28 interval=1d net_pnl=      -45395 std=    395235 worst=    -1470337 reward=     -0.75 |trade|=5.29 pol_l=-0.0015 val_l=1.47e+09 ent=8.462 t=16.42s
epoch=29 interval=1d net_pnl=      -33602 std=    396501 worst=    -1373674 reward=     -0.72 |trade|=5.16 pol_l=-0.0012 val_l=1.33e+09 ent=8.402 t=16.44s
epoch=30 interval=1d net_pnl=      -33298 std=    397126 worst=    -1473978 reward=     -0.73 |trade|=5.08 pol_l=-0.0015 val_l=1.21e+09 ent=8.334 t=16.39s
  [val] mean=      +56018 std=    438060 worst=     -973809 p5=     -530274 sortino=     -474256
epoch=31 interval=1d net_pnl=      -29580 std=    391885 worst=    -1303021 reward=     -0.71 |trade|=4.92 pol_l=-0.0014 val_l=1.10e+09 ent=8.280 t=16.42s
epoch=32 interval=1d net_pnl=      -33682 std=    398887 worst=    -1560265 reward=     -0.73 |trade|=4.81 pol_l=-0.0015 val_l=9.94e+08 ent=8.233 t=16.47s
epoch=33 interval=1d net_pnl=      -31175 std=    396154 worst=    -1265777 reward=     -0.72 |trade|=4.73 pol_l=-0.0014 val_l=9.17e+08 ent=8.201 t=16.41s
epoch=34 interval=1d net_pnl=      -26200 std=    386790 worst=    -1341900 reward=     -0.69 |trade|=4.62 pol_l=-0.0017 val_l=8.16e+08 ent=8.129 t=16.39s
epoch=35 interval=1d net_pnl=      -25692 std=    390544 worst=    -1683320 reward=     -0.69 |trade|=4.51 pol_l=-0.0019 val_l=7.42e+08 ent=8.066 t=16.52s
epoch=36 interval=1d net_pnl=      -19736 std=    388839 worst=    -1312099 reward=     -0.67 |trade|=4.42 pol_l=-0.0016 val_l=6.57e+08 ent=8.006 t=16.39s
epoch=37 interval=1d net_pnl=      -18220 std=    384897 worst=    -1222714 reward=     -0.67 |trade|=4.21 pol_l=-0.0015 val_l=5.71e+08 ent=7.920 t=16.43s
epoch=38 interval=1d net_pnl=      -15627 std=    383618 worst=    -1432361 reward=     -0.66 |trade|=4.12 pol_l=-0.0017 val_l=5.06e+08 ent=7.850 t=16.43s
epoch=39 interval=1d net_pnl=      -16896 std=    379220 worst=    -1156240 reward=     -0.65 |trade|=4.07 pol_l=-0.0019 val_l=4.57e+08 ent=7.784 t=16.42s
epoch=40 interval=1d net_pnl=      -13600 std=    371821 worst=    -1276508 reward=     -0.64 |trade|=3.97 pol_l=-0.0017 val_l=4.04e+08 ent=7.715 t=16.38s
  [val] mean=      +75702 std=    435404 worst=     -924846 p5=     -505250 sortino=     -429548
epoch=41 interval=1d net_pnl=       -7275 std=    374842 worst=    -1190855 reward=     -0.62 |trade|=3.92 pol_l=-0.0019 val_l=3.68e+08 ent=7.656 t=16.39s
epoch=42 interval=1d net_pnl=       -7607 std=    370937 worst=    -1124463 reward=     -0.62 |trade|=3.80 pol_l=-0.0020 val_l=3.21e+08 ent=7.588 t=16.41s
epoch=43 interval=1d net_pnl=       -5460 std=    369651 worst=    -1115977 reward=     -0.61 |trade|=3.68 pol_l=-0.0019 val_l=2.78e+08 ent=7.489 t=16.40s
epoch=44 interval=1d net_pnl=        -480 std=    370116 worst=    -1146122 reward=     -0.59 |trade|=3.57 pol_l=-0.0020 val_l=2.40e+08 ent=7.408 t=16.40s
epoch=45 interval=1d net_pnl=        +460 std=    365977 worst=    -1320239 reward=     -0.59 |trade|=3.52 pol_l=-0.0019 val_l=2.10e+08 ent=7.339 t=16.52s
epoch=46 interval=1d net_pnl=       -3928 std=    362088 worst=    -1195494 reward=     -0.59 |trade|=3.41 pol_l=-0.0023 val_l=1.80e+08 ent=7.244 t=16.40s
epoch=47 interval=1d net_pnl=       +1216 std=    369586 worst=    -1127911 reward=     -0.59 |trade|=3.32 pol_l=-0.0020 val_l=1.54e+08 ent=7.165 t=16.40s
epoch=48 interval=1d net_pnl=       +7216 std=    373765 worst=    -1235912 reward=     -0.58 |trade|=3.25 pol_l=-0.0023 val_l=1.33e+08 ent=7.067 t=16.41s
epoch=49 interval=1d net_pnl=       +6289 std=    372533 worst=    -1131268 reward=     -0.58 |trade|=3.14 pol_l=-0.0025 val_l=1.12e+08 ent=6.970 t=16.42s
epoch=50 interval=1d net_pnl=       +8625 std=    366935 worst=    -1384098 reward=     -0.57 |trade|=3.11 pol_l=-0.0025 val_l=9.59e+07 ent=6.887 t=16.38s
  [val] mean=      +90785 std=    418627 worst=     -886972 p5=     -470422 sortino=     -379637
epoch=51 interval=1d net_pnl=       +8565 std=    360246 worst=    -1027894 reward=     -0.56 |trade|=3.04 pol_l=-0.0027 val_l=7.73e+07 ent=6.778 t=16.39s
epoch=52 interval=1d net_pnl=      +12106 std=    363101 worst=    -1098350 reward=     -0.55 |trade|=2.98 pol_l=-0.0030 val_l=6.24e+07 ent=6.674 t=16.38s
epoch=53 interval=1d net_pnl=      +12363 std=    365269 worst=    -1116147 reward=     -0.56 |trade|=2.94 pol_l=-0.0032 val_l=5.01e+07 ent=6.582 t=16.42s
epoch=54 interval=1d net_pnl=      +13420 std=    362826 worst=    -1053942 reward=     -0.55 |trade|=2.89 pol_l=-0.0035 val_l=3.92e+07 ent=6.470 t=16.38s
epoch=55 interval=1d net_pnl=      +19412 std=    359016 worst=     -990122 reward=     -0.53 |trade|=2.83 pol_l=-0.0034 val_l=2.91e+07 ent=6.348 t=16.48s
epoch=56 interval=1d net_pnl=      +20399 std=    356296 worst=    -1034928 reward=     -0.52 |trade|=2.76 pol_l=-0.0037 val_l=2.15e+07 ent=6.224 t=16.42s
epoch=57 interval=1d net_pnl=      +22785 std=    361294 worst=    -1002566 reward=     -0.53 |trade|=2.71 pol_l=-0.0036 val_l=1.55e+07 ent=6.106 t=16.41s
epoch=58 interval=1d net_pnl=      +22826 std=    367350 worst=    -1152360 reward=     -0.53 |trade|=2.65 pol_l=-0.0035 val_l=1.08e+07 ent=5.962 t=16.39s
epoch=59 interval=1d net_pnl=      +24411 std=    364631 worst=    -1096158 reward=     -0.52 |trade|=2.59 pol_l=-0.0032 val_l=7.38e+06 ent=5.833 t=16.39s
  [val] mean=     +109791 std=    433524 worst=     -869529 p5=     -483074 sortino=     -373283
  → mean=$+109,791  p5=$-483,074  sortino=$-373,283  max_total=37  min_per_inst=-16  (17.2 min)

==============================================================================
Sweep complete. CSV: artifacts/sweeps/20260513_000702_h10_pbp_0.05_4seed/sweep.csv
