WARNING:MarketDataRF_platinum_calibrated:Price Factor 'DiscountRate.USD-SOFR' not found in market data
/home/vretiel/miniconda3/lib/python3.10/site-packages/torch/nn/modules/transformer.py:385: UserWarning: enable_nested_tensor is True, but self.use_nested_tensor is False because encoder_layer.norm_first was True
  warnings.warn(
Sweep dir: artifacts/sweeps/20260513_011659_h10h1_pbp_0.05_entmin_5e-3
Tag: h10h1_pbp_0.05_entmin_5e-3, seeds=(42,), epochs=60, overrides=['Batch_Size=2048', 'Simulation_Batches=4', 'Position_Bounds_Penalty=0.05', 'Entropy_Coef_Min=5e-3']

[1/1] seed=42 overrides={'Batch_Size': 2048, 'Simulation_Batches': 4, 'Position_Bounds_Penalty': 0.05, 'Entropy_Coef_Min': 0.005}
epoch= 0 interval=1d net_pnl=     -163512 std=   3480141 worst=   -22679726 reward=     -3.41 |trade|=13.44 pol_l=-0.0074 val_l=3.40e+12 ent=10.096 t=16.38s
  [val] mean=     -938339 std=    960321 worst=    -4867536 p5=    -2474081 sortino=    -3412420
epoch= 1 interval=1d net_pnl=     -197513 std=   2512845 worst=   -23149166 reward=     -2.89 |trade|=13.32 pol_l=-0.0093 val_l=1.50e+12 ent=10.073 t=16.27s
epoch= 2 interval=1d net_pnl=     -221179 std=   1785232 worst=   -12346402 reward=     -2.45 |trade|=13.28 pol_l=-0.0108 val_l=6.18e+11 ent=10.036 t=16.44s
epoch= 3 interval=1d net_pnl=     -229179 std=   1315701 worst=    -8289823 reward=     -2.16 |trade|=13.11 pol_l=-0.0104 val_l=2.74e+11 ent=9.990 t=16.58s
epoch= 4 interval=1d net_pnl=     -247401 std=   1050683 worst=    -5225129 reward=     -1.99 |trade|=12.92 pol_l=-0.0092 val_l=1.39e+11 ent=9.932 t=16.63s
epoch= 5 interval=1d net_pnl=     -227423 std=    876786 worst=    -4589702 reward=     -1.76 |trade|=12.55 pol_l=-0.0076 val_l=8.67e+10 ent=9.875 t=16.74s
epoch= 6 interval=1d net_pnl=     -209710 std=    778525 worst=    -6795084 reward=     -1.62 |trade|=12.03 pol_l=-0.0065 val_l=6.05e+10 ent=9.817 t=16.65s
epoch= 7 interval=1d net_pnl=     -198443 std=    708377 worst=    -5520620 reward=     -1.51 |trade|=11.47 pol_l=-0.0056 val_l=4.46e+10 ent=9.757 t=16.64s
epoch= 8 interval=1d net_pnl=     -185569 std=    641479 worst=    -4123555 reward=     -1.42 |trade|=10.63 pol_l=-0.0048 val_l=3.51e+10 ent=9.701 t=16.61s
epoch= 9 interval=1d net_pnl=     -180343 std=    585103 worst=    -3385761 reward=     -1.34 |trade|=9.98 pol_l=-0.0044 val_l=2.73e+10 ent=9.628 t=16.65s
epoch=10 interval=1d net_pnl=     -142473 std=    551339 worst=    -2822822 reward=     -1.19 |trade|=9.30 pol_l=-0.0041 val_l=2.14e+10 ent=9.556 t=16.61s
  [val] mean=      +74625 std=    436509 worst=    -1352960 p5=     -612772 sortino=     -538147
epoch=11 interval=1d net_pnl=     -133574 std=    519957 worst=    -2892431 reward=     -1.14 |trade|=8.89 pol_l=-0.0039 val_l=1.74e+10 ent=9.487 t=16.56s
epoch=12 interval=1d net_pnl=     -123170 std=    483280 worst=    -2962235 reward=     -1.07 |trade|=8.41 pol_l=-0.0035 val_l=1.36e+10 ent=9.405 t=16.58s
epoch=13 interval=1d net_pnl=     -117728 std=    467153 worst=    -2127580 reward=     -1.04 |trade|=8.12 pol_l=-0.0033 val_l=1.11e+10 ent=9.334 t=16.66s
epoch=14 interval=1d net_pnl=     -106740 std=    453279 worst=    -2587606 reward=     -0.99 |trade|=7.79 pol_l=-0.0030 val_l=9.14e+09 ent=9.261 t=16.55s
epoch=15 interval=1d net_pnl=     -106290 std=    439740 worst=    -1587366 reward=     -0.98 |trade|=7.53 pol_l=-0.0027 val_l=7.55e+09 ent=9.197 t=16.53s
epoch=16 interval=1d net_pnl=      -90071 std=    422699 worst=    -2018005 reward=     -0.91 |trade|=7.28 pol_l=-0.0027 val_l=6.39e+09 ent=9.133 t=16.50s
epoch=17 interval=1d net_pnl=      -82164 std=    416165 worst=    -1902623 reward=     -0.88 |trade|=6.91 pol_l=-0.0022 val_l=5.28e+09 ent=9.066 t=16.52s
epoch=18 interval=1d net_pnl=      -76950 std=    412080 worst=    -1996514 reward=     -0.86 |trade|=6.62 pol_l=-0.0023 val_l=4.52e+09 ent=9.010 t=16.49s
epoch=19 interval=1d net_pnl=      -64177 std=    403631 worst=    -1717046 reward=     -0.81 |trade|=6.37 pol_l=-0.0019 val_l=3.86e+09 ent=8.949 t=16.50s
epoch=20 interval=1d net_pnl=      -65354 std=    399172 worst=    -1534725 reward=     -0.80 |trade|=6.16 pol_l=-0.0017 val_l=3.48e+09 ent=8.911 t=16.48s
  [val] mean=      +38147 std=    337501 worst=     -860080 p5=     -442074 sortino=     -403926
epoch=21 interval=1d net_pnl=      -64618 std=    393249 worst=    -1561892 reward=     -0.80 |trade|=6.02 pol_l=-0.0018 val_l=3.07e+09 ent=8.853 t=16.45s
epoch=22 interval=1d net_pnl=      -51961 std=    394326 worst=    -1435350 reward=     -0.77 |trade|=5.82 pol_l=-0.0015 val_l=2.69e+09 ent=8.786 t=16.53s
epoch=23 interval=1d net_pnl=      -56868 std=    382974 worst=    -1652467 reward=     -0.76 |trade|=5.65 pol_l=-0.0013 val_l=2.41e+09 ent=8.724 t=16.46s
epoch=24 interval=1d net_pnl=      -46646 std=    396635 worst=    -1665064 reward=     -0.76 |trade|=5.58 pol_l=-0.0012 val_l=2.20e+09 ent=8.679 t=16.43s
epoch=25 interval=1d net_pnl=      -44255 std=    385490 worst=    -1456833 reward=     -0.74 |trade|=5.44 pol_l=-0.0015 val_l=1.98e+09 ent=8.620 t=16.43s
epoch=26 interval=1d net_pnl=      -44193 std=    384106 worst=    -1396689 reward=     -0.73 |trade|=5.30 pol_l=-0.0017 val_l=1.80e+09 ent=8.556 t=16.43s
epoch=27 interval=1d net_pnl=      -37406 std=    386873 worst=    -1350946 reward=     -0.72 |trade|=5.14 pol_l=-0.0015 val_l=1.62e+09 ent=8.492 t=16.42s
epoch=28 interval=1d net_pnl=      -39659 std=    391059 worst=    -1630073 reward=     -0.74 |trade|=5.06 pol_l=-0.0015 val_l=1.48e+09 ent=8.437 t=16.42s
epoch=29 interval=1d net_pnl=      -31921 std=    387541 worst=    -1205525 reward=     -0.71 |trade|=5.03 pol_l=-0.0016 val_l=1.34e+09 ent=8.366 t=16.49s
epoch=30 interval=1d net_pnl=      -35980 std=    395457 worst=    -1379907 reward=     -0.73 |trade|=4.89 pol_l=-0.0017 val_l=1.21e+09 ent=8.295 t=16.42s
  [val] mean=      +30342 std=    420144 worst=    -1026769 p5=     -541686 sortino=     -511344
epoch=31 interval=1d net_pnl=      -29350 std=    394089 worst=    -1418290 reward=     -0.71 |trade|=4.75 pol_l=-0.0016 val_l=1.11e+09 ent=8.249 t=16.42s
epoch=32 interval=1d net_pnl=      -27021 std=    389912 worst=    -1116596 reward=     -0.70 |trade|=4.64 pol_l=-0.0017 val_l=9.96e+08 ent=8.165 t=16.48s
epoch=33 interval=1d net_pnl=      -25302 std=    398066 worst=    -1298447 reward=     -0.70 |trade|=4.62 pol_l=-0.0016 val_l=9.11e+08 ent=8.125 t=16.41s
epoch=34 interval=1d net_pnl=      -23366 std=    399714 worst=    -1254938 reward=     -0.70 |trade|=4.44 pol_l=-0.0017 val_l=8.09e+08 ent=8.046 t=16.42s
epoch=35 interval=1d net_pnl=      -24099 std=    395445 worst=    -1325664 reward=     -0.70 |trade|=4.38 pol_l=-0.0018 val_l=7.29e+08 ent=7.979 t=16.42s
