WARNING:MarketDataRF_platinum_calibrated:Price Factor 'DiscountRate.USD-SOFR' not found in market data
/home/vretiel/miniconda3/lib/python3.10/site-packages/torch/nn/modules/transformer.py:385: UserWarning: enable_nested_tensor is True, but self.use_nested_tensor is False because encoder_layer.norm_first was True
  warnings.warn(
Sweep dir: artifacts/sweeps/20260512_095503_lr_3e-5
Tag: lr_3e-5, seeds=(7,), epochs=60
Overrides: ['Learning_Rate=3e-5']

[1/1] seed=7 overrides={'Learning_Rate': 3e-05}
epoch= 0 interval=1d net_pnl=     -362436 std=   4055659 worst=   -31589624 reward=     -4.00 |trade|=17.02 pol_l=-0.0052 val_l=1.06e+13 ent=10.828 t=16.34s
  [val] mean=     -922239 std=   1194559 worst=    -6227528 p5=    -2921637 sortino=    -3843875
epoch= 1 interval=1d net_pnl=     -284130 std=   3003094 worst=   -20236850 reward=     -3.34 |trade|=16.79 pol_l=-0.0063 val_l=4.89e+12 ent=10.809 t=16.23s
epoch= 2 interval=1d net_pnl=     -280039 std=   2224694 worst=   -15072238 reward=     -2.89 |trade|=16.65 pol_l=-0.0062 val_l=2.25e+12 ent=10.780 t=16.35s
epoch= 3 interval=1d net_pnl=     -320149 std=   1731735 worst=   -12950843 reward=     -2.62 |trade|=16.62 pol_l=-0.0060 val_l=1.13e+12 ent=10.741 t=16.42s
epoch= 4 interval=1d net_pnl=     -284806 std=   1379874 worst=   -10065725 reward=     -2.35 |trade|=16.58 pol_l=-0.0057 val_l=6.35e+11 ent=10.694 t=16.42s
epoch= 5 interval=1d net_pnl=     -299488 std=   1141652 worst=    -9078704 reward=     -2.18 |trade|=16.56 pol_l=-0.0050 val_l=3.70e+11 ent=10.636 t=16.42s
epoch= 6 interval=1d net_pnl=     -306018 std=   1005259 worst=    -9116141 reward=     -2.07 |trade|=16.51 pol_l=-0.0045 val_l=2.46e+11 ent=10.574 t=16.42s
epoch= 7 interval=1d net_pnl=     -297673 std=    905673 worst=    -5929021 reward=     -1.96 |trade|=16.54 pol_l=-0.0035 val_l=1.73e+11 ent=10.504 t=16.42s
epoch= 8 interval=1d net_pnl=     -319532 std=    819987 worst=    -4749776 reward=     -1.95 |trade|=16.61 pol_l=-0.0027 val_l=1.35e+11 ent=10.444 t=16.61s
epoch= 9 interval=1d net_pnl=     -331583 std=    767436 worst=    -3580997 reward=     -1.94 |trade|=16.57 pol_l=-0.0027 val_l=1.11e+11 ent=10.376 t=16.42s
epoch=10 interval=1d net_pnl=     -329090 std=    721367 worst=    -4818501 reward=     -1.90 |trade|=16.57 pol_l=-0.0022 val_l=9.37e+10 ent=10.318 t=16.41s
  [val] mean=     -249836 std=    429255 worst=    -1990778 p5=     -942716 sortino=    -1192552
epoch=11 interval=1d net_pnl=     -330567 std=    692461 worst=    -3641062 reward=     -1.87 |trade|=16.41 pol_l=-0.0021 val_l=8.14e+10 ent=10.266 t=16.37s
epoch=12 interval=1d net_pnl=     -324328 std=    652281 worst=    -3338745 reward=     -1.82 |trade|=16.30 pol_l=-0.0017 val_l=7.09e+10 ent=10.210 t=16.43s
epoch=13 interval=1d net_pnl=     -326969 std=    644091 worst=    -3060755 reward=     -1.82 |trade|=15.94 pol_l=-0.0017 val_l=6.29e+10 ent=10.156 t=16.33s
epoch=14 interval=1d net_pnl=     -327937 std=    606161 worst=    -3368036 reward=     -1.80 |trade|=15.58 pol_l=-0.0018 val_l=5.46e+10 ent=10.096 t=16.33s
epoch=15 interval=1d net_pnl=     -318721 std=    589694 worst=    -3060950 reward=     -1.75 |trade|=15.03 pol_l=-0.0016 val_l=4.78e+10 ent=10.054 t=16.35s
epoch=16 interval=1d net_pnl=     -296755 std=    567128 worst=    -2689800 reward=     -1.66 |trade|=14.64 pol_l=-0.0017 val_l=4.22e+10 ent=10.004 t=16.33s
epoch=17 interval=1d net_pnl=     -307282 std=    540249 worst=    -2554393 reward=     -1.66 |trade|=14.30 pol_l=-0.0019 val_l=3.66e+10 ent=9.945 t=16.31s
epoch=18 interval=1d net_pnl=     -292068 std=    540335 worst=    -2544149 reward=     -1.63 |trade|=13.68 pol_l=-0.0018 val_l=3.23e+10 ent=9.910 t=16.49s
epoch=19 interval=1d net_pnl=     -280083 std=    525009 worst=    -2378028 reward=     -1.57 |trade|=13.45 pol_l=-0.0016 val_l=2.83e+10 ent=9.850 t=16.30s
epoch=20 interval=1d net_pnl=     -293857 std=    501629 worst=    -2250800 reward=     -1.59 |trade|=13.07 pol_l=-0.0018 val_l=2.46e+10 ent=9.788 t=16.29s
  [val] mean=     -235839 std=    340786 worst=    -1511507 p5=     -765661 sortino=    -1001501
epoch=21 interval=1d net_pnl=     -260240 std=    492479 worst=    -2350394 reward=     -1.48 |trade|=12.68 pol_l=-0.0015 val_l=2.12e+10 ent=9.729 t=16.31s
epoch=22 interval=1d net_pnl=     -267771 std=    480025 worst=    -2706491 reward=     -1.49 |trade|=12.38 pol_l=-0.0015 val_l=1.86e+10 ent=9.671 t=16.30s
epoch=23 interval=1d net_pnl=     -256825 std=    485139 worst=    -2827709 reward=     -1.46 |trade|=11.93 pol_l=-0.0014 val_l=1.63e+10 ent=9.616 t=16.28s
epoch=24 interval=1d net_pnl=     -250176 std=    456238 worst=    -2628696 reward=     -1.41 |trade|=11.57 pol_l=-0.0012 val_l=1.46e+10 ent=9.575 t=16.32s
epoch=25 interval=1d net_pnl=     -233137 std=    468266 worst=    -2135236 reward=     -1.38 |trade|=11.33 pol_l=-0.0014 val_l=1.31e+10 ent=9.521 t=16.28s
epoch=26 interval=1d net_pnl=     -240672 std=    459533 worst=    -2032647 reward=     -1.38 |trade|=11.06 pol_l=-0.0012 val_l=1.18e+10 ent=9.475 t=16.28s
epoch=27 interval=1d net_pnl=     -226536 std=    450430 worst=    -2091014 reward=     -1.34 |trade|=10.93 pol_l=-0.0012 val_l=1.06e+10 ent=9.411 t=16.29s
epoch=28 interval=1d net_pnl=     -226866 std=    437626 worst=    -1906664 reward=     -1.32 |trade|=10.61 pol_l=-0.0012 val_l=9.71e+09 ent=9.369 t=16.28s
epoch=29 interval=1d net_pnl=     -210822 std=    423782 worst=    -2008817 reward=     -1.26 |trade|=10.20 pol_l=-0.0009 val_l=8.89e+09 ent=9.326 t=16.55s
epoch=30 interval=1d net_pnl=     -195744 std=    423915 worst=    -2101525 reward=     -1.21 |trade|=9.88 pol_l=-0.0013 val_l=8.22e+09 ent=9.267 t=16.31s
  [val] mean=      -38898 std=    279137 worst=    -1097548 p5=     -452217 sortino=     -491115
epoch=31 interval=1d net_pnl=     -183776 std=    414290 worst=    -2536246 reward=     -1.17 |trade|=9.51 pol_l=-0.0009 val_l=7.57e+09 ent=9.226 t=16.28s
epoch=32 interval=1d net_pnl=     -174712 std=    406360 worst=    -1768236 reward=     -1.14 |trade|=9.18 pol_l=-0.0011 val_l=6.93e+09 ent=9.163 t=16.28s
epoch=33 interval=1d net_pnl=     -154939 std=    398982 worst=    -2026625 reward=     -1.06 |trade|=8.75 pol_l=-0.0010 val_l=6.44e+09 ent=9.115 t=16.29s
epoch=34 interval=1d net_pnl=     -153665 std=    399862 worst=    -1976450 reward=     -1.07 |trade|=8.50 pol_l=-0.0008 val_l=5.98e+09 ent=9.057 t=16.28s
epoch=35 interval=1d net_pnl=     -146765 std=    389450 worst=    -1625845 reward=     -1.03 |trade|=8.23 pol_l=-0.0009 val_l=5.57e+09 ent=9.005 t=16.29s
epoch=36 interval=1d net_pnl=     -140475 std=    386051 worst=    -1458437 reward=     -1.01 |trade|=8.05 pol_l=-0.0010 val_l=5.20e+09 ent=8.961 t=16.28s
epoch=37 interval=1d net_pnl=     -123565 std=    389375 worst=    -1615125 reward=     -0.96 |trade|=7.80 pol_l=-0.0010 val_l=4.84e+09 ent=8.910 t=16.28s
epoch=38 interval=1d net_pnl=     -118113 std=    374629 worst=    -1450688 reward=     -0.93 |trade|=7.44 pol_l=-0.0009 val_l=4.47e+09 ent=8.854 t=16.28s
epoch=39 interval=1d net_pnl=     -110953 std=    380189 worst=    -1667620 reward=     -0.92 |trade|=7.33 pol_l=-0.0007 val_l=4.15e+09 ent=8.787 t=16.43s
epoch=40 interval=1d net_pnl=     -108426 std=    374100 worst=    -1470355 reward=     -0.90 |trade|=7.03 pol_l=-0.0011 val_l=3.86e+09 ent=8.721 t=16.25s
  [val] mean=      +60811 std=    351400 worst=     -985993 p5=     -471584 sortino=     -410773
epoch=41 interval=1d net_pnl=     -101047 std=    379571 worst=    -1618537 reward=     -0.89 |trade|=6.88 pol_l=-0.0008 val_l=3.57e+09 ent=8.658 t=16.27s
epoch=42 interval=1d net_pnl=      -95762 std=    369344 worst=    -1364265 reward=     -0.86 |trade|=6.66 pol_l=-0.0011 val_l=3.32e+09 ent=8.590 t=16.26s
epoch=43 interval=1d net_pnl=      -87986 std=    375851 worst=    -1644953 reward=     -0.85 |trade|=6.44 pol_l=-0.0008 val_l=3.07e+09 ent=8.534 t=16.26s
epoch=44 interval=1d net_pnl=      -87019 std=    379247 worst=    -1433656 reward=     -0.85 |trade|=6.34 pol_l=-0.0011 val_l=2.85e+09 ent=8.466 t=16.27s
epoch=45 interval=1d net_pnl=      -73903 std=    387743 worst=    -1240483 reward=     -0.82 |trade|=6.25 pol_l=-0.0009 val_l=2.62e+09 ent=8.384 t=16.32s
epoch=46 interval=1d net_pnl=      -63666 std=    386014 worst=    -1236357 reward=     -0.79 |trade|=6.07 pol_l=-0.0008 val_l=2.45e+09 ent=8.315 t=16.29s
epoch=47 interval=1d net_pnl=      -70644 std=    388235 worst=    -1661153 reward=     -0.82 |trade|=5.87 pol_l=-0.0008 val_l=2.25e+09 ent=8.241 t=16.28s
epoch=48 interval=1d net_pnl=      -63286 std=    389570 worst=    -1343711 reward=     -0.80 |trade|=5.78 pol_l=-0.0009 val_l=2.10e+09 ent=8.177 t=16.29s
epoch=49 interval=1d net_pnl=      -54681 std=    385853 worst=    -1676252 reward=     -0.77 |trade|=5.55 pol_l=-0.0011 val_l=1.94e+09 ent=8.100 t=16.32s
epoch=50 interval=1d net_pnl=      -44762 std=    386052 worst=    -1309594 reward=     -0.74 |trade|=5.33 pol_l=-0.0011 val_l=1.75e+09 ent=8.020 t=16.43s
  [val] mean=      +72288 std=    438592 worst=    -1220168 p5=     -557411 sortino=     -485123
epoch=51 interval=1d net_pnl=      -38789 std=    382989 worst=    -1368642 reward=     -0.72 |trade|=5.12 pol_l=-0.0012 val_l=1.59e+09 ent=7.931 t=16.25s
epoch=52 interval=1d net_pnl=      -35785 std=    394156 worst=    -1426678 reward=     -0.73 |trade|=5.06 pol_l=-0.0010 val_l=1.45e+09 ent=7.853 t=16.26s
epoch=53 interval=1d net_pnl=      -29545 std=    398784 worst=    -1533510 reward=     -0.72 |trade|=4.89 pol_l=-0.0010 val_l=1.31e+09 ent=7.767 t=16.27s
epoch=54 interval=1d net_pnl=      -29629 std=    394675 worst=    -1510908 reward=     -0.71 |trade|=4.77 pol_l=-0.0011 val_l=1.20e+09 ent=7.676 t=16.27s
epoch=55 interval=1d net_pnl=      -29927 std=    403469 worst=    -1475219 reward=     -0.73 |trade|=4.74 pol_l=-0.0011 val_l=1.10e+09 ent=7.611 t=16.27s
epoch=56 interval=1d net_pnl=      -21259 std=    407248 worst=    -1465798 reward=     -0.71 |trade|=4.56 pol_l=-0.0009 val_l=1.00e+09 ent=7.515 t=16.30s
epoch=57 interval=1d net_pnl=       -9788 std=    406795 worst=    -1440024 reward=     -0.68 |trade|=4.45 pol_l=-0.0010 val_l=9.34e+08 ent=7.437 t=16.29s
epoch=58 interval=1d net_pnl=      -12719 std=    404206 worst=    -1383084 reward=     -0.68 |trade|=4.27 pol_l=-0.0015 val_l=8.39e+08 ent=7.330 t=16.29s
epoch=59 interval=1d net_pnl=       -1613 std=    397863 worst=    -1595352 reward=     -0.65 |trade|=4.15 pol_l=-0.0010 val_l=7.53e+08 ent=7.262 t=16.31s
  [val] mean=      +86022 std=    466093 worst=    -1324091 p5=     -608497 sortino=     -522474
  → mean=$+86,022  p5=$-608,497  sortino=$-522,474  max_total=36  min_per_inst=-14  (17.1 min)

==============================================================================
Sweep complete. CSV: artifacts/sweeps/20260512_095503_lr_3e-5/sweep.csv
