WARNING:MarketDataRF_platinum_calibrated:Price Factor 'DiscountRate.USD-SOFR' not found in market data
/home/vretiel/miniconda3/lib/python3.10/site-packages/torch/nn/modules/transformer.py:385: UserWarning: enable_nested_tensor is True, but self.use_nested_tensor is False because encoder_layer.norm_first was True
  warnings.warn(
Sweep dir: artifacts/sweeps/20260513_012802_pbp_0.02
Tag: pbp_0.02, seeds=(42,), epochs=60, overrides=['Batch_Size=2048', 'Simulation_Batches=4', 'Position_Bounds_Penalty=0.02']

[1/1] seed=42 overrides={'Batch_Size': 2048, 'Simulation_Batches': 4, 'Position_Bounds_Penalty': 0.02}
epoch= 0 interval=1d net_pnl=     -163512 std=   3480141 worst=   -22679726 reward=     -3.41 |trade|=13.44 pol_l=-0.0074 val_l=3.13e+12 ent=10.096 t=16.41s
  [val] mean=    -1126952 std=   1030250 worst=    -4858965 p5=    -2781558 sortino=    -3908510
epoch= 1 interval=1d net_pnl=     -197837 std=   2518806 worst=   -23149166 reward=     -2.89 |trade|=13.32 pol_l=-0.0093 val_l=1.39e+12 ent=10.074 t=16.47s
epoch= 2 interval=1d net_pnl=     -218011 std=   1788581 worst=   -12346402 reward=     -2.45 |trade|=13.24 pol_l=-0.0108 val_l=5.80e+11 ent=10.036 t=16.62s
epoch= 3 interval=1d net_pnl=     -229634 std=   1312990 worst=    -8467979 reward=     -2.15 |trade|=13.08 pol_l=-0.0103 val_l=2.56e+11 ent=9.991 t=16.70s
epoch= 4 interval=1d net_pnl=     -244055 std=   1070946 worst=    -5855184 reward=     -1.98 |trade|=12.75 pol_l=-0.0091 val_l=1.38e+11 ent=9.940 t=16.65s
epoch= 5 interval=1d net_pnl=     -228822 std=    897100 worst=    -4591350 reward=     -1.78 |trade|=12.40 pol_l=-0.0077 val_l=8.54e+10 ent=9.882 t=16.65s
epoch= 6 interval=1d net_pnl=     -204814 std=    794114 worst=    -7454785 reward=     -1.62 |trade|=11.83 pol_l=-0.0063 val_l=6.02e+10 ent=9.828 t=16.64s
epoch= 7 interval=1d net_pnl=     -201206 std=    732656 worst=    -6094233 reward=     -1.53 |trade|=11.28 pol_l=-0.0054 val_l=4.52e+10 ent=9.771 t=16.61s
epoch= 8 interval=1d net_pnl=     -193933 std=    657920 worst=    -3590348 reward=     -1.44 |trade|=10.71 pol_l=-0.0048 val_l=3.52e+10 ent=9.710 t=16.63s
epoch= 9 interval=1d net_pnl=     -189659 std=    608065 worst=    -2867744 reward=     -1.38 |trade|=10.07 pol_l=-0.0043 val_l=2.82e+10 ent=9.646 t=16.63s
epoch=10 interval=1d net_pnl=     -161594 std=    552049 worst=    -3408348 reward=     -1.25 |trade|=9.75 pol_l=-0.0036 val_l=2.20e+10 ent=9.573 t=16.59s
  [val] mean=      +58955 std=    397997 worst=    -1067490 p5=     -528143 sortino=     -469188
epoch=11 interval=1d net_pnl=     -158438 std=    527241 worst=    -3025102 reward=     -1.20 |trade|=9.31 pol_l=-0.0036 val_l=1.83e+10 ent=9.508 t=16.55s
epoch=12 interval=1d net_pnl=     -145253 std=    492767 worst=    -2544897 reward=     -1.14 |trade|=8.81 pol_l=-0.0033 val_l=1.50e+10 ent=9.440 t=16.62s
epoch=13 interval=1d net_pnl=     -141323 std=    473759 worst=    -2453329 reward=     -1.10 |trade|=8.49 pol_l=-0.0029 val_l=1.20e+10 ent=9.368 t=16.51s
epoch=14 interval=1d net_pnl=     -124782 std=    454263 worst=    -2604799 reward=     -1.04 |trade|=8.23 pol_l=-0.0030 val_l=9.83e+09 ent=9.295 t=16.51s
epoch=15 interval=1d net_pnl=     -114838 std=    439870 worst=    -1824676 reward=     -1.00 |trade|=7.82 pol_l=-0.0027 val_l=8.03e+09 ent=9.224 t=16.50s
epoch=16 interval=1d net_pnl=     -103894 std=    418314 worst=    -1670922 reward=     -0.94 |trade|=7.60 pol_l=-0.0024 val_l=6.69e+09 ent=9.157 t=16.49s
epoch=17 interval=1d net_pnl=      -95856 std=    423988 worst=    -1738134 reward=     -0.93 |trade|=7.27 pol_l=-0.0022 val_l=5.63e+09 ent=9.093 t=16.48s
epoch=18 interval=1d net_pnl=     -100166 std=    419248 worst=    -1928003 reward=     -0.93 |trade|=7.07 pol_l=-0.0024 val_l=4.84e+09 ent=9.042 t=16.49s
epoch=19 interval=1d net_pnl=      -90802 std=    408759 worst=    -1707053 reward=     -0.90 |trade|=6.78 pol_l=-0.0016 val_l=4.10e+09 ent=8.992 t=16.47s
epoch=20 interval=1d net_pnl=      -81437 std=    404048 worst=    -2072455 reward=     -0.85 |trade|=6.55 pol_l=-0.0017 val_l=3.68e+09 ent=8.947 t=16.46s
  [val] mean=      +69714 std=    408570 worst=     -911751 p5=     -470833 sortino=     -401119
epoch=21 interval=1d net_pnl=      -74926 std=    393736 worst=    -1636560 reward=     -0.83 |trade|=6.31 pol_l=-0.0018 val_l=3.24e+09 ent=8.889 t=16.52s
epoch=22 interval=1d net_pnl=      -65318 std=    389282 worst=    -1547185 reward=     -0.79 |trade|=6.15 pol_l=-0.0016 val_l=2.92e+09 ent=8.852 t=16.46s
epoch=23 interval=1d net_pnl=      -74352 std=    379975 worst=    -1447956 reward=     -0.80 |trade|=6.10 pol_l=-0.0014 val_l=2.64e+09 ent=8.802 t=16.44s
epoch=24 interval=1d net_pnl=      -60974 std=    385085 worst=    -1653349 reward=     -0.78 |trade|=5.93 pol_l=-0.0009 val_l=2.43e+09 ent=8.763 t=16.44s
epoch=25 interval=1d net_pnl=      -64995 std=    376883 worst=    -1791540 reward=     -0.78 |trade|=5.85 pol_l=-0.0015 val_l=2.26e+09 ent=8.713 t=16.46s
epoch=26 interval=1d net_pnl=      -52381 std=    378442 worst=    -1453114 reward=     -0.75 |trade|=5.65 pol_l=-0.0016 val_l=2.02e+09 ent=8.645 t=16.45s
epoch=27 interval=1d net_pnl=      -41709 std=    381593 worst=    -1435434 reward=     -0.72 |trade|=5.37 pol_l=-0.0016 val_l=1.82e+09 ent=8.575 t=16.44s
epoch=28 interval=1d net_pnl=      -42485 std=    382848 worst=    -1624088 reward=     -0.73 |trade|=5.24 pol_l=-0.0014 val_l=1.64e+09 ent=8.518 t=16.42s
epoch=29 interval=1d net_pnl=      -35386 std=    381041 worst=    -1486334 reward=     -0.71 |trade|=5.16 pol_l=-0.0016 val_l=1.47e+09 ent=8.457 t=16.48s
epoch=30 interval=1d net_pnl=      -35351 std=    378277 worst=    -1365320 reward=     -0.70 |trade|=5.01 pol_l=-0.0015 val_l=1.34e+09 ent=8.401 t=16.40s
  [val] mean=      +69758 std=    458399 worst=    -1083110 p5=     -570111 sortino=     -500354
epoch=31 interval=1d net_pnl=      -27222 std=    383345 worst=    -1506332 reward=     -0.68 |trade|=4.82 pol_l=-0.0016 val_l=1.20e+09 ent=8.341 t=16.50s
epoch=32 interval=1d net_pnl=      -29209 std=    380253 worst=    -1276433 reward=     -0.69 |trade|=4.73 pol_l=-0.0017 val_l=1.09e+09 ent=8.267 t=16.42s
epoch=33 interval=1d net_pnl=      -25901 std=    386540 worst=    -1440952 reward=     -0.69 |trade|=4.73 pol_l=-0.0018 val_l=9.98e+08 ent=8.217 t=16.41s
epoch=34 interval=1d net_pnl=      -24642 std=    384475 worst=    -1414105 reward=     -0.68 |trade|=4.52 pol_l=-0.0017 val_l=8.75e+08 ent=8.137 t=16.42s
