WARNING:MarketDataRF_platinum_calibrated:Price Factor 'DiscountRate.USD-SOFR' not found in market data
/home/vretiel/miniconda3/lib/python3.10/site-packages/torch/nn/modules/transformer.py:385: UserWarning: enable_nested_tensor is True, but self.use_nested_tensor is False because encoder_layer.norm_first was True
  warnings.warn(
Sweep dir: artifacts/sweeps/20260513_015622_pbp_0.05_sr_0_4seed
Tag: pbp_0.05_sr_0_4seed, seeds=(7, 42, 123, 456), epochs=60, overrides=['Batch_Size=2048', 'Simulation_Batches=4', 'Position_Bounds_Penalty=0.05', 'Surplus_Reward=0']

[1/4] seed=7 overrides={'Batch_Size': 2048, 'Simulation_Batches': 4, 'Position_Bounds_Penalty': 0.05, 'Surplus_Reward': 0}
epoch= 0 interval=1d net_pnl=     -233115 std=   3566324 worst=   -29022728 reward=     -3.85 |trade|=13.45 pol_l=-0.0076 val_l=3.45e+12 ent=10.096 t=16.51s
  [val] mean=     -769521 std=   1118678 worst=    -4520285 p5=    -2467188 sortino=    -3236709
epoch= 1 interval=1d net_pnl=     -192055 std=   2608276 worst=   -18844476 reward=     -3.18 |trade|=13.34 pol_l=-0.0094 val_l=1.56e+12 ent=10.074 t=16.39s
epoch= 2 interval=1d net_pnl=     -226331 std=   1757394 worst=   -11234352 reward=     -2.66 |trade|=13.28 pol_l=-0.0106 val_l=6.25e+11 ent=10.037 t=16.52s
epoch= 3 interval=1d net_pnl=     -248377 std=   1318486 worst=    -8729430 reward=     -2.33 |trade|=13.08 pol_l=-0.0107 val_l=2.84e+11 ent=9.992 t=16.54s
epoch= 4 interval=1d net_pnl=     -220555 std=   1078244 worst=    -5689453 reward=     -2.07 |trade|=12.62 pol_l=-0.0096 val_l=1.48e+11 ent=9.942 t=16.56s
epoch= 5 interval=1d net_pnl=     -220203 std=    884380 worst=    -5083500 reward=     -1.85 |trade|=12.29 pol_l=-0.0082 val_l=8.97e+10 ent=9.880 t=16.55s
epoch= 6 interval=1d net_pnl=     -203923 std=    761769 worst=    -3457406 reward=     -1.70 |trade|=12.04 pol_l=-0.0068 val_l=5.97e+10 ent=9.813 t=16.54s
epoch= 7 interval=1d net_pnl=     -190755 std=    680008 worst=    -4023816 reward=     -1.56 |trade|=11.38 pol_l=-0.0056 val_l=4.29e+10 ent=9.751 t=16.54s
epoch= 8 interval=1d net_pnl=     -202787 std=    609063 worst=    -4742532 reward=     -1.49 |trade|=10.78 pol_l=-0.0047 val_l=3.30e+10 ent=9.687 t=16.53s
epoch= 9 interval=1d net_pnl=     -169591 std=    560642 worst=    -3202322 reward=     -1.34 |trade|=10.20 pol_l=-0.0044 val_l=2.57e+10 ent=9.616 t=16.60s
epoch=10 interval=1d net_pnl=     -151663 std=    519498 worst=    -2257143 reward=     -1.25 |trade|=9.78 pol_l=-0.0041 val_l=2.04e+10 ent=9.548 t=16.49s
  [val] mean=       -6638 std=    295071 worst=    -1016846 p5=     -453263 sortino=     -459901
epoch=11 interval=1d net_pnl=     -136103 std=    509425 worst=    -2378851 reward=     -1.19 |trade|=9.43 pol_l=-0.0037 val_l=1.70e+10 ent=9.487 t=16.48s
epoch=12 interval=1d net_pnl=     -142677 std=    480028 worst=    -2260419 reward=     -1.17 |trade|=9.16 pol_l=-0.0033 val_l=1.38e+10 ent=9.427 t=16.49s
epoch=13 interval=1d net_pnl=     -126493 std=    473795 worst=    -2657142 reward=     -1.12 |trade|=8.78 pol_l=-0.0030 val_l=1.13e+10 ent=9.364 t=16.45s
epoch=14 interval=1d net_pnl=     -116713 std=    438172 worst=    -2506079 reward=     -1.04 |trade|=8.29 pol_l=-0.0029 val_l=9.20e+09 ent=9.303 t=16.45s
epoch=15 interval=1d net_pnl=      -98320 std=    426150 worst=    -2402718 reward=     -0.98 |trade|=7.83 pol_l=-0.0028 val_l=7.58e+09 ent=9.242 t=16.41s
epoch=16 interval=1d net_pnl=      -96721 std=    423011 worst=    -1918778 reward=     -0.97 |trade|=7.47 pol_l=-0.0026 val_l=6.40e+09 ent=9.188 t=16.38s
epoch=17 interval=1d net_pnl=      -80700 std=    422801 worst=    -2141790 reward=     -0.93 |trade|=7.15 pol_l=-0.0025 val_l=5.44e+09 ent=9.132 t=16.45s
epoch=18 interval=1d net_pnl=      -86547 std=    408103 worst=    -2411388 reward=     -0.92 |trade|=6.86 pol_l=-0.0025 val_l=4.63e+09 ent=9.063 t=16.42s
epoch=19 interval=1d net_pnl=      -68515 std=    398942 worst=    -2817636 reward=     -0.86 |trade|=6.65 pol_l=-0.0019 val_l=3.93e+09 ent=9.001 t=16.48s
epoch=20 interval=1d net_pnl=      -74020 std=    382830 worst=    -1649026 reward=     -0.86 |trade|=6.40 pol_l=-0.0021 val_l=3.41e+09 ent=8.936 t=16.43s
  [val] mean=      +29726 std=    285620 worst=    -1000361 p5=     -406843 sortino=     -377117
epoch=21 interval=1d net_pnl=      -68061 std=    387926 worst=    -1777525 reward=     -0.84 |trade|=6.26 pol_l=-0.0016 val_l=2.99e+09 ent=8.882 t=16.40s
epoch=22 interval=1d net_pnl=      -59653 std=    375207 worst=    -1625190 reward=     -0.81 |trade|=5.99 pol_l=-0.0016 val_l=2.63e+09 ent=8.813 t=16.39s
epoch=23 interval=1d net_pnl=      -57973 std=    379576 worst=    -1854320 reward=     -0.81 |trade|=5.81 pol_l=-0.0013 val_l=2.38e+09 ent=8.776 t=16.38s
epoch=24 interval=1d net_pnl=      -47187 std=    363232 worst=    -1411295 reward=     -0.76 |trade|=5.64 pol_l=-0.0015 val_l=2.15e+09 ent=8.710 t=16.42s
epoch=25 interval=1d net_pnl=      -44524 std=    373564 worst=    -1414390 reward=     -0.78 |trade|=5.47 pol_l=-0.0015 val_l=1.92e+09 ent=8.644 t=16.40s
epoch=26 interval=1d net_pnl=      -54878 std=    367944 worst=    -1588033 reward=     -0.79 |trade|=5.37 pol_l=-0.0016 val_l=1.74e+09 ent=8.596 t=16.39s
epoch=27 interval=1d net_pnl=      -48775 std=    372197 worst=    -1454316 reward=     -0.79 |trade|=5.26 pol_l=-0.0016 val_l=1.60e+09 ent=8.550 t=16.38s
epoch=28 interval=1d net_pnl=      -42527 std=    363335 worst=    -1485963 reward=     -0.75 |trade|=5.11 pol_l=-0.0017 val_l=1.43e+09 ent=8.485 t=16.39s
epoch=29 interval=1d net_pnl=      -38703 std=    359991 worst=    -1550778 reward=     -0.74 |trade|=4.96 pol_l=-0.0016 val_l=1.28e+09 ent=8.423 t=16.55s
epoch=30 interval=1d net_pnl=      -39787 std=    356027 worst=    -1547003 reward=     -0.73 |trade|=4.87 pol_l=-0.0019 val_l=1.17e+09 ent=8.368 t=16.38s
  [val] mean=      +38675 std=    299223 worst=     -832661 p5=     -400534 sortino=     -361859
epoch=31 interval=1d net_pnl=      -34242 std=    360449 worst=    -1530540 reward=     -0.73 |trade|=4.86 pol_l=-0.0018 val_l=1.06e+09 ent=8.313 t=16.36s
epoch=32 interval=1d net_pnl=      -37641 std=    359024 worst=    -1260185 reward=     -0.73 |trade|=4.78 pol_l=-0.0018 val_l=9.62e+08 ent=8.260 t=16.38s
epoch=33 interval=1d net_pnl=      -32799 std=    358005 worst=    -1321802 reward=     -0.72 |trade|=4.74 pol_l=-0.0019 val_l=8.61e+08 ent=8.200 t=16.37s
epoch=34 interval=1d net_pnl=      -34226 std=    361786 worst=    -1323651 reward=     -0.73 |trade|=4.70 pol_l=-0.0018 val_l=7.76e+08 ent=8.146 t=16.37s
epoch=35 interval=1d net_pnl=      -29456 std=    356171 worst=    -1336990 reward=     -0.71 |trade|=4.62 pol_l=-0.0019 val_l=6.89e+08 ent=8.083 t=16.40s
epoch=36 interval=1d net_pnl=      -25857 std=    358124 worst=    -1299863 reward=     -0.70 |trade|=4.45 pol_l=-0.0019 val_l=5.96e+08 ent=7.989 t=16.37s
epoch=37 interval=1d net_pnl=      -19603 std=    354924 worst=    -1338006 reward=     -0.69 |trade|=4.34 pol_l=-0.0018 val_l=5.29e+08 ent=7.917 t=16.33s
epoch=38 interval=1d net_pnl=      -20344 std=    351758 worst=    -1253556 reward=     -0.68 |trade|=4.21 pol_l=-0.0018 val_l=4.65e+08 ent=7.836 t=16.38s
epoch=39 interval=1d net_pnl=      -13753 std=    348045 worst=    -1158733 reward=     -0.66 |trade|=4.10 pol_l=-0.0018 val_l=4.11e+08 ent=7.743 t=16.45s
epoch=40 interval=1d net_pnl=      -15800 std=    341977 worst=    -1185727 reward=     -0.65 |trade|=3.99 pol_l=-0.0017 val_l=3.62e+08 ent=7.680 t=16.37s
  [val] mean=      +47603 std=    303382 worst=     -904619 p5=     -404046 sortino=     -356443
epoch=41 interval=1d net_pnl=       -8415 std=    354412 worst=    -1315080 reward=     -0.66 |trade|=3.98 pol_l=-0.0019 val_l=3.17e+08 ent=7.582 t=16.35s
