WARNING:MarketDataRF_platinum_calibrated:Price Factor 'DiscountRate.USD-SOFR' not found in market data
/home/vretiel/miniconda3/lib/python3.10/site-packages/torch/nn/modules/transformer.py:385: UserWarning: enable_nested_tensor is True, but self.use_nested_tensor is False because encoder_layer.norm_first was True
  warnings.warn(
Sweep dir: artifacts/sweeps/20260513_021943_pbp_0.05_sr_0_4seed_v2
Tag: pbp_0.05_sr_0_4seed_v2, seeds=(7, 42, 123, 456), epochs=60, overrides=['Batch_Size=2048', 'Simulation_Batches=4', 'Position_Bounds_Penalty=0.05', 'Surplus_Reward=0']

[1/4] seed=7 overrides={'Batch_Size': 2048, 'Simulation_Batches': 4, 'Position_Bounds_Penalty': 0.05, 'Surplus_Reward': 0}
epoch= 0 interval=1d net_pnl=     -233115 std=   3566324 worst=   -29022728 reward=     -3.85 |trade|=13.45 pol_l=-0.0076 val_l=3.45e+12 ent=10.096 t=16.33s
  [val] mean=     -770242 std=   1119008 worst=    -4520285 p5=    -2467188 sortino=    -3237431
epoch= 1 interval=1d net_pnl=     -192055 std=   2608276 worst=   -18844476 reward=     -3.18 |trade|=13.34 pol_l=-0.0094 val_l=1.56e+12 ent=10.074 t=16.18s
epoch= 2 interval=1d net_pnl=     -226306 std=   1759085 worst=   -11234352 reward=     -2.66 |trade|=13.28 pol_l=-0.0106 val_l=6.25e+11 ent=10.037 t=16.28s
epoch= 3 interval=1d net_pnl=     -244285 std=   1292725 worst=    -8568800 reward=     -2.31 |trade|=13.16 pol_l=-0.0106 val_l=2.74e+11 ent=9.990 t=16.45s
epoch= 4 interval=1d net_pnl=     -223770 std=   1076136 worst=    -5431223 reward=     -2.07 |trade|=12.70 pol_l=-0.0096 val_l=1.47e+11 ent=9.941 t=16.49s
epoch= 5 interval=1d net_pnl=     -222323 std=    888838 worst=    -4573134 reward=     -1.86 |trade|=12.34 pol_l=-0.0083 val_l=9.13e+10 ent=9.881 t=16.49s
epoch= 6 interval=1d net_pnl=     -208698 std=    763000 worst=    -3521224 reward=     -1.71 |trade|=12.01 pol_l=-0.0066 val_l=6.01e+10 ent=9.816 t=16.53s
epoch= 7 interval=1d net_pnl=     -196829 std=    686926 worst=    -5141678 reward=     -1.58 |trade|=11.50 pol_l=-0.0057 val_l=4.34e+10 ent=9.750 t=16.55s
epoch= 8 interval=1d net_pnl=     -197550 std=    614207 worst=    -4522116 reward=     -1.48 |trade|=10.91 pol_l=-0.0047 val_l=3.30e+10 ent=9.686 t=16.57s
epoch= 9 interval=1d net_pnl=     -174853 std=    570279 worst=    -2862610 reward=     -1.37 |trade|=10.31 pol_l=-0.0044 val_l=2.57e+10 ent=9.614 t=16.55s
epoch=10 interval=1d net_pnl=     -157516 std=    517863 worst=    -2292904 reward=     -1.27 |trade|=9.91 pol_l=-0.0039 val_l=1.99e+10 ent=9.534 t=16.50s
  [val] mean=      -11969 std=    287332 worst=     -999357 p5=     -445718 sortino=     -457687
epoch=11 interval=1d net_pnl=     -137547 std=    502433 worst=    -2480938 reward=     -1.20 |trade|=9.53 pol_l=-0.0036 val_l=1.62e+10 ent=9.472 t=16.54s
epoch=12 interval=1d net_pnl=     -146038 std=    477600 worst=    -2180537 reward=     -1.18 |trade|=9.21 pol_l=-0.0033 val_l=1.30e+10 ent=9.400 t=16.54s
epoch=13 interval=1d net_pnl=     -127381 std=    459648 worst=    -2152656 reward=     -1.11 |trade|=8.68 pol_l=-0.0032 val_l=1.06e+10 ent=9.336 t=16.55s
epoch=14 interval=1d net_pnl=     -113896 std=    432643 worst=    -1809260 reward=     -1.03 |trade|=8.11 pol_l=-0.0031 val_l=8.67e+09 ent=9.281 t=16.54s
epoch=15 interval=1d net_pnl=     -101766 std=    424195 worst=    -2030707 reward=     -0.98 |trade|=7.65 pol_l=-0.0028 val_l=7.28e+09 ent=9.230 t=16.54s
epoch=16 interval=1d net_pnl=      -96404 std=    414950 worst=    -2124020 reward=     -0.95 |trade|=7.28 pol_l=-0.0027 val_l=5.91e+09 ent=9.155 t=16.58s
epoch=17 interval=1d net_pnl=      -86712 std=    409933 worst=    -2242273 reward=     -0.93 |trade|=7.01 pol_l=-0.0024 val_l=4.91e+09 ent=9.085 t=16.50s
epoch=18 interval=1d net_pnl=      -83169 std=    405195 worst=    -2264639 reward=     -0.90 |trade|=6.90 pol_l=-0.0025 val_l=4.31e+09 ent=9.016 t=16.47s
epoch=19 interval=1d net_pnl=      -72089 std=    397248 worst=    -1913136 reward=     -0.87 |trade|=6.74 pol_l=-0.0018 val_l=3.69e+09 ent=8.958 t=16.45s
epoch=20 interval=1d net_pnl=      -71261 std=    381339 worst=    -1517519 reward=     -0.85 |trade|=6.48 pol_l=-0.0018 val_l=3.22e+09 ent=8.896 t=16.46s
  [val] mean=      +45563 std=    278560 worst=     -776747 p5=     -377604 sortino=     -332041
epoch=21 interval=1d net_pnl=      -69345 std=    391278 worst=    -1753953 reward=     -0.86 |trade|=6.40 pol_l=-0.0018 val_l=2.90e+09 ent=8.851 t=16.50s
epoch=22 interval=1d net_pnl=      -61981 std=    391435 worst=    -1627989 reward=     -0.84 |trade|=6.15 pol_l=-0.0017 val_l=2.57e+09 ent=8.797 t=16.46s
epoch=23 interval=1d net_pnl=      -57776 std=    382238 worst=    -1720216 reward=     -0.82 |trade|=5.86 pol_l=-0.0017 val_l=2.26e+09 ent=8.743 t=16.42s
epoch=24 interval=1d net_pnl=      -52594 std=    368988 worst=    -1654843 reward=     -0.78 |trade|=5.78 pol_l=-0.0015 val_l=2.07e+09 ent=8.702 t=16.44s
epoch=25 interval=1d net_pnl=      -44704 std=    386003 worst=    -1685850 reward=     -0.79 |trade|=5.71 pol_l=-0.0017 val_l=1.89e+09 ent=8.644 t=16.53s
epoch=26 interval=1d net_pnl=      -54910 std=    383133 worst=    -1544807 reward=     -0.81 |trade|=5.64 pol_l=-0.0016 val_l=1.74e+09 ent=8.605 t=16.43s
epoch=27 interval=1d net_pnl=      -46199 std=    383320 worst=    -1596654 reward=     -0.79 |trade|=5.50 pol_l=-0.0016 val_l=1.58e+09 ent=8.554 t=16.44s
epoch=28 interval=1d net_pnl=      -45264 std=    385040 worst=    -1846006 reward=     -0.79 |trade|=5.46 pol_l=-0.0018 val_l=1.46e+09 ent=8.503 t=16.41s
epoch=29 interval=1d net_pnl=      -42357 std=    386637 worst=    -1429669 reward=     -0.78 |trade|=5.34 pol_l=-0.0018 val_l=1.34e+09 ent=8.459 t=16.52s
epoch=30 interval=1d net_pnl=      -39950 std=    383645 worst=    -1866056 reward=     -0.77 |trade|=5.32 pol_l=-0.0018 val_l=1.21e+09 ent=8.401 t=16.40s
  [val] mean=      +38106 std=    296641 worst=     -923907 p5=     -386704 sortino=     -348599
epoch=31 interval=1d net_pnl=      -35550 std=    384388 worst=    -1923788 reward=     -0.77 |trade|=5.16 pol_l=-0.0018 val_l=1.07e+09 ent=8.325 t=16.42s
epoch=32 interval=1d net_pnl=      -34596 std=    391863 worst=    -1674939 reward=     -0.77 |trade|=4.98 pol_l=-0.0018 val_l=9.25e+08 ent=8.247 t=16.40s
epoch=33 interval=1d net_pnl=      -29129 std=    388207 worst=    -1420278 reward=     -0.76 |trade|=4.89 pol_l=-0.0019 val_l=8.30e+08 ent=8.174 t=16.41s
epoch=34 interval=1d net_pnl=      -33855 std=    379288 worst=    -1683717 reward=     -0.76 |trade|=4.72 pol_l=-0.0018 val_l=7.32e+08 ent=8.101 t=16.42s
epoch=35 interval=1d net_pnl=      -26840 std=    374046 worst=    -1299167 reward=     -0.73 |trade|=4.60 pol_l=-0.0020 val_l=6.38e+08 ent=8.025 t=16.51s
epoch=36 interval=1d net_pnl=      -30094 std=    369646 worst=    -1355260 reward=     -0.73 |trade|=4.50 pol_l=-0.0021 val_l=5.82e+08 ent=7.960 t=16.41s
epoch=37 interval=1d net_pnl=      -24569 std=    366886 worst=    -1354329 reward=     -0.71 |trade|=4.41 pol_l=-0.0018 val_l=5.08e+08 ent=7.893 t=16.40s
epoch=38 interval=1d net_pnl=      -20690 std=    370818 worst=    -1227443 reward=     -0.71 |trade|=4.36 pol_l=-0.0020 val_l=4.45e+08 ent=7.812 t=16.41s
epoch=39 interval=1d net_pnl=      -24285 std=    364077 worst=    -1373856 reward=     -0.71 |trade|=4.22 pol_l=-0.0018 val_l=3.89e+08 ent=7.729 t=16.40s
epoch=40 interval=1d net_pnl=      -20179 std=    351427 worst=    -1303242 reward=     -0.68 |trade|=4.12 pol_l=-0.0018 val_l=3.42e+08 ent=7.660 t=16.39s
  [val] mean=      +31723 std=    286479 worst=     -931185 p5=     -382467 sortino=     -350744
epoch=41 interval=1d net_pnl=      -12672 std=    363814 worst=    -1199269 reward=     -0.69 |trade|=4.14 pol_l=-0.0020 val_l=3.09e+08 ent=7.589 t=16.40s
epoch=42 interval=1d net_pnl=       -7053 std=    372820 worst=    -1411620 reward=     -0.69 |trade|=4.08 pol_l=-0.0021 val_l=2.85e+08 ent=7.525 t=16.39s
epoch=43 interval=1d net_pnl=      -13633 std=    370977 worst=    -1231711 reward=     -0.70 |trade|=3.99 pol_l=-0.0019 val_l=2.44e+08 ent=7.431 t=16.38s
epoch=44 interval=1d net_pnl=      -11585 std=    370987 worst=    -1339622 reward=     -0.69 |trade|=3.85 pol_l=-0.0022 val_l=2.10e+08 ent=7.331 t=16.48s
epoch=45 interval=1d net_pnl=       -6472 std=    373326 worst=    -1327735 reward=     -0.68 |trade|=3.70 pol_l=-0.0020 val_l=1.82e+08 ent=7.231 t=16.39s
epoch=46 interval=1d net_pnl=       -5392 std=    370512 worst=    -1379944 reward=     -0.68 |trade|=3.63 pol_l=-0.0021 val_l=1.60e+08 ent=7.161 t=16.41s
epoch=47 interval=1d net_pnl=       -2802 std=    369560 worst=    -1230327 reward=     -0.67 |trade|=3.54 pol_l=-0.0022 val_l=1.39e+08 ent=7.084 t=16.42s
epoch=48 interval=1d net_pnl=       -4176 std=    370363 worst=    -1256736 reward=     -0.68 |trade|=3.46 pol_l=-0.0024 val_l=1.20e+08 ent=7.003 t=16.41s
epoch=49 interval=1d net_pnl=       +2547 std=    365491 worst=    -1399088 reward=     -0.65 |trade|=3.38 pol_l=-0.0024 val_l=1.02e+08 ent=6.939 t=16.42s
epoch=50 interval=1d net_pnl=       +2133 std=    357441 worst=    -1321781 reward=     -0.64 |trade|=3.30 pol_l=-0.0026 val_l=8.62e+07 ent=6.851 t=16.42s
  [val] mean=      +37918 std=    303755 worst=     -880608 p5=     -401971 sortino=     -364053
epoch=51 interval=1d net_pnl=       -1546 std=    351733 worst=    -1302207 reward=     -0.64 |trade|=3.21 pol_l=-0.0029 val_l=7.17e+07 ent=6.765 t=16.38s
epoch=52 interval=1d net_pnl=        +288 std=    356108 worst=    -1383702 reward=     -0.64 |trade|=3.15 pol_l=-0.0031 val_l=5.96e+07 ent=6.677 t=16.39s
epoch=53 interval=1d net_pnl=       +3148 std=    357177 worst=    -1529028 reward=     -0.64 |trade|=3.06 pol_l=-0.0033 val_l=4.77e+07 ent=6.571 t=16.39s
epoch=54 interval=1d net_pnl=       +3006 std=    352309 worst=    -1180299 reward=     -0.63 |trade|=2.99 pol_l=-0.0036 val_l=3.70e+07 ent=6.469 t=16.52s
epoch=55 interval=1d net_pnl=       +6806 std=    352499 worst=    -1281834 reward=     -0.62 |trade|=2.92 pol_l=-0.0039 val_l=2.82e+07 ent=6.360 t=16.43s
epoch=56 interval=1d net_pnl=       +9334 std=    350315 worst=    -1249373 reward=     -0.61 |trade|=2.87 pol_l=-0.0042 val_l=2.00e+07 ent=6.238 t=16.41s
epoch=57 interval=1d net_pnl=       +8832 std=    349698 worst=    -1176318 reward=     -0.61 |trade|=2.81 pol_l=-0.0044 val_l=1.37e+07 ent=6.110 t=16.42s
epoch=58 interval=1d net_pnl=      +13069 std=    346979 worst=    -1309289 reward=     -0.60 |trade|=2.74 pol_l=-0.0039 val_l=8.88e+06 ent=5.978 t=16.41s
epoch=59 interval=1d net_pnl=      +13025 std=    347628 worst=    -1183072 reward=     -0.60 |trade|=2.67 pol_l=-0.0038 val_l=5.85e+06 ent=5.848 t=16.38s
  [val] mean=      +47344 std=    315397 worst=     -868220 p5=     -422024 sortino=     -374680
WARNING:MarketDataRF_platinum_calibrated:Price Factor 'DiscountRate.USD-SOFR' not found in market data
  → mean=$+47,344  p5=$-422,024  sortino=$-374,680  max_total=42  min_per_inst=-21  (17.2 min)

[2/4] seed=42 overrides={'Batch_Size': 2048, 'Simulation_Batches': 4, 'Position_Bounds_Penalty': 0.05, 'Surplus_Reward': 0}
epoch= 0 interval=1d net_pnl=     -163512 std=   3480141 worst=   -22679726 reward=     -3.73 |trade|=13.44 pol_l=-0.0074 val_l=3.40e+12 ent=10.096 t=16.16s
  [val] mean=    -1160493 std=   1003177 worst=    -5220678 p5=    -2802991 sortino=    -3963484
epoch= 1 interval=1d net_pnl=     -200216 std=   2503860 worst=   -23149166 reward=     -3.14 |trade|=13.33 pol_l=-0.0095 val_l=1.49e+12 ent=10.073 t=16.40s
epoch= 2 interval=1d net_pnl=     -216309 std=   1776338 worst=   -12346785 reward=     -2.62 |trade|=13.23 pol_l=-0.0109 val_l=6.14e+11 ent=10.035 t=16.62s
epoch= 3 interval=1d net_pnl=     -222478 std=   1313610 worst=    -8180113 reward=     -2.29 |trade|=13.04 pol_l=-0.0106 val_l=2.77e+11 ent=9.991 t=16.64s
epoch= 4 interval=1d net_pnl=     -235680 std=   1053178 worst=    -5028418 reward=     -2.08 |trade|=12.82 pol_l=-0.0094 val_l=1.41e+11 ent=9.933 t=16.60s
epoch= 5 interval=1d net_pnl=     -227420 std=    879331 worst=    -4422650 reward=     -1.87 |trade|=12.48 pol_l=-0.0077 val_l=8.62e+10 ent=9.875 t=16.64s
epoch= 6 interval=1d net_pnl=     -212797 std=    776506 worst=    -7020645 reward=     -1.71 |trade|=11.92 pol_l=-0.0064 val_l=6.00e+10 ent=9.818 t=16.72s
epoch= 7 interval=1d net_pnl=     -202474 std=    704703 worst=    -4833339 reward=     -1.59 |trade|=11.43 pol_l=-0.0054 val_l=4.46e+10 ent=9.759 t=16.64s
epoch= 8 interval=1d net_pnl=     -185746 std=    637776 worst=    -3662481 reward=     -1.48 |trade|=10.86 pol_l=-0.0046 val_l=3.42e+10 ent=9.696 t=16.62s
epoch= 9 interval=1d net_pnl=     -175904 std=    584775 worst=    -3144518 reward=     -1.39 |trade|=10.29 pol_l=-0.0043 val_l=2.67e+10 ent=9.625 t=16.60s
epoch=10 interval=1d net_pnl=     -148428 std=    555640 worst=    -3631560 reward=     -1.27 |trade|=9.51 pol_l=-0.0040 val_l=2.20e+10 ent=9.564 t=16.59s
  [val] mean=      +53965 std=    412866 worst=    -1087806 p5=     -545309 sortino=     -491344
epoch=11 interval=1d net_pnl=     -143631 std=    521306 worst=    -2857500 reward=     -1.22 |trade|=8.97 pol_l=-0.0036 val_l=1.79e+10 ent=9.494 t=16.55s
epoch=12 interval=1d net_pnl=     -123546 std=    485613 worst=    -2615002 reward=     -1.13 |trade|=8.35 pol_l=-0.0037 val_l=1.44e+10 ent=9.414 t=16.52s
epoch=13 interval=1d net_pnl=     -120408 std=    462306 worst=    -2361899 reward=     -1.09 |trade|=7.92 pol_l=-0.0030 val_l=1.16e+10 ent=9.345 t=16.54s
epoch=14 interval=1d net_pnl=     -108950 std=    447638 worst=    -3123244 reward=     -1.04 |trade|=7.63 pol_l=-0.0031 val_l=9.55e+09 ent=9.274 t=16.64s
epoch=15 interval=1d net_pnl=     -101337 std=    434965 worst=    -1992250 reward=     -1.00 |trade|=7.28 pol_l=-0.0031 val_l=7.93e+09 ent=9.210 t=16.50s
epoch=16 interval=1d net_pnl=      -87225 std=    415012 worst=    -2084185 reward=     -0.94 |trade|=6.93 pol_l=-0.0027 val_l=6.60e+09 ent=9.140 t=16.49s
epoch=17 interval=1d net_pnl=      -79521 std=    418542 worst=    -1696566 reward=     -0.93 |trade|=6.74 pol_l=-0.0025 val_l=5.49e+09 ent=9.071 t=16.51s
epoch=18 interval=1d net_pnl=      -80720 std=    419087 worst=    -1878179 reward=     -0.93 |trade|=6.47 pol_l=-0.0024 val_l=4.69e+09 ent=9.017 t=16.46s
epoch=19 interval=1d net_pnl=      -70295 std=    411808 worst=    -1649040 reward=     -0.90 |trade|=6.30 pol_l=-0.0019 val_l=4.00e+09 ent=8.953 t=16.48s
epoch=20 interval=1d net_pnl=      -63165 std=    404764 worst=    -1429071 reward=     -0.87 |trade|=6.19 pol_l=-0.0018 val_l=3.49e+09 ent=8.892 t=16.47s
  [val] mean=      +64022 std=    376940 worst=     -963083 p5=     -468673 sortino=     -404651
epoch=21 interval=1d net_pnl=      -54120 std=    403331 worst=    -1546157 reward=     -0.85 |trade|=5.98 pol_l=-0.0018 val_l=3.06e+09 ent=8.835 t=16.47s
epoch=22 interval=1d net_pnl=      -53446 std=    401161 worst=    -1560087 reward=     -0.84 |trade|=5.82 pol_l=-0.0018 val_l=2.66e+09 ent=8.765 t=16.45s
epoch=23 interval=1d net_pnl=      -54666 std=    391413 worst=    -1573274 reward=     -0.83 |trade|=5.71 pol_l=-0.0013 val_l=2.40e+09 ent=8.708 t=16.47s
epoch=24 interval=1d net_pnl=      -47908 std=    398510 worst=    -1685569 reward=     -0.82 |trade|=5.56 pol_l=-0.0017 val_l=2.18e+09 ent=8.660 t=16.55s
epoch=25 interval=1d net_pnl=      -43384 std=    394569 worst=    -1365632 reward=     -0.81 |trade|=5.48 pol_l=-0.0015 val_l=1.99e+09 ent=8.611 t=16.43s
epoch=26 interval=1d net_pnl=      -40118 std=    400148 worst=    -1483454 reward=     -0.81 |trade|=5.45 pol_l=-0.0017 val_l=1.81e+09 ent=8.547 t=16.46s
epoch=27 interval=1d net_pnl=      -35976 std=    397560 worst=    -1252297 reward=     -0.79 |trade|=5.22 pol_l=-0.0016 val_l=1.61e+09 ent=8.480 t=16.43s
epoch=28 interval=1d net_pnl=      -37211 std=    397569 worst=    -1511019 reward=     -0.80 |trade|=5.10 pol_l=-0.0015 val_l=1.45e+09 ent=8.415 t=16.44s
epoch=29 interval=1d net_pnl=      -28648 std=    396917 worst=    -1244967 reward=     -0.77 |trade|=4.99 pol_l=-0.0016 val_l=1.32e+09 ent=8.353 t=16.42s
epoch=30 interval=1d net_pnl=      -27248 std=    405158 worst=    -1478125 reward=     -0.78 |trade|=4.88 pol_l=-0.0015 val_l=1.20e+09 ent=8.294 t=16.49s
  [val] mean=      +61181 std=    460180 worst=    -1189344 p5=     -597905 sortino=     -536723
epoch=31 interval=1d net_pnl=      -17848 std=    406061 worst=    -1445538 reward=     -0.76 |trade|=4.76 pol_l=-0.0017 val_l=1.10e+09 ent=8.240 t=16.40s
epoch=32 interval=1d net_pnl=      -22700 std=    400326 worst=    -1387890 reward=     -0.77 |trade|=4.66 pol_l=-0.0016 val_l=9.92e+08 ent=8.164 t=16.42s
epoch=33 interval=1d net_pnl=      -17239 std=    402309 worst=    -1272844 reward=     -0.75 |trade|=4.50 pol_l=-0.0016 val_l=8.87e+08 ent=8.098 t=16.48s
epoch=34 interval=1d net_pnl=      -15000 std=    406046 worst=    -1360130 reward=     -0.75 |trade|=4.27 pol_l=-0.0017 val_l=7.78e+08 ent=8.007 t=16.42s
epoch=35 interval=1d net_pnl=       -8111 std=    390605 worst=    -1391469 reward=     -0.71 |trade|=4.15 pol_l=-0.0018 val_l=6.96e+08 ent=7.941 t=16.41s
epoch=36 interval=1d net_pnl=      -10920 std=    389997 worst=    -1301389 reward=     -0.72 |trade|=4.05 pol_l=-0.0018 val_l=6.23e+08 ent=7.869 t=16.42s
epoch=37 interval=1d net_pnl=       -7535 std=    378761 worst=    -1290599 reward=     -0.70 |trade|=3.89 pol_l=-0.0018 val_l=5.56e+08 ent=7.798 t=16.40s
epoch=38 interval=1d net_pnl=       -2655 std=    371416 worst=    -1188325 reward=     -0.67 |trade|=3.85 pol_l=-0.0018 val_l=4.97e+08 ent=7.746 t=16.43s
epoch=39 interval=1d net_pnl=       -3918 std=    368295 worst=    -1183578 reward=     -0.67 |trade|=3.75 pol_l=-0.0018 val_l=4.36e+08 ent=7.656 t=16.40s
epoch=40 interval=1d net_pnl=       -1260 std=    362883 worst=    -1391704 reward=     -0.65 |trade|=3.69 pol_l=-0.0017 val_l=3.95e+08 ent=7.609 t=16.42s
  [val] mean=      +59085 std=    400514 worst=    -1170243 p5=     -523829 sortino=     -464744
epoch=41 interval=1d net_pnl=       -4114 std=    367982 worst=    -1351679 reward=     -0.67 |trade|=3.66 pol_l=-0.0018 val_l=3.50e+08 ent=7.550 t=16.39s
epoch=42 interval=1d net_pnl=       -2555 std=    362933 worst=    -1649797 reward=     -0.65 |trade|=3.56 pol_l=-0.0019 val_l=3.10e+08 ent=7.474 t=16.42s
epoch=43 interval=1d net_pnl=       +2502 std=    354505 worst=    -1173326 reward=     -0.63 |trade|=3.49 pol_l=-0.0021 val_l=2.71e+08 ent=7.406 t=16.48s
epoch=44 interval=1d net_pnl=       +1788 std=    356868 worst=    -1259478 reward=     -0.64 |trade|=3.42 pol_l=-0.0021 val_l=2.37e+08 ent=7.334 t=16.44s
epoch=45 interval=1d net_pnl=       +2758 std=    348408 worst=    -1095223 reward=     -0.62 |trade|=3.39 pol_l=-0.0019 val_l=2.08e+08 ent=7.277 t=16.43s
epoch=46 interval=1d net_pnl=       +7136 std=    348569 worst=    -1157450 reward=     -0.61 |trade|=3.35 pol_l=-0.0022 val_l=1.78e+08 ent=7.189 t=16.38s
epoch=47 interval=1d net_pnl=       +5396 std=    353009 worst=    -1186450 reward=     -0.62 |trade|=3.25 pol_l=-0.0021 val_l=1.51e+08 ent=7.085 t=16.41s
epoch=48 interval=1d net_pnl=       +9701 std=    358810 worst=    -1258422 reward=     -0.61 |trade|=3.17 pol_l=-0.0023 val_l=1.31e+08 ent=7.004 t=16.42s
epoch=49 interval=1d net_pnl=      +12095 std=    358416 worst=    -1172311 reward=     -0.61 |trade|=3.08 pol_l=-0.0023 val_l=1.09e+08 ent=6.910 t=16.40s
epoch=50 interval=1d net_pnl=      +14257 std=    355838 worst=    -1254178 reward=     -0.60 |trade|=3.01 pol_l=-0.0026 val_l=9.11e+07 ent=6.819 t=16.43s
  [val] mean=      +64856 std=    376904 worst=     -950424 p5=     -485065 sortino=     -420208
epoch=51 interval=1d net_pnl=      +14257 std=    352240 worst=    -1183742 reward=     -0.60 |trade|=2.91 pol_l=-0.0028 val_l=7.48e+07 ent=6.712 t=16.42s
epoch=52 interval=1d net_pnl=      +18875 std=    357132 worst=    -1135588 reward=     -0.60 |trade|=2.83 pol_l=-0.0029 val_l=6.05e+07 ent=6.613 t=16.38s
epoch=53 interval=1d net_pnl=      +23468 std=    360338 worst=    -1150510 reward=     -0.59 |trade|=2.79 pol_l=-0.0033 val_l=4.93e+07 ent=6.524 t=16.48s
epoch=54 interval=1d net_pnl=      +19200 std=    352648 worst=    -1305893 reward=     -0.59 |trade|=2.74 pol_l=-0.0035 val_l=3.84e+07 ent=6.430 t=16.41s
epoch=55 interval=1d net_pnl=      +21724 std=    349546 worst=     -962112 reward=     -0.58 |trade|=2.67 pol_l=-0.0036 val_l=2.85e+07 ent=6.319 t=16.39s
epoch=56 interval=1d net_pnl=      +23334 std=    357815 worst=    -1228443 reward=     -0.59 |trade|=2.63 pol_l=-0.0038 val_l=2.07e+07 ent=6.201 t=16.41s
epoch=57 interval=1d net_pnl=      +29884 std=    360416 worst=    -1185736 reward=     -0.58 |trade|=2.60 pol_l=-0.0035 val_l=1.45e+07 ent=6.096 t=16.41s
epoch=58 interval=1d net_pnl=      +24589 std=    354842 worst=    -1191413 reward=     -0.58 |trade|=2.56 pol_l=-0.0035 val_l=1.01e+07 ent=5.976 t=16.41s
epoch=59 interval=1d net_pnl=      +30264 std=    356937 worst=    -1041055 reward=     -0.57 |trade|=2.50 pol_l=-0.0032 val_l=6.91e+06 ent=5.865 t=16.41s
  [val] mean=      +76556 std=    411962 worst=    -1035512 p5=     -518034 sortino=     -441478
WARNING:MarketDataRF_platinum_calibrated:Price Factor 'DiscountRate.USD-SOFR' not found in market data
  → mean=$+76,556  p5=$-518,034  sortino=$-441,478  max_total=29  min_per_inst=-14  (17.2 min)

[3/4] seed=123 overrides={'Batch_Size': 2048, 'Simulation_Batches': 4, 'Position_Bounds_Penalty': 0.05, 'Surplus_Reward': 0}
epoch= 0 interval=1d net_pnl=     -240627 std=   3571784 worst=   -26123296 reward=     -3.90 |trade|=13.44 pol_l=-0.0074 val_l=3.40e+12 ent=10.096 t=16.19s
  [val] mean=     -878108 std=    974771 worst=    -4200549 p5=    -2402155 sortino=    -3280263
epoch= 1 interval=1d net_pnl=     -168177 std=   2660961 worst=   -34065884 reward=     -3.15 |trade|=13.29 pol_l=-0.0091 val_l=1.55e+12 ent=10.074 t=16.42s
epoch= 2 interval=1d net_pnl=     -257608 std=   1791102 worst=   -10018838 reward=     -2.72 |trade|=13.26 pol_l=-0.0106 val_l=6.28e+11 ent=10.038 t=16.63s
epoch= 3 interval=1d net_pnl=     -232667 std=   1288836 worst=    -7137678 reward=     -2.26 |trade|=13.13 pol_l=-0.0106 val_l=2.77e+11 ent=9.991 t=16.67s
epoch= 4 interval=1d net_pnl=     -253191 std=   1080071 worst=    -8699933 reward=     -2.10 |trade|=12.95 pol_l=-0.0093 val_l=1.48e+11 ent=9.940 t=16.74s
epoch= 5 interval=1d net_pnl=     -229562 std=    901650 worst=    -6923725 reward=     -1.89 |trade|=12.74 pol_l=-0.0081 val_l=9.02e+10 ent=9.881 t=16.66s
epoch= 6 interval=1d net_pnl=     -196010 std=    794481 worst=    -4270652 reward=     -1.68 |trade|=12.13 pol_l=-0.0064 val_l=6.33e+10 ent=9.827 t=16.64s
epoch= 7 interval=1d net_pnl=     -218360 std=    697408 worst=    -4228312 reward=     -1.63 |trade|=11.63 pol_l=-0.0053 val_l=4.53e+10 ent=9.759 t=16.67s
epoch= 8 interval=1d net_pnl=     -184956 std=    612967 worst=    -4207621 reward=     -1.45 |trade|=11.17 pol_l=-0.0046 val_l=3.40e+10 ent=9.690 t=16.66s
epoch= 9 interval=1d net_pnl=     -175507 std=    575817 worst=    -2785606 reward=     -1.39 |trade|=10.99 pol_l=-0.0040 val_l=2.69e+10 ent=9.615 t=16.65s
epoch=10 interval=1d net_pnl=     -154336 std=    544165 worst=    -2670946 reward=     -1.29 |trade|=10.47 pol_l=-0.0040 val_l=2.13e+10 ent=9.549 t=16.61s
  [val] mean=       +9768 std=    456815 worst=    -1118956 p5=     -627184 sortino=     -617417
epoch=11 interval=1d net_pnl=     -158174 std=    521354 worst=    -3293257 reward=     -1.27 |trade|=10.05 pol_l=-0.0038 val_l=1.71e+10 ent=9.477 t=16.55s
epoch=12 interval=1d net_pnl=     -146186 std=    492707 worst=    -2642850 reward=     -1.20 |trade|=9.39 pol_l=-0.0034 val_l=1.39e+10 ent=9.419 t=16.54s
epoch=13 interval=1d net_pnl=     -141800 std=    466731 worst=    -1941472 reward=     -1.16 |trade|=9.03 pol_l=-0.0034 val_l=1.12e+10 ent=9.348 t=16.61s
epoch=14 interval=1d net_pnl=     -132346 std=    459164 worst=    -1812623 reward=     -1.13 |trade|=8.78 pol_l=-0.0029 val_l=9.33e+09 ent=9.284 t=16.51s
epoch=15 interval=1d net_pnl=     -113862 std=    443671 worst=    -2132100 reward=     -1.05 |trade|=8.16 pol_l=-0.0031 val_l=7.52e+09 ent=9.218 t=16.50s
epoch=16 interval=1d net_pnl=     -117659 std=    439574 worst=    -2649868 reward=     -1.05 |trade|=7.80 pol_l=-0.0025 val_l=6.33e+09 ent=9.159 t=16.51s
epoch=17 interval=1d net_pnl=     -103465 std=    420920 worst=    -1731291 reward=     -0.99 |trade|=7.54 pol_l=-0.0025 val_l=5.43e+09 ent=9.094 t=16.49s
epoch=18 interval=1d net_pnl=      -99786 std=    424051 worst=    -1924552 reward=     -0.99 |trade|=7.27 pol_l=-0.0023 val_l=4.58e+09 ent=9.023 t=16.47s
epoch=19 interval=1d net_pnl=      -87360 std=    422502 worst=    -1814816 reward=     -0.96 |trade|=7.23 pol_l=-0.0022 val_l=3.95e+09 ent=8.951 t=16.50s
epoch=20 interval=1d net_pnl=      -95623 std=    412704 worst=    -1571046 reward=     -0.97 |trade|=7.11 pol_l=-0.0019 val_l=3.49e+09 ent=8.900 t=16.48s
  [val] mean=      +77796 std=    489134 worst=    -1184834 p5=     -628047 sortino=     -550251
epoch=21 interval=1d net_pnl=      -84861 std=    404061 worst=    -1705598 reward=     -0.93 |trade|=6.91 pol_l=-0.0016 val_l=3.11e+09 ent=8.856 t=16.45s
epoch=22 interval=1d net_pnl=      -79490 std=    406864 worst=    -1675176 reward=     -0.92 |trade|=6.65 pol_l=-0.0020 val_l=2.75e+09 ent=8.792 t=16.52s
epoch=23 interval=1d net_pnl=      -87304 std=    385122 worst=    -1845911 reward=     -0.91 |trade|=6.42 pol_l=-0.0017 val_l=2.45e+09 ent=8.757 t=16.46s
epoch=24 interval=1d net_pnl=      -64415 std=    379705 worst=    -1620543 reward=     -0.83 |trade|=6.06 pol_l=-0.0017 val_l=2.15e+09 ent=8.697 t=16.43s
epoch=25 interval=1d net_pnl=      -64753 std=    384478 worst=    -1466792 reward=     -0.84 |trade|=5.98 pol_l=-0.0017 val_l=1.93e+09 ent=8.648 t=16.42s
epoch=26 interval=1d net_pnl=      -51244 std=    365736 worst=    -1512756 reward=     -0.78 |trade|=5.71 pol_l=-0.0018 val_l=1.69e+09 ent=8.570 t=16.43s
epoch=27 interval=1d net_pnl=      -40218 std=    374192 worst=    -1738154 reward=     -0.77 |trade|=5.44 pol_l=-0.0018 val_l=1.49e+09 ent=8.485 t=16.44s
epoch=28 interval=1d net_pnl=      -38986 std=    367664 worst=    -1447000 reward=     -0.75 |trade|=5.43 pol_l=-0.0019 val_l=1.36e+09 ent=8.447 t=16.43s
epoch=29 interval=1d net_pnl=      -41720 std=    369047 worst=    -1439909 reward=     -0.76 |trade|=5.33 pol_l=-0.0017 val_l=1.23e+09 ent=8.394 t=16.49s
epoch=30 interval=1d net_pnl=      -41206 std=    369309 worst=    -1440225 reward=     -0.76 |trade|=5.30 pol_l=-0.0017 val_l=1.12e+09 ent=8.340 t=16.41s
  [val] mean=      +62783 std=    424660 worst=     -867685 p5=     -510779 sortino=     -447996
epoch=31 interval=1d net_pnl=      -36638 std=    361207 worst=    -1235431 reward=     -0.74 |trade|=5.25 pol_l=-0.0016 val_l=1.01e+09 ent=8.284 t=16.40s
epoch=32 interval=1d net_pnl=      -35300 std=    363102 worst=    -1696056 reward=     -0.74 |trade|=5.17 pol_l=-0.0017 val_l=9.05e+08 ent=8.220 t=16.49s
epoch=33 interval=1d net_pnl=      -32092 std=    360872 worst=    -1478569 reward=     -0.73 |trade|=5.03 pol_l=-0.0017 val_l=8.24e+08 ent=8.159 t=16.42s
epoch=34 interval=1d net_pnl=      -27814 std=    355282 worst=    -1370970 reward=     -0.71 |trade|=4.78 pol_l=-0.0018 val_l=7.21e+08 ent=8.067 t=16.42s
epoch=35 interval=1d net_pnl=      -23930 std=    350830 worst=    -1359675 reward=     -0.69 |trade|=4.60 pol_l=-0.0017 val_l=6.35e+08 ent=7.990 t=16.42s
epoch=36 interval=1d net_pnl=      -19163 std=    350671 worst=    -1652399 reward=     -0.68 |trade|=4.46 pol_l=-0.0017 val_l=5.73e+08 ent=7.927 t=16.39s
epoch=37 interval=1d net_pnl=      -18270 std=    351052 worst=    -1297713 reward=     -0.68 |trade|=4.30 pol_l=-0.0016 val_l=5.07e+08 ent=7.840 t=16.39s
epoch=38 interval=1d net_pnl=      -11429 std=    357432 worst=    -1285344 reward=     -0.67 |trade|=4.14 pol_l=-0.0017 val_l=4.54e+08 ent=7.765 t=16.42s
epoch=39 interval=1d net_pnl=       -6811 std=    355011 worst=    -1214269 reward=     -0.65 |trade|=4.06 pol_l=-0.0017 val_l=4.06e+08 ent=7.693 t=16.39s
epoch=40 interval=1d net_pnl=      -13070 std=    345158 worst=    -1164805 reward=     -0.65 |trade|=4.02 pol_l=-0.0016 val_l=3.68e+08 ent=7.641 t=16.40s
  [val] mean=      +65197 std=    392566 worst=     -921504 p5=     -484435 sortino=     -419238
epoch=41 interval=1d net_pnl=       -7570 std=    350259 worst=    -1172418 reward=     -0.65 |trade|=3.95 pol_l=-0.0016 val_l=3.26e+08 ent=7.557 t=16.39s
epoch=42 interval=1d net_pnl=        +696 std=    348246 worst=    -1141560 reward=     -0.62 |trade|=3.82 pol_l=-0.0017 val_l=2.87e+08 ent=7.486 t=16.48s
epoch=43 interval=1d net_pnl=        -287 std=    350343 worst=    -1139048 reward=     -0.63 |trade|=3.75 pol_l=-0.0018 val_l=2.61e+08 ent=7.416 t=16.40s
epoch=44 interval=1d net_pnl=       -1049 std=    355732 worst=    -1109508 reward=     -0.64 |trade|=3.68 pol_l=-0.0019 val_l=2.31e+08 ent=7.333 t=16.41s
epoch=45 interval=1d net_pnl=       +4536 std=    363598 worst=    -1221278 reward=     -0.64 |trade|=3.60 pol_l=-0.0018 val_l=2.05e+08 ent=7.262 t=16.40s
epoch=46 interval=1d net_pnl=       +9659 std=    357041 worst=    -1201216 reward=     -0.62 |trade|=3.53 pol_l=-0.0019 val_l=1.82e+08 ent=7.209 t=16.40s
epoch=47 interval=1d net_pnl=       +6610 std=    352455 worst=    -1119026 reward=     -0.61 |trade|=3.50 pol_l=-0.0017 val_l=1.63e+08 ent=7.170 t=16.40s
epoch=48 interval=1d net_pnl=       +7196 std=    346782 worst=    -1214688 reward=     -0.61 |trade|=3.42 pol_l=-0.0019 val_l=1.43e+08 ent=7.078 t=16.40s
epoch=49 interval=1d net_pnl=      +15299 std=    353748 worst=    -1185185 reward=     -0.60 |trade|=3.33 pol_l=-0.0019 val_l=1.26e+08 ent=6.990 t=16.42s
epoch=50 interval=1d net_pnl=      +14977 std=    348677 worst=    -1169583 reward=     -0.59 |trade|=3.27 pol_l=-0.0019 val_l=1.11e+08 ent=6.936 t=16.41s
  [val] mean=      +86296 std=    378954 worst=     -872191 p5=     -449478 sortino=     -363182
epoch=51 interval=1d net_pnl=      +16423 std=    353756 worst=    -1045617 reward=     -0.60 |trade|=3.16 pol_l=-0.0021 val_l=9.87e+07 ent=6.849 t=16.47s
epoch=52 interval=1d net_pnl=      +14329 std=    354745 worst=    -1298111 reward=     -0.60 |trade|=3.09 pol_l=-0.0021 val_l=8.56e+07 ent=6.782 t=16.37s
epoch=53 interval=1d net_pnl=      +18566 std=    358477 worst=    -1205220 reward=     -0.60 |trade|=3.03 pol_l=-0.0023 val_l=7.53e+07 ent=6.723 t=16.37s
epoch=54 interval=1d net_pnl=      +18567 std=    354323 worst=    -1314446 reward=     -0.59 |trade|=2.97 pol_l=-0.0023 val_l=6.45e+07 ent=6.653 t=16.40s
epoch=55 interval=1d net_pnl=      +22495 std=    355437 worst=    -1188638 reward=     -0.58 |trade|=2.91 pol_l=-0.0025 val_l=5.47e+07 ent=6.575 t=16.39s
epoch=56 interval=1d net_pnl=      +20546 std=    356416 worst=    -1103184 reward=     -0.59 |trade|=2.87 pol_l=-0.0026 val_l=4.60e+07 ent=6.489 t=16.40s
epoch=57 interval=1d net_pnl=      +24763 std=    359765 worst=    -1286917 reward=     -0.58 |trade|=2.79 pol_l=-0.0029 val_l=3.77e+07 ent=6.399 t=16.40s
epoch=58 interval=1d net_pnl=      +26685 std=    355166 worst=    -1327306 reward=     -0.57 |trade|=2.69 pol_l=-0.0033 val_l=3.02e+07 ent=6.290 t=16.39s
epoch=59 interval=1d net_pnl=      +31262 std=    361984 worst=    -1135332 reward=     -0.57 |trade|=2.64 pol_l=-0.0035 val_l=2.35e+07 ent=6.207 t=16.40s
  [val] mean=      +90532 std=    388431 worst=     -876017 p5=     -457536 sortino=     -367004
WARNING:MarketDataRF_platinum_calibrated:Price Factor 'DiscountRate.USD-SOFR' not found in market data
  → mean=$+90,532  p5=$-457,536  sortino=$-367,004  max_total=34  min_per_inst=-15  (17.2 min)

[4/4] seed=456 overrides={'Batch_Size': 2048, 'Simulation_Batches': 4, 'Position_Bounds_Penalty': 0.05, 'Surplus_Reward': 0}
epoch= 0 interval=1d net_pnl=     -179853 std=   3535108 worst=   -24596530 reward=     -3.83 |trade|=13.44 pol_l=-0.0074 val_l=3.51e+12 ent=10.096 t=16.17s
  [val] mean=     -986332 std=    912983 worst=    -4638724 p5=    -2502499 sortino=    -3488831
epoch= 1 interval=1d net_pnl=     -236824 std=   2517333 worst=   -18774986 reward=     -3.20 |trade|=13.34 pol_l=-0.0091 val_l=1.56e+12 ent=10.075 t=16.43s
epoch= 2 interval=1d net_pnl=     -254348 std=   1759115 worst=   -10931185 reward=     -2.68 |trade|=13.31 pol_l=-0.0104 val_l=6.27e+11 ent=10.038 t=16.64s
epoch= 3 interval=1d net_pnl=     -245233 std=   1297080 worst=    -6674819 reward=     -2.32 |trade|=13.21 pol_l=-0.0107 val_l=2.70e+11 ent=9.990 t=16.76s
epoch= 4 interval=1d net_pnl=     -204023 std=   1067381 worst=    -8211824 reward=     -2.00 |trade|=12.89 pol_l=-0.0095 val_l=1.45e+11 ent=9.940 t=16.64s
epoch= 5 interval=1d net_pnl=     -203047 std=    885372 worst=    -5528256 reward=     -1.84 |trade|=12.49 pol_l=-0.0080 val_l=8.92e+10 ent=9.885 t=16.63s
epoch= 6 interval=1d net_pnl=     -224663 std=    768324 worst=    -3580101 reward=     -1.74 |trade|=12.26 pol_l=-0.0067 val_l=6.05e+10 ent=9.823 t=16.63s
epoch= 7 interval=1d net_pnl=     -208607 std=    696858 worst=    -4054666 reward=     -1.61 |trade|=11.74 pol_l=-0.0055 val_l=4.52e+10 ent=9.766 t=16.60s
epoch= 8 interval=1d net_pnl=     -189221 std=    657104 worst=    -3824975 reward=     -1.51 |trade|=10.96 pol_l=-0.0049 val_l=3.51e+10 ent=9.711 t=16.60s
epoch= 9 interval=1d net_pnl=     -188282 std=    607091 worst=    -3330713 reward=     -1.45 |trade|=10.62 pol_l=-0.0041 val_l=2.80e+10 ent=9.644 t=16.63s
epoch=10 interval=1d net_pnl=     -167846 std=    572085 worst=    -2742659 reward=     -1.35 |trade|=10.08 pol_l=-0.0038 val_l=2.22e+10 ent=9.579 t=16.61s
  [val] mean=      -30916 std=    370330 worst=    -1096374 p5=     -563778 sortino=     -594694
epoch=11 interval=1d net_pnl=     -136543 std=    533942 worst=    -2319208 reward=     -1.23 |trade|=9.59 pol_l=-0.0040 val_l=1.79e+10 ent=9.510 t=16.57s
epoch=12 interval=1d net_pnl=     -142048 std=    507564 worst=    -2940975 reward=     -1.20 |trade|=9.19 pol_l=-0.0035 val_l=1.42e+10 ent=9.430 t=16.63s
epoch=13 interval=1d net_pnl=     -110949 std=    485456 worst=    -2244656 reward=     -1.10 |trade|=8.77 pol_l=-0.0034 val_l=1.16e+10 ent=9.364 t=16.55s
epoch=14 interval=1d net_pnl=     -105072 std=    468375 worst=    -4200324 reward=     -1.06 |trade|=8.48 pol_l=-0.0030 val_l=9.41e+09 ent=9.290 t=16.52s
epoch=15 interval=1d net_pnl=     -110990 std=    454729 worst=    -1983867 reward=     -1.06 |trade|=8.18 pol_l=-0.0029 val_l=7.77e+09 ent=9.225 t=16.54s
epoch=16 interval=1d net_pnl=     -103308 std=    438784 worst=    -2044583 reward=     -1.02 |trade|=7.98 pol_l=-0.0025 val_l=6.58e+09 ent=9.161 t=16.51s
epoch=17 interval=1d net_pnl=      -89536 std=    428060 worst=    -1855665 reward=     -0.98 |trade|=7.53 pol_l=-0.0025 val_l=5.52e+09 ent=9.104 t=16.54s
epoch=18 interval=1d net_pnl=      -88480 std=    428754 worst=    -2149630 reward=     -0.97 |trade|=7.10 pol_l=-0.0021 val_l=4.54e+09 ent=9.033 t=16.47s
epoch=19 interval=1d net_pnl=      -74722 std=    418292 worst=    -3453732 reward=     -0.91 |trade|=6.73 pol_l=-0.0020 val_l=3.91e+09 ent=8.966 t=16.48s
epoch=20 interval=1d net_pnl=      -68729 std=    414736 worst=    -2962892 reward=     -0.90 |trade|=6.45 pol_l=-0.0020 val_l=3.45e+09 ent=8.917 t=16.48s
  [val] mean=      +12995 std=    457710 worst=    -1125711 p5=     -626011 sortino=     -613016
epoch=21 interval=1d net_pnl=      -69959 std=    416049 worst=    -1580349 reward=     -0.91 |trade|=6.33 pol_l=-0.0019 val_l=3.09e+09 ent=8.865 t=16.54s
epoch=22 interval=1d net_pnl=      -66267 std=    415114 worst=    -1553191 reward=     -0.90 |trade|=6.17 pol_l=-0.0018 val_l=2.69e+09 ent=8.800 t=16.44s
epoch=23 interval=1d net_pnl=      -57309 std=    412542 worst=    -1831651 reward=     -0.87 |trade|=6.05 pol_l=-0.0018 val_l=2.43e+09 ent=8.741 t=16.46s
epoch=24 interval=1d net_pnl=      -55991 std=    412552 worst=    -1610426 reward=     -0.86 |trade|=5.91 pol_l=-0.0017 val_l=2.17e+09 ent=8.686 t=16.45s
epoch=25 interval=1d net_pnl=      -57928 std=    408743 worst=    -2910898 reward=     -0.86 |trade|=5.81 pol_l=-0.0014 val_l=1.95e+09 ent=8.630 t=16.44s
epoch=26 interval=1d net_pnl=      -50201 std=    401017 worst=    -1599793 reward=     -0.83 |trade|=5.64 pol_l=-0.0016 val_l=1.76e+09 ent=8.588 t=16.45s
epoch=27 interval=1d net_pnl=      -49777 std=    397892 worst=    -1497116 reward=     -0.83 |trade|=5.49 pol_l=-0.0016 val_l=1.59e+09 ent=8.529 t=16.45s
epoch=28 interval=1d net_pnl=      -45853 std=    393838 worst=    -1343670 reward=     -0.81 |trade|=5.37 pol_l=-0.0014 val_l=1.42e+09 ent=8.475 t=16.44s
epoch=29 interval=1d net_pnl=      -32454 std=    394171 worst=    -1496032 reward=     -0.77 |trade|=5.22 pol_l=-0.0015 val_l=1.27e+09 ent=8.418 t=16.44s
epoch=30 interval=1d net_pnl=      -35527 std=    395801 worst=    -1377395 reward=     -0.79 |trade|=5.21 pol_l=-0.0015 val_l=1.17e+09 ent=8.362 t=16.42s
  [val] mean=      +56921 std=    470743 worst=    -1160541 p5=     -602163 sortino=     -545242
epoch=31 interval=1d net_pnl=      -34474 std=    398091 worst=    -1311518 reward=     -0.79 |trade|=5.11 pol_l=-0.0017 val_l=1.08e+09 ent=8.326 t=16.41s
epoch=32 interval=1d net_pnl=      -41564 std=    402880 worst=    -1476248 reward=     -0.82 |trade|=5.08 pol_l=-0.0017 val_l=9.91e+08 ent=8.282 t=16.45s
epoch=33 interval=1d net_pnl=      -35152 std=    413316 worst=    -1527467 reward=     -0.82 |trade|=4.98 pol_l=-0.0017 val_l=9.00e+08 ent=8.225 t=16.41s
epoch=34 interval=1d net_pnl=      -31173 std=    401569 worst=    -1363900 reward=     -0.79 |trade|=4.90 pol_l=-0.0019 val_l=8.05e+08 ent=8.163 t=16.39s
epoch=35 interval=1d net_pnl=      -26362 std=    406850 worst=    -1309386 reward=     -0.79 |trade|=4.74 pol_l=-0.0019 val_l=7.23e+08 ent=8.096 t=16.40s
epoch=36 interval=1d net_pnl=      -24516 std=    412819 worst=    -1366657 reward=     -0.79 |trade|=4.62 pol_l=-0.0017 val_l=6.28e+08 ent=8.023 t=16.42s
epoch=37 interval=1d net_pnl=      -19643 std=    410956 worst=    -1326012 reward=     -0.78 |trade|=4.48 pol_l=-0.0017 val_l=5.56e+08 ent=7.955 t=16.41s
epoch=38 interval=1d net_pnl=      -20320 std=    410439 worst=    -1443825 reward=     -0.78 |trade|=4.44 pol_l=-0.0019 val_l=5.09e+08 ent=7.907 t=16.42s
epoch=39 interval=1d net_pnl=      -18511 std=    410189 worst=    -1365617 reward=     -0.77 |trade|=4.35 pol_l=-0.0019 val_l=4.45e+08 ent=7.826 t=16.41s
epoch=40 interval=1d net_pnl=      -18044 std=    409453 worst=    -1372164 reward=     -0.77 |trade|=4.23 pol_l=-0.0021 val_l=3.88e+08 ent=7.744 t=16.41s
  [val] mean=      +83106 std=    479684 worst=    -1067468 p5=     -572078 sortino=     -488972
epoch=41 interval=1d net_pnl=      -10333 std=    417433 worst=    -1404908 reward=     -0.77 |trade|=4.10 pol_l=-0.0019 val_l=3.38e+08 ent=7.655 t=16.40s
epoch=42 interval=1d net_pnl=       -7798 std=    414210 worst=    -1357684 reward=     -0.75 |trade|=3.97 pol_l=-0.0021 val_l=2.93e+08 ent=7.571 t=16.42s
epoch=43 interval=1d net_pnl=       -3723 std=    410976 worst=    -1288762 reward=     -0.74 |trade|=3.89 pol_l=-0.0020 val_l=2.56e+08 ent=7.497 t=16.40s
epoch=44 interval=1d net_pnl=       -3721 std=    419449 worst=    -1247213 reward=     -0.75 |trade|=3.80 pol_l=-0.0021 val_l=2.23e+08 ent=7.411 t=16.40s
epoch=45 interval=1d net_pnl=        -127 std=    419393 worst=    -1286593 reward=     -0.74 |trade|=3.69 pol_l=-0.0020 val_l=1.92e+08 ent=7.333 t=16.42s
epoch=46 interval=1d net_pnl=       +3918 std=    414974 worst=    -1240786 reward=     -0.73 |trade|=3.51 pol_l=-0.0024 val_l=1.63e+08 ent=7.234 t=16.41s
epoch=47 interval=1d net_pnl=       +8127 std=    409609 worst=    -1166779 reward=     -0.70 |trade|=3.44 pol_l=-0.0022 val_l=1.40e+08 ent=7.165 t=16.40s
epoch=48 interval=1d net_pnl=       +6946 std=    402628 worst=    -1192819 reward=     -0.70 |trade|=3.39 pol_l=-0.0025 val_l=1.19e+08 ent=7.097 t=16.39s
epoch=49 interval=1d net_pnl=       +3216 std=    402456 worst=    -1235641 reward=     -0.71 |trade|=3.32 pol_l=-0.0026 val_l=1.00e+08 ent=7.005 t=16.39s
epoch=50 interval=1d net_pnl=       +8685 std=    395916 worst=    -1191464 reward=     -0.68 |trade|=3.24 pol_l=-0.0028 val_l=8.30e+07 ent=6.927 t=16.41s
  [val] mean=     +101552 std=    458779 worst=    -1002675 p5=     -531173 sortino=     -429622
epoch=51 interval=1d net_pnl=       +8514 std=    391544 worst=    -1173599 reward=     -0.68 |trade|=3.19 pol_l=-0.0028 val_l=6.64e+07 ent=6.840 t=16.41s
epoch=52 interval=1d net_pnl=       +8951 std=    388748 worst=    -1090815 reward=     -0.67 |trade|=3.16 pol_l=-0.0032 val_l=5.46e+07 ent=6.749 t=16.41s
epoch=53 interval=1d net_pnl=       +9727 std=    389247 worst=    -1109371 reward=     -0.67 |trade|=3.09 pol_l=-0.0034 val_l=4.17e+07 ent=6.631 t=16.39s
epoch=54 interval=1d net_pnl=      +14295 std=    387761 worst=    -1138234 reward=     -0.66 |trade|=3.04 pol_l=-0.0038 val_l=3.17e+07 ent=6.511 t=16.41s
epoch=55 interval=1d net_pnl=      +18503 std=    386732 worst=    -1167352 reward=     -0.65 |trade|=2.97 pol_l=-0.0033 val_l=2.24e+07 ent=6.390 t=16.41s
epoch=56 interval=1d net_pnl=      +17257 std=    384833 worst=    -1081463 reward=     -0.64 |trade|=2.92 pol_l=-0.0036 val_l=1.58e+07 ent=6.258 t=16.42s
epoch=57 interval=1d net_pnl=      +19411 std=    388302 worst=    -1145193 reward=     -0.65 |trade|=2.85 pol_l=-0.0033 val_l=1.10e+07 ent=6.125 t=16.41s
epoch=58 interval=1d net_pnl=      +21801 std=    388613 worst=    -1234670 reward=     -0.64 |trade|=2.79 pol_l=-0.0031 val_l=7.66e+06 ent=6.002 t=16.38s
epoch=59 interval=1d net_pnl=      +20535 std=    382630 worst=    -1220446 reward=     -0.63 |trade|=2.72 pol_l=-0.0030 val_l=5.39e+06 ent=5.898 t=16.42s
  [val] mean=     +109867 std=    448348 worst=     -903238 p5=     -506209 sortino=     -396342
  → mean=$+109,867  p5=$-506,209  sortino=$-396,342  max_total=29  min_per_inst=-15  (17.2 min)

==============================================================================
Sweep complete. CSV: artifacts/sweeps/20260513_021943_pbp_0.05_sr_0_4seed_v2/sweep.csv
