WARNING:MarketDataRF_platinum_calibrated:Price Factor 'DiscountRate.USD-SOFR' not found in market data
WARNING:PLAT_JUL29:Power=2 under AsymmetricUtility_Symlog: surplus/shortfall = sr·log1p(net_pnl/c)^p — a *compound* concave-then-power compression that differs in shape from legacy sr·net_pnl^p (dollar-domain convexification). Legacy `Power>1` amplified large wins/losses; under symlog the same `Power>1` double-compresses tails. Coefficients tuned for legacy Power!=1 may not transfer meaningfully. Canonical for symlog is 1.0.
/home/vretiel/miniconda3/lib/python3.10/site-packages/torch/nn/modules/transformer.py:385: UserWarning: enable_nested_tensor is True, but self.use_nested_tensor is False because encoder_layer.norm_first was True
  warnings.warn(
WARNING:PLAT_JUL29:epoch=0 min(util_terminal)=-75.94 approaching symlog saturation at -fp·log1p(huge/c) — rollout tails growing OOD vs c=$1,970,038; consider restarting with a larger --utility_scale_explicit
Sweep dir: artifacts/sweeps/20260513_091422_power_2_4seed
Tag: power_2_4seed, seeds=(7, 42, 123, 456), epochs=60, overrides=['Batch_Size=2048', 'Simulation_Batches=4', 'Position_Bounds_Penalty=0.05', 'Power=2.0']

[1/4] seed=7 overrides={'Batch_Size': 2048, 'Simulation_Batches': 4, 'Position_Bounds_Penalty': 0.05, 'Power': 2.0}
epoch= 0 interval=1d net_pnl=     -233115 std=   3566324 worst=   -29022728 reward=     -3.50 |trade|=13.45 pol_l=-0.0076 val_l=3.45e+12 ent=10.096 t=16.43s
  [val] mean=     -809084 std=   1091918 worst=    -4646698 p5=    -2479599 sortino=    -3288683
WARNING:PLAT_JUL29:epoch=1 min(util_terminal)=-55.58 approaching symlog saturation at -fp·log1p(huge/c) — rollout tails growing OOD vs c=$1,970,038; consider restarting with a larger --utility_scale_explicit
epoch= 1 interval=1d net_pnl=     -193762 std=   2614947 worst=   -18844476 reward=     -2.46 |trade|=13.34 pol_l=-0.0094 val_l=1.56e+12 ent=10.074 t=16.52s
epoch= 2 interval=1d net_pnl=     -225045 std=   1762391 worst=   -11237251 reward=     -1.68 |trade|=13.28 pol_l=-0.0106 val_l=6.34e+11 ent=10.038 t=16.70s
epoch= 3 interval=1d net_pnl=     -244740 std=   1317194 worst=    -8598979 reward=     -1.25 |trade|=13.08 pol_l=-0.0105 val_l=2.85e+11 ent=9.993 t=16.63s
epoch= 4 interval=1d net_pnl=     -223174 std=   1068692 worst=    -5803345 reward=     -0.95 |trade|=12.73 pol_l=-0.0095 val_l=1.47e+11 ent=9.941 t=16.64s
epoch= 5 interval=1d net_pnl=     -235710 std=    882597 worst=    -5600383 reward=     -0.79 |trade|=12.40 pol_l=-0.0082 val_l=9.09e+10 ent=9.880 t=16.66s
epoch= 6 interval=1d net_pnl=     -208759 std=    765029 worst=    -3624184 reward=     -0.63 |trade|=12.06 pol_l=-0.0067 val_l=6.06e+10 ent=9.815 t=16.63s
epoch= 7 interval=1d net_pnl=     -201482 std=    682974 worst=    -3538780 reward=     -0.55 |trade|=11.35 pol_l=-0.0054 val_l=4.42e+10 ent=9.753 t=16.62s
epoch= 8 interval=1d net_pnl=     -200546 std=    607698 worst=    -3388314 reward=     -0.48 |trade|=10.73 pol_l=-0.0047 val_l=3.37e+10 ent=9.689 t=16.63s
epoch= 9 interval=1d net_pnl=     -173778 std=    565236 worst=    -2679712 reward=     -0.41 |trade|=10.03 pol_l=-0.0046 val_l=2.61e+10 ent=9.619 t=16.59s
epoch=10 interval=1d net_pnl=     -150800 std=    521478 worst=    -2071757 reward=     -0.35 |trade|=9.43 pol_l=-0.0041 val_l=2.05e+10 ent=9.552 t=16.56s
  [val] mean=       +5071 std=    351259 worst=    -1397697 p5=     -554951 sortino=     -549880
epoch=11 interval=1d net_pnl=     -130278 std=    505614 worst=    -2211242 reward=     -0.31 |trade|=8.97 pol_l=-0.0038 val_l=1.62e+10 ent=9.479 t=16.55s
epoch=12 interval=1d net_pnl=     -140450 std=    475797 worst=    -2022011 reward=     -0.30 |trade|=8.57 pol_l=-0.0034 val_l=1.28e+10 ent=9.410 t=16.53s
epoch=13 interval=1d net_pnl=     -121469 std=    469717 worst=    -2020738 reward=     -0.28 |trade|=8.20 pol_l=-0.0035 val_l=1.04e+10 ent=9.344 t=16.53s
epoch=14 interval=1d net_pnl=     -112509 std=    442747 worst=    -2123410 reward=     -0.25 |trade|=7.82 pol_l=-0.0030 val_l=8.63e+09 ent=9.292 t=16.53s
epoch=15 interval=1d net_pnl=      -96076 std=    441173 worst=    -2465534 reward=     -0.23 |trade|=7.33 pol_l=-0.0029 val_l=6.99e+09 ent=9.223 t=16.51s
epoch=16 interval=1d net_pnl=      -97989 std=    428549 worst=    -2188448 reward=     -0.22 |trade|=7.06 pol_l=-0.0028 val_l=5.78e+09 ent=9.157 t=16.50s
epoch=17 interval=1d net_pnl=      -84050 std=    421203 worst=    -2182198 reward=     -0.21 |trade|=6.78 pol_l=-0.0024 val_l=4.80e+09 ent=9.082 t=16.49s
epoch=18 interval=1d net_pnl=      -80817 std=    416266 worst=    -1836404 reward=     -0.20 |trade|=6.64 pol_l=-0.0023 val_l=4.09e+09 ent=9.011 t=16.47s
epoch=19 interval=1d net_pnl=      -68907 std=    418174 worst=    -2055090 reward=     -0.19 |trade|=6.45 pol_l=-0.0018 val_l=3.44e+09 ent=8.942 t=16.46s
epoch=20 interval=1d net_pnl=      -69957 std=    403976 worst=    -1881839 reward=     -0.18 |trade|=6.26 pol_l=-0.0017 val_l=3.01e+09 ent=8.887 t=16.53s
  [val] mean=      +25874 std=    361966 worst=    -1163590 p5=     -521414 sortino=     -495540
epoch=21 interval=1d net_pnl=      -67713 std=    409271 worst=    -1675682 reward=     -0.18 |trade|=6.15 pol_l=-0.0017 val_l=2.67e+09 ent=8.831 t=16.43s
epoch=22 interval=1d net_pnl=      -66272 std=    402492 worst=    -1678306 reward=     -0.18 |trade|=5.97 pol_l=-0.0015 val_l=2.32e+09 ent=8.756 t=16.44s
epoch=23 interval=1d net_pnl=      -65795 std=    399916 worst=    -1747014 reward=     -0.18 |trade|=5.80 pol_l=-0.0013 val_l=2.07e+09 ent=8.708 t=16.44s
epoch=24 interval=1d net_pnl=      -51509 std=    398176 worst=    -1360370 reward=     -0.16 |trade|=5.67 pol_l=-0.0016 val_l=1.87e+09 ent=8.653 t=16.43s
epoch=25 interval=1d net_pnl=      -50072 std=    406492 worst=    -1611926 reward=     -0.16 |trade|=5.51 pol_l=-0.0016 val_l=1.69e+09 ent=8.587 t=16.44s
epoch=26 interval=1d net_pnl=      -55777 std=    409301 worst=    -1707632 reward=     -0.17 |trade|=5.47 pol_l=-0.0016 val_l=1.56e+09 ent=8.555 t=16.44s
epoch=27 interval=1d net_pnl=      -50326 std=    406133 worst=    -1490473 reward=     -0.16 |trade|=5.35 pol_l=-0.0016 val_l=1.42e+09 ent=8.501 t=16.43s
epoch=28 interval=1d net_pnl=      -40261 std=    402080 worst=    -1582711 reward=     -0.15 |trade|=5.16 pol_l=-0.0017 val_l=1.26e+09 ent=8.421 t=16.40s
epoch=29 interval=1d net_pnl=      -42908 std=    407722 worst=    -1384966 reward=     -0.16 |trade|=5.10 pol_l=-0.0017 val_l=1.17e+09 ent=8.382 t=16.50s
epoch=30 interval=1d net_pnl=      -48713 std=    406650 worst=    -1444168 reward=     -0.16 |trade|=5.10 pol_l=-0.0018 val_l=1.09e+09 ent=8.346 t=16.51s
  [val] mean=      +21906 std=    372726 worst=    -1036485 p5=     -502000 sortino=     -480094
epoch=31 interval=1d net_pnl=      -39257 std=    405238 worst=    -1803438 reward=     -0.15 |trade|=4.95 pol_l=-0.0016 val_l=9.71e+08 ent=8.282 t=16.44s
