WARNING:MarketDataRF_platinum_calibrated:Price Factor 'DiscountRate.USD-SOFR' not found in market data
/home/vretiel/miniconda3/lib/python3.10/site-packages/torch/nn/modules/transformer.py:385: UserWarning: enable_nested_tensor is True, but self.use_nested_tensor is False because encoder_layer.norm_first was True
  warnings.warn(
Sweep dir: artifacts/sweeps/20260512_125231_ppo_3
Tag: ppo_3, seeds=(7,), epochs=60
Overrides: ['PPO_Epochs=3']

[1/1] seed=7 overrides={'PPO_Epochs': 3}
epoch= 0 interval=1d net_pnl=     -362436 std=   4055659 worst=   -31589624 reward=     -4.00 |trade|=17.02 pol_l=-0.0070 val_l=1.06e+13 ent=10.825 t=12.84s
  [val] mean=     -839253 std=    986405 worst=    -4676235 p5=    -2471831 sortino=    -3311084
epoch= 1 interval=1d net_pnl=     -336976 std=   2903091 worst=   -26072364 reward=     -3.29 |trade|=16.97 pol_l=-0.0076 val_l=4.34e+12 ent=10.799 t=12.60s
epoch= 2 interval=1d net_pnl=     -305478 std=   1981482 worst=   -10799589 reward=     -2.80 |trade|=16.84 pol_l=-0.0076 val_l=1.64e+12 ent=10.760 t=12.68s
epoch= 3 interval=1d net_pnl=     -300093 std=   1499026 worst=   -10211119 reward=     -2.45 |trade|=16.56 pol_l=-0.0067 val_l=7.45e+11 ent=10.711 t=12.82s
epoch= 4 interval=1d net_pnl=     -317310 std=   1240655 worst=    -7345463 reward=     -2.30 |trade|=16.53 pol_l=-0.0062 val_l=4.03e+11 ent=10.655 t=12.85s
epoch= 5 interval=1d net_pnl=     -292010 std=   1048985 worst=    -5847372 reward=     -2.09 |trade|=16.50 pol_l=-0.0049 val_l=2.47e+11 ent=10.586 t=13.06s
epoch= 6 interval=1d net_pnl=     -309422 std=    919407 worst=    -4779228 reward=     -2.04 |trade|=16.60 pol_l=-0.0038 val_l=1.70e+11 ent=10.519 t=12.91s
epoch= 7 interval=1d net_pnl=     -300723 std=    838860 worst=    -3629288 reward=     -1.94 |trade|=16.83 pol_l=-0.0027 val_l=1.33e+11 ent=10.445 t=12.90s
epoch= 8 interval=1d net_pnl=     -293762 std=    801460 worst=    -3514036 reward=     -1.89 |trade|=16.38 pol_l=-0.0025 val_l=1.08e+11 ent=10.393 t=12.90s
epoch= 9 interval=1d net_pnl=     -281144 std=    753781 worst=    -3109396 reward=     -1.81 |trade|=15.97 pol_l=-0.0020 val_l=8.95e+10 ent=10.354 t=12.92s
epoch=10 interval=1d net_pnl=     -280747 std=    701277 worst=    -3275707 reward=     -1.74 |trade|=15.45 pol_l=-0.0018 val_l=7.55e+10 ent=10.315 t=12.89s
  [val] mean=      -63923 std=    449411 worst=    -1285195 p5=     -707000 sortino=     -770923
epoch=11 interval=1d net_pnl=     -255455 std=    685592 worst=    -3570351 reward=     -1.67 |trade|=15.05 pol_l=-0.0021 val_l=6.43e+10 ent=10.261 t=12.87s
epoch=12 interval=1d net_pnl=     -249484 std=    657683 worst=    -3039614 reward=     -1.63 |trade|=14.66 pol_l=-0.0017 val_l=5.45e+10 ent=10.216 t=12.99s
epoch=13 interval=1d net_pnl=     -240395 std=    637805 worst=    -3103194 reward=     -1.58 |trade|=14.42 pol_l=-0.0015 val_l=4.78e+10 ent=10.181 t=12.87s
epoch=14 interval=1d net_pnl=     -237378 std=    623669 worst=    -2785587 reward=     -1.55 |trade|=14.09 pol_l=-0.0017 val_l=4.05e+10 ent=10.133 t=12.86s
epoch=15 interval=1d net_pnl=     -239287 std=    604851 worst=    -2674310 reward=     -1.54 |trade|=13.91 pol_l=-0.0016 val_l=3.44e+10 ent=10.071 t=12.83s
epoch=16 interval=1d net_pnl=     -258683 std=    582808 worst=    -2655843 reward=     -1.59 |trade|=13.71 pol_l=-0.0012 val_l=2.98e+10 ent=10.030 t=12.81s
epoch=17 interval=1d net_pnl=     -230989 std=    579871 worst=    -2669215 reward=     -1.50 |trade|=13.14 pol_l=-0.0009 val_l=2.47e+10 ent=9.959 t=12.84s
epoch=18 interval=1d net_pnl=     -227240 std=    567155 worst=    -2585751 reward=     -1.48 |trade|=12.76 pol_l=-0.0010 val_l=2.13e+10 ent=9.908 t=12.82s
epoch=19 interval=1d net_pnl=     -202254 std=    568991 worst=    -2695459 reward=     -1.41 |trade|=12.66 pol_l=-0.0007 val_l=1.89e+10 ent=9.863 t=12.96s
epoch=20 interval=1d net_pnl=     -207484 std=    543254 worst=    -2294105 reward=     -1.39 |trade|=12.20 pol_l=-0.0018 val_l=1.62e+10 ent=9.816 t=12.81s
  [val] mean=      -58765 std=    428703 worst=    -1391327 p5=     -693861 sortino=     -752626
epoch=21 interval=1d net_pnl=     -223635 std=    544040 worst=    -2171872 reward=     -1.44 |trade|=12.12 pol_l=-0.0018 val_l=1.38e+10 ent=9.750 t=12.79s
epoch=22 interval=1d net_pnl=     -197996 std=    544705 worst=    -2269494 reward=     -1.37 |trade|=11.97 pol_l=-0.0014 val_l=1.21e+10 ent=9.697 t=12.80s
epoch=23 interval=1d net_pnl=     -197175 std=    535335 worst=    -2506505 reward=     -1.35 |trade|=11.60 pol_l=-0.0017 val_l=1.07e+10 ent=9.667 t=12.80s
epoch=24 interval=1d net_pnl=     -191509 std=    513386 worst=    -2317179 reward=     -1.31 |trade|=11.16 pol_l=-0.0016 val_l=9.33e+09 ent=9.615 t=12.76s
epoch=25 interval=1d net_pnl=     -175981 std=    508749 worst=    -2096047 reward=     -1.26 |trade|=10.67 pol_l=-0.0017 val_l=8.42e+09 ent=9.575 t=12.76s
epoch=26 interval=1d net_pnl=     -169481 std=    506845 worst=    -2219081 reward=     -1.24 |trade|=10.41 pol_l=-0.0014 val_l=7.28e+09 ent=9.518 t=12.78s
epoch=27 interval=1d net_pnl=     -172483 std=    504368 worst=    -2179575 reward=     -1.25 |trade|=10.58 pol_l=-0.0010 val_l=6.31e+09 ent=9.446 t=13.06s
epoch=28 interval=1d net_pnl=     -159732 std=    504122 worst=    -2065522 reward=     -1.21 |trade|=10.32 pol_l=-0.0012 val_l=5.81e+09 ent=9.416 t=12.77s
epoch=29 interval=1d net_pnl=     -141998 std=    497369 worst=    -2283112 reward=     -1.15 |trade|=9.86 pol_l=-0.0010 val_l=4.99e+09 ent=9.363 t=12.77s
epoch=30 interval=1d net_pnl=     -143929 std=    490884 worst=    -1854862 reward=     -1.15 |trade|=9.69 pol_l=-0.0009 val_l=4.47e+09 ent=9.297 t=12.76s
  [val] mean=      -15998 std=    490844 worst=    -1410006 p5=     -735819 sortino=     -751817
epoch=31 interval=1d net_pnl=     -119780 std=    488957 worst=    -2061492 reward=     -1.08 |trade|=9.18 pol_l=-0.0013 val_l=3.95e+09 ent=9.229 t=12.74s
epoch=32 interval=1d net_pnl=     -123043 std=    472371 worst=    -2005769 reward=     -1.07 |trade|=9.13 pol_l=-0.0012 val_l=3.62e+09 ent=9.185 t=12.75s
epoch=33 interval=1d net_pnl=     -120989 std=    477298 worst=    -2016017 reward=     -1.07 |trade|=8.57 pol_l=-0.0012 val_l=3.23e+09 ent=9.137 t=12.74s
epoch=34 interval=1d net_pnl=     -109903 std=    469335 worst=    -1848061 reward=     -1.03 |trade|=8.21 pol_l=-0.0012 val_l=2.86e+09 ent=9.061 t=12.87s
epoch=35 interval=1d net_pnl=      -92331 std=    460614 worst=    -1757588 reward=     -0.97 |trade|=7.98 pol_l=-0.0013 val_l=2.63e+09 ent=9.006 t=12.74s
epoch=36 interval=1d net_pnl=      -93868 std=    458512 worst=    -1531190 reward=     -0.98 |trade|=7.73 pol_l=-0.0010 val_l=2.38e+09 ent=8.936 t=12.74s
epoch=37 interval=1d net_pnl=      -97061 std=    459654 worst=    -1961745 reward=     -0.99 |trade|=7.65 pol_l=-0.0010 val_l=2.15e+09 ent=8.885 t=12.76s
epoch=38 interval=1d net_pnl=      -84124 std=    462081 worst=    -2193056 reward=     -0.96 |trade|=7.50 pol_l=-0.0009 val_l=1.94e+09 ent=8.814 t=12.75s
epoch=39 interval=1d net_pnl=      -82603 std=    456045 worst=    -1890462 reward=     -0.94 |trade|=7.36 pol_l=-0.0014 val_l=1.72e+09 ent=8.743 t=12.76s
epoch=40 interval=1d net_pnl=      -78161 std=    454312 worst=    -1863579 reward=     -0.93 |trade|=7.05 pol_l=-0.0010 val_l=1.48e+09 ent=8.654 t=12.72s
  [val] mean=       +7725 std=    508194 worst=    -1436422 p5=     -731507 sortino=     -723783
epoch=41 interval=1d net_pnl=      -76067 std=    457519 worst=    -1695281 reward=     -0.93 |trade|=6.89 pol_l=-0.0010 val_l=1.31e+09 ent=8.576 t=12.87s
epoch=42 interval=1d net_pnl=      -70660 std=    458258 worst=    -1649398 reward=     -0.92 |trade|=6.93 pol_l=-0.0011 val_l=1.23e+09 ent=8.544 t=12.80s
epoch=43 interval=1d net_pnl=      -74849 std=    449837 worst=    -1603292 reward=     -0.92 |trade|=6.81 pol_l=-0.0015 val_l=1.09e+09 ent=8.478 t=12.73s
epoch=44 interval=1d net_pnl=      -72541 std=    457860 worst=    -1858894 reward=     -0.91 |trade|=6.71 pol_l=-0.0011 val_l=9.84e+08 ent=8.415 t=12.76s
epoch=45 interval=1d net_pnl=      -69329 std=    446180 worst=    -1541351 reward=     -0.89 |trade|=6.50 pol_l=-0.0015 val_l=8.57e+08 ent=8.344 t=12.73s
epoch=46 interval=1d net_pnl=      -61987 std=    445468 worst=    -1597445 reward=     -0.88 |trade|=6.32 pol_l=-0.0015 val_l=7.50e+08 ent=8.271 t=12.73s
epoch=47 interval=1d net_pnl=      -60238 std=    452797 worst=    -1447447 reward=     -0.88 |trade|=6.25 pol_l=-0.0014 val_l=6.62e+08 ent=8.223 t=12.75s
epoch=48 interval=1d net_pnl=      -57505 std=    453885 worst=    -1444404 reward=     -0.87 |trade|=6.07 pol_l=-0.0014 val_l=5.85e+08 ent=8.153 t=12.88s
epoch=49 interval=1d net_pnl=      -51143 std=    458933 worst=    -1557216 reward=     -0.87 |trade|=5.89 pol_l=-0.0014 val_l=5.19e+08 ent=8.069 t=12.77s
epoch=50 interval=1d net_pnl=      -49176 std=    451082 worst=    -1487578 reward=     -0.85 |trade|=5.72 pol_l=-0.0014 val_l=4.52e+08 ent=7.991 t=12.73s
  [val] mean=      +40061 std=    521868 worst=    -1435414 p5=     -705187 sortino=     -665126
epoch=51 interval=1d net_pnl=      -43496 std=    461222 worst=    -1631659 reward=     -0.84 |trade|=5.57 pol_l=-0.0013 val_l=3.98e+08 ent=7.914 t=12.76s
epoch=52 interval=1d net_pnl=      -40231 std=    451967 worst=    -1774413 reward=     -0.83 |trade|=5.37 pol_l=-0.0012 val_l=3.54e+08 ent=7.852 t=12.73s
epoch=53 interval=1d net_pnl=      -39856 std=    456900 worst=    -1495496 reward=     -0.83 |trade|=5.27 pol_l=-0.0010 val_l=3.19e+08 ent=7.795 t=12.77s
epoch=54 interval=1d net_pnl=      -39173 std=    456629 worst=    -1553470 reward=     -0.83 |trade|=5.17 pol_l=-0.0012 val_l=2.85e+08 ent=7.728 t=12.74s
epoch=55 interval=1d net_pnl=      -33609 std=    461757 worst=    -1574322 reward=     -0.82 |trade|=5.08 pol_l=-0.0011 val_l=2.52e+08 ent=7.662 t=12.91s
epoch=56 interval=1d net_pnl=      -30167 std=    463195 worst=    -1798941 reward=     -0.81 |trade|=4.95 pol_l=-0.0011 val_l=2.23e+08 ent=7.593 t=12.74s
epoch=57 interval=1d net_pnl=      -28425 std=    465484 worst=    -1527704 reward=     -0.81 |trade|=4.84 pol_l=-0.0010 val_l=1.99e+08 ent=7.535 t=12.74s
epoch=58 interval=1d net_pnl=      -20748 std=    468391 worst=    -1761809 reward=     -0.80 |trade|=4.78 pol_l=-0.0011 val_l=1.78e+08 ent=7.471 t=12.75s
epoch=59 interval=1d net_pnl=      -15046 std=    472529 worst=    -1632448 reward=     -0.79 |trade|=4.67 pol_l=-0.0012 val_l=1.59e+08 ent=7.406 t=12.75s
  [val] mean=      +89718 std=    591681 worst=    -1694362 p5=     -767962 sortino=     -678244
  → mean=$+89,718  p5=$-767,962  sortino=$-678,244  max_total=3  min_per_inst=-1  (13.6 min)

==============================================================================
Sweep complete. CSV: artifacts/sweeps/20260512_125231_ppo_3/sweep.csv
