WARNING:MarketDataRF_platinum_calibrated:Price Factor 'DiscountRate.USD-SOFR' not found in market data
/home/vretiel/miniconda3/lib/python3.10/site-packages/torch/nn/modules/transformer.py:385: UserWarning: enable_nested_tensor is True, but self.use_nested_tensor is False because encoder_layer.norm_first was True
  warnings.warn(
Sweep dir: artifacts/sweeps/20260512_130640_ppo_6
Tag: ppo_6, seeds=(7,), epochs=60
Overrides: ['PPO_Epochs=6']

[1/1] seed=7 overrides={'PPO_Epochs': 6}
epoch= 0 interval=1d net_pnl=     -362436 std=   4055659 worst=   -31589624 reward=     -4.00 |trade|=17.02 pol_l=-0.0078 val_l=1.06e+13 ent=10.823 t=23.51s
  [val] mean=     -615553 std=   1031196 worst=    -4968083 p5=    -2242423 sortino=    -2857977
epoch= 1 interval=1d net_pnl=     -251459 std=   2713597 worst=   -18170064 reward=     -3.14 |trade|=16.93 pol_l=-0.0088 val_l=3.71e+12 ent=10.792 t=23.85s
epoch= 2 interval=1d net_pnl=     -365805 std=   2017966 worst=   -16097245 reward=     -2.90 |trade|=16.75 pol_l=-0.0084 val_l=1.54e+12 ent=10.750 t=23.78s
epoch= 3 interval=1d net_pnl=     -327299 std=   1450330 worst=    -9657022 reward=     -2.47 |trade|=16.38 pol_l=-0.0079 val_l=6.44e+11 ent=10.692 t=23.86s
epoch= 4 interval=1d net_pnl=     -281011 std=   1167199 worst=    -6487224 reward=     -2.14 |trade|=16.02 pol_l=-0.0068 val_l=3.41e+11 ent=10.625 t=23.86s
epoch= 5 interval=1d net_pnl=     -284838 std=    961734 worst=    -5070806 reward=     -1.98 |trade|=15.68 pol_l=-0.0052 val_l=1.99e+11 ent=10.552 t=23.94s
epoch= 6 interval=1d net_pnl=     -284769 std=    848332 worst=    -5951648 reward=     -1.88 |trade|=15.40 pol_l=-0.0041 val_l=1.44e+11 ent=10.500 t=23.86s
epoch= 7 interval=1d net_pnl=     -296999 std=    768146 worst=    -4011087 reward=     -1.86 |trade|=15.27 pol_l=-0.0036 val_l=1.13e+11 ent=10.444 t=23.82s
epoch= 8 interval=1d net_pnl=     -283014 std=    745988 worst=    -4659104 reward=     -1.78 |trade|=15.07 pol_l=-0.0034 val_l=9.34e+10 ent=10.399 t=23.77s
epoch= 9 interval=1d net_pnl=     -277099 std=    720819 worst=    -3313767 reward=     -1.74 |trade|=14.67 pol_l=-0.0033 val_l=7.76e+10 ent=10.356 t=23.73s
epoch=10 interval=1d net_pnl=     -250623 std=    689791 worst=    -3164250 reward=     -1.65 |trade|=14.21 pol_l=-0.0033 val_l=6.44e+10 ent=10.306 t=23.71s
  [val] mean=     -212126 std=    379798 worst=    -1598443 p5=     -832940 sortino=    -1045066
epoch=11 interval=1d net_pnl=     -281457 std=    675359 worst=    -3837466 reward=     -1.71 |trade|=14.28 pol_l=-0.0030 val_l=5.23e+10 ent=10.242 t=23.84s
epoch=12 interval=1d net_pnl=     -268888 std=    641279 worst=    -2941990 reward=     -1.65 |trade|=14.09 pol_l=-0.0026 val_l=4.40e+10 ent=10.178 t=23.67s
epoch=13 interval=1d net_pnl=     -265086 std=    642326 worst=    -3125814 reward=     -1.65 |trade|=13.84 pol_l=-0.0030 val_l=3.81e+10 ent=10.142 t=23.65s
epoch=14 interval=1d net_pnl=     -250936 std=    626240 worst=    -3441300 reward=     -1.58 |trade|=13.37 pol_l=-0.0032 val_l=3.05e+10 ent=10.081 t=23.65s
epoch=15 interval=1d net_pnl=     -248314 std=    612510 worst=    -3080255 reward=     -1.56 |trade|=13.08 pol_l=-0.0034 val_l=2.59e+10 ent=10.027 t=23.62s
epoch=16 interval=1d net_pnl=     -241120 std=    609370 worst=    -2922762 reward=     -1.54 |trade|=12.77 pol_l=-0.0035 val_l=2.17e+10 ent=9.967 t=23.64s
epoch=17 interval=1d net_pnl=     -242190 std=    578681 worst=    -2507094 reward=     -1.51 |trade|=12.73 pol_l=-0.0029 val_l=1.80e+10 ent=9.897 t=23.61s
epoch=18 interval=1d net_pnl=     -230806 std=    576778 worst=    -2558140 reward=     -1.48 |trade|=12.39 pol_l=-0.0029 val_l=1.49e+10 ent=9.840 t=23.84s
epoch=19 interval=1d net_pnl=     -227800 std=    561115 worst=    -2467600 reward=     -1.45 |trade|=12.30 pol_l=-0.0028 val_l=1.26e+10 ent=9.788 t=23.61s
epoch=20 interval=1d net_pnl=     -227562 std=    556556 worst=    -2690655 reward=     -1.45 |trade|=12.14 pol_l=-0.0027 val_l=1.12e+10 ent=9.744 t=23.61s
  [val] mean=      -80827 std=    408232 worst=    -2206476 p5=     -741911 sortino=     -822738
epoch=21 interval=1d net_pnl=     -224596 std=    562383 worst=    -2751381 reward=     -1.44 |trade|=11.72 pol_l=-0.0025 val_l=9.99e+09 ent=9.706 t=23.56s
epoch=22 interval=1d net_pnl=     -217172 std=    545985 worst=    -2802344 reward=     -1.40 |trade|=11.50 pol_l=-0.0022 val_l=8.20e+09 ent=9.627 t=23.56s
epoch=23 interval=1d net_pnl=     -214856 std=    550259 worst=    -2938847 reward=     -1.40 |trade|=11.18 pol_l=-0.0024 val_l=7.19e+09 ent=9.585 t=23.64s
epoch=24 interval=1d net_pnl=     -202245 std=    548630 worst=    -2772172 reward=     -1.36 |trade|=11.12 pol_l=-0.0024 val_l=6.47e+09 ent=9.532 t=23.59s
epoch=25 interval=1d net_pnl=     -190720 std=    537718 worst=    -2412933 reward=     -1.32 |trade|=10.70 pol_l=-0.0020 val_l=5.64e+09 ent=9.482 t=23.58s
epoch=26 interval=1d net_pnl=     -189610 std=    528711 worst=    -2481839 reward=     -1.31 |trade|=10.36 pol_l=-0.0022 val_l=4.98e+09 ent=9.432 t=23.58s
epoch=27 interval=1d net_pnl=     -184449 std=    511237 worst=    -2357578 reward=     -1.28 |trade|=10.00 pol_l=-0.0018 val_l=4.33e+09 ent=9.373 t=23.60s
epoch=28 interval=1d net_pnl=     -165667 std=    508634 worst=    -2383474 reward=     -1.22 |trade|=9.92 pol_l=-0.0019 val_l=3.85e+09 ent=9.315 t=23.57s
epoch=29 interval=1d net_pnl=     -164910 std=    503446 worst=    -2507395 reward=     -1.22 |trade|=9.61 pol_l=-0.0019 val_l=3.41e+09 ent=9.266 t=23.58s
epoch=30 interval=1d net_pnl=     -163433 std=    497596 worst=    -2338619 reward=     -1.20 |trade|=9.43 pol_l=-0.0021 val_l=3.00e+09 ent=9.215 t=23.68s
  [val] mean=      +30005 std=    459912 worst=    -1786465 p5=     -755938 sortino=     -725933
epoch=31 interval=1d net_pnl=     -143190 std=    489451 worst=    -2167561 reward=     -1.14 |trade|=9.16 pol_l=-0.0017 val_l=2.61e+09 ent=9.158 t=23.57s
epoch=32 interval=1d net_pnl=     -144479 std=    484314 worst=    -2474050 reward=     -1.13 |trade|=8.94 pol_l=-0.0015 val_l=2.35e+09 ent=9.104 t=23.59s
epoch=33 interval=1d net_pnl=     -136710 std=    480749 worst=    -2068043 reward=     -1.11 |trade|=8.57 pol_l=-0.0016 val_l=2.02e+09 ent=9.022 t=23.61s
epoch=34 interval=1d net_pnl=     -126269 std=    472491 worst=    -2032466 reward=     -1.07 |trade|=8.50 pol_l=-0.0008 val_l=1.87e+09 ent=8.990 t=23.55s
epoch=35 interval=1d net_pnl=     -120295 std=    480679 worst=    -2058910 reward=     -1.06 |trade|=8.34 pol_l=-0.0015 val_l=1.75e+09 ent=8.961 t=23.58s
epoch=36 interval=1d net_pnl=     -118643 std=    472268 worst=    -1967081 reward=     -1.05 |trade|=8.21 pol_l=-0.0015 val_l=1.51e+09 ent=8.896 t=23.60s
epoch=37 interval=1d net_pnl=     -118865 std=    477888 worst=    -2205903 reward=     -1.06 |trade|=8.09 pol_l=-0.0014 val_l=1.37e+09 ent=8.848 t=23.79s
epoch=38 interval=1d net_pnl=     -103956 std=    475432 worst=    -1814836 reward=     -1.02 |trade|=7.93 pol_l=-0.0016 val_l=1.18e+09 ent=8.770 t=23.59s
epoch=39 interval=1d net_pnl=      -98895 std=    468620 worst=    -1987924 reward=     -0.99 |trade|=7.68 pol_l=-0.0017 val_l=1.05e+09 ent=8.703 t=23.59s
epoch=40 interval=1d net_pnl=      -92501 std=    453248 worst=    -1947909 reward=     -0.96 |trade|=7.47 pol_l=-0.0018 val_l=9.47e+08 ent=8.632 t=23.58s
  [val] mean=      +69385 std=    560717 worst=    -1790862 p5=     -788726 sortino=     -719341
epoch=41 interval=1d net_pnl=      -84822 std=    461837 worst=    -1749826 reward=     -0.95 |trade|=7.23 pol_l=-0.0017 val_l=8.19e+08 ent=8.565 t=23.58s
epoch=42 interval=1d net_pnl=      -91149 std=    455068 worst=    -1941296 reward=     -0.96 |trade|=7.05 pol_l=-0.0008 val_l=7.18e+08 ent=8.513 t=23.75s
epoch=43 interval=1d net_pnl=      -77627 std=    463992 worst=    -1668611 reward=     -0.94 |trade|=7.02 pol_l=-0.0015 val_l=6.37e+08 ent=8.459 t=23.57s
epoch=44 interval=1d net_pnl=      -73044 std=    462296 worst=    -1716752 reward=     -0.92 |trade|=6.86 pol_l=-0.0012 val_l=5.50e+08 ent=8.376 t=23.59s
epoch=45 interval=1d net_pnl=      -64505 std=    458674 worst=    -1661928 reward=     -0.90 |trade|=6.78 pol_l=-0.0013 val_l=4.82e+08 ent=8.328 t=23.57s
epoch=46 interval=1d net_pnl=      -59464 std=    460858 worst=    -1727614 reward=     -0.89 |trade|=6.56 pol_l=-0.0016 val_l=4.20e+08 ent=8.256 t=23.62s
epoch=47 interval=1d net_pnl=      -54853 std=    456469 worst=    -1779129 reward=     -0.87 |trade|=6.46 pol_l=-0.0014 val_l=3.75e+08 ent=8.198 t=23.57s
epoch=48 interval=1d net_pnl=      -49004 std=    452336 worst=    -1620295 reward=     -0.85 |trade|=6.33 pol_l=-0.0020 val_l=3.20e+08 ent=8.115 t=23.57s
epoch=49 interval=1d net_pnl=      -42874 std=    453302 worst=    -1494426 reward=     -0.83 |trade|=6.15 pol_l=-0.0016 val_l=2.70e+08 ent=8.044 t=23.75s
epoch=50 interval=1d net_pnl=      -47970 std=    457007 worst=    -1692898 reward=     -0.85 |trade|=5.98 pol_l=-0.0017 val_l=2.25e+08 ent=7.971 t=23.57s
  [val] mean=      +93574 std=    593044 worst=    -1662000 p5=     -802702 sortino=     -709128
epoch=51 interval=1d net_pnl=      -33676 std=    459084 worst=    -1543232 reward=     -0.82 |trade|=5.77 pol_l=-0.0020 val_l=1.90e+08 ent=7.886 t=23.58s
epoch=52 interval=1d net_pnl=      -28753 std=    450004 worst=    -1577200 reward=     -0.79 |trade|=5.55 pol_l=-0.0014 val_l=1.57e+08 ent=7.818 t=23.59s
epoch=53 interval=1d net_pnl=      -28564 std=    449682 worst=    -1551852 reward=     -0.79 |trade|=5.47 pol_l=-0.0013 val_l=1.32e+08 ent=7.767 t=23.60s
epoch=54 interval=1d net_pnl=      -29665 std=    454296 worst=    -1858040 reward=     -0.80 |trade|=5.37 pol_l=+0.0001 val_l=1.16e+08 ent=7.737 t=23.77s
epoch=55 interval=1d net_pnl=      -28958 std=    452301 worst=    -1871036 reward=     -0.80 |trade|=5.32 pol_l=-0.0001 val_l=1.13e+08 ent=7.711 t=23.60s
epoch=56 interval=1d net_pnl=      -26880 std=    453911 worst=    -1583473 reward=     -0.80 |trade|=5.26 pol_l=+0.0002 val_l=1.06e+08 ent=7.690 t=23.61s
epoch=57 interval=1d net_pnl=      -37447 std=    449955 worst=    -1568852 reward=     -0.81 |trade|=5.24 pol_l=+0.0004 val_l=1.04e+08 ent=7.690 t=23.59s
epoch=58 interval=1d net_pnl=      -24455 std=    453107 worst=    -1596195 reward=     -0.78 |trade|=5.19 pol_l=+0.0002 val_l=1.03e+08 ent=7.668 t=23.62s
epoch=59 interval=1d net_pnl=      -24943 std=    455462 worst=    -1558031 reward=     -0.79 |trade|=5.16 pol_l=+0.0003 val_l=1.00e+08 ent=7.656 t=23.61s
  [val] mean=      +99052 std=    595209 worst=    -1675515 p5=     -792601 sortino=     -693549
  → mean=$+99,052  p5=$-792,601  sortino=$-693,549  max_total=25  min_per_inst=-25  (24.4 min)

==============================================================================
Sweep complete. CSV: artifacts/sweeps/20260512_130640_ppo_6/sweep.csv
