WARNING:MarketDataRF_platinum_calibrated:Price Factor 'DiscountRate.USD-SOFR' not found in market data
/home/vretiel/miniconda3/lib/python3.10/site-packages/torch/nn/modules/transformer.py:385: UserWarning: enable_nested_tensor is True, but self.use_nested_tensor is False because encoder_layer.norm_first was True
  warnings.warn(
Sweep dir: artifacts/sweeps/20260512_223854_research_baseline
Tag: research_baseline, seeds=(7, 42, 123, 456), epochs=60, overrides=['Batch_Size=2048', 'Simulation_Batches=4']

[1/4] seed=7 overrides={'Batch_Size': 2048, 'Simulation_Batches': 4}
epoch= 0 interval=1d net_pnl=     -233115 std=   3566324 worst=   -29022728 reward=     -3.54 |trade|=13.45 pol_l=-0.0078 val_l=5.59e+12 ent=10.096 t=16.18s
  [val] mean=     -884844 std=   1118377 worst=    -5385496 p5=    -2652820 sortino=    -3537664
epoch= 1 interval=1d net_pnl=     -185355 std=   2594124 worst=   -18002314 reward=     -2.91 |trade|=13.35 pol_l=-0.0097 val_l=2.43e+12 ent=10.073 t=16.01s
epoch= 2 interval=1d net_pnl=     -216928 std=   1740731 worst=   -11234352 reward=     -2.45 |trade|=13.28 pol_l=-0.0110 val_l=9.39e+11 ent=10.035 t=16.07s
epoch= 3 interval=1d net_pnl=     -222722 std=   1265832 worst=    -7765232 reward=     -2.11 |trade|=13.18 pol_l=-0.0112 val_l=3.92e+11 ent=9.985 t=16.07s
epoch= 4 interval=1d net_pnl=     -214404 std=   1050208 worst=    -5034399 reward=     -1.91 |trade|=12.85 pol_l=-0.0103 val_l=1.92e+11 ent=9.930 t=16.08s
epoch= 5 interval=1d net_pnl=     -211592 std=    881791 worst=    -4090285 reward=     -1.74 |trade|=12.45 pol_l=-0.0091 val_l=1.14e+11 ent=9.871 t=16.17s
epoch= 6 interval=1d net_pnl=     -196137 std=    768113 worst=    -3097401 reward=     -1.61 |trade|=12.18 pol_l=-0.0080 val_l=7.31e+10 ent=9.806 t=16.15s
epoch= 7 interval=1d net_pnl=     -181927 std=    693580 worst=    -4118112 reward=     -1.48 |trade|=11.61 pol_l=-0.0069 val_l=5.07e+10 ent=9.741 t=16.28s
epoch= 8 interval=1d net_pnl=     -185643 std=    617056 worst=    -3840788 reward=     -1.40 |trade|=10.96 pol_l=-0.0058 val_l=3.74e+10 ent=9.674 t=16.23s
epoch= 9 interval=1d net_pnl=     -162859 std=    577792 worst=    -2243100 reward=     -1.31 |trade|=10.30 pol_l=-0.0053 val_l=2.75e+10 ent=9.597 t=16.37s
epoch=10 interval=1d net_pnl=     -138072 std=    544512 worst=    -2498666 reward=     -1.20 |trade|=9.57 pol_l=-0.0052 val_l=2.05e+10 ent=9.514 t=16.26s
  [val] mean=      +15719 std=    382492 worst=    -1214383 p5=     -566202 sortino=     -550483
epoch=11 interval=1d net_pnl=     -113002 std=    520727 worst=    -2150613 reward=     -1.10 |trade|=8.81 pol_l=-0.0046 val_l=1.61e+10 ent=9.443 t=16.22s
epoch=12 interval=1d net_pnl=     -110651 std=    491222 worst=    -1708648 reward=     -1.06 |trade|=8.26 pol_l=-0.0042 val_l=1.26e+10 ent=9.372 t=16.29s
epoch=13 interval=1d net_pnl=      -95941 std=    485810 worst=    -1930811 reward=     -1.01 |trade|=8.00 pol_l=-0.0039 val_l=9.88e+09 ent=9.295 t=16.33s
epoch=14 interval=1d net_pnl=      -86587 std=    459794 worst=    -2000831 reward=     -0.95 |trade|=7.56 pol_l=-0.0033 val_l=7.95e+09 ent=9.225 t=16.39s
epoch=15 interval=1d net_pnl=      -74964 std=    454245 worst=    -1746472 reward=     -0.91 |trade|=7.16 pol_l=-0.0030 val_l=6.58e+09 ent=9.166 t=16.36s
epoch=16 interval=1d net_pnl=      -73541 std=    442571 worst=    -1584498 reward=     -0.90 |trade|=6.84 pol_l=-0.0030 val_l=5.53e+09 ent=9.102 t=16.38s
epoch=17 interval=1d net_pnl=      -64531 std=    436744 worst=    -1516204 reward=     -0.86 |trade|=6.53 pol_l=-0.0026 val_l=4.58e+09 ent=9.031 t=16.38s
epoch=18 interval=1d net_pnl=      -67604 std=    428221 worst=    -1653587 reward=     -0.86 |trade|=6.24 pol_l=-0.0025 val_l=3.81e+09 ent=8.948 t=16.41s
epoch=19 interval=1d net_pnl=      -53999 std=    430802 worst=    -1661251 reward=     -0.83 |trade|=6.02 pol_l=-0.0021 val_l=3.17e+09 ent=8.868 t=16.52s
epoch=20 interval=1d net_pnl=      -53824 std=    421425 worst=    -1613352 reward=     -0.82 |trade|=5.75 pol_l=-0.0018 val_l=2.77e+09 ent=8.798 t=16.40s
  [val] mean=      +42468 std=    476215 worst=    -1324142 p5=     -643889 sortino=     -601421
epoch=21 interval=1d net_pnl=      -53753 std=    434934 worst=    -1626924 reward=     -0.84 |trade|=5.73 pol_l=-0.0015 val_l=2.46e+09 ent=8.734 t=16.43s
epoch=22 interval=1d net_pnl=      -53531 std=    433531 worst=    -1587921 reward=     -0.84 |trade|=5.58 pol_l=-0.0017 val_l=2.18e+09 ent=8.658 t=16.40s
epoch=23 interval=1d net_pnl=      -49209 std=    421803 worst=    -1462868 reward=     -0.81 |trade|=5.36 pol_l=-0.0017 val_l=1.96e+09 ent=8.611 t=16.40s
epoch=24 interval=1d net_pnl=      -38021 std=    413505 worst=    -1396638 reward=     -0.76 |trade|=5.24 pol_l=-0.0016 val_l=1.76e+09 ent=8.550 t=16.38s
epoch=25 interval=1d net_pnl=      -32764 std=    421609 worst=    -1645297 reward=     -0.76 |trade|=4.98 pol_l=-0.0015 val_l=1.55e+09 ent=8.474 t=16.42s
epoch=26 interval=1d net_pnl=      -33906 std=    414491 worst=    -1514211 reward=     -0.76 |trade|=4.90 pol_l=-0.0014 val_l=1.41e+09 ent=8.421 t=16.38s
epoch=27 interval=1d net_pnl=      -33325 std=    404737 worst=    -1363918 reward=     -0.74 |trade|=4.82 pol_l=-0.0016 val_l=1.32e+09 ent=8.389 t=16.41s
epoch=28 interval=1d net_pnl=      -26935 std=    400657 worst=    -1388419 reward=     -0.71 |trade|=4.71 pol_l=-0.0015 val_l=1.19e+09 ent=8.324 t=16.36s
epoch=29 interval=1d net_pnl=      -24674 std=    398072 worst=    -1245090 reward=     -0.71 |trade|=4.64 pol_l=-0.0017 val_l=1.07e+09 ent=8.276 t=16.57s
epoch=30 interval=1d net_pnl=      -24351 std=    400181 worst=    -1302405 reward=     -0.71 |trade|=4.55 pol_l=-0.0017 val_l=9.63e+08 ent=8.220 t=16.38s
  [val] mean=      +30410 std=    353924 worst=    -1060813 p5=     -500974 sortino=     -470565
epoch=31 interval=1d net_pnl=      -19529 std=    402856 worst=    -1471579 reward=     -0.70 |trade|=4.46 pol_l=-0.0018 val_l=8.69e+08 ent=8.137 t=16.49s
epoch=32 interval=1d net_pnl=      -19968 std=    403347 worst=    -1397474 reward=     -0.70 |trade|=4.38 pol_l=-0.0016 val_l=7.63e+08 ent=8.059 t=16.44s
epoch=33 interval=1d net_pnl=      -13343 std=    402999 worst=    -1692686 reward=     -0.68 |trade|=4.26 pol_l=-0.0016 val_l=6.87e+08 ent=7.985 t=16.38s
epoch=34 interval=1d net_pnl=      -16583 std=    405490 worst=    -1445763 reward=     -0.70 |trade|=4.19 pol_l=-0.0016 val_l=6.08e+08 ent=7.914 t=16.40s
epoch=35 interval=1d net_pnl=      -16656 std=    403296 worst=    -1184748 reward=     -0.70 |trade|=4.20 pol_l=-0.0018 val_l=5.64e+08 ent=7.860 t=16.39s
epoch=36 interval=1d net_pnl=       -8426 std=    414620 worst=    -1290258 reward=     -0.69 |trade|=4.07 pol_l=-0.0020 val_l=4.93e+08 ent=7.771 t=16.42s
epoch=37 interval=1d net_pnl=       -7289 std=    408609 worst=    -1382676 reward=     -0.68 |trade|=3.97 pol_l=-0.0018 val_l=4.41e+08 ent=7.709 t=16.40s
epoch=38 interval=1d net_pnl=       -4652 std=    410669 worst=    -1370344 reward=     -0.67 |trade|=3.87 pol_l=-0.0018 val_l=3.77e+08 ent=7.601 t=16.40s
epoch=39 interval=1d net_pnl=       -3957 std=    404463 worst=    -1531568 reward=     -0.67 |trade|=3.74 pol_l=-0.0017 val_l=3.27e+08 ent=7.516 t=16.51s
epoch=40 interval=1d net_pnl=       -2092 std=    398018 worst=    -1318146 reward=     -0.65 |trade|=3.63 pol_l=-0.0017 val_l=2.88e+08 ent=7.446 t=16.41s
  [val] mean=      +41458 std=    381899 worst=     -971440 p5=     -504047 sortino=     -462589
epoch=41 interval=1d net_pnl=        +688 std=    403520 worst=    -1220575 reward=     -0.65 |trade|=3.60 pol_l=-0.0018 val_l=2.52e+08 ent=7.370 t=16.38s
epoch=42 interval=1d net_pnl=       +6842 std=    411921 worst=    -1503423 reward=     -0.64 |trade|=3.55 pol_l=-0.0020 val_l=2.30e+08 ent=7.325 t=16.42s
epoch=43 interval=1d net_pnl=       +2597 std=    405374 worst=    -1405510 reward=     -0.65 |trade|=3.50 pol_l=-0.0020 val_l=2.08e+08 ent=7.269 t=16.38s
epoch=44 interval=1d net_pnl=       +4648 std=    409892 worst=    -1304345 reward=     -0.65 |trade|=3.40 pol_l=-0.0019 val_l=1.82e+08 ent=7.185 t=16.39s
epoch=45 interval=1d net_pnl=       +9237 std=    408104 worst=    -1320247 reward=     -0.63 |trade|=3.29 pol_l=-0.0019 val_l=1.59e+08 ent=7.111 t=16.40s
epoch=46 interval=1d net_pnl=      +10037 std=    404359 worst=    -1390897 reward=     -0.63 |trade|=3.23 pol_l=-0.0020 val_l=1.37e+08 ent=7.031 t=16.39s
epoch=47 interval=1d net_pnl=       +9974 std=    405134 worst=    -1393440 reward=     -0.63 |trade|=3.16 pol_l=-0.0020 val_l=1.21e+08 ent=6.979 t=16.42s
epoch=48 interval=1d net_pnl=      +14265 std=    404092 worst=    -1411237 reward=     -0.61 |trade|=3.10 pol_l=-0.0023 val_l=1.03e+08 ent=6.892 t=16.41s
epoch=49 interval=1d net_pnl=      +16735 std=    401022 worst=    -1395156 reward=     -0.61 |trade|=3.03 pol_l=-0.0023 val_l=9.10e+07 ent=6.842 t=16.51s
epoch=50 interval=1d net_pnl=      +19607 std=    401799 worst=    -1169002 reward=     -0.60 |trade|=2.99 pol_l=-0.0023 val_l=7.59e+07 ent=6.772 t=16.42s
  [val] mean=      +65805 std=    401897 worst=    -1061981 p5=     -504534 sortino=     -438729
epoch=51 interval=1d net_pnl=      +18997 std=    400204 worst=    -1408200 reward=     -0.60 |trade|=2.95 pol_l=-0.0025 val_l=6.44e+07 ent=6.706 t=16.40s
epoch=52 interval=1d net_pnl=      +19608 std=    401590 worst=    -1435020 reward=     -0.60 |trade|=2.87 pol_l=-0.0026 val_l=5.39e+07 ent=6.615 t=16.42s
epoch=53 interval=1d net_pnl=      +24196 std=    402657 worst=    -1287534 reward=     -0.59 |trade|=2.79 pol_l=-0.0027 val_l=4.40e+07 ent=6.530 t=16.42s
epoch=54 interval=1d net_pnl=      +23898 std=    397060 worst=    -1366749 reward=     -0.58 |trade|=2.72 pol_l=-0.0032 val_l=3.46e+07 ent=6.448 t=16.41s
epoch=55 interval=1d net_pnl=      +25663 std=    395485 worst=    -1340409 reward=     -0.57 |trade|=2.69 pol_l=-0.0035 val_l=2.73e+07 ent=6.363 t=16.39s
epoch=56 interval=1d net_pnl=      +27165 std=    395353 worst=    -1317815 reward=     -0.57 |trade|=2.67 pol_l=-0.0038 val_l=2.02e+07 ent=6.266 t=16.42s
epoch=57 interval=1d net_pnl=      +26349 std=    389207 worst=    -1278771 reward=     -0.57 |trade|=2.65 pol_l=-0.0041 val_l=1.43e+07 ent=6.164 t=16.41s
epoch=58 interval=1d net_pnl=      +26184 std=    389265 worst=    -1350534 reward=     -0.57 |trade|=2.60 pol_l=-0.0038 val_l=9.34e+06 ent=6.059 t=16.55s
epoch=59 interval=1d net_pnl=      +25677 std=    392892 worst=    -1202546 reward=     -0.57 |trade|=2.59 pol_l=-0.0034 val_l=6.28e+06 ent=5.948 t=16.38s
  [val] mean=      +83480 std=    449150 worst=    -1254536 p5=     -573816 sortino=     -490336
WARNING:MarketDataRF_platinum_calibrated:Price Factor 'DiscountRate.USD-SOFR' not found in market data
  → mean=$+83,480  p5=$-573,816  sortino=$-490,336  max_total=26  min_per_inst=-13  (17.1 min)

[2/4] seed=42 overrides={'Batch_Size': 2048, 'Simulation_Batches': 4}
epoch= 0 interval=1d net_pnl=     -163512 std=   3480141 worst=   -22679726 reward=     -3.41 |trade|=13.44 pol_l=-0.0076 val_l=5.51e+12 ent=10.096 t=16.18s
  [val] mean=     -914343 std=   1019808 worst=    -4715722 p5=    -2561158 sortino=    -3475500
epoch= 1 interval=1d net_pnl=     -188616 std=   2489601 worst=   -23151886 reward=     -2.87 |trade|=13.32 pol_l=-0.0097 val_l=2.33e+12 ent=10.072 t=16.63s
epoch= 2 interval=1d net_pnl=     -208409 std=   1755749 worst=   -12347360 reward=     -2.42 |trade|=13.23 pol_l=-0.0111 val_l=9.19e+11 ent=10.033 t=16.62s
epoch= 3 interval=1d net_pnl=     -201727 std=   1282725 worst=    -8199921 reward=     -2.10 |trade|=13.09 pol_l=-0.0110 val_l=3.85e+11 ent=9.985 t=16.65s
epoch= 4 interval=1d net_pnl=     -222976 std=   1036388 worst=    -4794210 reward=     -1.93 |trade|=12.90 pol_l=-0.0099 val_l=1.86e+11 ent=9.925 t=16.63s
epoch= 5 interval=1d net_pnl=     -205691 std=    885356 worst=    -3803919 reward=     -1.73 |trade|=12.54 pol_l=-0.0089 val_l=1.13e+11 ent=9.869 t=16.63s
epoch= 6 interval=1d net_pnl=     -199143 std=    783582 worst=    -6805252 reward=     -1.60 |trade|=12.07 pol_l=-0.0077 val_l=7.60e+10 ent=9.812 t=16.62s
epoch= 7 interval=1d net_pnl=     -184190 std=    689796 worst=    -3789356 reward=     -1.46 |trade|=11.64 pol_l=-0.0066 val_l=5.18e+10 ent=9.747 t=16.63s
epoch= 8 interval=1d net_pnl=     -162426 std=    638966 worst=    -3463355 reward=     -1.36 |trade|=10.82 pol_l=-0.0062 val_l=3.93e+10 ent=9.688 t=16.62s
epoch= 9 interval=1d net_pnl=     -147003 std=    595736 worst=    -2804736 reward=     -1.27 |trade|=10.24 pol_l=-0.0057 val_l=2.96e+10 ent=9.618 t=16.59s
epoch=10 interval=1d net_pnl=     -126746 std=    555000 worst=    -2910848 reward=     -1.17 |trade|=9.66 pol_l=-0.0052 val_l=2.25e+10 ent=9.541 t=16.63s
  [val] mean=     +124271 std=    594251 worst=    -1427448 p5=     -731869 sortino=     -607598
epoch=11 interval=1d net_pnl=     -115928 std=    523585 worst=    -2307065 reward=     -1.11 |trade|=9.40 pol_l=-0.0044 val_l=1.73e+10 ent=9.459 t=16.54s
epoch=12 interval=1d net_pnl=     -105311 std=    506462 worst=    -2520540 reward=     -1.06 |trade|=8.95 pol_l=-0.0039 val_l=1.36e+10 ent=9.380 t=16.51s
epoch=13 interval=1d net_pnl=      -98982 std=    503659 worst=    -1685575 reward=     -1.05 |trade|=8.49 pol_l=-0.0035 val_l=1.10e+10 ent=9.311 t=16.51s
epoch=14 interval=1d net_pnl=      -87471 std=    486982 worst=    -1967568 reward=     -1.00 |trade|=8.17 pol_l=-0.0034 val_l=9.02e+09 ent=9.229 t=16.50s
epoch=15 interval=1d net_pnl=      -83099 std=    474754 worst=    -1842054 reward=     -0.97 |trade|=7.68 pol_l=-0.0031 val_l=7.27e+09 ent=9.151 t=16.52s
epoch=16 interval=1d net_pnl=      -64945 std=    464872 worst=    -1923964 reward=     -0.90 |trade|=7.25 pol_l=-0.0030 val_l=6.11e+09 ent=9.088 t=16.49s
epoch=17 interval=1d net_pnl=      -59800 std=    464268 worst=    -1668922 reward=     -0.89 |trade|=6.85 pol_l=-0.0023 val_l=5.07e+09 ent=9.014 t=16.48s
epoch=18 interval=1d net_pnl=      -57083 std=    455389 worst=    -1676080 reward=     -0.87 |trade|=6.44 pol_l=-0.0024 val_l=4.36e+09 ent=8.955 t=16.44s
epoch=19 interval=1d net_pnl=      -48026 std=    449123 worst=    -1575779 reward=     -0.84 |trade|=6.18 pol_l=-0.0018 val_l=3.70e+09 ent=8.885 t=16.55s
epoch=20 interval=1d net_pnl=      -44107 std=    445008 worst=    -1593476 reward=     -0.82 |trade|=6.04 pol_l=-0.0018 val_l=3.28e+09 ent=8.827 t=16.45s
  [val] mean=      +78245 std=    462790 worst=    -1211979 p5=     -607998 sortino=     -529753
epoch=21 interval=1d net_pnl=      -38017 std=    443340 worst=    -1405631 reward=     -0.81 |trade|=5.79 pol_l=-0.0018 val_l=2.86e+09 ent=8.758 t=16.44s
epoch=22 interval=1d net_pnl=      -31373 std=    442462 worst=    -1641621 reward=     -0.79 |trade|=5.58 pol_l=-0.0016 val_l=2.58e+09 ent=8.715 t=16.45s
epoch=23 interval=1d net_pnl=      -35295 std=    431785 worst=    -1520276 reward=     -0.78 |trade|=5.52 pol_l=-0.0012 val_l=2.32e+09 ent=8.660 t=16.46s
epoch=24 interval=1d net_pnl=      -27580 std=    430862 worst=    -1841016 reward=     -0.76 |trade|=5.36 pol_l=-0.0012 val_l=2.11e+09 ent=8.604 t=16.44s
epoch=25 interval=1d net_pnl=      -25238 std=    435472 worst=    -1543018 reward=     -0.76 |trade|=5.23 pol_l=-0.0013 val_l=1.90e+09 ent=8.539 t=16.44s
epoch=26 interval=1d net_pnl=      -21099 std=    432260 worst=    -1407153 reward=     -0.75 |trade|=5.13 pol_l=-0.0012 val_l=1.73e+09 ent=8.482 t=16.42s
epoch=27 interval=1d net_pnl=      -18907 std=    439242 worst=    -1352292 reward=     -0.75 |trade|=5.03 pol_l=-0.0014 val_l=1.60e+09 ent=8.437 t=16.41s
epoch=28 interval=1d net_pnl=      -16049 std=    438220 worst=    -1375322 reward=     -0.74 |trade|=4.85 pol_l=-0.0012 val_l=1.44e+09 ent=8.375 t=16.43s
epoch=29 interval=1d net_pnl=       -9943 std=    440628 worst=    -1456144 reward=     -0.73 |trade|=4.73 pol_l=-0.0017 val_l=1.30e+09 ent=8.307 t=16.51s
epoch=30 interval=1d net_pnl=      -10431 std=    439407 worst=    -1478540 reward=     -0.73 |trade|=4.60 pol_l=-0.0016 val_l=1.17e+09 ent=8.250 t=16.49s
  [val] mean=      +95055 std=    517034 worst=    -1264793 p5=     -630727 sortino=     -535672
epoch=31 interval=1d net_pnl=       -6311 std=    436386 worst=    -1480551 reward=     -0.71 |trade|=4.47 pol_l=-0.0016 val_l=1.06e+09 ent=8.203 t=16.40s
epoch=32 interval=1d net_pnl=       -5184 std=    434269 worst=    -1300931 reward=     -0.71 |trade|=4.40 pol_l=-0.0017 val_l=9.63e+08 ent=8.132 t=16.42s
epoch=33 interval=1d net_pnl=       -2706 std=    441348 worst=    -1345878 reward=     -0.70 |trade|=4.33 pol_l=-0.0017 val_l=8.77e+08 ent=8.080 t=16.41s
epoch=34 interval=1d net_pnl=        +479 std=    438341 worst=    -1470955 reward=     -0.69 |trade|=4.17 pol_l=-0.0017 val_l=7.68e+08 ent=7.980 t=16.41s
epoch=35 interval=1d net_pnl=       +6068 std=    435356 worst=    -1394216 reward=     -0.68 |trade|=4.04 pol_l=-0.0019 val_l=6.83e+08 ent=7.905 t=16.42s
epoch=36 interval=1d net_pnl=       +4791 std=    431732 worst=    -1275301 reward=     -0.68 |trade|=3.91 pol_l=-0.0019 val_l=6.15e+08 ent=7.825 t=16.42s
epoch=37 interval=1d net_pnl=       +6110 std=    430956 worst=    -1352608 reward=     -0.68 |trade|=3.79 pol_l=-0.0019 val_l=5.52e+08 ent=7.755 t=16.38s
epoch=38 interval=1d net_pnl=      +10941 std=    434820 worst=    -1429128 reward=     -0.67 |trade|=3.68 pol_l=-0.0019 val_l=4.81e+08 ent=7.673 t=16.48s
epoch=39 interval=1d net_pnl=      +12092 std=    432793 worst=    -1372756 reward=     -0.66 |trade|=3.64 pol_l=-0.0020 val_l=4.27e+08 ent=7.596 t=16.42s
epoch=40 interval=1d net_pnl=      +16346 std=    433822 worst=    -1573743 reward=     -0.65 |trade|=3.56 pol_l=-0.0018 val_l=3.82e+08 ent=7.541 t=16.40s
  [val] mean=      +86168 std=    492154 worst=    -1215988 p5=     -619092 sortino=     -532924
epoch=41 interval=1d net_pnl=      +10561 std=    433761 worst=    -1512967 reward=     -0.66 |trade|=3.50 pol_l=-0.0021 val_l=3.34e+08 ent=7.487 t=16.39s
epoch=42 interval=1d net_pnl=      +11931 std=    432010 worst=    -1408934 reward=     -0.66 |trade|=3.44 pol_l=-0.0021 val_l=2.89e+08 ent=7.401 t=16.39s
epoch=43 interval=1d net_pnl=      +11740 std=    433582 worst=    -1377990 reward=     -0.66 |trade|=3.42 pol_l=-0.0022 val_l=2.52e+08 ent=7.323 t=16.41s
epoch=44 interval=1d net_pnl=      +16662 std=    430287 worst=    -1358919 reward=     -0.64 |trade|=3.36 pol_l=-0.0023 val_l=2.20e+08 ent=7.255 t=16.41s
epoch=45 interval=1d net_pnl=      +17133 std=    426964 worst=    -1339609 reward=     -0.64 |trade|=3.30 pol_l=-0.0021 val_l=1.90e+08 ent=7.176 t=16.41s
epoch=46 interval=1d net_pnl=      +19180 std=    427222 worst=    -1368535 reward=     -0.63 |trade|=3.24 pol_l=-0.0021 val_l=1.61e+08 ent=7.085 t=16.44s
epoch=47 interval=1d net_pnl=      +17601 std=    424947 worst=    -1405436 reward=     -0.63 |trade|=3.20 pol_l=-0.0022 val_l=1.39e+08 ent=7.002 t=16.39s
epoch=48 interval=1d net_pnl=      +24140 std=    435685 worst=    -1297460 reward=     -0.63 |trade|=3.11 pol_l=-0.0024 val_l=1.19e+08 ent=6.907 t=16.48s
epoch=49 interval=1d net_pnl=      +24281 std=    434159 worst=    -1320888 reward=     -0.63 |trade|=3.06 pol_l=-0.0024 val_l=1.00e+08 ent=6.830 t=16.41s
epoch=50 interval=1d net_pnl=      +26442 std=    432397 worst=    -1341485 reward=     -0.62 |trade|=3.03 pol_l=-0.0025 val_l=8.56e+07 ent=6.766 t=16.40s
  [val] mean=      +81193 std=    470978 worst=    -1196193 p5=     -594002 sortino=     -512809
epoch=51 interval=1d net_pnl=      +24975 std=    431515 worst=    -1398101 reward=     -0.62 |trade|=2.96 pol_l=-0.0027 val_l=7.20e+07 ent=6.675 t=16.40s
epoch=52 interval=1d net_pnl=      +29007 std=    429836 worst=    -1346998 reward=     -0.61 |trade|=2.90 pol_l=-0.0028 val_l=5.91e+07 ent=6.588 t=16.39s
epoch=53 interval=1d net_pnl=      +32225 std=    435648 worst=    -1476914 reward=     -0.61 |trade|=2.85 pol_l=-0.0032 val_l=4.82e+07 ent=6.498 t=16.42s
epoch=54 interval=1d net_pnl=      +30285 std=    433024 worst=    -1443282 reward=     -0.62 |trade|=2.80 pol_l=-0.0036 val_l=3.81e+07 ent=6.408 t=16.42s
epoch=55 interval=1d net_pnl=      +34500 std=    432949 worst=    -1290718 reward=     -0.61 |trade|=2.75 pol_l=-0.0038 val_l=2.87e+07 ent=6.289 t=16.42s
epoch=56 interval=1d net_pnl=      +34505 std=    435016 worst=    -1393172 reward=     -0.61 |trade|=2.69 pol_l=-0.0038 val_l=2.10e+07 ent=6.171 t=16.42s
epoch=57 interval=1d net_pnl=      +37223 std=    437476 worst=    -1301848 reward=     -0.60 |trade|=2.63 pol_l=-0.0039 val_l=1.48e+07 ent=6.050 t=16.40s
epoch=58 interval=1d net_pnl=      +32533 std=    431379 worst=    -1424896 reward=     -0.61 |trade|=2.58 pol_l=-0.0040 val_l=1.02e+07 ent=5.926 t=16.49s
epoch=59 interval=1d net_pnl=      +39224 std=    436272 worst=    -1323412 reward=     -0.60 |trade|=2.52 pol_l=-0.0037 val_l=6.67e+06 ent=5.791 t=16.41s
  [val] mean=      +99938 std=    497930 worst=    -1195816 p5=     -625029 sortino=     -525092
WARNING:MarketDataRF_platinum_calibrated:Price Factor 'DiscountRate.USD-SOFR' not found in market data
  → mean=$+99,938  p5=$-625,029  sortino=$-525,092  max_total=20  min_per_inst=-10  (17.2 min)

[3/4] seed=123 overrides={'Batch_Size': 2048, 'Simulation_Batches': 4}
epoch= 0 interval=1d net_pnl=     -240627 std=   3571784 worst=   -26123296 reward=     -3.58 |trade|=13.44 pol_l=-0.0075 val_l=5.50e+12 ent=10.096 t=16.19s
  [val] mean=     -886761 std=   1038799 worst=    -4459342 p5=    -2592538 sortino=    -3479299
epoch= 1 interval=1d net_pnl=     -162324 std=   2653137 worst=   -32370992 reward=     -2.88 |trade|=13.28 pol_l=-0.0093 val_l=2.45e+12 ent=10.074 t=16.45s
epoch= 2 interval=1d net_pnl=     -243552 std=   1788739 worst=    -9090138 reward=     -2.51 |trade|=13.28 pol_l=-0.0110 val_l=9.60e+11 ent=10.036 t=16.62s
epoch= 3 interval=1d net_pnl=     -219324 std=   1293273 worst=    -7134981 reward=     -2.10 |trade|=13.09 pol_l=-0.0113 val_l=4.08e+11 ent=9.988 t=16.63s
epoch= 4 interval=1d net_pnl=     -236235 std=   1044615 worst=    -7536936 reward=     -1.93 |trade|=13.00 pol_l=-0.0102 val_l=1.99e+11 ent=9.932 t=16.65s
epoch= 5 interval=1d net_pnl=     -208008 std=    880020 worst=    -5820601 reward=     -1.73 |trade|=12.69 pol_l=-0.0093 val_l=1.18e+11 ent=9.875 t=16.67s
epoch= 6 interval=1d net_pnl=     -176734 std=    775350 worst=    -3214112 reward=     -1.55 |trade|=12.20 pol_l=-0.0076 val_l=7.46e+10 ent=9.811 t=16.64s
epoch= 7 interval=1d net_pnl=     -203644 std=    694564 worst=    -3505232 reward=     -1.54 |trade|=11.63 pol_l=-0.0068 val_l=5.27e+10 ent=9.748 t=16.65s
epoch= 8 interval=1d net_pnl=     -167793 std=    637712 worst=    -2812548 reward=     -1.39 |trade|=10.94 pol_l=-0.0060 val_l=3.90e+10 ent=9.680 t=16.63s
epoch= 9 interval=1d net_pnl=     -153847 std=    590503 worst=    -2334300 reward=     -1.29 |trade|=10.57 pol_l=-0.0049 val_l=2.87e+10 ent=9.602 t=16.69s
epoch=10 interval=1d net_pnl=     -144962 std=    552400 worst=    -3333716 reward=     -1.22 |trade|=9.91 pol_l=-0.0049 val_l=2.21e+10 ent=9.532 t=16.60s
  [val] mean=      +22358 std=    408504 worst=    -1075165 p5=     -571357 sortino=     -548999
epoch=11 interval=1d net_pnl=     -139208 std=    533506 worst=    -2886720 reward=     -1.19 |trade|=9.39 pol_l=-0.0044 val_l=1.72e+10 ent=9.455 t=16.58s
epoch=12 interval=1d net_pnl=     -126227 std=    513333 worst=    -2269100 reward=     -1.13 |trade|=8.87 pol_l=-0.0040 val_l=1.33e+10 ent=9.372 t=16.55s
epoch=13 interval=1d net_pnl=     -124231 std=    479819 worst=    -2063151 reward=     -1.08 |trade|=8.48 pol_l=-0.0039 val_l=1.06e+10 ent=9.297 t=16.53s
epoch=14 interval=1d net_pnl=     -107856 std=    476108 worst=    -1942480 reward=     -1.03 |trade|=8.14 pol_l=-0.0035 val_l=8.70e+09 ent=9.220 t=16.54s
epoch=15 interval=1d net_pnl=      -92184 std=    461929 worst=    -2088510 reward=     -0.96 |trade|=7.55 pol_l=-0.0033 val_l=7.10e+09 ent=9.155 t=16.47s
epoch=16 interval=1d net_pnl=      -92234 std=    452023 worst=    -1932456 reward=     -0.96 |trade|=7.24 pol_l=-0.0026 val_l=5.92e+09 ent=9.087 t=16.51s
epoch=17 interval=1d net_pnl=      -92463 std=    445614 worst=    -1715612 reward=     -0.95 |trade|=7.28 pol_l=-0.0029 val_l=5.30e+09 ent=9.034 t=16.50s
epoch=18 interval=1d net_pnl=      -78972 std=    460177 worst=    -1583248 reward=     -0.93 |trade|=7.10 pol_l=-0.0026 val_l=4.52e+09 ent=8.953 t=16.58s
epoch=19 interval=1d net_pnl=      -62003 std=    462632 worst=    -1830734 reward=     -0.89 |trade|=6.82 pol_l=-0.0023 val_l=3.81e+09 ent=8.875 t=16.48s
epoch=20 interval=1d net_pnl=      -63373 std=    455281 worst=    -1692730 reward=     -0.89 |trade|=6.58 pol_l=-0.0021 val_l=3.37e+09 ent=8.823 t=16.47s
  [val] mean=      +54821 std=    496351 worst=    -1297807 p5=     -671672 sortino=     -616851
epoch=21 interval=1d net_pnl=      -50205 std=    444318 worst=    -1661876 reward=     -0.83 |trade|=6.23 pol_l=-0.0020 val_l=2.89e+09 ent=8.750 t=16.45s
epoch=22 interval=1d net_pnl=      -47435 std=    447078 worst=    -1842020 reward=     -0.83 |trade|=6.03 pol_l=-0.0019 val_l=2.59e+09 ent=8.681 t=16.46s
epoch=23 interval=1d net_pnl=      -54035 std=    433697 worst=    -1614879 reward=     -0.83 |trade|=5.83 pol_l=-0.0016 val_l=2.32e+09 ent=8.623 t=16.45s
epoch=24 interval=1d net_pnl=      -38506 std=    440983 worst=    -1505410 reward=     -0.80 |trade|=5.63 pol_l=-0.0015 val_l=2.08e+09 ent=8.564 t=16.46s
epoch=25 interval=1d net_pnl=      -38731 std=    435721 worst=    -1406026 reward=     -0.79 |trade|=5.48 pol_l=-0.0013 val_l=1.88e+09 ent=8.502 t=16.43s
epoch=26 interval=1d net_pnl=      -27071 std=    417149 worst=    -1314555 reward=     -0.74 |trade|=5.34 pol_l=-0.0015 val_l=1.74e+09 ent=8.457 t=16.43s
epoch=27 interval=1d net_pnl=      -23195 std=    430908 worst=    -1361249 reward=     -0.74 |trade|=5.15 pol_l=-0.0015 val_l=1.58e+09 ent=8.391 t=16.41s
epoch=28 interval=1d net_pnl=      -20379 std=    417888 worst=    -1367814 reward=     -0.72 |trade|=5.02 pol_l=-0.0014 val_l=1.44e+09 ent=8.348 t=16.52s
epoch=29 interval=1d net_pnl=      -22347 std=    418055 worst=    -1443203 reward=     -0.72 |trade|=4.97 pol_l=-0.0015 val_l=1.34e+09 ent=8.287 t=16.49s
epoch=30 interval=1d net_pnl=      -24202 std=    413408 worst=    -1464180 reward=     -0.72 |trade|=4.91 pol_l=-0.0016 val_l=1.24e+09 ent=8.237 t=16.43s
  [val] mean=      +57863 std=    465714 worst=    -1149585 p5=     -602312 sortino=     -544449
epoch=31 interval=1d net_pnl=      -13657 std=    418287 worst=    -1385818 reward=     -0.71 |trade|=4.72 pol_l=-0.0014 val_l=1.12e+09 ent=8.173 t=16.39s
epoch=32 interval=1d net_pnl=       -8193 std=    417820 worst=    -1399834 reward=     -0.69 |trade|=4.53 pol_l=-0.0014 val_l=1.00e+09 ent=8.088 t=16.41s
epoch=33 interval=1d net_pnl=       -6156 std=    421966 worst=    -1422244 reward=     -0.69 |trade|=4.46 pol_l=-0.0014 val_l=9.26e+08 ent=8.028 t=16.40s
epoch=34 interval=1d net_pnl=       -5839 std=    427649 worst=    -1468919 reward=     -0.69 |trade|=4.33 pol_l=-0.0017 val_l=8.43e+08 ent=7.939 t=16.41s
epoch=35 interval=1d net_pnl=        +915 std=    423526 worst=    -1416414 reward=     -0.67 |trade|=4.18 pol_l=-0.0015 val_l=7.58e+08 ent=7.864 t=16.42s
epoch=36 interval=1d net_pnl=       +5155 std=    416315 worst=    -1446511 reward=     -0.65 |trade|=4.05 pol_l=-0.0015 val_l=6.86e+08 ent=7.795 t=16.43s
epoch=37 interval=1d net_pnl=       +5195 std=    419974 worst=    -1411292 reward=     -0.65 |trade|=3.95 pol_l=-0.0016 val_l=6.22e+08 ent=7.726 t=16.48s
epoch=38 interval=1d net_pnl=       +6780 std=    420478 worst=    -1507329 reward=     -0.65 |trade|=3.81 pol_l=-0.0016 val_l=5.56e+08 ent=7.653 t=16.43s
epoch=39 interval=1d net_pnl=      +10927 std=    410335 worst=    -1402711 reward=     -0.63 |trade|=3.74 pol_l=-0.0017 val_l=5.01e+08 ent=7.594 t=16.40s
epoch=40 interval=1d net_pnl=       +6046 std=    405478 worst=    -1243073 reward=     -0.63 |trade|=3.69 pol_l=-0.0017 val_l=4.55e+08 ent=7.533 t=16.42s
  [val] mean=      +70510 std=    447640 worst=    -1152863 p5=     -572554 sortino=     -502044
epoch=41 interval=1d net_pnl=      +14572 std=    415253 worst=    -1441731 reward=     -0.63 |trade|=3.67 pol_l=-0.0018 val_l=4.11e+08 ent=7.458 t=16.41s
epoch=42 interval=1d net_pnl=      +12862 std=    403644 worst=    -1280171 reward=     -0.62 |trade|=3.63 pol_l=-0.0017 val_l=3.71e+08 ent=7.406 t=16.41s
epoch=43 interval=1d net_pnl=      +14707 std=    406313 worst=    -1263908 reward=     -0.61 |trade|=3.54 pol_l=-0.0018 val_l=3.32e+08 ent=7.326 t=16.41s
epoch=44 interval=1d net_pnl=      +19570 std=    411763 worst=    -1322289 reward=     -0.60 |trade|=3.41 pol_l=-0.0018 val_l=2.96e+08 ent=7.236 t=16.42s
epoch=45 interval=1d net_pnl=      +16048 std=    410043 worst=    -1373410 reward=     -0.61 |trade|=3.37 pol_l=-0.0019 val_l=2.67e+08 ent=7.172 t=16.40s
epoch=46 interval=1d net_pnl=      +24319 std=    405280 worst=    -1387830 reward=     -0.58 |trade|=3.26 pol_l=-0.0019 val_l=2.35e+08 ent=7.093 t=16.41s
epoch=47 interval=1d net_pnl=      +21884 std=    405193 worst=    -1372896 reward=     -0.59 |trade|=3.24 pol_l=-0.0019 val_l=2.13e+08 ent=7.025 t=16.47s
epoch=48 interval=1d net_pnl=      +22863 std=    399330 worst=    -1217325 reward=     -0.58 |trade|=3.19 pol_l=-0.0018 val_l=1.87e+08 ent=6.945 t=16.39s
epoch=49 interval=1d net_pnl=      +27812 std=    400046 worst=    -1402702 reward=     -0.57 |trade|=3.09 pol_l=-0.0019 val_l=1.65e+08 ent=6.857 t=16.40s
epoch=50 interval=1d net_pnl=      +26541 std=    399155 worst=    -1297582 reward=     -0.57 |trade|=3.03 pol_l=-0.0018 val_l=1.46e+08 ent=6.775 t=16.39s
  [val] mean=      +82388 std=    431233 worst=    -1082209 p5=     -533970 sortino=     -451582
epoch=51 interval=1d net_pnl=      +25378 std=    397551 worst=    -1299430 reward=     -0.57 |trade|=2.96 pol_l=-0.0018 val_l=1.30e+08 ent=6.703 t=16.41s
epoch=52 interval=1d net_pnl=      +26303 std=    394009 worst=    -1279558 reward=     -0.56 |trade|=2.90 pol_l=-0.0017 val_l=1.15e+08 ent=6.629 t=16.38s
epoch=53 interval=1d net_pnl=      +31530 std=    398569 worst=    -1341980 reward=     -0.56 |trade|=2.83 pol_l=-0.0020 val_l=1.02e+08 ent=6.561 t=16.38s
epoch=54 interval=1d net_pnl=      +27870 std=    391572 worst=    -1328363 reward=     -0.56 |trade|=2.79 pol_l=-0.0018 val_l=8.95e+07 ent=6.492 t=16.39s
epoch=55 interval=1d net_pnl=      +32795 std=    391273 worst=    -1277437 reward=     -0.55 |trade|=2.74 pol_l=-0.0020 val_l=7.87e+07 ent=6.406 t=16.40s
epoch=56 interval=1d net_pnl=      +26519 std=    388624 worst=    -1249178 reward=     -0.55 |trade|=2.69 pol_l=-0.0020 val_l=6.85e+07 ent=6.325 t=16.42s
epoch=57 interval=1d net_pnl=      +33383 std=    385310 worst=    -1215223 reward=     -0.53 |trade|=2.63 pol_l=-0.0021 val_l=5.97e+07 ent=6.241 t=16.48s
epoch=58 interval=1d net_pnl=      +32104 std=    381202 worst=    -1364474 reward=     -0.53 |trade|=2.59 pol_l=-0.0024 val_l=5.15e+07 ent=6.163 t=16.42s
epoch=59 interval=1d net_pnl=      +37305 std=    384114 worst=    -1238822 reward=     -0.52 |trade|=2.53 pol_l=-0.0022 val_l=4.37e+07 ent=6.076 t=16.41s
  [val] mean=      +94617 std=    424787 worst=     -973469 p5=     -515927 sortino=     -421310
WARNING:MarketDataRF_platinum_calibrated:Price Factor 'DiscountRate.USD-SOFR' not found in market data
  → mean=$+94,617  p5=$-515,927  sortino=$-421,310  max_total=35  min_per_inst=-16  (17.2 min)

[4/4] seed=456 overrides={'Batch_Size': 2048, 'Simulation_Batches': 4}
epoch= 0 interval=1d net_pnl=     -179853 std=   3535108 worst=   -24596530 reward=     -3.51 |trade|=13.44 pol_l=-0.0075 val_l=5.68e+12 ent=10.096 t=16.13s
  [val] mean=     -970771 std=    866275 worst=    -4038763 p5=    -2387597 sortino=    -3358368
epoch= 1 interval=1d net_pnl=     -224748 std=   2522551 worst=   -18774986 reward=     -2.95 |trade|=13.32 pol_l=-0.0092 val_l=2.47e+12 ent=10.075 t=16.47s
epoch= 2 interval=1d net_pnl=     -236210 std=   1763979 worst=   -10120200 reward=     -2.47 |trade|=13.31 pol_l=-0.0106 val_l=9.70e+11 ent=10.038 t=16.57s
epoch= 3 interval=1d net_pnl=     -229973 std=   1302965 worst=    -6194703 reward=     -2.16 |trade|=13.16 pol_l=-0.0112 val_l=4.09e+11 ent=9.991 t=16.60s
epoch= 4 interval=1d net_pnl=     -196913 std=   1076877 worst=    -8504186 reward=     -1.89 |trade|=12.87 pol_l=-0.0104 val_l=2.06e+11 ent=9.940 t=16.63s
epoch= 5 interval=1d net_pnl=     -193654 std=    915732 worst=    -4089663 reward=     -1.74 |trade|=12.47 pol_l=-0.0092 val_l=1.22e+11 ent=9.885 t=16.58s
epoch= 6 interval=1d net_pnl=     -210231 std=    799547 worst=    -4135628 reward=     -1.66 |trade|=12.12 pol_l=-0.0081 val_l=7.84e+10 ent=9.827 t=16.54s
epoch= 7 interval=1d net_pnl=     -197301 std=    701736 worst=    -4014559 reward=     -1.53 |trade|=11.71 pol_l=-0.0068 val_l=5.41e+10 ent=9.761 t=16.57s
epoch= 8 interval=1d net_pnl=     -179379 std=    659053 worst=    -2717852 reward=     -1.45 |trade|=11.15 pol_l=-0.0060 val_l=3.89e+10 ent=9.689 t=16.57s
epoch= 9 interval=1d net_pnl=     -173664 std=    600193 worst=    -2595837 reward=     -1.35 |trade|=10.71 pol_l=-0.0055 val_l=2.93e+10 ent=9.612 t=16.64s
epoch=10 interval=1d net_pnl=     -155660 std=    569712 worst=    -2759934 reward=     -1.28 |trade|=10.17 pol_l=-0.0047 val_l=2.22e+10 ent=9.538 t=16.51s
  [val] mean=      -13655 std=    499330 worst=    -1238350 p5=     -720768 sortino=     -734423
epoch=11 interval=1d net_pnl=     -129453 std=    536479 worst=    -2028193 reward=     -1.17 |trade|=9.51 pol_l=-0.0046 val_l=1.73e+10 ent=9.461 t=16.54s
epoch=12 interval=1d net_pnl=     -132494 std=    511853 worst=    -2097944 reward=     -1.15 |trade|=9.07 pol_l=-0.0040 val_l=1.37e+10 ent=9.386 t=16.50s
epoch=13 interval=1d net_pnl=     -107895 std=    499547 worst=    -2184921 reward=     -1.06 |trade|=8.46 pol_l=-0.0037 val_l=1.09e+10 ent=9.308 t=16.49s
epoch=14 interval=1d net_pnl=     -105333 std=    479475 worst=    -2142486 reward=     -1.04 |trade|=8.05 pol_l=-0.0032 val_l=8.93e+09 ent=9.240 t=16.45s
epoch=15 interval=1d net_pnl=      -99488 std=    477064 worst=    -1753437 reward=     -1.01 |trade|=7.83 pol_l=-0.0032 val_l=7.38e+09 ent=9.166 t=16.45s
epoch=16 interval=1d net_pnl=      -89005 std=    459056 worst=    -1573070 reward=     -0.96 |trade|=7.43 pol_l=-0.0028 val_l=6.08e+09 ent=9.087 t=16.45s
epoch=17 interval=1d net_pnl=      -86062 std=    448228 worst=    -1548562 reward=     -0.94 |trade|=7.15 pol_l=-0.0027 val_l=5.06e+09 ent=9.020 t=16.45s
epoch=18 interval=1d net_pnl=      -83505 std=    443948 worst=    -1706089 reward=     -0.93 |trade|=6.86 pol_l=-0.0023 val_l=4.21e+09 ent=8.946 t=16.46s
epoch=19 interval=1d net_pnl=      -64175 std=    428352 worst=    -1882971 reward=     -0.85 |trade|=6.50 pol_l=-0.0022 val_l=3.68e+09 ent=8.885 t=16.52s
epoch=20 interval=1d net_pnl=      -60017 std=    438903 worst=    -1798330 reward=     -0.86 |trade|=6.24 pol_l=-0.0017 val_l=3.18e+09 ent=8.818 t=16.46s
  [val] mean=      +45271 std=    502724 worst=    -1214099 p5=     -676728 sortino=     -631457
epoch=21 interval=1d net_pnl=      -63594 std=    438967 worst=    -1474017 reward=     -0.87 |trade|=6.11 pol_l=-0.0017 val_l=2.87e+09 ent=8.768 t=16.41s
epoch=22 interval=1d net_pnl=      -59996 std=    434619 worst=    -1762781 reward=     -0.86 |trade|=5.99 pol_l=-0.0019 val_l=2.60e+09 ent=8.714 t=16.43s
epoch=23 interval=1d net_pnl=      -51336 std=    435405 worst=    -1825649 reward=     -0.83 |trade|=5.79 pol_l=-0.0017 val_l=2.31e+09 ent=8.653 t=16.43s
epoch=24 interval=1d net_pnl=      -53107 std=    436100 worst=    -1497102 reward=     -0.84 |trade|=5.65 pol_l=-0.0015 val_l=2.07e+09 ent=8.597 t=16.44s
epoch=25 interval=1d net_pnl=      -56794 std=    430656 worst=    -1752098 reward=     -0.84 |trade|=5.58 pol_l=-0.0016 val_l=1.87e+09 ent=8.541 t=16.41s
epoch=26 interval=1d net_pnl=      -45094 std=    426627 worst=    -1511473 reward=     -0.80 |trade|=5.46 pol_l=-0.0015 val_l=1.72e+09 ent=8.499 t=16.39s
epoch=27 interval=1d net_pnl=      -43868 std=    418174 worst=    -1478641 reward=     -0.79 |trade|=5.35 pol_l=-0.0016 val_l=1.58e+09 ent=8.449 t=16.43s
epoch=28 interval=1d net_pnl=      -40854 std=    423335 worst=    -1326509 reward=     -0.79 |trade|=5.15 pol_l=-0.0014 val_l=1.41e+09 ent=8.382 t=16.49s
epoch=29 interval=1d net_pnl=      -35518 std=    423418 worst=    -1626935 reward=     -0.77 |trade|=5.07 pol_l=-0.0014 val_l=1.29e+09 ent=8.335 t=16.40s
epoch=30 interval=1d net_pnl=      -30638 std=    419128 worst=    -1297538 reward=     -0.75 |trade|=4.97 pol_l=-0.0013 val_l=1.17e+09 ent=8.281 t=16.37s
  [val] mean=      +59841 std=    492920 worst=    -1150404 p5=     -645439 sortino=     -585597
epoch=31 interval=1d net_pnl=      -27578 std=    428043 worst=    -1225595 reward=     -0.76 |trade|=4.85 pol_l=-0.0012 val_l=1.06e+09 ent=8.201 t=16.37s
epoch=32 interval=1d net_pnl=      -31040 std=    429809 worst=    -1271452 reward=     -0.77 |trade|=4.72 pol_l=-0.0013 val_l=9.71e+08 ent=8.132 t=16.45s
epoch=33 interval=1d net_pnl=      -23205 std=    437939 worst=    -1396500 reward=     -0.76 |trade|=4.56 pol_l=-0.0012 val_l=8.64e+08 ent=8.055 t=16.37s
epoch=34 interval=1d net_pnl=      -13725 std=    431614 worst=    -2149453 reward=     -0.72 |trade|=4.32 pol_l=-0.0015 val_l=7.68e+08 ent=7.964 t=16.42s
epoch=35 interval=1d net_pnl=      -13907 std=    430286 worst=    -1456926 reward=     -0.72 |trade|=4.18 pol_l=-0.0016 val_l=6.81e+08 ent=7.883 t=16.41s
epoch=36 interval=1d net_pnl=      -12674 std=    430463 worst=    -1525790 reward=     -0.72 |trade|=4.13 pol_l=-0.0015 val_l=6.16e+08 ent=7.816 t=16.41s
epoch=37 interval=1d net_pnl=      -12255 std=    427664 worst=    -1390988 reward=     -0.72 |trade|=4.07 pol_l=-0.0017 val_l=5.52e+08 ent=7.756 t=16.39s
epoch=38 interval=1d net_pnl=       -9463 std=    427591 worst=    -1438414 reward=     -0.71 |trade|=3.92 pol_l=-0.0018 val_l=4.90e+08 ent=7.671 t=16.46s
epoch=39 interval=1d net_pnl=      -12524 std=    421051 worst=    -1273809 reward=     -0.71 |trade|=3.83 pol_l=-0.0018 val_l=4.38e+08 ent=7.590 t=16.39s
epoch=40 interval=1d net_pnl=       -6312 std=    418539 worst=    -1364106 reward=     -0.69 |trade|=3.72 pol_l=-0.0019 val_l=3.89e+08 ent=7.505 t=16.38s
  [val] mean=      +78876 std=    482663 worst=    -1074100 p5=     -601144 sortino=     -522268
epoch=41 interval=1d net_pnl=       -2584 std=    419045 worst=    -1352893 reward=     -0.68 |trade|=3.59 pol_l=-0.0019 val_l=3.45e+08 ent=7.421 t=16.40s
epoch=42 interval=1d net_pnl=        +419 std=    413676 worst=    -1273272 reward=     -0.66 |trade|=3.44 pol_l=-0.0018 val_l=2.98e+08 ent=7.333 t=16.39s
epoch=43 interval=1d net_pnl=          +6 std=    406608 worst=    -1276863 reward=     -0.65 |trade|=3.43 pol_l=-0.0017 val_l=2.70e+08 ent=7.271 t=16.39s
epoch=44 interval=1d net_pnl=       +1156 std=    406543 worst=    -1230341 reward=     -0.65 |trade|=3.34 pol_l=-0.0019 val_l=2.40e+08 ent=7.191 t=16.40s
epoch=45 interval=1d net_pnl=       +2232 std=    412296 worst=    -1337650 reward=     -0.66 |trade|=3.26 pol_l=-0.0016 val_l=2.13e+08 ent=7.126 t=16.39s
epoch=46 interval=1d net_pnl=       +3274 std=    406944 worst=    -1310080 reward=     -0.65 |trade|=3.24 pol_l=-0.0020 val_l=1.91e+08 ent=7.056 t=16.37s
epoch=47 interval=1d net_pnl=       +5061 std=    407738 worst=    -1278932 reward=     -0.64 |trade|=3.19 pol_l=-0.0018 val_l=1.70e+08 ent=6.993 t=16.35s
epoch=48 interval=1d net_pnl=       +8723 std=    405514 worst=    -1267173 reward=     -0.63 |trade|=3.08 pol_l=-0.0020 val_l=1.46e+08 ent=6.897 t=16.44s
epoch=49 interval=1d net_pnl=       +5529 std=    403281 worst=    -1310355 reward=     -0.64 |trade|=3.02 pol_l=-0.0022 val_l=1.28e+08 ent=6.812 t=16.39s
epoch=50 interval=1d net_pnl=      +11169 std=    404427 worst=    -1201708 reward=     -0.62 |trade|=2.95 pol_l=-0.0021 val_l=1.11e+08 ent=6.726 t=16.37s
  [val] mean=      +82614 std=    465160 worst=     -956316 p5=     -556706 sortino=     -474092
epoch=51 interval=1d net_pnl=      +11471 std=    397722 worst=    -1152751 reward=     -0.61 |trade|=2.89 pol_l=-0.0023 val_l=9.39e+07 ent=6.640 t=16.37s
epoch=52 interval=1d net_pnl=      +15787 std=    399939 worst=    -1125760 reward=     -0.60 |trade|=2.82 pol_l=-0.0024 val_l=7.99e+07 ent=6.546 t=16.38s
epoch=53 interval=1d net_pnl=      +14020 std=    404658 worst=    -1120279 reward=     -0.61 |trade|=2.75 pol_l=-0.0026 val_l=6.53e+07 ent=6.440 t=16.37s
epoch=54 interval=1d net_pnl=      +18950 std=    401214 worst=    -1088855 reward=     -0.60 |trade|=2.68 pol_l=-0.0028 val_l=5.32e+07 ent=6.321 t=16.40s
epoch=55 interval=1d net_pnl=      +19754 std=    398323 worst=    -1173247 reward=     -0.59 |trade|=2.62 pol_l=-0.0029 val_l=4.32e+07 ent=6.216 t=16.39s
epoch=56 interval=1d net_pnl=      +23818 std=    402810 worst=    -1127580 reward=     -0.58 |trade|=2.56 pol_l=-0.0031 val_l=3.39e+07 ent=6.100 t=16.40s
epoch=57 interval=1d net_pnl=      +24261 std=    403462 worst=    -1201346 reward=     -0.59 |trade|=2.48 pol_l=-0.0030 val_l=2.56e+07 ent=5.968 t=16.39s
epoch=58 interval=1d net_pnl=      +25917 std=    405633 worst=    -1428287 reward=     -0.58 |trade|=2.44 pol_l=-0.0031 val_l=1.92e+07 ent=5.832 t=16.47s
epoch=59 interval=1d net_pnl=      +25322 std=    403928 worst=    -1181310 reward=     -0.58 |trade|=2.36 pol_l=-0.0031 val_l=1.40e+07 ent=5.690 t=16.42s
  [val] mean=     +102062 std=    461354 worst=     -990370 p5=     -545226 sortino=     -443164
  → mean=$+102,062  p5=$-545,226  sortino=$-443,164  max_total=36  min_per_inst=-15  (17.2 min)

==============================================================================
Sweep complete. CSV: artifacts/sweeps/20260512_223854_research_baseline/sweep.csv
