WARNING:MarketDataRF_platinum_calibrated:Price Factor 'DiscountRate.USD-SOFR' not found in market data
/home/vretiel/miniconda3/lib/python3.10/site-packages/torch/nn/modules/transformer.py:385: UserWarning: enable_nested_tensor is True, but self.use_nested_tensor is False because encoder_layer.norm_first was True
  warnings.warn(
Sweep dir: artifacts/sweeps/20260512_112344_vc_1.0
Tag: vc_1.0, seeds=(7,), epochs=60
Overrides: ['Value_Coef=1.0']

[1/1] seed=7 overrides={'Value_Coef': 1.0}
epoch= 0 interval=1d net_pnl=     -362436 std=   4055659 worst=   -31589624 reward=     -4.00 |trade|=17.02 pol_l=-0.0072 val_l=1.06e+13 ent=10.825 t=16.39s
  [val] mean=     -760289 std=   1046133 worst=    -4681976 p5=    -2420385 sortino=    -3180674
epoch= 1 interval=1d net_pnl=     -323100 std=   2782022 worst=   -19446716 reward=     -3.23 |trade|=17.03 pol_l=-0.0080 val_l=4.07e+12 ent=10.796 t=16.22s
epoch= 2 interval=1d net_pnl=     -299222 std=   1946319 worst=   -14991464 reward=     -2.75 |trade|=16.98 pol_l=-0.0077 val_l=1.56e+12 ent=10.756 t=16.36s
epoch= 3 interval=1d net_pnl=     -328425 std=   1524464 worst=   -10306034 reward=     -2.52 |trade|=16.78 pol_l=-0.0069 val_l=7.42e+11 ent=10.712 t=16.62s
epoch= 4 interval=1d net_pnl=     -280598 std=   1218722 worst=    -6141234 reward=     -2.20 |trade|=16.57 pol_l=-0.0056 val_l=4.10e+11 ent=10.656 t=16.42s
epoch= 5 interval=1d net_pnl=     -286253 std=   1048760 worst=    -9011346 reward=     -2.07 |trade|=16.46 pol_l=-0.0044 val_l=2.59e+11 ent=10.599 t=16.45s
epoch= 6 interval=1d net_pnl=     -268197 std=    957992 worst=    -5538979 reward=     -1.92 |trade|=15.95 pol_l=-0.0039 val_l=1.90e+11 ent=10.562 t=16.43s
epoch= 7 interval=1d net_pnl=     -271271 std=    873024 worst=    -5634462 reward=     -1.87 |trade|=15.93 pol_l=-0.0029 val_l=1.36e+11 ent=10.492 t=16.43s
epoch= 8 interval=1d net_pnl=     -263470 std=    792637 worst=    -4777894 reward=     -1.79 |trade|=15.61 pol_l=-0.0021 val_l=1.13e+11 ent=10.456 t=16.45s
epoch= 9 interval=1d net_pnl=     -251850 std=    764527 worst=    -3382438 reward=     -1.73 |trade|=15.19 pol_l=-0.0016 val_l=9.43e+10 ent=10.410 t=16.45s
epoch=10 interval=1d net_pnl=     -232462 std=    743675 worst=    -3063100 reward=     -1.67 |trade|=15.43 pol_l=-0.0020 val_l=8.14e+10 ent=10.327 t=16.41s
  [val] mean=     -182521 std=    507196 worst=    -3333999 p5=     -911550 sortino=    -1094070
epoch=11 interval=1d net_pnl=     -245707 std=    731090 worst=    -3250272 reward=     -1.70 |trade|=14.92 pol_l=-0.0019 val_l=6.89e+10 ent=10.286 t=16.41s
epoch=12 interval=1d net_pnl=     -238641 std=    706150 worst=    -3025058 reward=     -1.65 |trade|=14.54 pol_l=-0.0029 val_l=5.73e+10 ent=10.234 t=16.41s
epoch=13 interval=1d net_pnl=     -240998 std=    693732 worst=    -3341070 reward=     -1.64 |trade|=14.37 pol_l=-0.0029 val_l=4.83e+10 ent=10.174 t=16.55s
epoch=14 interval=1d net_pnl=     -227490 std=    663927 worst=    -2502330 reward=     -1.58 |trade|=13.81 pol_l=-0.0030 val_l=3.85e+10 ent=10.122 t=16.38s
epoch=15 interval=1d net_pnl=     -234255 std=    631914 worst=    -2560992 reward=     -1.57 |trade|=13.89 pol_l=-0.0026 val_l=3.26e+10 ent=10.062 t=16.34s
epoch=16 interval=1d net_pnl=     -210075 std=    626379 worst=    -2502647 reward=     -1.49 |trade|=13.56 pol_l=-0.0023 val_l=2.68e+10 ent=10.013 t=16.38s
epoch=17 interval=1d net_pnl=     -228243 std=    595658 worst=    -2758980 reward=     -1.50 |trade|=13.14 pol_l=-0.0024 val_l=2.25e+10 ent=9.955 t=16.35s
epoch=18 interval=1d net_pnl=     -218576 std=    590240 worst=    -3269195 reward=     -1.48 |trade|=12.98 pol_l=-0.0023 val_l=1.88e+10 ent=9.908 t=16.35s
epoch=19 interval=1d net_pnl=     -203759 std=    576889 worst=    -2657897 reward=     -1.42 |trade|=12.68 pol_l=-0.0023 val_l=1.61e+10 ent=9.863 t=16.34s
epoch=20 interval=1d net_pnl=     -215084 std=    570724 worst=    -2350308 reward=     -1.44 |trade|=12.56 pol_l=-0.0023 val_l=1.37e+10 ent=9.789 t=16.33s
  [val] mean=      -78930 std=    463424 worst=    -1670727 p5=     -784591 sortino=     -863521
epoch=21 interval=1d net_pnl=     -180530 std=    551634 worst=    -2364514 reward=     -1.32 |trade|=12.34 pol_l=-0.0019 val_l=1.16e+10 ent=9.741 t=16.33s
epoch=22 interval=1d net_pnl=     -194253 std=    543484 worst=    -2267742 reward=     -1.35 |trade|=11.92 pol_l=-0.0015 val_l=9.93e+09 ent=9.667 t=16.34s
epoch=23 interval=1d net_pnl=     -174947 std=    541628 worst=    -2288007 reward=     -1.30 |trade|=11.47 pol_l=-0.0015 val_l=8.44e+09 ent=9.604 t=16.48s
epoch=24 interval=1d net_pnl=     -176356 std=    524173 worst=    -2367299 reward=     -1.28 |trade|=11.26 pol_l=-0.0015 val_l=7.60e+09 ent=9.575 t=16.39s
epoch=25 interval=1d net_pnl=     -155880 std=    522267 worst=    -2618632 reward=     -1.22 |trade|=11.13 pol_l=-0.0013 val_l=6.75e+09 ent=9.510 t=16.34s
epoch=26 interval=1d net_pnl=     -176941 std=    513347 worst=    -2065914 reward=     -1.27 |trade|=10.86 pol_l=-0.0014 val_l=6.12e+09 ent=9.483 t=16.32s
epoch=27 interval=1d net_pnl=     -151734 std=    508969 worst=    -2207641 reward=     -1.19 |trade|=10.72 pol_l=-0.0008 val_l=5.43e+09 ent=9.413 t=16.32s
epoch=28 interval=1d net_pnl=     -137098 std=    502090 worst=    -2074811 reward=     -1.15 |trade|=10.25 pol_l=-0.0010 val_l=4.78e+09 ent=9.350 t=16.30s
epoch=29 interval=1d net_pnl=     -148419 std=    497683 worst=    -2329039 reward=     -1.18 |trade|=10.06 pol_l=-0.0011 val_l=4.36e+09 ent=9.310 t=16.38s
epoch=30 interval=1d net_pnl=     -128139 std=    492984 worst=    -2351544 reward=     -1.11 |trade|=9.86 pol_l=-0.0009 val_l=3.86e+09 ent=9.278 t=16.37s
  [val] mean=      -10722 std=    510322 worst=    -1558931 p5=     -796253 sortino=     -806976
epoch=31 interval=1d net_pnl=     -140590 std=    475299 worst=    -2255374 reward=     -1.12 |trade|=9.66 pol_l=-0.0010 val_l=3.46e+09 ent=9.218 t=16.31s
epoch=32 interval=1d net_pnl=     -130033 std=    473692 worst=    -1898950 reward=     -1.09 |trade|=9.34 pol_l=-0.0006 val_l=3.20e+09 ent=9.182 t=16.32s
epoch=33 interval=1d net_pnl=     -136213 std=    484208 worst=    -1888197 reward=     -1.12 |trade|=9.40 pol_l=-0.0008 val_l=2.92e+09 ent=9.124 t=16.47s
epoch=34 interval=1d net_pnl=     -125025 std=    478442 worst=    -1843514 reward=     -1.09 |trade|=9.08 pol_l=-0.0006 val_l=2.59e+09 ent=9.079 t=16.27s
epoch=35 interval=1d net_pnl=     -127598 std=    487357 worst=    -1792785 reward=     -1.10 |trade|=9.19 pol_l=-0.0005 val_l=2.51e+09 ent=9.051 t=16.32s
epoch=36 interval=1d net_pnl=     -121251 std=    482441 worst=    -2048117 reward=     -1.08 |trade|=9.06 pol_l=+0.0007 val_l=2.39e+09 ent=9.036 t=16.30s
epoch=37 interval=1d net_pnl=     -118228 std=    480536 worst=    -1747498 reward=     -1.07 |trade|=8.85 pol_l=-0.0005 val_l=2.31e+09 ent=8.999 t=16.31s
epoch=38 interval=1d net_pnl=     -106554 std=    463930 worst=    -1905613 reward=     -1.02 |trade|=8.22 pol_l=-0.0003 val_l=2.02e+09 ent=8.924 t=16.29s
epoch=39 interval=1d net_pnl=      -96085 std=    451027 worst=    -2214104 reward=     -0.97 |trade|=8.08 pol_l=-0.0005 val_l=1.78e+09 ent=8.878 t=16.32s
epoch=40 interval=1d net_pnl=     -104880 std=    456755 worst=    -1953112 reward=     -1.00 |trade|=7.97 pol_l=-0.0007 val_l=1.62e+09 ent=8.822 t=16.32s
  [val] mean=      +69760 std=    612740 worst=    -1760269 p5=     -824998 sortino=     -755238
epoch=41 interval=1d net_pnl=      -95270 std=    458796 worst=    -1887771 reward=     -0.98 |trade|=7.95 pol_l=-0.0005 val_l=1.49e+09 ent=8.776 t=16.30s
epoch=42 interval=1d net_pnl=      -97842 std=    441458 worst=    -1627804 reward=     -0.96 |trade|=7.81 pol_l=-0.0001 val_l=1.35e+09 ent=8.732 t=16.29s
epoch=43 interval=1d net_pnl=      -92199 std=    451439 worst=    -1614312 reward=     -0.97 |trade|=7.64 pol_l=-0.0006 val_l=1.21e+09 ent=8.677 t=16.30s
epoch=44 interval=1d net_pnl=      -83015 std=    447830 worst=    -1807921 reward=     -0.93 |trade|=7.51 pol_l=-0.0007 val_l=1.10e+09 ent=8.612 t=16.45s
epoch=45 interval=1d net_pnl=      -86496 std=    446111 worst=    -1675125 reward=     -0.94 |trade|=7.49 pol_l=-0.0005 val_l=1.02e+09 ent=8.565 t=16.31s
epoch=46 interval=1d net_pnl=      -76391 std=    447372 worst=    -1474351 reward=     -0.92 |trade|=7.27 pol_l=-0.0003 val_l=9.27e+08 ent=8.517 t=16.31s
epoch=47 interval=1d net_pnl=      -76301 std=    456776 worst=    -1659865 reward=     -0.93 |trade|=7.23 pol_l=-0.0007 val_l=8.74e+08 ent=8.463 t=16.32s
epoch=48 interval=1d net_pnl=      -72753 std=    453060 worst=    -1689661 reward=     -0.91 |trade|=7.10 pol_l=-0.0004 val_l=8.06e+08 ent=8.425 t=16.33s
epoch=49 interval=1d net_pnl=      -69275 std=    459638 worst=    -2005144 reward=     -0.91 |trade|=7.01 pol_l=-0.0006 val_l=7.35e+08 ent=8.353 t=16.33s
epoch=50 interval=1d net_pnl=      -59116 std=    459416 worst=    -1849997 reward=     -0.89 |trade|=6.79 pol_l=-0.0007 val_l=6.94e+08 ent=8.309 t=16.31s
  [val] mean=      +85181 std=    621545 worst=    -1850553 p5=     -853329 sortino=     -768148
epoch=51 interval=1d net_pnl=      -54117 std=    453093 worst=    -1770375 reward=     -0.86 |trade|=6.60 pol_l=-0.0006 val_l=6.40e+08 ent=8.263 t=16.29s
epoch=52 interval=1d net_pnl=      -61901 std=    453559 worst=    -1518561 reward=     -0.88 |trade|=6.74 pol_l=-0.0010 val_l=6.14e+08 ent=8.227 t=16.29s
epoch=53 interval=1d net_pnl=      -50639 std=    464827 worst=    -1856381 reward=     -0.86 |trade|=6.44 pol_l=-0.0005 val_l=5.69e+08 ent=8.206 t=16.31s
epoch=54 interval=1d net_pnl=      -48386 std=    445054 worst=    -1489585 reward=     -0.83 |trade|=6.26 pol_l=-0.0005 val_l=5.30e+08 ent=8.133 t=16.45s
epoch=55 interval=1d net_pnl=      -41868 std=    454939 worst=    -1690966 reward=     -0.83 |trade|=6.06 pol_l=-0.0004 val_l=4.93e+08 ent=8.112 t=16.30s
epoch=56 interval=1d net_pnl=      -44310 std=    454014 worst=    -1816460 reward=     -0.84 |trade|=5.92 pol_l=-0.0007 val_l=4.69e+08 ent=8.084 t=16.32s
epoch=57 interval=1d net_pnl=      -45399 std=    449790 worst=    -1685585 reward=     -0.83 |trade|=5.92 pol_l=-0.0002 val_l=4.39e+08 ent=8.053 t=16.32s
epoch=58 interval=1d net_pnl=      -50445 std=    454225 worst=    -1480543 reward=     -0.86 |trade|=5.87 pol_l=-0.0003 val_l=4.27e+08 ent=8.038 t=16.31s
epoch=59 interval=1d net_pnl=      -41077 std=    448934 worst=    -1509278 reward=     -0.82 |trade|=5.80 pol_l=-0.0002 val_l=4.12e+08 ent=8.022 t=16.30s
  [val] mean=      +90707 std=    612105 worst=    -1731754 p5=     -822195 sortino=     -731488
  → mean=$+90,707  p5=$-822,195  sortino=$-731,488  max_total=15  min_per_inst=-9  (17.1 min)

==============================================================================
Sweep complete. CSV: artifacts/sweeps/20260512_112344_vc_1.0/sweep.csv
