Output: artifacts/daily_runs/20260508_072922_prod

  lr                   0.0003
  reward_scale         1e-07
  naked_penalty        5.0
  entropy_coef         0.0003
  value_coef           0.1
  epochs               200
  ppo_epochs           4
  minibatch_size       128
  batch_size           512
  seed                 42
  tag                  prod
  timestamp            20260508_072922

WARNING:MarketDataRF_platinum_calibrated:Price Factor 'DiscountRate.USD-SOFR' not found in market data
/home/vretiel/miniconda3/lib/python3.10/site-packages/torch/nn/modules/transformer.py:385: UserWarning: enable_nested_tensor is True, but self.use_nested_tensor is False because encoder_layer.norm_first was True
  warnings.warn(
epoch= 0 interval=1d net_pnl=     -287106 reward=-3650336.25 |trade|=32.10 pol_l=-0.0017 val_l=2.34e-01 ent=9.619 t=29.21s
epoch= 1 interval=1d net_pnl=     -251318 reward=-3329357.00 |trade|=32.09 pol_l=-0.0024 val_l=2.03e-01 ent=9.617 t=42.21s
epoch= 2 interval=1d net_pnl=     -270811 reward=-3514185.25 |trade|=32.11 pol_l=-0.0029 val_l=2.29e-01 ent=9.613 t=30.96s
epoch= 3 interval=1d net_pnl=     -244684 reward=-3273098.00 |trade|=32.09 pol_l=-0.0040 val_l=2.14e-01 ent=9.611 t=31.40s
epoch= 4 interval=1d net_pnl=     -240982 reward=-3365938.50 |trade|=32.11 pol_l=-0.0049 val_l=2.20e-01 ent=9.607 t=33.85s
epoch= 5 interval=1d net_pnl=     -269362 reward=-3427024.00 |trade|=32.13 pol_l=-0.0056 val_l=2.34e-01 ent=9.603 t=34.42s
epoch= 6 interval=1d net_pnl=     -236970 reward=-3304688.50 |trade|=32.12 pol_l=-0.0061 val_l=2.34e-01 ent=9.595 t=34.93s
epoch= 7 interval=1d net_pnl=     -219313 reward=-3040233.00 |trade|=32.12 pol_l=-0.0064 val_l=2.09e-01 ent=9.586 t=29.25s
epoch= 8 interval=1d net_pnl=     -179641 reward=-2853140.25 |trade|=32.11 pol_l=-0.0067 val_l=1.96e-01 ent=9.579 t=45.06s
epoch= 9 interval=1d net_pnl=     -176829 reward=-2865250.00 |trade|=32.11 pol_l=-0.0071 val_l=1.85e-01 ent=9.565 t=32.58s
epoch=10 interval=1d net_pnl=     -183286 reward=-2849441.25 |trade|=32.10 pol_l=-0.0074 val_l=1.78e-01 ent=9.560 t=41.22s
epoch=11 interval=1d net_pnl=     -125882 reward=-2482872.25 |trade|=32.10 pol_l=-0.0076 val_l=1.82e-01 ent=9.552 t=36.68s
epoch=12 interval=1d net_pnl=     -125174 reward=-2446560.50 |trade|=32.10 pol_l=-0.0077 val_l=1.68e-01 ent=9.544 t=32.69s
epoch=13 interval=1d net_pnl=     -135009 reward=-2527200.50 |trade|=32.12 pol_l=-0.0085 val_l=1.73e-01 ent=9.539 t=31.68s
epoch=14 interval=1d net_pnl=     -139291 reward=-2599881.00 |trade|=32.11 pol_l=-0.0083 val_l=1.78e-01 ent=9.533 t=50.87s
epoch=15 interval=1d net_pnl=      -96120 reward=-2232867.00 |trade|=32.10 pol_l=-0.0089 val_l=1.53e-01 ent=9.524 t=29.31s
epoch=16 interval=1d net_pnl=     -104668 reward=-2307614.50 |trade|=32.11 pol_l=-0.0084 val_l=1.65e-01 ent=9.515 t=35.81s
epoch=17 interval=1d net_pnl=     -111435 reward=-2354688.50 |trade|=32.11 pol_l=-0.0079 val_l=1.74e-01 ent=9.510 t=48.02s
epoch=18 interval=1d net_pnl=      -90596 reward=-2218629.00 |trade|=32.12 pol_l=-0.0089 val_l=1.51e-01 ent=9.511 t=28.95s
epoch=19 interval=1d net_pnl=      -63653 reward=-2025091.75 |trade|=32.13 pol_l=-0.0080 val_l=1.49e-01 ent=9.501 t=28.88s
epoch=20 interval=1d net_pnl=      -89775 reward=-2233542.50 |trade|=32.13 pol_l=-0.0087 val_l=1.47e-01 ent=9.488 t=28.96s
epoch=21 interval=1d net_pnl=      -42533 reward=-1924323.50 |trade|=32.12 pol_l=-0.0091 val_l=1.29e-01 ent=9.480 t=40.73s
epoch=22 interval=1d net_pnl=      -75896 reward=-2089783.50 |trade|=32.14 pol_l=-0.0089 val_l=1.42e-01 ent=9.471 t=29.08s
epoch=23 interval=1d net_pnl=      -58905 reward=-2022753.62 |trade|=32.12 pol_l=-0.0098 val_l=1.55e-01 ent=9.466 t=34.13s
epoch=24 interval=1d net_pnl=      -43290 reward=-1932992.12 |trade|=32.12 pol_l=-0.0091 val_l=1.35e-01 ent=9.459 t=51.84s
epoch=25 interval=1d net_pnl=      -18643 reward=-1719229.38 |trade|=32.11 pol_l=-0.0104 val_l=1.32e-01 ent=9.449 t=31.92s
epoch=26 interval=1d net_pnl=      -31599 reward=-1810359.12 |trade|=32.13 pol_l=-0.0097 val_l=1.31e-01 ent=9.443 t=40.10s
epoch=27 interval=1d net_pnl=      +32137 reward=-1438410.75 |trade|=32.12 pol_l=-0.0091 val_l=1.07e-01 ent=9.433 t=56.09s
epoch=28 interval=1d net_pnl=      -19078 reward=-1644195.50 |trade|=32.10 pol_l=-0.0095 val_l=1.22e-01 ent=9.417 t=34.23s
epoch=29 interval=1d net_pnl=      +12930 reward=-1572565.00 |trade|=32.10 pol_l=-0.0096 val_l=1.13e-01 ent=9.408 t=38.43s
epoch=30 interval=1d net_pnl=      +51118 reward=-1292325.88 |trade|=32.10 pol_l=-0.0105 val_l=1.06e-01 ent=9.391 t=33.84s
epoch=31 interval=1d net_pnl=      +43392 reward=-1454618.25 |trade|=32.10 pol_l=-0.0101 val_l=1.19e-01 ent=9.379 t=31.12s
epoch=32 interval=1d net_pnl=      +45749 reward=-1469877.62 |trade|=32.11 pol_l=-0.0096 val_l=1.14e-01 ent=9.376 t=30.06s
epoch=33 interval=1d net_pnl=      +58817 reward=-1337129.75 |trade|=32.11 pol_l=-0.0098 val_l=1.11e-01 ent=9.365 t=30.27s
epoch=34 interval=1d net_pnl=      +76768 reward=-1340265.50 |trade|=32.10 pol_l=-0.0096 val_l=1.17e-01 ent=9.355 t=29.55s
epoch=35 interval=1d net_pnl=     +102198 reward=-1111503.00 |trade|=32.10 pol_l=-0.0084 val_l=9.51e-02 ent=9.338 t=34.19s
epoch=36 interval=1d net_pnl=      +90392 reward=-1246647.88 |trade|=32.09 pol_l=-0.0097 val_l=9.50e-02 ent=9.329 t=41.11s
epoch=37 interval=1d net_pnl=     +144625 reward=-966295.88 |trade|=32.10 pol_l=-0.0098 val_l=8.76e-02 ent=9.314 t=29.88s
epoch=38 interval=1d net_pnl=     +124939 reward=-1009416.25 |trade|=32.11 pol_l=-0.0099 val_l=9.75e-02 ent=9.312 t=30.65s
epoch=39 interval=1d net_pnl=     +122091 reward=-1081400.00 |trade|=32.10 pol_l=-0.0104 val_l=9.35e-02 ent=9.295 t=30.05s
epoch=40 interval=1d net_pnl=     +143206 reward=-862277.75 |trade|=32.09 pol_l=-0.0106 val_l=7.80e-02 ent=9.287 t=29.60s
